[0.060s] Invoking command in '/ros2_ws/build/localization': CMAKE_PREFIX_PATH=/ros2_ws/install/ydlidar_ros2_driver:/ros2_ws/install/robot_bringup:/ros2_ws/install/localization:/ros2_ws/install/telemetry_data:/ros2_ws/install/robot_description:/ros2_ws/install/navigation:/ros2_ws/install/hardware:/ros2_ws/install/foxglove:/opt/ros/humble /usr/bin/cmake --build /ros2_ws/build/localization -- -j4 -l4
[0.155s] Invoked command in '/ros2_ws/build/localization' returned '0': CMAKE_PREFIX_PATH=/ros2_ws/install/ydlidar_ros2_driver:/ros2_ws/install/robot_bringup:/ros2_ws/install/localization:/ros2_ws/install/telemetry_data:/ros2_ws/install/robot_description:/ros2_ws/install/navigation:/ros2_ws/install/hardware:/ros2_ws/install/foxglove:/opt/ros/humble /usr/bin/cmake --build /ros2_ws/build/localization -- -j4 -l4
[0.162s] Invoking command in '/ros2_ws/build/localization': CMAKE_PREFIX_PATH=/ros2_ws/install/ydlidar_ros2_driver:/ros2_ws/install/robot_bringup:/ros2_ws/install/localization:/ros2_ws/install/telemetry_data:/ros2_ws/install/robot_description:/ros2_ws/install/navigation:/ros2_ws/install/hardware:/ros2_ws/install/foxglove:/opt/ros/humble /usr/bin/cmake --install /ros2_ws/build/localization
[0.169s] -- Install configuration: ""
[0.170s] -- Execute custom install script
[0.170s] -- Up-to-date symlink: /ros2_ws/install/localization/share/localization/config/lidar.yaml
[0.171s] -- Up-to-date symlink: /ros2_ws/install/localization/share/localization/config/slam.yaml
[0.172s] -- Up-to-date symlink: /ros2_ws/install/localization/share/localization/launch/launch.py
[0.172s] -- Up-to-date symlink: /ros2_ws/install/localization/share/ament_index/resource_index/package_run_dependencies/localization
[0.173s] -- Up-to-date symlink: /ros2_ws/install/localization/share/ament_index/resource_index/parent_prefix_path/localization
[0.173s] -- Up-to-date symlink: /ros2_ws/install/localization/share/localization/environment/ament_prefix_path.sh
[0.174s] -- Up-to-date symlink: /ros2_ws/install/localization/share/localization/environment/ament_prefix_path.dsv
[0.174s] -- Up-to-date symlink: /ros2_ws/install/localization/share/localization/environment/path.sh
[0.174s] -- Up-to-date symlink: /ros2_ws/install/localization/share/localization/environment/path.dsv
[0.175s] -- Up-to-date symlink: /ros2_ws/install/localization/share/localization/local_setup.bash
[0.175s] -- Up-to-date symlink: /ros2_ws/install/localization/share/localization/local_setup.sh
[0.175s] -- Up-to-date symlink: /ros2_ws/install/localization/share/localization/local_setup.zsh
[0.176s] -- Up-to-date symlink: /ros2_ws/install/localization/share/localization/local_setup.dsv
[0.176s] -- Symlinking: /ros2_ws/install/localization/share/localization/package.dsv
[0.186s] -- Up-to-date symlink: /ros2_ws/install/localization/share/ament_index/resource_index/packages/localization
[0.186s] -- Up-to-date symlink: /ros2_ws/install/localization/share/localization/cmake/localizationConfig.cmake
[0.186s] -- Up-to-date symlink: /ros2_ws/install/localization/share/localization/cmake/localizationConfig-version.cmake
[0.186s] -- Up-to-date symlink: /ros2_ws/install/localization/share/localization/package.xml
[0.189s] Invoked command in '/ros2_ws/build/localization' returned '0': CMAKE_PREFIX_PATH=/ros2_ws/install/ydlidar_ros2_driver:/ros2_ws/install/robot_bringup:/ros2_ws/install/localization:/ros2_ws/install/telemetry_data:/ros2_ws/install/robot_description:/ros2_ws/install/navigation:/ros2_ws/install/hardware:/ros2_ws/install/foxglove:/opt/ros/humble /usr/bin/cmake --install /ros2_ws/build/localization
