[0.052s] Invoking command in '/ros2_ws/build/rf2o_laser_odometry': CMAKE_PREFIX_PATH=${CMAKE_PREFIX_PATH}:/ros2_ws/install/tactical_brain:/ros2_ws/install/sensor_fusion_pkg:/ros2_ws/install/icm20948_ros2:/ros2_ws/install/ai_vision:/opt/ros/humble /usr/bin/cmake --build /ros2_ws/build/rf2o_laser_odometry -- -j4 -l4
[0.853s] [ 60%] Built target rf2o_laser_odometry_node
[0.900s] [100%] Built target rf2o_laser_odometry
[1.068s] Invoked command in '/ros2_ws/build/rf2o_laser_odometry' returned '0': CMAKE_PREFIX_PATH=${CMAKE_PREFIX_PATH}:/ros2_ws/install/tactical_brain:/ros2_ws/install/sensor_fusion_pkg:/ros2_ws/install/icm20948_ros2:/ros2_ws/install/ai_vision:/opt/ros/humble /usr/bin/cmake --build /ros2_ws/build/rf2o_laser_odometry -- -j4 -l4
[1.071s] Invoking command in '/ros2_ws/build/rf2o_laser_odometry': CMAKE_PREFIX_PATH=${CMAKE_PREFIX_PATH}:/ros2_ws/install/tactical_brain:/ros2_ws/install/sensor_fusion_pkg:/ros2_ws/install/icm20948_ros2:/ros2_ws/install/ai_vision:/opt/ros/humble /usr/bin/cmake --install /ros2_ws/build/rf2o_laser_odometry
[1.088s] -- Install configuration: ""
[1.090s] -- Execute custom install script
[1.100s] -- Up-to-date symlink: /ros2_ws/install/rf2o_laser_odometry/lib/rf2o_laser_odometry/rf2o_laser_odometry_node
[1.101s] -- Up-to-date symlink: /ros2_ws/install/rf2o_laser_odometry/share/rf2o_laser_odometry/launch/rf2o_laser_odometry.launch.py
[1.102s] -- Up-to-date symlink: /ros2_ws/install/rf2o_laser_odometry/share/ament_index/resource_index/package_run_dependencies/rf2o_laser_odometry
[1.102s] -- Up-to-date symlink: /ros2_ws/install/rf2o_laser_odometry/share/ament_index/resource_index/parent_prefix_path/rf2o_laser_odometry
[1.103s] -- Up-to-date symlink: /ros2_ws/install/rf2o_laser_odometry/share/rf2o_laser_odometry/environment/ament_prefix_path.sh
[1.103s] -- Up-to-date symlink: /ros2_ws/install/rf2o_laser_odometry/share/rf2o_laser_odometry/environment/ament_prefix_path.dsv
[1.104s] -- Up-to-date symlink: /ros2_ws/install/rf2o_laser_odometry/share/rf2o_laser_odometry/environment/path.sh
[1.104s] -- Up-to-date symlink: /ros2_ws/install/rf2o_laser_odometry/share/rf2o_laser_odometry/environment/path.dsv
[1.111s] -- Up-to-date symlink: /ros2_ws/install/rf2o_laser_odometry/share/rf2o_laser_odometry/local_setup.bash
[1.112s] -- Up-to-date symlink: /ros2_ws/install/rf2o_laser_odometry/share/rf2o_laser_odometry/local_setup.sh
[1.114s] -- Up-to-date symlink: /ros2_ws/install/rf2o_laser_odometry/share/rf2o_laser_odometry/local_setup.zsh
[1.115s] -- Up-to-date symlink: /ros2_ws/install/rf2o_laser_odometry/share/rf2o_laser_odometry/local_setup.dsv
[1.115s] -- Symlinking: /ros2_ws/install/rf2o_laser_odometry/share/rf2o_laser_odometry/package.dsv
[1.119s] -- Up-to-date symlink: /ros2_ws/install/rf2o_laser_odometry/share/ament_index/resource_index/packages/rf2o_laser_odometry
[1.119s] -- Up-to-date symlink: /ros2_ws/install/rf2o_laser_odometry/share/rf2o_laser_odometry/cmake/rf2o_laser_odometryConfig.cmake
[1.119s] -- Up-to-date symlink: /ros2_ws/install/rf2o_laser_odometry/share/rf2o_laser_odometry/cmake/rf2o_laser_odometryConfig-version.cmake
[1.119s] -- Up-to-date symlink: /ros2_ws/install/rf2o_laser_odometry/share/rf2o_laser_odometry/package.xml
[1.150s] Invoked command in '/ros2_ws/build/rf2o_laser_odometry' returned '0': CMAKE_PREFIX_PATH=${CMAKE_PREFIX_PATH}:/ros2_ws/install/tactical_brain:/ros2_ws/install/sensor_fusion_pkg:/ros2_ws/install/icm20948_ros2:/ros2_ws/install/ai_vision:/opt/ros/humble /usr/bin/cmake --install /ros2_ws/build/rf2o_laser_odometry
