[0.335s] Invoking command in '/ros2_ws/build/robot_bringup': AMENT_PREFIX_PATH=/ros2_ws/install/localization:/ros2_ws/install/ydlidar_ros2_driver:/ros2_ws/install/rf2o_laser_odometry:/ros2_ws/install/navigation:/ros2_ws/install/hardware:/ros2_ws/install/foxglove:${AMENT_PREFIX_PATH} CMAKE_PREFIX_PATH=/ros2_ws/install/localization:/ros2_ws/install/ydlidar_ros2_driver:/ros2_ws/install/rf2o_laser_odometry:/ros2_ws/install/navigation:/ros2_ws/install/hardware:/ros2_ws/install/foxglove:/opt/ros/humble LD_LIBRARY_PATH=/ros2_ws/install/hardware/lib:${LD_LIBRARY_PATH} /usr/bin/cmake --build /ros2_ws/build/robot_bringup -- -j4 -l4
[0.379s] Invoked command in '/ros2_ws/build/robot_bringup' returned '0': AMENT_PREFIX_PATH=/ros2_ws/install/localization:/ros2_ws/install/ydlidar_ros2_driver:/ros2_ws/install/rf2o_laser_odometry:/ros2_ws/install/navigation:/ros2_ws/install/hardware:/ros2_ws/install/foxglove:${AMENT_PREFIX_PATH} CMAKE_PREFIX_PATH=/ros2_ws/install/localization:/ros2_ws/install/ydlidar_ros2_driver:/ros2_ws/install/rf2o_laser_odometry:/ros2_ws/install/navigation:/ros2_ws/install/hardware:/ros2_ws/install/foxglove:/opt/ros/humble LD_LIBRARY_PATH=/ros2_ws/install/hardware/lib:${LD_LIBRARY_PATH} /usr/bin/cmake --build /ros2_ws/build/robot_bringup -- -j4 -l4
[0.389s] Invoking command in '/ros2_ws/build/robot_bringup': AMENT_PREFIX_PATH=/ros2_ws/install/localization:/ros2_ws/install/ydlidar_ros2_driver:/ros2_ws/install/rf2o_laser_odometry:/ros2_ws/install/navigation:/ros2_ws/install/hardware:/ros2_ws/install/foxglove:${AMENT_PREFIX_PATH} CMAKE_PREFIX_PATH=/ros2_ws/install/localization:/ros2_ws/install/ydlidar_ros2_driver:/ros2_ws/install/rf2o_laser_odometry:/ros2_ws/install/navigation:/ros2_ws/install/hardware:/ros2_ws/install/foxglove:/opt/ros/humble LD_LIBRARY_PATH=/ros2_ws/install/hardware/lib:${LD_LIBRARY_PATH} /usr/bin/cmake --install /ros2_ws/build/robot_bringup
[0.397s] -- Install configuration: ""
[0.398s] -- Execute custom install script
[0.399s] -- Up-to-date symlink: /ros2_ws/install/robot_bringup/share/robot_bringup/launch/launch.py
[0.399s] -- Up-to-date symlink: /ros2_ws/install/robot_bringup/share/ament_index/resource_index/package_run_dependencies/robot_bringup
[0.399s] -- Up-to-date symlink: /ros2_ws/install/robot_bringup/share/ament_index/resource_index/parent_prefix_path/robot_bringup
[0.403s] -- Up-to-date symlink: /ros2_ws/install/robot_bringup/share/robot_bringup/environment/ament_prefix_path.sh
[0.403s] -- Up-to-date symlink: /ros2_ws/install/robot_bringup/share/robot_bringup/environment/ament_prefix_path.dsv
[0.403s] -- Up-to-date symlink: /ros2_ws/install/robot_bringup/share/robot_bringup/environment/path.sh
[0.403s] -- Up-to-date symlink: /ros2_ws/install/robot_bringup/share/robot_bringup/environment/path.dsv
[0.403s] -- Up-to-date symlink: /ros2_ws/install/robot_bringup/share/robot_bringup/local_setup.bash
[0.404s] -- Up-to-date symlink: /ros2_ws/install/robot_bringup/share/robot_bringup/local_setup.sh
[0.404s] -- Up-to-date symlink: /ros2_ws/install/robot_bringup/share/robot_bringup/local_setup.zsh
[0.404s] -- Up-to-date symlink: /ros2_ws/install/robot_bringup/share/robot_bringup/local_setup.dsv
[0.404s] -- Symlinking: /ros2_ws/install/robot_bringup/share/robot_bringup/package.dsv
[0.411s] -- Up-to-date symlink: /ros2_ws/install/robot_bringup/share/ament_index/resource_index/packages/robot_bringup
[0.411s] -- Up-to-date symlink: /ros2_ws/install/robot_bringup/share/robot_bringup/cmake/robot_bringupConfig.cmake
[0.411s] -- Up-to-date symlink: /ros2_ws/install/robot_bringup/share/robot_bringup/cmake/robot_bringupConfig-version.cmake
[0.413s] -- Up-to-date symlink: /ros2_ws/install/robot_bringup/share/robot_bringup/package.xml
[0.416s] Invoked command in '/ros2_ws/build/robot_bringup' returned '0': AMENT_PREFIX_PATH=/ros2_ws/install/localization:/ros2_ws/install/ydlidar_ros2_driver:/ros2_ws/install/rf2o_laser_odometry:/ros2_ws/install/navigation:/ros2_ws/install/hardware:/ros2_ws/install/foxglove:${AMENT_PREFIX_PATH} CMAKE_PREFIX_PATH=/ros2_ws/install/localization:/ros2_ws/install/ydlidar_ros2_driver:/ros2_ws/install/rf2o_laser_odometry:/ros2_ws/install/navigation:/ros2_ws/install/hardware:/ros2_ws/install/foxglove:/opt/ros/humble LD_LIBRARY_PATH=/ros2_ws/install/hardware/lib:${LD_LIBRARY_PATH} /usr/bin/cmake --install /ros2_ws/build/robot_bringup
