[0.122s] Invoking command in '/ros2_ws/build/robot_description': CMAKE_PREFIX_PATH=${CMAKE_PREFIX_PATH}:/opt/ros/humble /usr/bin/cmake --build /ros2_ws/build/robot_description -- -j4 -l4
[0.188s] Invoked command in '/ros2_ws/build/robot_description' returned '0': CMAKE_PREFIX_PATH=${CMAKE_PREFIX_PATH}:/opt/ros/humble /usr/bin/cmake --build /ros2_ws/build/robot_description -- -j4 -l4
[0.191s] Invoking command in '/ros2_ws/build/robot_description': CMAKE_PREFIX_PATH=${CMAKE_PREFIX_PATH}:/opt/ros/humble /usr/bin/cmake --install /ros2_ws/build/robot_description
[0.202s] -- Install configuration: ""
[0.203s] -- Execute custom install script
[0.203s] -- Up-to-date symlink: /ros2_ws/install/robot_description/share/robot_description/urdf/base.xacro
[0.204s] -- Up-to-date symlink: /ros2_ws/install/robot_description/share/robot_description/urdf/robot_urdf.xacro
[0.204s] -- Up-to-date symlink: /ros2_ws/install/robot_description/share/robot_description/urdf/sensors.xacro
[0.204s] -- Up-to-date symlink: /ros2_ws/install/robot_description/share/robot_description/urdf/wheels.xacro
[0.204s] -- Up-to-date symlink: /ros2_ws/install/robot_description/share/ament_index/resource_index/package_run_dependencies/robot_description
[0.205s] -- Up-to-date symlink: /ros2_ws/install/robot_description/share/ament_index/resource_index/parent_prefix_path/robot_description
[0.205s] -- Up-to-date symlink: /ros2_ws/install/robot_description/share/robot_description/environment/ament_prefix_path.sh
[0.205s] -- Up-to-date symlink: /ros2_ws/install/robot_description/share/robot_description/environment/ament_prefix_path.dsv
[0.205s] -- Up-to-date symlink: /ros2_ws/install/robot_description/share/robot_description/environment/path.sh
[0.206s] -- Up-to-date symlink: /ros2_ws/install/robot_description/share/robot_description/environment/path.dsv
[0.206s] -- Up-to-date symlink: /ros2_ws/install/robot_description/share/robot_description/local_setup.bash
[0.206s] -- Up-to-date symlink: /ros2_ws/install/robot_description/share/robot_description/local_setup.sh
[0.207s] -- Up-to-date symlink: /ros2_ws/install/robot_description/share/robot_description/local_setup.zsh
[0.208s] -- Up-to-date symlink: /ros2_ws/install/robot_description/share/robot_description/local_setup.dsv
[0.208s] -- Symlinking: /ros2_ws/install/robot_description/share/robot_description/package.dsv
[0.226s] -- Up-to-date symlink: /ros2_ws/install/robot_description/share/ament_index/resource_index/packages/robot_description
[0.226s] -- Up-to-date symlink: /ros2_ws/install/robot_description/share/robot_description/cmake/robot_descriptionConfig.cmake
[0.226s] -- Up-to-date symlink: /ros2_ws/install/robot_description/share/robot_description/cmake/robot_descriptionConfig-version.cmake
[0.226s] -- Up-to-date symlink: /ros2_ws/install/robot_description/share/robot_description/package.xml
[0.232s] Invoked command in '/ros2_ws/build/robot_description' returned '0': CMAKE_PREFIX_PATH=${CMAKE_PREFIX_PATH}:/opt/ros/humble /usr/bin/cmake --install /ros2_ws/build/robot_description
