-- Found ament_cmake: 1.3.14 (/opt/ros/humble/share/ament_cmake/cmake)
-- Override CMake install command with custom implementation using symlinks instead of copying resources
-- Found ackermann_steering_controller: 2.53.1 (/opt/ros/humble/share/ackermann_steering_controller/cmake)
-- Found rosidl_generator_c: 3.1.8 (/opt/ros/humble/share/rosidl_generator_c/cmake)
-- Found rosidl_adapter: 3.1.8 (/opt/ros/humble/share/rosidl_adapter/cmake)
-- Found rosidl_generator_cpp: 3.1.8 (/opt/ros/humble/share/rosidl_generator_cpp/cmake)
-- Using all available rosidl_typesupport_c: rosidl_typesupport_fastrtps_c;rosidl_typesupport_introspection_c
-- Using all available rosidl_typesupport_cpp: rosidl_typesupport_fastrtps_cpp;rosidl_typesupport_introspection_cpp
-- Found rmw_implementation_cmake: 6.1.2 (/opt/ros/humble/share/rmw_implementation_cmake/cmake)
-- Found rmw_fastrtps_cpp: 6.2.10 (/opt/ros/humble/share/rmw_fastrtps_cpp/cmake)
-- Using RMW implementation 'rmw_fastrtps_cpp' as default
-- Found eigen3_cmake_module: 0.1.1 (/opt/ros/humble/share/eigen3_cmake_module/cmake)
-- Ensuring Eigen3 include directory is part of orocos-kdl CMake target
-- Found joint_state_broadcaster: 2.53.1 (/opt/ros/humble/share/joint_state_broadcaster/cmake)
-- Found ament_lint_auto: 0.12.15 (/opt/ros/humble/share/ament_lint_auto/cmake)
-- Added test 'cppcheck' to perform static code analysis on C / C++ code
-- Configured cppcheck include dirs: /ros2_ws/src/hardware/include
-- Configured cppcheck exclude dirs and/or files: 
-- Added test 'flake8' to check Python code syntax and style conventions
-- Added test 'lint_cmake' to check CMake code style
-- Added test 'pep257' to check Python code against some of the docstring style conventions in PEP 257
-- Added test 'uncrustify' to check C / C++ code style
-- Configured uncrustify additional arguments: 
-- Added test 'xmllint' to check XML markup files
-- Configuring done
-- Generating done
-- Build files have been written to: /ros2_ws/build/hardware
[ 25%] [32mBuilding CXX object CMakeFiles/motor_driver.dir/src/motor_driver.cpp.o[0m
[ 50%] [32mBuilding CXX object CMakeFiles/twist_to_ackermann.dir/src/twist_to_ackermann.cpp.o[0m
[ 75%] [32m[1mLinking CXX shared library libmotor_driver.so[0m
[ 75%] Built target motor_driver
[100%] [32m[1mLinking CXX executable twist_to_ackermann[0m
[100%] Built target twist_to_ackermann
-- Install configuration: ""
-- Execute custom install script
-- Symlinking: /ros2_ws/install/hardware/share/hardware//hardware_interface_plugins.xml
-- Symlinking: /ros2_ws/install/hardware/lib/libmotor_driver.so
-- Symlinking: /ros2_ws/install/hardware/lib/hardware/twist_to_ackermann
-- Symlinking: /ros2_ws/install/hardware/share/hardware/config/ackermann_steering_controller.yaml
-- Symlinking: /ros2_ws/install/hardware/share/hardware/config/controller_manager.yaml
-- Symlinking: /ros2_ws/install/hardware/share/hardware/config/joint_state_broadcaster.yaml
-- Symlinking: /ros2_ws/install/hardware/share/hardware/launch/launch.py
-- Symlinking: /ros2_ws/install/hardware/share/hardware/ros2_control.xacro
-- Up-to-date symlink: /ros2_ws/install/hardware/share/hardware/hardware_interface_plugins.xml
-- Up-to-date symlink: /ros2_ws/install/hardware/share/ament_index/resource_index/package_run_dependencies/hardware
-- Up-to-date symlink: /ros2_ws/install/hardware/share/ament_index/resource_index/parent_prefix_path/hardware
-- Up-to-date symlink: /ros2_ws/install/hardware/share/hardware/environment/ament_prefix_path.sh
-- Up-to-date symlink: /ros2_ws/install/hardware/share/hardware/environment/ament_prefix_path.dsv
-- Up-to-date symlink: /ros2_ws/install/hardware/share/hardware/environment/path.sh
-- Up-to-date symlink: /ros2_ws/install/hardware/share/hardware/environment/path.dsv
-- Up-to-date symlink: /ros2_ws/install/hardware/share/hardware/local_setup.bash
-- Up-to-date symlink: /ros2_ws/install/hardware/share/hardware/local_setup.sh
-- Up-to-date symlink: /ros2_ws/install/hardware/share/hardware/local_setup.zsh
-- Up-to-date symlink: /ros2_ws/install/hardware/share/hardware/local_setup.dsv
-- Symlinking: /ros2_ws/install/hardware/share/hardware/package.dsv
-- Up-to-date symlink: /ros2_ws/install/hardware/share/ament_index/resource_index/packages/hardware
-- Symlinking: /ros2_ws/install/hardware/share/ament_index/resource_index/hardware_interface__pluginlib__plugin/hardware
-- Up-to-date symlink: /ros2_ws/install/hardware/share/hardware/cmake/hardwareConfig.cmake
-- Up-to-date symlink: /ros2_ws/install/hardware/share/hardware/cmake/hardwareConfig-version.cmake
-- Up-to-date symlink: /ros2_ws/install/hardware/share/hardware/package.xml
