[0.039s] Invoking command in '/ros2_ws/build/hardware': CMAKE_PREFIX_PATH=${CMAKE_PREFIX_PATH}:/opt/ros/humble /usr/bin/cmake --build /ros2_ws/build/hardware -- -j4 -l4
[0.149s] -- Found ament_cmake: 1.3.14 (/opt/ros/humble/share/ament_cmake/cmake)
[0.590s] -- Override CMake install command with custom implementation using symlinks instead of copying resources
[0.656s] -- Found ackermann_steering_controller: 2.53.1 (/opt/ros/humble/share/ackermann_steering_controller/cmake)
[0.900s] -- Found rosidl_generator_c: 3.1.8 (/opt/ros/humble/share/rosidl_generator_c/cmake)
[0.941s] -- Found rosidl_adapter: 3.1.8 (/opt/ros/humble/share/rosidl_adapter/cmake)
[1.035s] -- Found rosidl_generator_cpp: 3.1.8 (/opt/ros/humble/share/rosidl_generator_cpp/cmake)
[1.134s] -- Using all available rosidl_typesupport_c: rosidl_typesupport_fastrtps_c;rosidl_typesupport_introspection_c
[1.250s] -- Using all available rosidl_typesupport_cpp: rosidl_typesupport_fastrtps_cpp;rosidl_typesupport_introspection_cpp
[1.462s] -- Found rmw_implementation_cmake: 6.1.2 (/opt/ros/humble/share/rmw_implementation_cmake/cmake)
[1.472s] -- Found rmw_fastrtps_cpp: 6.2.10 (/opt/ros/humble/share/rmw_fastrtps_cpp/cmake)
[1.750s] -- Using RMW implementation 'rmw_fastrtps_cpp' as default
[3.215s] -- Found eigen3_cmake_module: 0.1.1 (/opt/ros/humble/share/eigen3_cmake_module/cmake)
[3.230s] -- Ensuring Eigen3 include directory is part of orocos-kdl CMake target
[3.412s] -- Found joint_state_broadcaster: 2.53.1 (/opt/ros/humble/share/joint_state_broadcaster/cmake)
[3.458s] -- Found ament_lint_auto: 0.12.15 (/opt/ros/humble/share/ament_lint_auto/cmake)
[3.614s] -- Added test 'cppcheck' to perform static code analysis on C / C++ code
[3.614s] -- Configured cppcheck include dirs: /ros2_ws/src/hardware/include
[3.614s] -- Configured cppcheck exclude dirs and/or files: 
[3.614s] -- Added test 'flake8' to check Python code syntax and style conventions
[3.615s] -- Added test 'lint_cmake' to check CMake code style
[3.615s] -- Added test 'pep257' to check Python code against some of the docstring style conventions in PEP 257
[3.615s] -- Added test 'uncrustify' to check C / C++ code style
[3.615s] -- Configured uncrustify additional arguments: 
[3.615s] -- Added test 'xmllint' to check XML markup files
[3.615s] -- Configuring done
[3.650s] -- Generating done
[3.669s] -- Build files have been written to: /ros2_ws/build/hardware
[3.764s] [ 25%] [32mBuilding CXX object CMakeFiles/motor_driver.dir/src/motor_driver.cpp.o[0m
[3.765s] [ 50%] [32mBuilding CXX object CMakeFiles/twist_to_ackermann.dir/src/twist_to_ackermann.cpp.o[0m
[17.281s] [ 75%] [32m[1mLinking CXX shared library libmotor_driver.so[0m
[18.218s] [ 75%] Built target motor_driver
[28.529s] [100%] [32m[1mLinking CXX executable twist_to_ackermann[0m
[29.694s] [100%] Built target twist_to_ackermann
[29.729s] Invoked command in '/ros2_ws/build/hardware' returned '0': CMAKE_PREFIX_PATH=${CMAKE_PREFIX_PATH}:/opt/ros/humble /usr/bin/cmake --build /ros2_ws/build/hardware -- -j4 -l4
[29.736s] Invoking command in '/ros2_ws/build/hardware': CMAKE_PREFIX_PATH=${CMAKE_PREFIX_PATH}:/opt/ros/humble /usr/bin/cmake --install /ros2_ws/build/hardware
[29.754s] -- Install configuration: ""
[29.755s] -- Execute custom install script
[29.757s] -- Symlinking: /ros2_ws/install/hardware/share/hardware//hardware_interface_plugins.xml
[29.786s] -- Symlinking: /ros2_ws/install/hardware/lib/libmotor_driver.so
[29.818s] -- Symlinking: /ros2_ws/install/hardware/lib/hardware/twist_to_ackermann
[29.867s] -- Symlinking: /ros2_ws/install/hardware/share/hardware/config/ackermann_steering_controller.yaml
[29.887s] -- Symlinking: /ros2_ws/install/hardware/share/hardware/config/controller_manager.yaml
[29.919s] -- Symlinking: /ros2_ws/install/hardware/share/hardware/config/joint_state_broadcaster.yaml
[29.940s] -- Symlinking: /ros2_ws/install/hardware/share/hardware/launch/launch.py
[29.962s] -- Symlinking: /ros2_ws/install/hardware/share/hardware/ros2_control.xacro
[29.981s] -- Up-to-date symlink: /ros2_ws/install/hardware/share/hardware/hardware_interface_plugins.xml
[29.981s] -- Up-to-date symlink: /ros2_ws/install/hardware/share/ament_index/resource_index/package_run_dependencies/hardware
[29.982s] -- Up-to-date symlink: /ros2_ws/install/hardware/share/ament_index/resource_index/parent_prefix_path/hardware
[29.982s] -- Up-to-date symlink: /ros2_ws/install/hardware/share/hardware/environment/ament_prefix_path.sh
[29.984s] -- Up-to-date symlink: /ros2_ws/install/hardware/share/hardware/environment/ament_prefix_path.dsv
[29.990s] -- Up-to-date symlink: /ros2_ws/install/hardware/share/hardware/environment/path.sh
[29.990s] -- Up-to-date symlink: /ros2_ws/install/hardware/share/hardware/environment/path.dsv
[29.990s] -- Up-to-date symlink: /ros2_ws/install/hardware/share/hardware/local_setup.bash
[29.990s] -- Up-to-date symlink: /ros2_ws/install/hardware/share/hardware/local_setup.sh
[29.990s] -- Up-to-date symlink: /ros2_ws/install/hardware/share/hardware/local_setup.zsh
[29.991s] -- Up-to-date symlink: /ros2_ws/install/hardware/share/hardware/local_setup.dsv
[29.991s] -- Symlinking: /ros2_ws/install/hardware/share/hardware/package.dsv
[30.001s] -- Up-to-date symlink: /ros2_ws/install/hardware/share/ament_index/resource_index/packages/hardware
[30.003s] -- Symlinking: /ros2_ws/install/hardware/share/ament_index/resource_index/hardware_interface__pluginlib__plugin/hardware
[30.020s] -- Up-to-date symlink: /ros2_ws/install/hardware/share/hardware/cmake/hardwareConfig.cmake
[30.022s] -- Up-to-date symlink: /ros2_ws/install/hardware/share/hardware/cmake/hardwareConfig-version.cmake
[30.022s] -- Up-to-date symlink: /ros2_ws/install/hardware/share/hardware/package.xml
[30.025s] Invoked command in '/ros2_ws/build/hardware' returned '0': CMAKE_PREFIX_PATH=${CMAKE_PREFIX_PATH}:/opt/ros/humble /usr/bin/cmake --install /ros2_ws/build/hardware
