[0.026s] Invoking command in '/ros2_ws/build/shooting': CMAKE_PREFIX_PATH=/opt/ros/humble /usr/bin/cmake --build /ros2_ws/build/shooting -- -j4 -l4
[0.123s] [ 50%] Building CXX object CMakeFiles/shooting_node.dir/src/shooting_node.cpp.o
[26.143s] [100%] Linking CXX executable shooting_node
[27.570s] [100%] Built target shooting_node
[27.596s] Invoked command in '/ros2_ws/build/shooting' returned '0': CMAKE_PREFIX_PATH=/opt/ros/humble /usr/bin/cmake --build /ros2_ws/build/shooting -- -j4 -l4
[27.613s] Invoking command in '/ros2_ws/build/shooting': CMAKE_PREFIX_PATH=/opt/ros/humble /usr/bin/cmake --install /ros2_ws/build/shooting
[27.635s] -- Install configuration: ""
[27.636s] -- Execute custom install script
[27.643s] -- Up-to-date symlink: /ros2_ws/install/shooting/lib/shooting/shooting_node
[27.646s] -- Up-to-date symlink: /ros2_ws/install/shooting/share/shooting/launch/launch.py
[27.647s] -- Up-to-date symlink: /ros2_ws/install/shooting/share/ament_index/resource_index/package_run_dependencies/shooting
[27.647s] -- Up-to-date symlink: /ros2_ws/install/shooting/share/ament_index/resource_index/parent_prefix_path/shooting
[27.649s] -- Up-to-date symlink: /ros2_ws/install/shooting/share/shooting/environment/ament_prefix_path.sh
[27.649s] -- Up-to-date symlink: /ros2_ws/install/shooting/share/shooting/environment/ament_prefix_path.dsv
[27.650s] -- Up-to-date symlink: /ros2_ws/install/shooting/share/shooting/environment/path.sh
[27.650s] -- Up-to-date symlink: /ros2_ws/install/shooting/share/shooting/environment/path.dsv
[27.650s] -- Up-to-date symlink: /ros2_ws/install/shooting/share/shooting/local_setup.bash
[27.650s] -- Up-to-date symlink: /ros2_ws/install/shooting/share/shooting/local_setup.sh
[27.650s] -- Up-to-date symlink: /ros2_ws/install/shooting/share/shooting/local_setup.zsh
[27.650s] -- Up-to-date symlink: /ros2_ws/install/shooting/share/shooting/local_setup.dsv
[27.650s] -- Symlinking: /ros2_ws/install/shooting/share/shooting/package.dsv
[27.663s] -- Up-to-date symlink: /ros2_ws/install/shooting/share/ament_index/resource_index/packages/shooting
[27.663s] -- Up-to-date symlink: /ros2_ws/install/shooting/share/shooting/cmake/shootingConfig.cmake
[27.663s] -- Up-to-date symlink: /ros2_ws/install/shooting/share/shooting/cmake/shootingConfig-version.cmake
[27.663s] -- Up-to-date symlink: /ros2_ws/install/shooting/share/shooting/package.xml
[27.667s] Invoked command in '/ros2_ws/build/shooting' returned '0': CMAKE_PREFIX_PATH=/opt/ros/humble /usr/bin/cmake --install /ros2_ws/build/shooting
