[0.000000] (-) TimerEvent: {}
[0.000293] (-) JobUnselected: {'identifier': 'ai_vision'}
[0.000348] (-) JobUnselected: {'identifier': 'foxglove'}
[0.000374] (-) JobUnselected: {'identifier': 'hardware'}
[0.000395] (-) JobUnselected: {'identifier': 'icm20948_ros2'}
[0.000415] (-) JobUnselected: {'identifier': 'localization'}
[0.000434] (-) JobUnselected: {'identifier': 'main_brain'}
[0.000454] (-) JobUnselected: {'identifier': 'navigation'}
[0.000508] (-) JobUnselected: {'identifier': 'rf2o_laser_odometry'}
[0.000532] (-) JobUnselected: {'identifier': 'robot_bringup'}
[0.000551] (-) JobUnselected: {'identifier': 'robot_description'}
[0.000569] (-) JobUnselected: {'identifier': 'sensor_fusion_pkg'}
[0.000643] (-) JobUnselected: {'identifier': 'tactical_brain'}
[0.000663] (-) JobUnselected: {'identifier': 'telemetry_data'}
[0.000680] (-) JobUnselected: {'identifier': 'ydlidar_ros2_driver'}
[0.000707] (shooting) JobQueued: {'identifier': 'shooting', 'dependencies': OrderedDict()}
[0.000730] (shooting) JobStarted: {'identifier': 'shooting'}
[0.019122] (shooting) JobProgress: {'identifier': 'shooting', 'progress': 'cmake'}
[0.026004] (shooting) JobProgress: {'identifier': 'shooting', 'progress': 'build'}
[0.026109] (shooting) Command: {'cmd': ['/usr/bin/cmake', '--build', '/ros2_ws/build/shooting', '--', '-j4', '-l4'], 'cwd': '/ros2_ws/build/shooting', 'env': OrderedDict([('HOSTNAME', 'yahav'), ('GRID_N', '2000'), ('SHLVL', '0'), ('LD_LIBRARY_PATH', '/opt/ros/humble/opt/rviz_ogre_vendor/lib:/opt/ros/humble/lib/aarch64-linux-gnu:/opt/ros/humble/lib'), ('HOME', '/root'), ('MY_TEAM_IDX', '0'), ('OLDPWD', '/ros2_ws'), ('PYTHONUNBUFFERED', '1'), ('ROS_PYTHON_VERSION', '3'), ('ROS_DISTRO', 'humble'), ('_', '/usr/bin/colcon'), ('ROS_VERSION', '2'), ('ROS_LOCALHOST_ONLY', '0'), ('PATH', '/opt/ros/humble/bin:/usr/local/sbin:/usr/local/bin:/usr/sbin:/usr/bin:/sbin:/bin'), ('DISPLAY', ''), ('LANG', 'C.UTF-8'), ('ROS_DOMAIN_ID', '0'), ('AMENT_PREFIX_PATH', '/opt/ros/humble'), ('ROBOT_ID', '8'), ('ARENA_SIZE_METERS', '2.0'), ('PWD', '/ros2_ws/build/shooting'), ('LC_ALL', 'C.UTF-8'), ('PYTHONPATH', '/opt/ros/humble/lib/python3.10/site-packages:/opt/ros/humble/local/lib/python3.10/dist-packages'), ('COLCON', '1'), ('CMAKE_PREFIX_PATH', '/opt/ros/humble')]), 'shell': False}
[0.095746] (-) TimerEvent: {}
[0.123302] (shooting) StdoutLine: {'line': b'[ 50%] Building CXX object CMakeFiles/shooting_node.dir/src/shooting_node.cpp.o\n'}
[0.196766] (-) TimerEvent: {}
[0.297006] (-) TimerEvent: {}
[0.397256] (-) TimerEvent: {}
[0.497478] (-) TimerEvent: {}
[0.599134] (-) TimerEvent: {}
[0.699370] (-) TimerEvent: {}
[0.799592] (-) TimerEvent: {}
[0.899830] (-) TimerEvent: {}
[1.000355] (-) TimerEvent: {}
[1.100634] (-) TimerEvent: {}
[1.200870] (-) TimerEvent: {}
[1.303743] (-) TimerEvent: {}
[1.404598] (-) TimerEvent: {}
[1.505138] (-) TimerEvent: {}
[1.605707] (-) TimerEvent: {}
[1.707683] (-) TimerEvent: {}
[1.807920] (-) TimerEvent: {}
[1.908226] (-) TimerEvent: {}
[2.009230] (-) TimerEvent: {}
[2.109445] (-) TimerEvent: {}
[2.210338] (-) TimerEvent: {}
[2.311661] (-) TimerEvent: {}
[2.412269] (-) TimerEvent: {}
[2.512644] (-) TimerEvent: {}
[2.612908] (-) TimerEvent: {}
[2.713142] (-) TimerEvent: {}
[2.813417] (-) TimerEvent: {}
[2.915030] (-) TimerEvent: {}
[3.016210] (-) TimerEvent: {}
[3.116886] (-) TimerEvent: {}
[3.217519] (-) TimerEvent: {}
[3.318089] (-) TimerEvent: {}
[3.418440] (-) TimerEvent: {}
[3.518672] (-) TimerEvent: {}
[3.619046] (-) TimerEvent: {}
[3.721050] (-) TimerEvent: {}
[3.821285] (-) TimerEvent: {}
[3.922162] (-) TimerEvent: {}
[4.023622] (-) TimerEvent: {}
[4.124279] (-) TimerEvent: {}
[4.224757] (-) TimerEvent: {}
[4.325072] (-) TimerEvent: {}
[4.425467] (-) TimerEvent: {}
[4.526352] (-) TimerEvent: {}
[4.628394] (-) TimerEvent: {}
[4.729288] (-) TimerEvent: {}
[4.830417] (-) TimerEvent: {}
[4.931692] (-) TimerEvent: {}
[5.034973] (-) TimerEvent: {}
[5.135200] (-) TimerEvent: {}
[5.235948] (-) TimerEvent: {}
[5.336243] (-) TimerEvent: {}
[5.436763] (-) TimerEvent: {}
[5.537038] (-) TimerEvent: {}
[5.637268] (-) TimerEvent: {}
[5.737803] (-) TimerEvent: {}
[5.838067] (-) TimerEvent: {}
[5.938490] (-) TimerEvent: {}
[6.038909] (-) TimerEvent: {}
[6.140316] (-) TimerEvent: {}
[6.241861] (-) TimerEvent: {}
[6.342097] (-) TimerEvent: {}
[6.443743] (-) TimerEvent: {}
[6.544277] (-) TimerEvent: {}
[6.645137] (-) TimerEvent: {}
[6.746216] (-) TimerEvent: {}
[6.846471] (-) TimerEvent: {}
[6.947106] (-) TimerEvent: {}
[7.048816] (-) TimerEvent: {}
[7.149485] (-) TimerEvent: {}
[7.250279] (-) TimerEvent: {}
[7.350518] (-) TimerEvent: {}
[7.451849] (-) TimerEvent: {}
[7.552067] (-) TimerEvent: {}
[7.653282] (-) TimerEvent: {}
[7.753508] (-) TimerEvent: {}
[7.853812] (-) TimerEvent: {}
[7.955102] (-) TimerEvent: {}
[8.055726] (-) TimerEvent: {}
[8.155941] (-) TimerEvent: {}
[8.256106] (-) TimerEvent: {}
[8.356464] (-) TimerEvent: {}
[8.456779] (-) TimerEvent: {}
[8.557001] (-) TimerEvent: {}
[8.657210] (-) TimerEvent: {}
[8.757422] (-) TimerEvent: {}
[8.857632] (-) TimerEvent: {}
[8.958451] (-) TimerEvent: {}
[9.059137] (-) TimerEvent: {}
[9.159336] (-) TimerEvent: {}
[9.259847] (-) TimerEvent: {}
[9.360456] (-) TimerEvent: {}
[9.461157] (-) TimerEvent: {}
[9.563074] (-) TimerEvent: {}
[9.663309] (-) TimerEvent: {}
[9.763726] (-) TimerEvent: {}
[9.863958] (-) TimerEvent: {}
[9.964271] (-) TimerEvent: {}
[10.065738] (-) TimerEvent: {}
[10.166343] (-) TimerEvent: {}
[10.266744] (-) TimerEvent: {}
[10.367097] (-) TimerEvent: {}
[10.467468] (-) TimerEvent: {}
[10.568355] (-) TimerEvent: {}
[10.668913] (-) TimerEvent: {}
[10.769455] (-) TimerEvent: {}
[10.869829] (-) TimerEvent: {}
[10.970786] (-) TimerEvent: {}
[11.072010] (-) TimerEvent: {}
[11.172926] (-) TimerEvent: {}
[11.273319] (-) TimerEvent: {}
[11.373690] (-) TimerEvent: {}
[11.474081] (-) TimerEvent: {}
[11.575417] (-) TimerEvent: {}
[11.676383] (-) TimerEvent: {}
[11.776798] (-) TimerEvent: {}
[11.880809] (-) TimerEvent: {}
[11.983023] (-) TimerEvent: {}
[12.086796] (-) TimerEvent: {}
[12.187079] (-) TimerEvent: {}
[12.287383] (-) TimerEvent: {}
[12.387803] (-) TimerEvent: {}
[12.488580] (-) TimerEvent: {}
[12.590359] (-) TimerEvent: {}
[12.690573] (-) TimerEvent: {}
[12.791913] (-) TimerEvent: {}
[12.892148] (-) TimerEvent: {}
[12.993094] (-) TimerEvent: {}
[13.095727] (-) TimerEvent: {}
[13.195971] (-) TimerEvent: {}
[13.298120] (-) TimerEvent: {}
[13.398404] (-) TimerEvent: {}
[13.498712] (-) TimerEvent: {}
[13.598978] (-) TimerEvent: {}
[13.699204] (-) TimerEvent: {}
[13.799819] (-) TimerEvent: {}
[13.900295] (-) TimerEvent: {}
[14.000822] (-) TimerEvent: {}
[14.101544] (-) TimerEvent: {}
[14.201752] (-) TimerEvent: {}
[14.303042] (-) TimerEvent: {}
[14.404673] (-) TimerEvent: {}
[14.505104] (-) TimerEvent: {}
[14.605322] (-) TimerEvent: {}
[14.705852] (-) TimerEvent: {}
[14.806241] (-) TimerEvent: {}
[14.906572] (-) TimerEvent: {}
[15.007247] (-) TimerEvent: {}
[15.107702] (-) TimerEvent: {}
[15.208418] (-) TimerEvent: {}
[15.309147] (-) TimerEvent: {}
[15.410464] (-) TimerEvent: {}
[15.512622] (-) TimerEvent: {}
[15.612860] (-) TimerEvent: {}
[15.713112] (-) TimerEvent: {}
[15.814215] (-) TimerEvent: {}
[15.914723] (-) TimerEvent: {}
[16.016050] (-) TimerEvent: {}
[16.117892] (-) TimerEvent: {}
[16.218258] (-) TimerEvent: {}
[16.319329] (-) TimerEvent: {}
[16.419715] (-) TimerEvent: {}
[16.521875] (-) TimerEvent: {}
[16.622113] (-) TimerEvent: {}
[16.723701] (-) TimerEvent: {}
[16.823923] (-) TimerEvent: {}
[16.924391] (-) TimerEvent: {}
[17.024713] (-) TimerEvent: {}
[17.124967] (-) TimerEvent: {}
[17.227365] (-) TimerEvent: {}
[17.327567] (-) TimerEvent: {}
[17.428263] (-) TimerEvent: {}
[17.528599] (-) TimerEvent: {}
[17.628993] (-) TimerEvent: {}
[17.729661] (-) TimerEvent: {}
[17.830111] (-) TimerEvent: {}
[17.930326] (-) TimerEvent: {}
[18.030543] (-) TimerEvent: {}
[18.130774] (-) TimerEvent: {}
[18.231581] (-) TimerEvent: {}
[18.331908] (-) TimerEvent: {}
[18.432156] (-) TimerEvent: {}
[18.532372] (-) TimerEvent: {}
[18.633222] (-) TimerEvent: {}
[18.733491] (-) TimerEvent: {}
[18.833709] (-) TimerEvent: {}
[18.934122] (-) TimerEvent: {}
[19.036816] (-) TimerEvent: {}
[19.137030] (-) TimerEvent: {}
[19.240171] (-) TimerEvent: {}
[19.340461] (-) TimerEvent: {}
[19.440766] (-) TimerEvent: {}
[19.542244] (-) TimerEvent: {}
[19.643297] (-) TimerEvent: {}
[19.745863] (-) TimerEvent: {}
[19.846346] (-) TimerEvent: {}
[19.947484] (-) TimerEvent: {}
[20.048211] (-) TimerEvent: {}
[20.148460] (-) TimerEvent: {}
[20.248983] (-) TimerEvent: {}
[20.350058] (-) TimerEvent: {}
[20.450304] (-) TimerEvent: {}
[20.551260] (-) TimerEvent: {}
[20.651486] (-) TimerEvent: {}
[20.752212] (-) TimerEvent: {}
[20.852804] (-) TimerEvent: {}
[20.953041] (-) TimerEvent: {}
[21.053258] (-) TimerEvent: {}
[21.154047] (-) TimerEvent: {}
[21.254415] (-) TimerEvent: {}
[21.354627] (-) TimerEvent: {}
[21.454837] (-) TimerEvent: {}
[21.555221] (-) TimerEvent: {}
[21.655629] (-) TimerEvent: {}
[21.755855] (-) TimerEvent: {}
[21.856118] (-) TimerEvent: {}
[21.957629] (-) TimerEvent: {}
[22.057975] (-) TimerEvent: {}
[22.158294] (-) TimerEvent: {}
[22.258617] (-) TimerEvent: {}
[22.358880] (-) TimerEvent: {}
[22.459076] (-) TimerEvent: {}
[22.559289] (-) TimerEvent: {}
[22.659956] (-) TimerEvent: {}
[22.760772] (-) TimerEvent: {}
[22.861275] (-) TimerEvent: {}
[22.961575] (-) TimerEvent: {}
[23.062051] (-) TimerEvent: {}
[23.162249] (-) TimerEvent: {}
[23.262472] (-) TimerEvent: {}
[23.362684] (-) TimerEvent: {}
[23.464132] (-) TimerEvent: {}
[23.564423] (-) TimerEvent: {}
[23.664877] (-) TimerEvent: {}
[23.765144] (-) TimerEvent: {}
[23.866058] (-) TimerEvent: {}
[23.966558] (-) TimerEvent: {}
[24.067613] (-) TimerEvent: {}
[24.168063] (-) TimerEvent: {}
[24.268405] (-) TimerEvent: {}
[24.369031] (-) TimerEvent: {}
[24.469264] (-) TimerEvent: {}
[24.570415] (-) TimerEvent: {}
[24.670847] (-) TimerEvent: {}
[24.771695] (-) TimerEvent: {}
[24.873251] (-) TimerEvent: {}
[24.973478] (-) TimerEvent: {}
[25.074215] (-) TimerEvent: {}
[25.174568] (-) TimerEvent: {}
[25.274817] (-) TimerEvent: {}
[25.375888] (-) TimerEvent: {}
[25.476110] (-) TimerEvent: {}
[25.576799] (-) TimerEvent: {}
[25.679041] (-) TimerEvent: {}
[25.779637] (-) TimerEvent: {}
[25.880349] (-) TimerEvent: {}
[25.986101] (-) TimerEvent: {}
[26.087686] (-) TimerEvent: {}
[26.143674] (shooting) StdoutLine: {'line': b'[100%] Linking CXX executable shooting_node\n'}
[26.188671] (-) TimerEvent: {}
[26.289031] (-) TimerEvent: {}
[26.391643] (-) TimerEvent: {}
[26.492959] (-) TimerEvent: {}
[26.593392] (-) TimerEvent: {}
[26.693781] (-) TimerEvent: {}
[26.794294] (-) TimerEvent: {}
[26.894701] (-) TimerEvent: {}
[26.994904] (-) TimerEvent: {}
[27.096604] (-) TimerEvent: {}
[27.196801] (-) TimerEvent: {}
[27.298285] (-) TimerEvent: {}
[27.398650] (-) TimerEvent: {}
[27.498872] (-) TimerEvent: {}
[27.570336] (shooting) StdoutLine: {'line': b'[100%] Built target shooting_node\n'}
[27.595575] (shooting) CommandEnded: {'returncode': 0}
[27.596833] (shooting) JobProgress: {'identifier': 'shooting', 'progress': 'install'}
[27.598951] (-) TimerEvent: {}
[27.613540] (shooting) Command: {'cmd': ['/usr/bin/cmake', '--install', '/ros2_ws/build/shooting'], 'cwd': '/ros2_ws/build/shooting', 'env': OrderedDict([('HOSTNAME', 'yahav'), ('GRID_N', '2000'), ('SHLVL', '0'), ('LD_LIBRARY_PATH', '/opt/ros/humble/opt/rviz_ogre_vendor/lib:/opt/ros/humble/lib/aarch64-linux-gnu:/opt/ros/humble/lib'), ('HOME', '/root'), ('MY_TEAM_IDX', '0'), ('OLDPWD', '/ros2_ws'), ('PYTHONUNBUFFERED', '1'), ('ROS_PYTHON_VERSION', '3'), ('ROS_DISTRO', 'humble'), ('_', '/usr/bin/colcon'), ('ROS_VERSION', '2'), ('ROS_LOCALHOST_ONLY', '0'), ('PATH', '/opt/ros/humble/bin:/usr/local/sbin:/usr/local/bin:/usr/sbin:/usr/bin:/sbin:/bin'), ('DISPLAY', ''), ('LANG', 'C.UTF-8'), ('ROS_DOMAIN_ID', '0'), ('AMENT_PREFIX_PATH', '/opt/ros/humble'), ('ROBOT_ID', '8'), ('ARENA_SIZE_METERS', '2.0'), ('PWD', '/ros2_ws/build/shooting'), ('LC_ALL', 'C.UTF-8'), ('PYTHONPATH', '/opt/ros/humble/lib/python3.10/site-packages:/opt/ros/humble/local/lib/python3.10/dist-packages'), ('COLCON', '1'), ('CMAKE_PREFIX_PATH', '/opt/ros/humble')]), 'shell': False}
[27.635084] (shooting) StdoutLine: {'line': b'-- Install configuration: ""\n'}
[27.636404] (shooting) StdoutLine: {'line': b'-- Execute custom install script\n'}
[27.643469] (shooting) StdoutLine: {'line': b'-- Up-to-date symlink: /ros2_ws/install/shooting/lib/shooting/shooting_node\n'}
[27.646179] (shooting) StdoutLine: {'line': b'-- Up-to-date symlink: /ros2_ws/install/shooting/share/shooting/launch/launch.py\n'}
[27.647298] (shooting) StdoutLine: {'line': b'-- Up-to-date symlink: /ros2_ws/install/shooting/share/ament_index/resource_index/package_run_dependencies/shooting\n'}
[27.647426] (shooting) StdoutLine: {'line': b'-- Up-to-date symlink: /ros2_ws/install/shooting/share/ament_index/resource_index/parent_prefix_path/shooting\n'}
[27.649626] (shooting) StdoutLine: {'line': b'-- Up-to-date symlink: /ros2_ws/install/shooting/share/shooting/environment/ament_prefix_path.sh\n'}
[27.650113] (shooting) StdoutLine: {'line': b'-- Up-to-date symlink: /ros2_ws/install/shooting/share/shooting/environment/ament_prefix_path.dsv\n'}
[27.650197] (shooting) StdoutLine: {'line': b'-- Up-to-date symlink: /ros2_ws/install/shooting/share/shooting/environment/path.sh\n'}
[27.650258] (shooting) StdoutLine: {'line': b'-- Up-to-date symlink: /ros2_ws/install/shooting/share/shooting/environment/path.dsv\n'}
[27.650315] (shooting) StdoutLine: {'line': b'-- Up-to-date symlink: /ros2_ws/install/shooting/share/shooting/local_setup.bash\n'}
[27.650372] (shooting) StdoutLine: {'line': b'-- Up-to-date symlink: /ros2_ws/install/shooting/share/shooting/local_setup.sh\n'}
[27.650427] (shooting) StdoutLine: {'line': b'-- Up-to-date symlink: /ros2_ws/install/shooting/share/shooting/local_setup.zsh\n'}
[27.650482] (shooting) StdoutLine: {'line': b'-- Up-to-date symlink: /ros2_ws/install/shooting/share/shooting/local_setup.dsv\n'}
[27.650536] (shooting) StdoutLine: {'line': b'-- Symlinking: /ros2_ws/install/shooting/share/shooting/package.dsv\n'}
[27.663223] (shooting) StdoutLine: {'line': b'-- Up-to-date symlink: /ros2_ws/install/shooting/share/ament_index/resource_index/packages/shooting\n'}
[27.663431] (shooting) StdoutLine: {'line': b'-- Up-to-date symlink: /ros2_ws/install/shooting/share/shooting/cmake/shootingConfig.cmake\n'}
[27.663505] (shooting) StdoutLine: {'line': b'-- Up-to-date symlink: /ros2_ws/install/shooting/share/shooting/cmake/shootingConfig-version.cmake\n'}
[27.663568] (shooting) StdoutLine: {'line': b'-- Up-to-date symlink: /ros2_ws/install/shooting/share/shooting/package.xml\n'}
[27.667245] (shooting) CommandEnded: {'returncode': 0}
[27.702331] (-) TimerEvent: {}
[27.734293] (shooting) JobEnded: {'identifier': 'shooting', 'rc': 0}
[27.736978] (-) EventReactorShutdown: {}
