[0.041s] Invoking command in '/ros2_ws/build/foxglove': CMAKE_PREFIX_PATH=${CMAKE_PREFIX_PATH}:/opt/ros/humble /usr/bin/cmake /ros2_ws/src/foxglove -DAMENT_CMAKE_SYMLINK_INSTALL=1 -DCMAKE_INSTALL_PREFIX=/ros2_ws/install/foxglove
[0.250s] -- The C compiler identification is GNU 11.4.0
[0.405s] -- The CXX compiler identification is GNU 11.4.0
[0.435s] -- Detecting C compiler ABI info
[0.662s] -- Detecting C compiler ABI info - done
[0.679s] -- Check for working C compiler: /usr/bin/cc - skipped
[0.680s] -- Detecting C compile features
[0.680s] -- Detecting C compile features - done
[0.694s] -- Detecting CXX compiler ABI info
[0.953s] -- Detecting CXX compiler ABI info - done
[0.980s] -- Check for working CXX compiler: /usr/bin/c++ - skipped
[0.994s] -- Detecting CXX compile features
[0.997s] -- Detecting CXX compile features - done
[1.023s] -- Found ament_cmake: 1.3.14 (/opt/ros/humble/share/ament_cmake/cmake)
[1.405s] -- Found Python3: /usr/bin/python3 (found version "3.10.12") found components: Interpreter 
[1.633s] -- Override CMake install command with custom implementation using symlinks instead of copying resources
[1.733s] -- Found ament_lint_auto: 0.12.15 (/opt/ros/humble/share/ament_lint_auto/cmake)
[1.997s] -- Added test 'flake8' to check Python code syntax and style conventions
[2.001s] -- Added test 'lint_cmake' to check CMake code style
[2.003s] -- Added test 'pep257' to check Python code against some of the docstring style conventions in PEP 257
[2.005s] -- Added test 'xmllint' to check XML markup files
[2.012s] -- Configuring done
[2.024s] -- Generating done
[2.029s] -- Build files have been written to: /ros2_ws/build/foxglove
[2.047s] Invoked command in '/ros2_ws/build/foxglove' returned '0': CMAKE_PREFIX_PATH=${CMAKE_PREFIX_PATH}:/opt/ros/humble /usr/bin/cmake /ros2_ws/src/foxglove -DAMENT_CMAKE_SYMLINK_INSTALL=1 -DCMAKE_INSTALL_PREFIX=/ros2_ws/install/foxglove
[2.050s] Invoking command in '/ros2_ws/build/foxglove': CMAKE_PREFIX_PATH=${CMAKE_PREFIX_PATH}:/opt/ros/humble /usr/bin/cmake --build /ros2_ws/build/foxglove -- -j4 -l4
[2.140s] Invoked command in '/ros2_ws/build/foxglove' returned '0': CMAKE_PREFIX_PATH=${CMAKE_PREFIX_PATH}:/opt/ros/humble /usr/bin/cmake --build /ros2_ws/build/foxglove -- -j4 -l4
[2.165s] Invoking command in '/ros2_ws/build/foxglove': CMAKE_PREFIX_PATH=${CMAKE_PREFIX_PATH}:/opt/ros/humble /usr/bin/cmake --install /ros2_ws/build/foxglove
[2.187s] -- Install configuration: ""
[2.187s] -- Execute custom install script
[2.187s] -- Symlinking: /ros2_ws/install/foxglove/share/foxglove/launch/launch.py
[2.206s] -- Symlinking: /ros2_ws/install/foxglove/share/ament_index/resource_index/package_run_dependencies/foxglove
[2.215s] -- Symlinking: /ros2_ws/install/foxglove/share/ament_index/resource_index/parent_prefix_path/foxglove
[2.239s] -- Symlinking: /ros2_ws/install/foxglove/share/foxglove/environment/ament_prefix_path.sh
[2.271s] -- Symlinking: /ros2_ws/install/foxglove/share/foxglove/environment/ament_prefix_path.dsv
[2.299s] -- Symlinking: /ros2_ws/install/foxglove/share/foxglove/environment/path.sh
[2.329s] -- Symlinking: /ros2_ws/install/foxglove/share/foxglove/environment/path.dsv
[2.343s] -- Symlinking: /ros2_ws/install/foxglove/share/foxglove/local_setup.bash
[2.369s] -- Symlinking: /ros2_ws/install/foxglove/share/foxglove/local_setup.sh
[2.371s] -- Symlinking: /ros2_ws/install/foxglove/share/foxglove/local_setup.zsh
[2.385s] -- Symlinking: /ros2_ws/install/foxglove/share/foxglove/local_setup.dsv
[2.407s] -- Symlinking: /ros2_ws/install/foxglove/share/foxglove/package.dsv
[2.431s] -- Symlinking: /ros2_ws/install/foxglove/share/ament_index/resource_index/packages/foxglove
[2.448s] -- Symlinking: /ros2_ws/install/foxglove/share/foxglove/cmake/foxgloveConfig.cmake
[2.467s] -- Symlinking: /ros2_ws/install/foxglove/share/foxglove/cmake/foxgloveConfig-version.cmake
[2.487s] -- Symlinking: /ros2_ws/install/foxglove/share/foxglove/package.xml
[2.499s] Invoked command in '/ros2_ws/build/foxglove' returned '0': CMAKE_PREFIX_PATH=${CMAKE_PREFIX_PATH}:/opt/ros/humble /usr/bin/cmake --install /ros2_ws/build/foxglove
