[0.307s] Invoking command in '/ros2_ws/build/main_brain': CMAKE_PREFIX_PATH=${CMAKE_PREFIX_PATH}:/ros2_ws/install/icm20948_ros2:/opt/ros/humble /usr/bin/cmake --build /ros2_ws/build/main_brain -- -j4 -l4
[0.371s] Invoked command in '/ros2_ws/build/main_brain' returned '0': CMAKE_PREFIX_PATH=${CMAKE_PREFIX_PATH}:/ros2_ws/install/icm20948_ros2:/opt/ros/humble /usr/bin/cmake --build /ros2_ws/build/main_brain -- -j4 -l4
[0.375s] Invoking command in '/ros2_ws/build/main_brain': CMAKE_PREFIX_PATH=${CMAKE_PREFIX_PATH}:/ros2_ws/install/icm20948_ros2:/opt/ros/humble /usr/bin/cmake --install /ros2_ws/build/main_brain
[0.391s] -- Install configuration: ""
[0.392s] -- Execute custom install script
[0.393s] -- Up-to-date symlink: /ros2_ws/install/main_brain/share/ament_index/resource_index/package_run_dependencies/main_brain
[0.395s] -- Up-to-date symlink: /ros2_ws/install/main_brain/share/ament_index/resource_index/parent_prefix_path/main_brain
[0.396s] -- Up-to-date symlink: /ros2_ws/install/main_brain/share/main_brain/environment/ament_prefix_path.sh
[0.397s] -- Up-to-date symlink: /ros2_ws/install/main_brain/share/main_brain/environment/ament_prefix_path.dsv
[0.398s] -- Up-to-date symlink: /ros2_ws/install/main_brain/share/main_brain/environment/path.sh
[0.399s] -- Up-to-date symlink: /ros2_ws/install/main_brain/share/main_brain/environment/path.dsv
[0.400s] -- Up-to-date symlink: /ros2_ws/install/main_brain/share/main_brain/local_setup.bash
[0.400s] -- Up-to-date symlink: /ros2_ws/install/main_brain/share/main_brain/local_setup.sh
[0.402s] -- Up-to-date symlink: /ros2_ws/install/main_brain/share/main_brain/local_setup.zsh
[0.403s] -- Up-to-date symlink: /ros2_ws/install/main_brain/share/main_brain/local_setup.dsv
[0.403s] -- Symlinking: /ros2_ws/install/main_brain/share/main_brain/package.dsv
[0.411s] -- Up-to-date symlink: /ros2_ws/install/main_brain/share/ament_index/resource_index/packages/main_brain
[0.412s] -- Up-to-date symlink: /ros2_ws/install/main_brain/share/main_brain/cmake/main_brainConfig.cmake
[0.413s] -- Up-to-date symlink: /ros2_ws/install/main_brain/share/main_brain/cmake/main_brainConfig-version.cmake
[0.414s] -- Up-to-date symlink: /ros2_ws/install/main_brain/share/main_brain/package.xml
[0.418s] Invoked command in '/ros2_ws/build/main_brain' returned '0': CMAKE_PREFIX_PATH=${CMAKE_PREFIX_PATH}:/ros2_ws/install/icm20948_ros2:/opt/ros/humble /usr/bin/cmake --install /ros2_ws/build/main_brain
