[0.037s] Invoking command in '/ros2_ws/build/hardware': CMAKE_PREFIX_PATH=${CMAKE_PREFIX_PATH}:/ros2_ws/install/tactical_brain:/ros2_ws/install/sensor_fusion_pkg:/ros2_ws/install/icm20948_ros2:/ros2_ws/install/ai_vision:/opt/ros/humble /usr/bin/cmake --build /ros2_ws/build/hardware -- -j4 -l4
[0.150s] [35m[1mConsolidate compiler generated dependencies of target motor_driver[0m
[0.158s] [ 33%] Built target twist_to_ackermann
[0.175s] [ 66%] Built target heading_pid_controller
[0.189s] [ 83%] [32mBuilding CXX object CMakeFiles/motor_driver.dir/src/motor_driver.cpp.o[0m
[13.626s] [100%] [32m[1mLinking CXX shared library libmotor_driver.so[0m
[14.605s] [100%] Built target motor_driver
[14.621s] Invoked command in '/ros2_ws/build/hardware' returned '0': CMAKE_PREFIX_PATH=${CMAKE_PREFIX_PATH}:/ros2_ws/install/tactical_brain:/ros2_ws/install/sensor_fusion_pkg:/ros2_ws/install/icm20948_ros2:/ros2_ws/install/ai_vision:/opt/ros/humble /usr/bin/cmake --build /ros2_ws/build/hardware -- -j4 -l4
[14.625s] Invoking command in '/ros2_ws/build/hardware': CMAKE_PREFIX_PATH=${CMAKE_PREFIX_PATH}:/ros2_ws/install/tactical_brain:/ros2_ws/install/sensor_fusion_pkg:/ros2_ws/install/icm20948_ros2:/ros2_ws/install/ai_vision:/opt/ros/humble /usr/bin/cmake --install /ros2_ws/build/hardware
[14.630s] -- Install configuration: ""
[14.631s] -- Execute custom install script
[14.632s] -- Up-to-date symlink: /ros2_ws/install/hardware/share/hardware//hardware_interface_plugins.xml
[14.632s] -- Up-to-date symlink: /ros2_ws/install/hardware/lib/libmotor_driver.so
[14.632s] -- Up-to-date symlink: /ros2_ws/install/hardware/lib/hardware/twist_to_ackermann
[14.633s] -- Up-to-date symlink: /ros2_ws/install/hardware/lib/hardware/heading_pid_controller
[14.633s] -- Up-to-date symlink: /ros2_ws/install/hardware/share/hardware/config/ackermann_steering_controller.yaml
[14.633s] -- Up-to-date symlink: /ros2_ws/install/hardware/share/hardware/config/controller_manager.yaml
[14.634s] -- Up-to-date symlink: /ros2_ws/install/hardware/share/hardware/config/joint_state_broadcaster.yaml
[14.634s] -- Up-to-date symlink: /ros2_ws/install/hardware/share/hardware/config/pid_params.yaml
[14.634s] -- Up-to-date symlink: /ros2_ws/install/hardware/share/hardware/config/ackermann_steering_controller.yaml
[14.634s] -- Up-to-date symlink: /ros2_ws/install/hardware/share/hardware/config/controller_manager.yaml
[14.635s] -- Up-to-date symlink: /ros2_ws/install/hardware/share/hardware/config/joint_state_broadcaster.yaml
[14.635s] -- Up-to-date symlink: /ros2_ws/install/hardware/share/hardware/config/pid_params.yaml
[14.635s] -- Up-to-date symlink: /ros2_ws/install/hardware/share/hardware/launch/launch.py
[14.635s] -- Up-to-date symlink: /ros2_ws/install/hardware/share/hardware/ros2_control.xacro
[14.636s] -- Up-to-date symlink: /ros2_ws/install/hardware/share/hardware/hardware_interface_plugins.xml
[14.636s] -- Up-to-date symlink: /ros2_ws/install/hardware/share/ament_index/resource_index/package_run_dependencies/hardware
[14.636s] -- Up-to-date symlink: /ros2_ws/install/hardware/share/ament_index/resource_index/parent_prefix_path/hardware
[14.636s] -- Up-to-date symlink: /ros2_ws/install/hardware/share/hardware/environment/ament_prefix_path.sh
[14.637s] -- Up-to-date symlink: /ros2_ws/install/hardware/share/hardware/environment/ament_prefix_path.dsv
[14.637s] -- Up-to-date symlink: /ros2_ws/install/hardware/share/hardware/environment/path.sh
[14.637s] -- Up-to-date symlink: /ros2_ws/install/hardware/share/hardware/environment/path.dsv
[14.638s] -- Up-to-date symlink: /ros2_ws/install/hardware/share/hardware/local_setup.bash
[14.638s] -- Up-to-date symlink: /ros2_ws/install/hardware/share/hardware/local_setup.sh
[14.638s] -- Up-to-date symlink: /ros2_ws/install/hardware/share/hardware/local_setup.zsh
[14.638s] -- Up-to-date symlink: /ros2_ws/install/hardware/share/hardware/local_setup.dsv
[14.639s] -- Symlinking: /ros2_ws/install/hardware/share/hardware/package.dsv
[14.647s] -- Up-to-date symlink: /ros2_ws/install/hardware/share/ament_index/resource_index/packages/hardware
[14.647s] -- Up-to-date symlink: /ros2_ws/install/hardware/share/ament_index/resource_index/hardware_interface__pluginlib__plugin/hardware
[14.648s] -- Up-to-date symlink: /ros2_ws/install/hardware/share/hardware/cmake/hardwareConfig.cmake
[14.648s] -- Up-to-date symlink: /ros2_ws/install/hardware/share/hardware/cmake/hardwareConfig-version.cmake
[14.649s] -- Up-to-date symlink: /ros2_ws/install/hardware/share/hardware/package.xml
[14.650s] Invoked command in '/ros2_ws/build/hardware' returned '0': CMAKE_PREFIX_PATH=${CMAKE_PREFIX_PATH}:/ros2_ws/install/tactical_brain:/ros2_ws/install/sensor_fusion_pkg:/ros2_ws/install/icm20948_ros2:/ros2_ws/install/ai_vision:/opt/ros/humble /usr/bin/cmake --install /ros2_ws/build/hardware
