[0.017s] Invoking command in '/ros2_ws/build/main_brain': CMAKE_PREFIX_PATH=${CMAKE_PREFIX_PATH}:/ros2_ws/install/tactical_brain:/ros2_ws/install/sensor_fusion_pkg:/ros2_ws/install/icm20948_ros2:/opt/ros/humble /usr/bin/cmake --build /ros2_ws/build/main_brain -- -j4 -l4
[0.090s] -- Found ament_cmake: 1.3.14 (/opt/ros/humble/share/ament_cmake/cmake)
[0.358s] -- Override CMake install command with custom implementation using symlinks instead of copying resources
[0.376s] -- Found rclcpp: 16.0.19 (/opt/ros/humble/share/rclcpp/cmake)
[0.414s] -- Found rosidl_generator_c: 3.1.8 (/opt/ros/humble/share/rosidl_generator_c/cmake)
[0.418s] -- Found rosidl_adapter: 3.1.8 (/opt/ros/humble/share/rosidl_adapter/cmake)
[0.427s] -- Found rosidl_generator_cpp: 3.1.8 (/opt/ros/humble/share/rosidl_generator_cpp/cmake)
[0.442s] -- Using all available rosidl_typesupport_c: rosidl_typesupport_fastrtps_c;rosidl_typesupport_introspection_c
[0.460s] -- Using all available rosidl_typesupport_cpp: rosidl_typesupport_fastrtps_cpp;rosidl_typesupport_introspection_cpp
[0.505s] -- Found rmw_implementation_cmake: 6.1.2 (/opt/ros/humble/share/rmw_implementation_cmake/cmake)
[0.508s] -- Found rmw_fastrtps_cpp: 6.2.10 (/opt/ros/humble/share/rmw_fastrtps_cpp/cmake)
[0.635s] -- Using RMW implementation 'rmw_fastrtps_cpp' as default
[0.713s] -- Found ament_lint_auto: 0.12.15 (/opt/ros/humble/share/ament_lint_auto/cmake)
[0.937s] -- Added test 'flake8' to check Python code syntax and style conventions
[0.938s] -- Added test 'lint_cmake' to check CMake code style
[0.938s] -- Added test 'pep257' to check Python code against some of the docstring style conventions in PEP 257
[0.943s] -- Added test 'xmllint' to check XML markup files
[0.956s] -- Configuring done
[1.098s] -- Generating done
[1.104s] -- Build files have been written to: /ros2_ws/build/main_brain
[1.154s] Invoked command in '/ros2_ws/build/main_brain' returned '0': CMAKE_PREFIX_PATH=${CMAKE_PREFIX_PATH}:/ros2_ws/install/tactical_brain:/ros2_ws/install/sensor_fusion_pkg:/ros2_ws/install/icm20948_ros2:/opt/ros/humble /usr/bin/cmake --build /ros2_ws/build/main_brain -- -j4 -l4
[1.160s] Invoking command in '/ros2_ws/build/main_brain': CMAKE_PREFIX_PATH=${CMAKE_PREFIX_PATH}:/ros2_ws/install/tactical_brain:/ros2_ws/install/sensor_fusion_pkg:/ros2_ws/install/icm20948_ros2:/opt/ros/humble /usr/bin/cmake --install /ros2_ws/build/main_brain
[1.170s] -- Install configuration: ""
[1.171s] -- Execute custom install script
[1.172s] -- Up-to-date symlink: /ros2_ws/install/main_brain/share/ament_index/resource_index/package_run_dependencies/main_brain
[1.174s] -- Up-to-date symlink: /ros2_ws/install/main_brain/share/ament_index/resource_index/parent_prefix_path/main_brain
[1.174s] -- Up-to-date symlink: /ros2_ws/install/main_brain/share/main_brain/environment/ament_prefix_path.sh
[1.174s] -- Up-to-date symlink: /ros2_ws/install/main_brain/share/main_brain/environment/ament_prefix_path.dsv
[1.175s] -- Up-to-date symlink: /ros2_ws/install/main_brain/share/main_brain/environment/path.sh
[1.175s] -- Up-to-date symlink: /ros2_ws/install/main_brain/share/main_brain/environment/path.dsv
[1.176s] -- Up-to-date symlink: /ros2_ws/install/main_brain/share/main_brain/local_setup.bash
[1.177s] -- Up-to-date symlink: /ros2_ws/install/main_brain/share/main_brain/local_setup.sh
[1.178s] -- Up-to-date symlink: /ros2_ws/install/main_brain/share/main_brain/local_setup.zsh
[1.180s] -- Up-to-date symlink: /ros2_ws/install/main_brain/share/main_brain/local_setup.dsv
[1.180s] -- Symlinking: /ros2_ws/install/main_brain/share/main_brain/package.dsv
[1.196s] -- Up-to-date symlink: /ros2_ws/install/main_brain/share/ament_index/resource_index/packages/main_brain
[1.200s] -- Up-to-date symlink: /ros2_ws/install/main_brain/share/main_brain/cmake/main_brainConfig.cmake
[1.201s] -- Up-to-date symlink: /ros2_ws/install/main_brain/share/main_brain/cmake/main_brainConfig-version.cmake
[1.201s] -- Up-to-date symlink: /ros2_ws/install/main_brain/share/main_brain/package.xml
[1.206s] Invoked command in '/ros2_ws/build/main_brain' returned '0': CMAKE_PREFIX_PATH=${CMAKE_PREFIX_PATH}:/ros2_ws/install/tactical_brain:/ros2_ws/install/sensor_fusion_pkg:/ros2_ws/install/icm20948_ros2:/opt/ros/humble /usr/bin/cmake --install /ros2_ws/build/main_brain
