[0.032s] Invoking command in '/ros2_ws/build/telemetry_data': CMAKE_PREFIX_PATH=${CMAKE_PREFIX_PATH}:/ros2_ws/install/tactical_brain:/ros2_ws/install/sensor_fusion_pkg:/ros2_ws/install/icm20948_ros2:/ros2_ws/install/ai_vision:/opt/ros/humble /usr/bin/cmake --build /ros2_ws/build/telemetry_data -- -j4 -l4
[0.130s] -- Found ament_cmake: 1.3.14 (/opt/ros/humble/share/ament_cmake/cmake)
[0.526s] -- Override CMake install command with custom implementation using symlinks instead of copying resources
[0.592s] -- Found rclcpp: 16.0.19 (/opt/ros/humble/share/rclcpp/cmake)
[0.700s] -- Found rosidl_generator_c: 3.1.8 (/opt/ros/humble/share/rosidl_generator_c/cmake)
[0.710s] -- Found rosidl_adapter: 3.1.8 (/opt/ros/humble/share/rosidl_adapter/cmake)
[0.742s] -- Found rosidl_generator_cpp: 3.1.8 (/opt/ros/humble/share/rosidl_generator_cpp/cmake)
[0.794s] -- Using all available rosidl_typesupport_c: rosidl_typesupport_fastrtps_c;rosidl_typesupport_introspection_c
[0.870s] -- Using all available rosidl_typesupport_cpp: rosidl_typesupport_fastrtps_cpp;rosidl_typesupport_introspection_cpp
[0.981s] -- Found rmw_implementation_cmake: 6.1.2 (/opt/ros/humble/share/rmw_implementation_cmake/cmake)
[0.990s] -- Found rmw_fastrtps_cpp: 6.2.10 (/opt/ros/humble/share/rmw_fastrtps_cpp/cmake)
[1.216s] -- Using RMW implementation 'rmw_fastrtps_cpp' as default
[1.435s] -- Found nav_msgs: 4.9.1 (/opt/ros/humble/share/nav_msgs/cmake)
[1.542s] -- Found ament_lint_auto: 0.12.15 (/opt/ros/humble/share/ament_lint_auto/cmake)
[1.724s] -- Added test 'cppcheck' to perform static code analysis on C / C++ code
[1.724s] -- Configured cppcheck include dirs: $<BUILD_INTERFACE:/ros2_ws/src/telemetry_data/include>
[1.725s] -- Configured cppcheck exclude dirs and/or files: 
[1.725s] -- Added test 'flake8' to check Python code syntax and style conventions
[1.726s] -- Added test 'lint_cmake' to check CMake code style
[1.727s] -- Added test 'pep257' to check Python code against some of the docstring style conventions in PEP 257
[1.728s] -- Added test 'uncrustify' to check C / C++ code style
[1.728s] -- Configured uncrustify additional arguments: 
[1.729s] -- Added test 'xmllint' to check XML markup files
[1.739s] -- Configuring done
[1.788s] -- Generating done
[1.798s] -- Build files have been written to: /ros2_ws/build/telemetry_data
[1.835s] [35m[1mConsolidate compiler generated dependencies of target telegraf_bridge[0m
[1.929s] [ 33%] [32mBuilding CXX object CMakeFiles/telegraf_bridge.dir/src/telegraf_bridge.cpp.o[0m
[19.604s] [ 66%] [32mBuilding CXX object CMakeFiles/telegraf_bridge.dir/src/telemetry_sender.cpp.o[0m
[23.293s] [100%] [32m[1mLinking CXX executable telegraf_bridge[0m
[24.576s] [100%] Built target telegraf_bridge
[24.590s] Invoked command in '/ros2_ws/build/telemetry_data' returned '0': CMAKE_PREFIX_PATH=${CMAKE_PREFIX_PATH}:/ros2_ws/install/tactical_brain:/ros2_ws/install/sensor_fusion_pkg:/ros2_ws/install/icm20948_ros2:/ros2_ws/install/ai_vision:/opt/ros/humble /usr/bin/cmake --build /ros2_ws/build/telemetry_data -- -j4 -l4
[24.594s] Invoking command in '/ros2_ws/build/telemetry_data': CMAKE_PREFIX_PATH=${CMAKE_PREFIX_PATH}:/ros2_ws/install/tactical_brain:/ros2_ws/install/sensor_fusion_pkg:/ros2_ws/install/icm20948_ros2:/ros2_ws/install/ai_vision:/opt/ros/humble /usr/bin/cmake --install /ros2_ws/build/telemetry_data
[24.599s] -- Install configuration: ""
[24.600s] -- Execute custom install script
[24.601s] -- Up-to-date symlink: /ros2_ws/install/telemetry_data/lib/telemetry_data/telegraf_bridge
[24.601s] -- Up-to-date symlink: /ros2_ws/install/telemetry_data/share/telemetry_data/launch/launch.py
[24.601s] -- Up-to-date symlink: /ros2_ws/install/telemetry_data/share/ament_index/resource_index/package_run_dependencies/telemetry_data
[24.601s] -- Up-to-date symlink: /ros2_ws/install/telemetry_data/share/ament_index/resource_index/parent_prefix_path/telemetry_data
[24.601s] -- Up-to-date symlink: /ros2_ws/install/telemetry_data/share/telemetry_data/environment/ament_prefix_path.sh
[24.603s] -- Up-to-date symlink: /ros2_ws/install/telemetry_data/share/telemetry_data/environment/ament_prefix_path.dsv
[24.603s] -- Up-to-date symlink: /ros2_ws/install/telemetry_data/share/telemetry_data/environment/path.sh
[24.603s] -- Up-to-date symlink: /ros2_ws/install/telemetry_data/share/telemetry_data/environment/path.dsv
[24.603s] -- Up-to-date symlink: /ros2_ws/install/telemetry_data/share/telemetry_data/local_setup.bash
[24.603s] -- Up-to-date symlink: /ros2_ws/install/telemetry_data/share/telemetry_data/local_setup.sh
[24.603s] -- Up-to-date symlink: /ros2_ws/install/telemetry_data/share/telemetry_data/local_setup.zsh
[24.603s] -- Up-to-date symlink: /ros2_ws/install/telemetry_data/share/telemetry_data/local_setup.dsv
[24.604s] -- Symlinking: /ros2_ws/install/telemetry_data/share/telemetry_data/package.dsv
[24.610s] -- Up-to-date symlink: /ros2_ws/install/telemetry_data/share/ament_index/resource_index/packages/telemetry_data
[24.610s] -- Up-to-date symlink: /ros2_ws/install/telemetry_data/share/telemetry_data/cmake/telemetry_dataConfig.cmake
[24.611s] -- Up-to-date symlink: /ros2_ws/install/telemetry_data/share/telemetry_data/cmake/telemetry_dataConfig-version.cmake
[24.612s] -- Up-to-date symlink: /ros2_ws/install/telemetry_data/share/telemetry_data/package.xml
[24.613s] Invoked command in '/ros2_ws/build/telemetry_data' returned '0': CMAKE_PREFIX_PATH=${CMAKE_PREFIX_PATH}:/ros2_ws/install/tactical_brain:/ros2_ws/install/sensor_fusion_pkg:/ros2_ws/install/icm20948_ros2:/ros2_ws/install/ai_vision:/opt/ros/humble /usr/bin/cmake --install /ros2_ws/build/telemetry_data
