[0.020s] Invoking command in '/ros2_ws/build/telemetry_data': CMAKE_PREFIX_PATH=${CMAKE_PREFIX_PATH}:/ros2_ws/install/tactical_brain:/ros2_ws/install/sensor_fusion_pkg:/ros2_ws/install/icm20948_ros2:/ros2_ws/install/ai_vision:/opt/ros/humble /usr/bin/cmake --build /ros2_ws/build/telemetry_data -- -j4 -l4
[0.122s] [100%] Built target telegraf_bridge
[0.143s] Invoked command in '/ros2_ws/build/telemetry_data' returned '0': CMAKE_PREFIX_PATH=${CMAKE_PREFIX_PATH}:/ros2_ws/install/tactical_brain:/ros2_ws/install/sensor_fusion_pkg:/ros2_ws/install/icm20948_ros2:/ros2_ws/install/ai_vision:/opt/ros/humble /usr/bin/cmake --build /ros2_ws/build/telemetry_data -- -j4 -l4
[0.146s] Invoking command in '/ros2_ws/build/telemetry_data': CMAKE_PREFIX_PATH=${CMAKE_PREFIX_PATH}:/ros2_ws/install/tactical_brain:/ros2_ws/install/sensor_fusion_pkg:/ros2_ws/install/icm20948_ros2:/ros2_ws/install/ai_vision:/opt/ros/humble /usr/bin/cmake --install /ros2_ws/build/telemetry_data
[0.156s] -- Install configuration: ""
[0.158s] -- Execute custom install script
[0.160s] -- Up-to-date symlink: /ros2_ws/install/telemetry_data/lib/telemetry_data/telegraf_bridge
[0.161s] -- Up-to-date symlink: /ros2_ws/install/telemetry_data/share/telemetry_data/launch/launch.py
[0.166s] -- Up-to-date symlink: /ros2_ws/install/telemetry_data/share/ament_index/resource_index/package_run_dependencies/telemetry_data
[0.166s] -- Up-to-date symlink: /ros2_ws/install/telemetry_data/share/ament_index/resource_index/parent_prefix_path/telemetry_data
[0.166s] -- Up-to-date symlink: /ros2_ws/install/telemetry_data/share/telemetry_data/environment/ament_prefix_path.sh
[0.166s] -- Up-to-date symlink: /ros2_ws/install/telemetry_data/share/telemetry_data/environment/ament_prefix_path.dsv
[0.166s] -- Up-to-date symlink: /ros2_ws/install/telemetry_data/share/telemetry_data/environment/path.sh
[0.166s] -- Up-to-date symlink: /ros2_ws/install/telemetry_data/share/telemetry_data/environment/path.dsv
[0.166s] -- Up-to-date symlink: /ros2_ws/install/telemetry_data/share/telemetry_data/local_setup.bash
[0.166s] -- Up-to-date symlink: /ros2_ws/install/telemetry_data/share/telemetry_data/local_setup.sh
[0.166s] -- Up-to-date symlink: /ros2_ws/install/telemetry_data/share/telemetry_data/local_setup.zsh
[0.170s] -- Up-to-date symlink: /ros2_ws/install/telemetry_data/share/telemetry_data/local_setup.dsv
[0.170s] -- Symlinking: /ros2_ws/install/telemetry_data/share/telemetry_data/package.dsv
[0.181s] -- Up-to-date symlink: /ros2_ws/install/telemetry_data/share/ament_index/resource_index/packages/telemetry_data
[0.182s] -- Up-to-date symlink: /ros2_ws/install/telemetry_data/share/telemetry_data/cmake/telemetry_dataConfig.cmake
[0.183s] -- Up-to-date symlink: /ros2_ws/install/telemetry_data/share/telemetry_data/cmake/telemetry_dataConfig-version.cmake
[0.183s] -- Up-to-date symlink: /ros2_ws/install/telemetry_data/share/telemetry_data/package.xml
[0.186s] Invoked command in '/ros2_ws/build/telemetry_data' returned '0': CMAKE_PREFIX_PATH=${CMAKE_PREFIX_PATH}:/ros2_ws/install/tactical_brain:/ros2_ws/install/sensor_fusion_pkg:/ros2_ws/install/icm20948_ros2:/ros2_ws/install/ai_vision:/opt/ros/humble /usr/bin/cmake --install /ros2_ws/build/telemetry_data
