[0.027s] Invoking command in '/ros2_ws/build/hardware': CMAKE_PREFIX_PATH=${CMAKE_PREFIX_PATH}:/opt/ros/humble /usr/bin/cmake /ros2_ws/src/hardware -DAMENT_CMAKE_SYMLINK_INSTALL=1 -DCMAKE_INSTALL_PREFIX=/ros2_ws/install/hardware
[0.143s] -- The C compiler identification is GNU 11.4.0
[0.251s] -- The CXX compiler identification is GNU 11.4.0
[0.268s] -- Detecting C compiler ABI info
[0.440s] -- Detecting C compiler ABI info - done
[0.452s] -- Check for working C compiler: /usr/bin/cc - skipped
[0.455s] -- Detecting C compile features
[0.455s] -- Detecting C compile features - done
[0.463s] -- Detecting CXX compiler ABI info
[0.675s] -- Detecting CXX compiler ABI info - done
[0.713s] -- Check for working CXX compiler: /usr/bin/c++ - skipped
[0.713s] -- Detecting CXX compile features
[0.713s] -- Detecting CXX compile features - done
[0.721s] -- Found ament_cmake: 1.3.14 (/opt/ros/humble/share/ament_cmake/cmake)
[1.145s] -- Found Python3: /usr/bin/python3 (found version "3.10.12") found components: Interpreter 
[1.259s] -- Override CMake install command with custom implementation using symlinks instead of copying resources
[1.335s] -- Found ackermann_steering_controller: 2.53.1 (/opt/ros/humble/share/ackermann_steering_controller/cmake)
[1.407s] -- Found rosidl_generator_c: 3.1.8 (/opt/ros/humble/share/rosidl_generator_c/cmake)
[1.423s] -- Found rosidl_adapter: 3.1.8 (/opt/ros/humble/share/rosidl_adapter/cmake)
[1.457s] -- Found rosidl_generator_cpp: 3.1.8 (/opt/ros/humble/share/rosidl_generator_cpp/cmake)
[1.489s] -- Using all available rosidl_typesupport_c: rosidl_typesupport_fastrtps_c;rosidl_typesupport_introspection_c
[1.524s] -- Using all available rosidl_typesupport_cpp: rosidl_typesupport_fastrtps_cpp;rosidl_typesupport_introspection_cpp
[1.602s] -- Found rmw_implementation_cmake: 6.1.2 (/opt/ros/humble/share/rmw_implementation_cmake/cmake)
[1.605s] -- Found rmw_fastrtps_cpp: 6.2.10 (/opt/ros/humble/share/rmw_fastrtps_cpp/cmake)
[1.745s] -- Found OpenSSL: /usr/lib/aarch64-linux-gnu/libcrypto.so (found version "3.0.2")  
[1.803s] -- Found FastRTPS: /opt/ros/humble/include  
[1.940s] -- Using RMW implementation 'rmw_fastrtps_cpp' as default
[1.965s] -- Looking for pthread.h
[2.115s] -- Looking for pthread.h - found
[2.115s] -- Performing Test CMAKE_HAVE_LIBC_PTHREAD
[2.222s] -- Performing Test CMAKE_HAVE_LIBC_PTHREAD - Success
[2.222s] -- Found Threads: TRUE  
[3.281s] -- Found eigen3_cmake_module: 0.1.1 (/opt/ros/humble/share/eigen3_cmake_module/cmake)
[3.283s] -- Found Eigen3: TRUE (found version "3.4.0") 
[3.283s] -- Ensuring Eigen3 include directory is part of orocos-kdl CMake target
[3.357s] -- Found joint_state_broadcaster: 2.53.1 (/opt/ros/humble/share/joint_state_broadcaster/cmake)
[3.387s] -- Found PkgConfig: /usr/bin/pkg-config (found version "0.29.2") 
[3.387s] -- Checking for module 'libgpiod'
[3.449s] --   Found libgpiod, version 1.6.3
[3.553s] -- Found ament_lint_auto: 0.12.15 (/opt/ros/humble/share/ament_lint_auto/cmake)
[3.990s] -- Added test 'cppcheck' to perform static code analysis on C / C++ code
[3.991s] -- Configured cppcheck include dirs: /ros2_ws/src/hardware/include
[3.991s] -- Configured cppcheck exclude dirs and/or files: 
[3.994s] -- Added test 'flake8' to check Python code syntax and style conventions
[3.995s] -- Added test 'lint_cmake' to check CMake code style
[3.997s] -- Added test 'pep257' to check Python code against some of the docstring style conventions in PEP 257
[3.999s] -- Added test 'uncrustify' to check C / C++ code style
[3.999s] -- Configured uncrustify additional arguments: 
[4.004s] -- Added test 'xmllint' to check XML markup files
[4.007s] -- Configuring done
[4.106s] -- Generating done
[4.128s] -- Build files have been written to: /ros2_ws/build/hardware
[4.164s] Invoked command in '/ros2_ws/build/hardware' returned '0': CMAKE_PREFIX_PATH=${CMAKE_PREFIX_PATH}:/opt/ros/humble /usr/bin/cmake /ros2_ws/src/hardware -DAMENT_CMAKE_SYMLINK_INSTALL=1 -DCMAKE_INSTALL_PREFIX=/ros2_ws/install/hardware
[4.167s] Invoking command in '/ros2_ws/build/hardware': CMAKE_PREFIX_PATH=${CMAKE_PREFIX_PATH}:/opt/ros/humble /usr/bin/cmake --build /ros2_ws/build/hardware -- -j4 -l4
[4.290s] [ 16%] [32mBuilding CXX object CMakeFiles/twist_to_ackermann.dir/src/twist_to_ackermann.cpp.o[0m
[4.308s] [ 33%] [32mBuilding CXX object CMakeFiles/motor_driver.dir/src/motor_driver.cpp.o[0m
[4.311s] [ 50%] [32mBuilding CXX object CMakeFiles/heading_pid_controller.dir/src/pid_controller.cpp.o[0m
[30.623s] [ 66%] [32m[1mLinking CXX executable twist_to_ackermann[0m
[33.435s] [ 66%] Built target twist_to_ackermann
[45.855s] [ 83%] [32m[1mLinking CXX shared library libmotor_driver.so[0m
[49.143s] [ 83%] Built target motor_driver
[61.240s] [100%] [32m[1mLinking CXX executable heading_pid_controller[0m
[63.076s] [100%] Built target heading_pid_controller
[63.108s] Invoked command in '/ros2_ws/build/hardware' returned '0': CMAKE_PREFIX_PATH=${CMAKE_PREFIX_PATH}:/opt/ros/humble /usr/bin/cmake --build /ros2_ws/build/hardware -- -j4 -l4
[63.110s] Invoking command in '/ros2_ws/build/hardware': CMAKE_PREFIX_PATH=${CMAKE_PREFIX_PATH}:/opt/ros/humble /usr/bin/cmake --install /ros2_ws/build/hardware
[63.119s] -- Install configuration: ""
[63.123s] -- Execute custom install script
[63.123s] -- Symlinking: /ros2_ws/install/hardware/share/hardware//hardware_interface_plugins.xml
[63.134s] -- Symlinking: /ros2_ws/install/hardware/lib/libmotor_driver.so
[63.146s] -- Symlinking: /ros2_ws/install/hardware/lib/hardware/twist_to_ackermann
[63.158s] -- Symlinking: /ros2_ws/install/hardware/lib/hardware/heading_pid_controller
[63.169s] -- Symlinking: /ros2_ws/install/hardware/share/hardware/config/ackermann_steering_controller.yaml
[63.183s] -- Symlinking: /ros2_ws/install/hardware/share/hardware/config/controller_manager.yaml
[63.191s] -- Symlinking: /ros2_ws/install/hardware/share/hardware/config/joint_state_broadcaster.yaml
[63.204s] -- Symlinking: /ros2_ws/install/hardware/share/hardware/config/pid_params.yaml
[63.218s] -- Up-to-date symlink: /ros2_ws/install/hardware/share/hardware/config/ackermann_steering_controller.yaml
[63.218s] -- Up-to-date symlink: /ros2_ws/install/hardware/share/hardware/config/controller_manager.yaml
[63.219s] -- Up-to-date symlink: /ros2_ws/install/hardware/share/hardware/config/joint_state_broadcaster.yaml
[63.219s] -- Up-to-date symlink: /ros2_ws/install/hardware/share/hardware/config/pid_params.yaml
[63.219s] -- Symlinking: /ros2_ws/install/hardware/share/hardware/launch/launch.py
[63.231s] -- Symlinking: /ros2_ws/install/hardware/share/hardware/ros2_control.xacro
[63.243s] -- Up-to-date symlink: /ros2_ws/install/hardware/share/hardware/hardware_interface_plugins.xml
[63.244s] -- Symlinking: /ros2_ws/install/hardware/share/ament_index/resource_index/package_run_dependencies/hardware
[63.256s] -- Symlinking: /ros2_ws/install/hardware/share/ament_index/resource_index/parent_prefix_path/hardware
[63.267s] -- Symlinking: /ros2_ws/install/hardware/share/hardware/environment/ament_prefix_path.sh
[63.282s] -- Symlinking: /ros2_ws/install/hardware/share/hardware/environment/ament_prefix_path.dsv
[63.290s] -- Symlinking: /ros2_ws/install/hardware/share/hardware/environment/path.sh
[63.303s] -- Symlinking: /ros2_ws/install/hardware/share/hardware/environment/path.dsv
[63.315s] -- Symlinking: /ros2_ws/install/hardware/share/hardware/local_setup.bash
[63.329s] -- Symlinking: /ros2_ws/install/hardware/share/hardware/local_setup.sh
[63.341s] -- Symlinking: /ros2_ws/install/hardware/share/hardware/local_setup.zsh
[63.354s] -- Symlinking: /ros2_ws/install/hardware/share/hardware/local_setup.dsv
[63.367s] -- Symlinking: /ros2_ws/install/hardware/share/hardware/package.dsv
[63.381s] -- Symlinking: /ros2_ws/install/hardware/share/ament_index/resource_index/packages/hardware
[63.398s] -- Symlinking: /ros2_ws/install/hardware/share/ament_index/resource_index/hardware_interface__pluginlib__plugin/hardware
[63.410s] -- Symlinking: /ros2_ws/install/hardware/share/hardware/cmake/hardwareConfig.cmake
[63.423s] -- Symlinking: /ros2_ws/install/hardware/share/hardware/cmake/hardwareConfig-version.cmake
[63.432s] -- Symlinking: /ros2_ws/install/hardware/share/hardware/package.xml
[63.446s] Invoked command in '/ros2_ws/build/hardware' returned '0': CMAKE_PREFIX_PATH=${CMAKE_PREFIX_PATH}:/opt/ros/humble /usr/bin/cmake --install /ros2_ws/build/hardware
