[0.011s] Invoking command in '/ros2_ws/build/telemetry_data': CMAKE_PREFIX_PATH=/opt/ros/humble /usr/bin/cmake --build /ros2_ws/build/telemetry_data -- -j8 -l8
[0.060s] [35m[1mConsolidate compiler generated dependencies of target telegraf_bridge[0m
[0.085s] [100%] Built target telegraf_bridge
[0.094s] Invoked command in '/ros2_ws/build/telemetry_data' returned '0': CMAKE_PREFIX_PATH=/opt/ros/humble /usr/bin/cmake --build /ros2_ws/build/telemetry_data -- -j8 -l8
[0.102s] Invoking command in '/ros2_ws/build/telemetry_data': CMAKE_PREFIX_PATH=/opt/ros/humble /usr/bin/cmake --install /ros2_ws/build/telemetry_data
[0.111s] -- Install configuration: ""
[0.111s] -- Up-to-date: /ros2_ws/install/telemetry_data/lib/telemetry_data/telegraf_bridge
[0.111s] -- Up-to-date: /ros2_ws/install/telemetry_data/share/telemetry_data/launch
[0.111s] -- Up-to-date: /ros2_ws/install/telemetry_data/share/telemetry_data/launch/launch.py
[0.111s] -- Up-to-date: /ros2_ws/install/telemetry_data/share/ament_index/resource_index/package_run_dependencies/telemetry_data
[0.112s] -- Up-to-date: /ros2_ws/install/telemetry_data/share/ament_index/resource_index/parent_prefix_path/telemetry_data
[0.112s] -- Up-to-date: /ros2_ws/install/telemetry_data/share/telemetry_data/environment/ament_prefix_path.sh
[0.112s] -- Up-to-date: /ros2_ws/install/telemetry_data/share/telemetry_data/environment/ament_prefix_path.dsv
[0.112s] -- Up-to-date: /ros2_ws/install/telemetry_data/share/telemetry_data/environment/path.sh
[0.112s] -- Up-to-date: /ros2_ws/install/telemetry_data/share/telemetry_data/environment/path.dsv
[0.112s] -- Up-to-date: /ros2_ws/install/telemetry_data/share/telemetry_data/local_setup.bash
[0.112s] -- Up-to-date: /ros2_ws/install/telemetry_data/share/telemetry_data/local_setup.sh
[0.112s] -- Up-to-date: /ros2_ws/install/telemetry_data/share/telemetry_data/local_setup.zsh
[0.112s] -- Up-to-date: /ros2_ws/install/telemetry_data/share/telemetry_data/local_setup.dsv
[0.112s] -- Installing: /ros2_ws/install/telemetry_data/share/telemetry_data/package.dsv
[0.112s] -- Up-to-date: /ros2_ws/install/telemetry_data/share/ament_index/resource_index/packages/telemetry_data
[0.112s] -- Up-to-date: /ros2_ws/install/telemetry_data/share/telemetry_data/cmake/telemetry_dataConfig.cmake
[0.112s] -- Up-to-date: /ros2_ws/install/telemetry_data/share/telemetry_data/cmake/telemetry_dataConfig-version.cmake
[0.113s] -- Up-to-date: /ros2_ws/install/telemetry_data/share/telemetry_data/package.xml
[0.114s] Invoked command in '/ros2_ws/build/telemetry_data' returned '0': CMAKE_PREFIX_PATH=/opt/ros/humble /usr/bin/cmake --install /ros2_ws/build/telemetry_data
