[0.597s] Invoking command in '/ros2_ws/build/localization': CMAKE_PREFIX_PATH=/ros2_ws/install/ydlidar_ros2_driver:/ros2_ws/install/rf2o_laser_odometry:/ros2_ws/install/robot_bringup:/ros2_ws/install/localization:/ros2_ws/install/telemetry_data:/ros2_ws/install/shooting:/ros2_ws/install/robot_description:/ros2_ws/install/navigation:/ros2_ws/install/main_brain:/ros2_ws/install/hardware:/ros2_ws/install/foxglove:/ros2_ws/install/tactical_brain:/ros2_ws/install/sensor_fusion_pkg:/ros2_ws/install/icm20948_ros2:/ros2_ws/install/ai_vision:/opt/ros/humble /usr/bin/cmake --build /ros2_ws/build/localization -- -j4 -l4
[1.365s] Invoked command in '/ros2_ws/build/localization' returned '0': CMAKE_PREFIX_PATH=/ros2_ws/install/ydlidar_ros2_driver:/ros2_ws/install/rf2o_laser_odometry:/ros2_ws/install/robot_bringup:/ros2_ws/install/localization:/ros2_ws/install/telemetry_data:/ros2_ws/install/shooting:/ros2_ws/install/robot_description:/ros2_ws/install/navigation:/ros2_ws/install/main_brain:/ros2_ws/install/hardware:/ros2_ws/install/foxglove:/ros2_ws/install/tactical_brain:/ros2_ws/install/sensor_fusion_pkg:/ros2_ws/install/icm20948_ros2:/ros2_ws/install/ai_vision:/opt/ros/humble /usr/bin/cmake --build /ros2_ws/build/localization -- -j4 -l4
[1.367s] Invoking command in '/ros2_ws/build/localization': CMAKE_PREFIX_PATH=/ros2_ws/install/ydlidar_ros2_driver:/ros2_ws/install/rf2o_laser_odometry:/ros2_ws/install/robot_bringup:/ros2_ws/install/localization:/ros2_ws/install/telemetry_data:/ros2_ws/install/shooting:/ros2_ws/install/robot_description:/ros2_ws/install/navigation:/ros2_ws/install/main_brain:/ros2_ws/install/hardware:/ros2_ws/install/foxglove:/ros2_ws/install/tactical_brain:/ros2_ws/install/sensor_fusion_pkg:/ros2_ws/install/icm20948_ros2:/ros2_ws/install/ai_vision:/opt/ros/humble /usr/bin/cmake --install /ros2_ws/build/localization
[1.379s] -- Install configuration: ""
[1.379s] -- Execute custom install script
[1.381s] -- Up-to-date symlink: /ros2_ws/install/localization/share/localization/config/ekf.yaml
[1.381s] -- Up-to-date symlink: /ros2_ws/install/localization/share/localization/config/ekf_global.yaml
[1.382s] -- Up-to-date symlink: /ros2_ws/install/localization/share/localization/config/ekf_local.yaml
[1.382s] -- Up-to-date symlink: /ros2_ws/install/localization/share/localization/config/lidar.yaml
[1.382s] -- Up-to-date symlink: /ros2_ws/install/localization/share/localization/config/rf2o.yaml
[1.382s] -- Up-to-date symlink: /ros2_ws/install/localization/share/localization/config/slam.yaml
[1.382s] -- Up-to-date symlink: /ros2_ws/install/localization/share/localization/launch/launch.py
[1.382s] -- Up-to-date symlink: /ros2_ws/install/localization/share/ament_index/resource_index/package_run_dependencies/localization
[1.382s] -- Up-to-date symlink: /ros2_ws/install/localization/share/ament_index/resource_index/parent_prefix_path/localization
[1.383s] -- Up-to-date symlink: /ros2_ws/install/localization/share/localization/environment/ament_prefix_path.sh
[1.383s] -- Up-to-date symlink: /ros2_ws/install/localization/share/localization/environment/ament_prefix_path.dsv
[1.383s] -- Up-to-date symlink: /ros2_ws/install/localization/share/localization/environment/path.sh
[1.383s] -- Up-to-date symlink: /ros2_ws/install/localization/share/localization/environment/path.dsv
[1.383s] -- Up-to-date symlink: /ros2_ws/install/localization/share/localization/local_setup.bash
[1.383s] -- Up-to-date symlink: /ros2_ws/install/localization/share/localization/local_setup.sh
[1.383s] -- Up-to-date symlink: /ros2_ws/install/localization/share/localization/local_setup.zsh
[1.384s] -- Up-to-date symlink: /ros2_ws/install/localization/share/localization/local_setup.dsv
[1.384s] -- Symlinking: /ros2_ws/install/localization/share/localization/package.dsv
[1.397s] -- Up-to-date symlink: /ros2_ws/install/localization/share/ament_index/resource_index/packages/localization
[1.398s] -- Up-to-date symlink: /ros2_ws/install/localization/share/localization/cmake/localizationConfig.cmake
[1.398s] -- Up-to-date symlink: /ros2_ws/install/localization/share/localization/cmake/localizationConfig-version.cmake
[1.401s] -- Up-to-date symlink: /ros2_ws/install/localization/share/localization/package.xml
[1.407s] Invoked command in '/ros2_ws/build/localization' returned '0': CMAKE_PREFIX_PATH=/ros2_ws/install/ydlidar_ros2_driver:/ros2_ws/install/rf2o_laser_odometry:/ros2_ws/install/robot_bringup:/ros2_ws/install/localization:/ros2_ws/install/telemetry_data:/ros2_ws/install/shooting:/ros2_ws/install/robot_description:/ros2_ws/install/navigation:/ros2_ws/install/main_brain:/ros2_ws/install/hardware:/ros2_ws/install/foxglove:/ros2_ws/install/tactical_brain:/ros2_ws/install/sensor_fusion_pkg:/ros2_ws/install/icm20948_ros2:/ros2_ws/install/ai_vision:/opt/ros/humble /usr/bin/cmake --install /ros2_ws/build/localization
