[0.057s] Invoking command in '/ros2_ws/build/hardware': CMAKE_PREFIX_PATH=${CMAKE_PREFIX_PATH}:/ros2_ws/install/tactical_brain:/ros2_ws/install/sensor_fusion_pkg:/ros2_ws/install/icm20948_ros2:/opt/ros/humble /usr/bin/cmake --build /ros2_ws/build/hardware -- -j4 -l4
[0.299s] [35m[1mConsolidate compiler generated dependencies of target heading_pid_controller[0m
[0.299s] [35m[1mConsolidate compiler generated dependencies of target twist_to_ackermann[0m
[0.299s] [35m[1mConsolidate compiler generated dependencies of target motor_driver[0m
[0.342s] [ 33%] Built target heading_pid_controller
[0.344s] [ 66%] Built target twist_to_ackermann
[0.350s] [100%] Built target motor_driver
[0.441s] Invoked command in '/ros2_ws/build/hardware' returned '0': CMAKE_PREFIX_PATH=${CMAKE_PREFIX_PATH}:/ros2_ws/install/tactical_brain:/ros2_ws/install/sensor_fusion_pkg:/ros2_ws/install/icm20948_ros2:/opt/ros/humble /usr/bin/cmake --build /ros2_ws/build/hardware -- -j4 -l4
[0.448s] Invoking command in '/ros2_ws/build/hardware': CMAKE_PREFIX_PATH=${CMAKE_PREFIX_PATH}:/ros2_ws/install/tactical_brain:/ros2_ws/install/sensor_fusion_pkg:/ros2_ws/install/icm20948_ros2:/opt/ros/humble /usr/bin/cmake --install /ros2_ws/build/hardware
[0.461s] -- Install configuration: ""
[0.466s] -- Execute custom install script
[0.471s] -- Up-to-date symlink: /ros2_ws/install/hardware/share/hardware//hardware_interface_plugins.xml
[0.477s] -- Up-to-date symlink: /ros2_ws/install/hardware/lib/libmotor_driver.so
[0.483s] -- Up-to-date symlink: /ros2_ws/install/hardware/lib/hardware/twist_to_ackermann
[0.486s] -- Up-to-date symlink: /ros2_ws/install/hardware/lib/hardware/heading_pid_controller
[0.491s] -- Up-to-date symlink: /ros2_ws/install/hardware/share/hardware/config/ackermann_steering_controller.yaml
[0.491s] -- Up-to-date symlink: /ros2_ws/install/hardware/share/hardware/config/controller_manager.yaml
[0.492s] -- Up-to-date symlink: /ros2_ws/install/hardware/share/hardware/config/joint_state_broadcaster.yaml
[0.492s] -- Up-to-date symlink: /ros2_ws/install/hardware/share/hardware/config/pid_params.yaml
[0.492s] -- Up-to-date symlink: /ros2_ws/install/hardware/share/hardware/config/ackermann_steering_controller.yaml
[0.492s] -- Up-to-date symlink: /ros2_ws/install/hardware/share/hardware/config/controller_manager.yaml
[0.493s] -- Up-to-date symlink: /ros2_ws/install/hardware/share/hardware/config/joint_state_broadcaster.yaml
[0.493s] -- Up-to-date symlink: /ros2_ws/install/hardware/share/hardware/config/pid_params.yaml
[0.493s] -- Up-to-date symlink: /ros2_ws/install/hardware/share/hardware/launch/launch.py
[0.493s] -- Up-to-date symlink: /ros2_ws/install/hardware/share/hardware/ros2_control.xacro
[0.493s] -- Up-to-date symlink: /ros2_ws/install/hardware/share/hardware/hardware_interface_plugins.xml
[0.493s] -- Up-to-date symlink: /ros2_ws/install/hardware/share/ament_index/resource_index/package_run_dependencies/hardware
[0.493s] -- Up-to-date symlink: /ros2_ws/install/hardware/share/ament_index/resource_index/parent_prefix_path/hardware
[0.494s] -- Up-to-date symlink: /ros2_ws/install/hardware/share/hardware/environment/ament_prefix_path.sh
[0.494s] -- Up-to-date symlink: /ros2_ws/install/hardware/share/hardware/environment/ament_prefix_path.dsv
[0.494s] -- Up-to-date symlink: /ros2_ws/install/hardware/share/hardware/environment/path.sh
[0.495s] -- Up-to-date symlink: /ros2_ws/install/hardware/share/hardware/environment/path.dsv
[0.496s] -- Up-to-date symlink: /ros2_ws/install/hardware/share/hardware/local_setup.bash
[0.497s] -- Up-to-date symlink: /ros2_ws/install/hardware/share/hardware/local_setup.sh
[0.498s] -- Up-to-date symlink: /ros2_ws/install/hardware/share/hardware/local_setup.zsh
[0.499s] -- Up-to-date symlink: /ros2_ws/install/hardware/share/hardware/local_setup.dsv
[0.499s] -- Symlinking: /ros2_ws/install/hardware/share/hardware/package.dsv
[0.511s] -- Up-to-date symlink: /ros2_ws/install/hardware/share/ament_index/resource_index/packages/hardware
[0.511s] -- Up-to-date symlink: /ros2_ws/install/hardware/share/ament_index/resource_index/hardware_interface__pluginlib__plugin/hardware
[0.511s] -- Up-to-date symlink: /ros2_ws/install/hardware/share/hardware/cmake/hardwareConfig.cmake
[0.513s] -- Up-to-date symlink: /ros2_ws/install/hardware/share/hardware/cmake/hardwareConfig-version.cmake
[0.513s] -- Up-to-date symlink: /ros2_ws/install/hardware/share/hardware/package.xml
[0.594s] Invoked command in '/ros2_ws/build/hardware' returned '0': CMAKE_PREFIX_PATH=${CMAKE_PREFIX_PATH}:/ros2_ws/install/tactical_brain:/ros2_ws/install/sensor_fusion_pkg:/ros2_ws/install/icm20948_ros2:/opt/ros/humble /usr/bin/cmake --install /ros2_ws/build/hardware
