[0.050s] Invoking command in '/ros2_ws/build/rf2o_laser_odometry': CMAKE_PREFIX_PATH=${CMAKE_PREFIX_PATH}:/ros2_ws/install/icm20948_ros2:/opt/ros/humble /usr/bin/cmake --build /ros2_ws/build/rf2o_laser_odometry -- -j4 -l4
[1.016s] [ 40%] Built target rf2o_laser_odometry
[1.020s] [100%] Built target rf2o_laser_odometry_node
[1.051s] Invoked command in '/ros2_ws/build/rf2o_laser_odometry' returned '0': CMAKE_PREFIX_PATH=${CMAKE_PREFIX_PATH}:/ros2_ws/install/icm20948_ros2:/opt/ros/humble /usr/bin/cmake --build /ros2_ws/build/rf2o_laser_odometry -- -j4 -l4
[1.053s] Invoking command in '/ros2_ws/build/rf2o_laser_odometry': CMAKE_PREFIX_PATH=${CMAKE_PREFIX_PATH}:/ros2_ws/install/icm20948_ros2:/opt/ros/humble /usr/bin/cmake --install /ros2_ws/build/rf2o_laser_odometry
[1.071s] -- Install configuration: ""
[1.071s] -- Execute custom install script
[1.072s] -- Up-to-date symlink: /ros2_ws/install/rf2o_laser_odometry/lib/rf2o_laser_odometry/rf2o_laser_odometry_node
[1.073s] -- Up-to-date symlink: /ros2_ws/install/rf2o_laser_odometry/share/rf2o_laser_odometry/launch/rf2o_laser_odometry.launch.py
[1.075s] -- Up-to-date symlink: /ros2_ws/install/rf2o_laser_odometry/share/ament_index/resource_index/package_run_dependencies/rf2o_laser_odometry
[1.075s] -- Up-to-date symlink: /ros2_ws/install/rf2o_laser_odometry/share/ament_index/resource_index/parent_prefix_path/rf2o_laser_odometry
[1.075s] -- Up-to-date symlink: /ros2_ws/install/rf2o_laser_odometry/share/rf2o_laser_odometry/environment/ament_prefix_path.sh
[1.076s] -- Up-to-date symlink: /ros2_ws/install/rf2o_laser_odometry/share/rf2o_laser_odometry/environment/ament_prefix_path.dsv
[1.079s] -- Up-to-date symlink: /ros2_ws/install/rf2o_laser_odometry/share/rf2o_laser_odometry/environment/path.sh
[1.080s] -- Up-to-date symlink: /ros2_ws/install/rf2o_laser_odometry/share/rf2o_laser_odometry/environment/path.dsv
[1.080s] -- Up-to-date symlink: /ros2_ws/install/rf2o_laser_odometry/share/rf2o_laser_odometry/local_setup.bash
[1.083s] -- Up-to-date symlink: /ros2_ws/install/rf2o_laser_odometry/share/rf2o_laser_odometry/local_setup.sh
[1.083s] -- Up-to-date symlink: /ros2_ws/install/rf2o_laser_odometry/share/rf2o_laser_odometry/local_setup.zsh
[1.083s] -- Up-to-date symlink: /ros2_ws/install/rf2o_laser_odometry/share/rf2o_laser_odometry/local_setup.dsv
[1.084s] -- Symlinking: /ros2_ws/install/rf2o_laser_odometry/share/rf2o_laser_odometry/package.dsv
[1.091s] -- Up-to-date symlink: /ros2_ws/install/rf2o_laser_odometry/share/ament_index/resource_index/packages/rf2o_laser_odometry
[1.093s] -- Up-to-date symlink: /ros2_ws/install/rf2o_laser_odometry/share/rf2o_laser_odometry/cmake/rf2o_laser_odometryConfig.cmake
[1.102s] -- Up-to-date symlink: /ros2_ws/install/rf2o_laser_odometry/share/rf2o_laser_odometry/cmake/rf2o_laser_odometryConfig-version.cmake
[1.103s] -- Up-to-date symlink: /ros2_ws/install/rf2o_laser_odometry/share/rf2o_laser_odometry/package.xml
[1.170s] Invoked command in '/ros2_ws/build/rf2o_laser_odometry' returned '0': CMAKE_PREFIX_PATH=${CMAKE_PREFIX_PATH}:/ros2_ws/install/icm20948_ros2:/opt/ros/humble /usr/bin/cmake --install /ros2_ws/build/rf2o_laser_odometry
