[0.018s] Invoking command in '/ros2_ws/build/localization': AMENT_PREFIX_PATH=/ros2_ws/install/ydlidar_ros2_driver:${AMENT_PREFIX_PATH} CMAKE_PREFIX_PATH=/ros2_ws/install/ydlidar_ros2_driver:/ros2_ws/install/robot_description:/ros2_ws/install/hardware:/opt/ros/humble /usr/bin/cmake --build /ros2_ws/build/localization -- -j4 -l4
[0.078s] Invoked command in '/ros2_ws/build/localization' returned '0': AMENT_PREFIX_PATH=/ros2_ws/install/ydlidar_ros2_driver:${AMENT_PREFIX_PATH} CMAKE_PREFIX_PATH=/ros2_ws/install/ydlidar_ros2_driver:/ros2_ws/install/robot_description:/ros2_ws/install/hardware:/opt/ros/humble /usr/bin/cmake --build /ros2_ws/build/localization -- -j4 -l4
[0.081s] Invoking command in '/ros2_ws/build/localization': AMENT_PREFIX_PATH=/ros2_ws/install/ydlidar_ros2_driver:${AMENT_PREFIX_PATH} CMAKE_PREFIX_PATH=/ros2_ws/install/ydlidar_ros2_driver:/ros2_ws/install/robot_description:/ros2_ws/install/hardware:/opt/ros/humble /usr/bin/cmake --install /ros2_ws/build/localization
[0.090s] -- Install configuration: ""
[0.091s] -- Execute custom install script
[0.091s] -- Up-to-date symlink: /ros2_ws/install/localization/share/localization/config/lidar.yaml
[0.091s] -- Up-to-date symlink: /ros2_ws/install/localization/share/localization/config/slam.yaml
[0.092s] -- Up-to-date symlink: /ros2_ws/install/localization/share/localization/launch/launch.py
[0.092s] -- Up-to-date symlink: /ros2_ws/install/localization/share/ament_index/resource_index/package_run_dependencies/localization
[0.092s] -- Up-to-date symlink: /ros2_ws/install/localization/share/ament_index/resource_index/parent_prefix_path/localization
[0.092s] -- Up-to-date symlink: /ros2_ws/install/localization/share/localization/environment/ament_prefix_path.sh
[0.092s] -- Up-to-date symlink: /ros2_ws/install/localization/share/localization/environment/ament_prefix_path.dsv
[0.092s] -- Up-to-date symlink: /ros2_ws/install/localization/share/localization/environment/path.sh
[0.092s] -- Up-to-date symlink: /ros2_ws/install/localization/share/localization/environment/path.dsv
[0.092s] -- Up-to-date symlink: /ros2_ws/install/localization/share/localization/local_setup.bash
[0.092s] -- Up-to-date symlink: /ros2_ws/install/localization/share/localization/local_setup.sh
[0.093s] -- Up-to-date symlink: /ros2_ws/install/localization/share/localization/local_setup.zsh
[0.093s] -- Up-to-date symlink: /ros2_ws/install/localization/share/localization/local_setup.dsv
[0.093s] -- Symlinking: /ros2_ws/install/localization/share/localization/package.dsv
[0.107s] -- Up-to-date symlink: /ros2_ws/install/localization/share/ament_index/resource_index/packages/localization
[0.107s] -- Up-to-date symlink: /ros2_ws/install/localization/share/localization/cmake/localizationConfig.cmake
[0.108s] -- Up-to-date symlink: /ros2_ws/install/localization/share/localization/cmake/localizationConfig-version.cmake
[0.108s] -- Up-to-date symlink: /ros2_ws/install/localization/share/localization/package.xml
[0.112s] Invoked command in '/ros2_ws/build/localization' returned '0': AMENT_PREFIX_PATH=/ros2_ws/install/ydlidar_ros2_driver:${AMENT_PREFIX_PATH} CMAKE_PREFIX_PATH=/ros2_ws/install/ydlidar_ros2_driver:/ros2_ws/install/robot_description:/ros2_ws/install/hardware:/opt/ros/humble /usr/bin/cmake --install /ros2_ws/build/localization
