[0.031s] Invoking command in '/ros2_ws/build/hardware': CMAKE_PREFIX_PATH=${CMAKE_PREFIX_PATH}:/ros2_ws/install/tactical_brain:/ros2_ws/install/sensor_fusion_pkg:/ros2_ws/install/icm20948_ros2:/ros2_ws/install/ai_vision:/opt/ros/humble /usr/bin/cmake --build /ros2_ws/build/hardware -- -j4 -l4
[0.734s] -- Found ament_cmake: 1.3.14 (/opt/ros/humble/share/ament_cmake/cmake)
[1.034s] -- Override CMake install command with custom implementation using symlinks instead of copying resources
[1.071s] -- Found ackermann_steering_controller: 2.53.1 (/opt/ros/humble/share/ackermann_steering_controller/cmake)
[1.221s] -- Found rosidl_generator_c: 3.1.8 (/opt/ros/humble/share/rosidl_generator_c/cmake)
[1.226s] -- Found rosidl_adapter: 3.1.8 (/opt/ros/humble/share/rosidl_adapter/cmake)
[1.258s] -- Found rosidl_generator_cpp: 3.1.8 (/opt/ros/humble/share/rosidl_generator_cpp/cmake)
[1.317s] -- Using all available rosidl_typesupport_c: rosidl_typesupport_fastrtps_c;rosidl_typesupport_introspection_c
[1.402s] -- Using all available rosidl_typesupport_cpp: rosidl_typesupport_fastrtps_cpp;rosidl_typesupport_introspection_cpp
[1.563s] -- Found rmw_implementation_cmake: 6.1.2 (/opt/ros/humble/share/rmw_implementation_cmake/cmake)
[1.572s] -- Found rmw_fastrtps_cpp: 6.2.10 (/opt/ros/humble/share/rmw_fastrtps_cpp/cmake)
[1.900s] -- Using RMW implementation 'rmw_fastrtps_cpp' as default
[2.908s] -- Found eigen3_cmake_module: 0.1.1 (/opt/ros/humble/share/eigen3_cmake_module/cmake)
[2.911s] -- Ensuring Eigen3 include directory is part of orocos-kdl CMake target
[2.974s] -- Found joint_state_broadcaster: 2.53.1 (/opt/ros/humble/share/joint_state_broadcaster/cmake)
[3.018s] -- Found ament_lint_auto: 0.12.15 (/opt/ros/humble/share/ament_lint_auto/cmake)
[3.187s] -- Added test 'cppcheck' to perform static code analysis on C / C++ code
[3.188s] -- Configured cppcheck include dirs: /ros2_ws/src/hardware/include
[3.189s] -- Configured cppcheck exclude dirs and/or files: 
[3.189s] -- Added test 'flake8' to check Python code syntax and style conventions
[3.189s] -- Added test 'lint_cmake' to check CMake code style
[3.189s] -- Added test 'pep257' to check Python code against some of the docstring style conventions in PEP 257
[3.190s] -- Added test 'uncrustify' to check C / C++ code style
[3.190s] -- Configured uncrustify additional arguments: 
[3.191s] -- Added test 'xmllint' to check XML markup files
[3.191s] -- Configuring done
[3.256s] -- Generating done
[3.265s] -- Build files have been written to: /ros2_ws/build/hardware
[3.300s] [35m[1mConsolidate compiler generated dependencies of target heading_pid_controller[0m
[3.300s] [35m[1mConsolidate compiler generated dependencies of target twist_to_ackermann[0m
[3.305s] [35m[1mConsolidate compiler generated dependencies of target motor_driver[0m
[3.325s] [ 16%] [32mBuilding CXX object CMakeFiles/twist_to_ackermann.dir/src/twist_to_ackermann.cpp.o[0m
[3.364s] [ 33%] [32mBuilding CXX object CMakeFiles/heading_pid_controller.dir/src/pid_controller.cpp.o[0m
[3.459s] [ 50%] [32mBuilding CXX object CMakeFiles/motor_driver.dir/src/motor_driver.cpp.o[0m
[41.654s] [ 66%] [32m[1mLinking CXX executable twist_to_ackermann[0m
[43.925s] [ 66%] Built target twist_to_ackermann
[47.421s] [ 83%] [32m[1mLinking CXX shared library libmotor_driver.so[0m
[50.726s] [ 83%] Built target motor_driver
[53.209s] [100%] [32m[1mLinking CXX executable heading_pid_controller[0m
[56.895s] [100%] Built target heading_pid_controller
[56.926s] Invoked command in '/ros2_ws/build/hardware' returned '0': CMAKE_PREFIX_PATH=${CMAKE_PREFIX_PATH}:/ros2_ws/install/tactical_brain:/ros2_ws/install/sensor_fusion_pkg:/ros2_ws/install/icm20948_ros2:/ros2_ws/install/ai_vision:/opt/ros/humble /usr/bin/cmake --build /ros2_ws/build/hardware -- -j4 -l4
[56.928s] Invoking command in '/ros2_ws/build/hardware': CMAKE_PREFIX_PATH=${CMAKE_PREFIX_PATH}:/ros2_ws/install/tactical_brain:/ros2_ws/install/sensor_fusion_pkg:/ros2_ws/install/icm20948_ros2:/ros2_ws/install/ai_vision:/opt/ros/humble /usr/bin/cmake --install /ros2_ws/build/hardware
[56.936s] -- Install configuration: ""
[56.937s] -- Execute custom install script
[56.938s] -- Up-to-date symlink: /ros2_ws/install/hardware/share/hardware//hardware_interface_plugins.xml
[56.939s] -- Up-to-date symlink: /ros2_ws/install/hardware/lib/libmotor_driver.so
[56.939s] -- Up-to-date symlink: /ros2_ws/install/hardware/lib/hardware/twist_to_ackermann
[56.943s] -- Up-to-date symlink: /ros2_ws/install/hardware/lib/hardware/heading_pid_controller
[56.943s] -- Up-to-date symlink: /ros2_ws/install/hardware/share/hardware/config/ackermann_steering_controller.yaml
[56.943s] -- Up-to-date symlink: /ros2_ws/install/hardware/share/hardware/config/controller_manager.yaml
[56.943s] -- Up-to-date symlink: /ros2_ws/install/hardware/share/hardware/config/joint_state_broadcaster.yaml
[56.943s] -- Up-to-date symlink: /ros2_ws/install/hardware/share/hardware/config/pid_params.yaml
[56.944s] -- Up-to-date symlink: /ros2_ws/install/hardware/share/hardware/config/ackermann_steering_controller.yaml
[56.944s] -- Up-to-date symlink: /ros2_ws/install/hardware/share/hardware/config/controller_manager.yaml
[56.944s] -- Up-to-date symlink: /ros2_ws/install/hardware/share/hardware/config/joint_state_broadcaster.yaml
[56.944s] -- Up-to-date symlink: /ros2_ws/install/hardware/share/hardware/config/pid_params.yaml
[56.954s] -- Up-to-date symlink: /ros2_ws/install/hardware/share/hardware/launch/launch.py
[56.954s] -- Up-to-date symlink: /ros2_ws/install/hardware/share/hardware/ros2_control.xacro
[56.954s] -- Up-to-date symlink: /ros2_ws/install/hardware/share/hardware/hardware_interface_plugins.xml
[56.957s] -- Up-to-date symlink: /ros2_ws/install/hardware/share/ament_index/resource_index/package_run_dependencies/hardware
[56.963s] -- Up-to-date symlink: /ros2_ws/install/hardware/share/ament_index/resource_index/parent_prefix_path/hardware
[56.963s] -- Up-to-date symlink: /ros2_ws/install/hardware/share/hardware/environment/ament_prefix_path.sh
[56.963s] -- Up-to-date symlink: /ros2_ws/install/hardware/share/hardware/environment/ament_prefix_path.dsv
[56.969s] -- Up-to-date symlink: /ros2_ws/install/hardware/share/hardware/environment/path.sh
[56.969s] -- Up-to-date symlink: /ros2_ws/install/hardware/share/hardware/environment/path.dsv
[56.973s] -- Up-to-date symlink: /ros2_ws/install/hardware/share/hardware/local_setup.bash
[56.974s] -- Up-to-date symlink: /ros2_ws/install/hardware/share/hardware/local_setup.sh
[56.978s] -- Up-to-date symlink: /ros2_ws/install/hardware/share/hardware/local_setup.zsh
[56.978s] -- Up-to-date symlink: /ros2_ws/install/hardware/share/hardware/local_setup.dsv
[56.985s] -- Symlinking: /ros2_ws/install/hardware/share/hardware/package.dsv
[57.022s] -- Up-to-date symlink: /ros2_ws/install/hardware/share/ament_index/resource_index/packages/hardware
[57.025s] -- Up-to-date symlink: /ros2_ws/install/hardware/share/ament_index/resource_index/hardware_interface__pluginlib__plugin/hardware
[57.025s] -- Up-to-date symlink: /ros2_ws/install/hardware/share/hardware/cmake/hardwareConfig.cmake
[57.027s] -- Up-to-date symlink: /ros2_ws/install/hardware/share/hardware/cmake/hardwareConfig-version.cmake
[57.027s] -- Up-to-date symlink: /ros2_ws/install/hardware/share/hardware/package.xml
[57.034s] Invoked command in '/ros2_ws/build/hardware' returned '0': CMAKE_PREFIX_PATH=${CMAKE_PREFIX_PATH}:/ros2_ws/install/tactical_brain:/ros2_ws/install/sensor_fusion_pkg:/ros2_ws/install/icm20948_ros2:/ros2_ws/install/ai_vision:/opt/ros/humble /usr/bin/cmake --install /ros2_ws/build/hardware
