[0.028s] Invoking command in '/ros2_ws/build/telemetry_data': CMAKE_PREFIX_PATH=${CMAKE_PREFIX_PATH}:/opt/ros/humble /usr/bin/cmake /ros2_ws/src/telemetry_data -DAMENT_CMAKE_SYMLINK_INSTALL=1 -DCMAKE_INSTALL_PREFIX=/ros2_ws/install/telemetry_data
[0.192s] -- The C compiler identification is GNU 11.4.0
[0.351s] -- The CXX compiler identification is GNU 11.4.0
[0.378s] -- Detecting C compiler ABI info
[0.557s] -- Detecting C compiler ABI info - done
[0.576s] -- Check for working C compiler: /usr/bin/cc - skipped
[0.577s] -- Detecting C compile features
[0.578s] -- Detecting C compile features - done
[0.590s] -- Detecting CXX compiler ABI info
[0.810s] -- Detecting CXX compiler ABI info - done
[0.827s] -- Check for working CXX compiler: /usr/bin/c++ - skipped
[0.827s] -- Detecting CXX compile features
[0.829s] -- Detecting CXX compile features - done
[0.838s] -- Found ament_cmake: 1.3.14 (/opt/ros/humble/share/ament_cmake/cmake)
[1.254s] -- Found Python3: /usr/bin/python3 (found version "3.10.12") found components: Interpreter 
[1.481s] -- Override CMake install command with custom implementation using symlinks instead of copying resources
[1.573s] -- Found ament_lint_auto: 0.12.15 (/opt/ros/humble/share/ament_lint_auto/cmake)
[1.861s] -- Added test 'lint_cmake' to check CMake code style
[1.877s] -- Added test 'xmllint' to check XML markup files
[1.877s] -- Configuring done
[1.896s] -- Generating done
[1.899s] -- Build files have been written to: /ros2_ws/build/telemetry_data
[1.913s] Invoked command in '/ros2_ws/build/telemetry_data' returned '0': CMAKE_PREFIX_PATH=${CMAKE_PREFIX_PATH}:/opt/ros/humble /usr/bin/cmake /ros2_ws/src/telemetry_data -DAMENT_CMAKE_SYMLINK_INSTALL=1 -DCMAKE_INSTALL_PREFIX=/ros2_ws/install/telemetry_data
[1.919s] Invoking command in '/ros2_ws/build/telemetry_data': CMAKE_PREFIX_PATH=${CMAKE_PREFIX_PATH}:/opt/ros/humble /usr/bin/cmake --build /ros2_ws/build/telemetry_data -- -j4 -l4
[2.028s] Invoked command in '/ros2_ws/build/telemetry_data' returned '0': CMAKE_PREFIX_PATH=${CMAKE_PREFIX_PATH}:/opt/ros/humble /usr/bin/cmake --build /ros2_ws/build/telemetry_data -- -j4 -l4
[2.033s] Invoking command in '/ros2_ws/build/telemetry_data': CMAKE_PREFIX_PATH=${CMAKE_PREFIX_PATH}:/opt/ros/humble /usr/bin/cmake --install /ros2_ws/build/telemetry_data
[2.040s] -- Install configuration: ""
[2.041s] -- Execute custom install script
[2.042s] -- Symlinking: /ros2_ws/install/telemetry_data/share/ament_index/resource_index/package_run_dependencies/telemetry_data
[2.061s] -- Symlinking: /ros2_ws/install/telemetry_data/share/ament_index/resource_index/parent_prefix_path/telemetry_data
[2.093s] -- Symlinking: /ros2_ws/install/telemetry_data/share/telemetry_data/environment/ament_prefix_path.sh
[2.110s] -- Symlinking: /ros2_ws/install/telemetry_data/share/telemetry_data/environment/ament_prefix_path.dsv
[2.115s] -- Symlinking: /ros2_ws/install/telemetry_data/share/telemetry_data/environment/path.sh
[2.133s] -- Symlinking: /ros2_ws/install/telemetry_data/share/telemetry_data/environment/path.dsv
[2.152s] -- Symlinking: /ros2_ws/install/telemetry_data/share/telemetry_data/local_setup.bash
[2.165s] -- Symlinking: /ros2_ws/install/telemetry_data/share/telemetry_data/local_setup.sh
[2.199s] -- Symlinking: /ros2_ws/install/telemetry_data/share/telemetry_data/local_setup.zsh
[2.215s] -- Symlinking: /ros2_ws/install/telemetry_data/share/telemetry_data/local_setup.dsv
[2.234s] -- Symlinking: /ros2_ws/install/telemetry_data/share/telemetry_data/package.dsv
[2.261s] -- Symlinking: /ros2_ws/install/telemetry_data/share/ament_index/resource_index/packages/telemetry_data
[2.308s] -- Symlinking: /ros2_ws/install/telemetry_data/share/telemetry_data/cmake/telemetry_dataConfig.cmake
[2.347s] -- Symlinking: /ros2_ws/install/telemetry_data/share/telemetry_data/cmake/telemetry_dataConfig-version.cmake
[2.370s] -- Symlinking: /ros2_ws/install/telemetry_data/share/telemetry_data/package.xml
[2.414s] Invoked command in '/ros2_ws/build/telemetry_data' returned '0': CMAKE_PREFIX_PATH=${CMAKE_PREFIX_PATH}:/opt/ros/humble /usr/bin/cmake --install /ros2_ws/build/telemetry_data
