[0.038s] Invoking command in '/ros2_ws/build/hardware': CMAKE_PREFIX_PATH=/opt/ros/humble /usr/bin/cmake --build /ros2_ws/build/hardware -- -j4 -l4
[0.596s] [ 25%] Building CXX object CMakeFiles/motor_driver.dir/src/motor_driver.cpp.o
[0.598s] [ 75%] Built target twist_to_ackermann
[6.792s] [100%] Linking CXX shared library libmotor_driver.so
[7.176s] [100%] Built target motor_driver
[7.187s] Invoked command in '/ros2_ws/build/hardware' returned '0': CMAKE_PREFIX_PATH=/opt/ros/humble /usr/bin/cmake --build /ros2_ws/build/hardware -- -j4 -l4
[7.198s] Invoking command in '/ros2_ws/build/hardware': CMAKE_PREFIX_PATH=/opt/ros/humble /usr/bin/cmake --install /ros2_ws/build/hardware
[7.207s] -- Install configuration: ""
[7.210s] -- Execute custom install script
[7.210s] -- Up-to-date symlink: /ros2_ws/install/hardware/share/hardware//hardware_interface_plugins.xml
[7.211s] -- Up-to-date symlink: /ros2_ws/install/hardware/lib/libmotor_driver.so
[7.211s] -- Up-to-date symlink: /ros2_ws/install/hardware/lib/hardware/twist_to_ackermann
[7.212s] -- Up-to-date symlink: /ros2_ws/install/hardware/share/hardware/config/ackermann_steering_controller.yaml
[7.212s] -- Up-to-date symlink: /ros2_ws/install/hardware/share/hardware/config/controller_manager.yaml
[7.212s] -- Up-to-date symlink: /ros2_ws/install/hardware/share/hardware/config/joint_state_broadcaster.yaml
[7.213s] -- Up-to-date symlink: /ros2_ws/install/hardware/share/hardware/launch/launch.py
[7.213s] -- Up-to-date symlink: /ros2_ws/install/hardware/share/hardware/ros2_control.xacro
[7.213s] -- Up-to-date symlink: /ros2_ws/install/hardware/share/hardware/hardware_interface_plugins.xml
[7.213s] -- Up-to-date symlink: /ros2_ws/install/hardware/share/ament_index/resource_index/package_run_dependencies/hardware
[7.213s] -- Up-to-date symlink: /ros2_ws/install/hardware/share/ament_index/resource_index/parent_prefix_path/hardware
[7.213s] -- Up-to-date symlink: /ros2_ws/install/hardware/share/hardware/environment/ament_prefix_path.sh
[7.214s] -- Up-to-date symlink: /ros2_ws/install/hardware/share/hardware/environment/ament_prefix_path.dsv
[7.214s] -- Up-to-date symlink: /ros2_ws/install/hardware/share/hardware/environment/path.sh
[7.215s] -- Up-to-date symlink: /ros2_ws/install/hardware/share/hardware/environment/path.dsv
[7.215s] -- Up-to-date symlink: /ros2_ws/install/hardware/share/hardware/local_setup.bash
[7.215s] -- Up-to-date symlink: /ros2_ws/install/hardware/share/hardware/local_setup.sh
[7.215s] -- Up-to-date symlink: /ros2_ws/install/hardware/share/hardware/local_setup.zsh
[7.215s] -- Up-to-date symlink: /ros2_ws/install/hardware/share/hardware/local_setup.dsv
[7.215s] -- Symlinking: /ros2_ws/install/hardware/share/hardware/package.dsv
[7.222s] -- Up-to-date symlink: /ros2_ws/install/hardware/share/ament_index/resource_index/packages/hardware
[7.222s] -- Up-to-date symlink: /ros2_ws/install/hardware/share/ament_index/resource_index/hardware_interface__pluginlib__plugin/hardware
[7.223s] -- Up-to-date symlink: /ros2_ws/install/hardware/share/hardware/cmake/hardwareConfig.cmake
[7.223s] -- Up-to-date symlink: /ros2_ws/install/hardware/share/hardware/cmake/hardwareConfig-version.cmake
[7.223s] -- Up-to-date symlink: /ros2_ws/install/hardware/share/hardware/package.xml
[7.225s] Invoked command in '/ros2_ws/build/hardware' returned '0': CMAKE_PREFIX_PATH=/opt/ros/humble /usr/bin/cmake --install /ros2_ws/build/hardware
