[0.019s] Invoking command in '/ros2_ws/build/shooting': CMAKE_PREFIX_PATH=${CMAKE_PREFIX_PATH}:/ros2_ws/install/tactical_brain:/ros2_ws/install/sensor_fusion_pkg:/ros2_ws/install/icm20948_ros2:/ros2_ws/install/ai_vision:/opt/ros/humble /usr/bin/cmake --build /ros2_ws/build/shooting -- -j4 -l4
[0.521s] [100%] Built target shooting_node
[0.747s] Invoked command in '/ros2_ws/build/shooting' returned '0': CMAKE_PREFIX_PATH=${CMAKE_PREFIX_PATH}:/ros2_ws/install/tactical_brain:/ros2_ws/install/sensor_fusion_pkg:/ros2_ws/install/icm20948_ros2:/ros2_ws/install/ai_vision:/opt/ros/humble /usr/bin/cmake --build /ros2_ws/build/shooting -- -j4 -l4
[0.766s] Invoking command in '/ros2_ws/build/shooting': CMAKE_PREFIX_PATH=${CMAKE_PREFIX_PATH}:/ros2_ws/install/tactical_brain:/ros2_ws/install/sensor_fusion_pkg:/ros2_ws/install/icm20948_ros2:/ros2_ws/install/ai_vision:/opt/ros/humble /usr/bin/cmake --install /ros2_ws/build/shooting
[0.828s] -- Install configuration: ""
[0.835s] -- Execute custom install script
[0.836s] -- Up-to-date symlink: /ros2_ws/install/shooting/lib/shooting/shooting_node
[0.840s] -- Up-to-date symlink: /ros2_ws/install/shooting/share/shooting/launch/launch.py
[0.845s] -- Up-to-date symlink: /ros2_ws/install/shooting/share/ament_index/resource_index/package_run_dependencies/shooting
[0.848s] -- Up-to-date symlink: /ros2_ws/install/shooting/share/ament_index/resource_index/parent_prefix_path/shooting
[0.850s] -- Up-to-date symlink: /ros2_ws/install/shooting/share/shooting/environment/ament_prefix_path.sh
[0.854s] -- Up-to-date symlink: /ros2_ws/install/shooting/share/shooting/environment/ament_prefix_path.dsv
[0.855s] -- Up-to-date symlink: /ros2_ws/install/shooting/share/shooting/environment/path.sh
[0.856s] -- Up-to-date symlink: /ros2_ws/install/shooting/share/shooting/environment/path.dsv
[0.858s] -- Up-to-date symlink: /ros2_ws/install/shooting/share/shooting/local_setup.bash
[0.859s] -- Up-to-date symlink: /ros2_ws/install/shooting/share/shooting/local_setup.sh
[0.860s] -- Up-to-date symlink: /ros2_ws/install/shooting/share/shooting/local_setup.zsh
[0.861s] -- Up-to-date symlink: /ros2_ws/install/shooting/share/shooting/local_setup.dsv
[0.861s] -- Symlinking: /ros2_ws/install/shooting/share/shooting/package.dsv
[1.044s] -- Up-to-date symlink: /ros2_ws/install/shooting/share/ament_index/resource_index/packages/shooting
[1.050s] -- Up-to-date symlink: /ros2_ws/install/shooting/share/shooting/cmake/shootingConfig.cmake
[1.056s] -- Up-to-date symlink: /ros2_ws/install/shooting/share/shooting/cmake/shootingConfig-version.cmake
[1.066s] -- Up-to-date symlink: /ros2_ws/install/shooting/share/shooting/package.xml
[1.133s] Invoked command in '/ros2_ws/build/shooting' returned '0': CMAKE_PREFIX_PATH=${CMAKE_PREFIX_PATH}:/ros2_ws/install/tactical_brain:/ros2_ws/install/sensor_fusion_pkg:/ros2_ws/install/icm20948_ros2:/ros2_ws/install/ai_vision:/opt/ros/humble /usr/bin/cmake --install /ros2_ws/build/shooting
