[0.070s] Invoking command in '/ros2_ws/build/hardware': CMAKE_PREFIX_PATH=${CMAKE_PREFIX_PATH}:/ros2_ws/install/tactical_brain:/ros2_ws/install/sensor_fusion_pkg:/ros2_ws/install/icm20948_ros2:/ros2_ws/install/ai_vision:/opt/ros/humble /usr/bin/cmake --build /ros2_ws/build/hardware -- -j4 -l4
[0.738s] [ 33%] Built target motor_driver
[0.807s] [ 66%] Built target heading_pid_controller
[0.847s] [100%] Built target twist_to_ackermann
[1.028s] Invoked command in '/ros2_ws/build/hardware' returned '0': CMAKE_PREFIX_PATH=${CMAKE_PREFIX_PATH}:/ros2_ws/install/tactical_brain:/ros2_ws/install/sensor_fusion_pkg:/ros2_ws/install/icm20948_ros2:/ros2_ws/install/ai_vision:/opt/ros/humble /usr/bin/cmake --build /ros2_ws/build/hardware -- -j4 -l4
[1.030s] Invoking command in '/ros2_ws/build/hardware': CMAKE_PREFIX_PATH=${CMAKE_PREFIX_PATH}:/ros2_ws/install/tactical_brain:/ros2_ws/install/sensor_fusion_pkg:/ros2_ws/install/icm20948_ros2:/ros2_ws/install/ai_vision:/opt/ros/humble /usr/bin/cmake --install /ros2_ws/build/hardware
[1.041s] -- Install configuration: ""
[1.044s] -- Execute custom install script
[1.046s] -- Up-to-date symlink: /ros2_ws/install/hardware/share/hardware//hardware_interface_plugins.xml
[1.051s] -- Up-to-date symlink: /ros2_ws/install/hardware/lib/libmotor_driver.so
[1.053s] -- Up-to-date symlink: /ros2_ws/install/hardware/lib/hardware/twist_to_ackermann
[1.057s] -- Up-to-date symlink: /ros2_ws/install/hardware/lib/hardware/heading_pid_controller
[1.063s] -- Up-to-date symlink: /ros2_ws/install/hardware/share/hardware/config/ackermann_steering_controller.yaml
[1.064s] -- Up-to-date symlink: /ros2_ws/install/hardware/share/hardware/config/controller_manager.yaml
[1.064s] -- Up-to-date symlink: /ros2_ws/install/hardware/share/hardware/config/joint_state_broadcaster.yaml
[1.064s] -- Up-to-date symlink: /ros2_ws/install/hardware/share/hardware/config/pid_params.yaml
[1.065s] -- Up-to-date symlink: /ros2_ws/install/hardware/share/hardware/config/ackermann_steering_controller.yaml
[1.065s] -- Up-to-date symlink: /ros2_ws/install/hardware/share/hardware/config/controller_manager.yaml
[1.065s] -- Up-to-date symlink: /ros2_ws/install/hardware/share/hardware/config/joint_state_broadcaster.yaml
[1.066s] -- Up-to-date symlink: /ros2_ws/install/hardware/share/hardware/config/pid_params.yaml
[1.072s] -- Up-to-date symlink: /ros2_ws/install/hardware/share/hardware/launch/launch.py
[1.075s] -- Up-to-date symlink: /ros2_ws/install/hardware/share/hardware/ros2_control.xacro
[1.076s] -- Up-to-date symlink: /ros2_ws/install/hardware/share/hardware/hardware_interface_plugins.xml
[1.079s] -- Up-to-date symlink: /ros2_ws/install/hardware/share/ament_index/resource_index/package_run_dependencies/hardware
[1.079s] -- Up-to-date symlink: /ros2_ws/install/hardware/share/ament_index/resource_index/parent_prefix_path/hardware
[1.079s] -- Up-to-date symlink: /ros2_ws/install/hardware/share/hardware/environment/ament_prefix_path.sh
[1.079s] -- Up-to-date symlink: /ros2_ws/install/hardware/share/hardware/environment/ament_prefix_path.dsv
[1.080s] -- Up-to-date symlink: /ros2_ws/install/hardware/share/hardware/environment/path.sh
[1.080s] -- Up-to-date symlink: /ros2_ws/install/hardware/share/hardware/environment/path.dsv
[1.081s] -- Up-to-date symlink: /ros2_ws/install/hardware/share/hardware/local_setup.bash
[1.081s] -- Up-to-date symlink: /ros2_ws/install/hardware/share/hardware/local_setup.sh
[1.081s] -- Up-to-date symlink: /ros2_ws/install/hardware/share/hardware/local_setup.zsh
[1.081s] -- Up-to-date symlink: /ros2_ws/install/hardware/share/hardware/local_setup.dsv
[1.081s] -- Symlinking: /ros2_ws/install/hardware/share/hardware/package.dsv
[1.082s] -- Up-to-date symlink: /ros2_ws/install/hardware/share/ament_index/resource_index/packages/hardware
[1.082s] -- Up-to-date symlink: /ros2_ws/install/hardware/share/ament_index/resource_index/hardware_interface__pluginlib__plugin/hardware
[1.082s] -- Up-to-date symlink: /ros2_ws/install/hardware/share/hardware/cmake/hardwareConfig.cmake
[1.082s] -- Up-to-date symlink: /ros2_ws/install/hardware/share/hardware/cmake/hardwareConfig-version.cmake
[1.082s] -- Up-to-date symlink: /ros2_ws/install/hardware/share/hardware/package.xml
[1.153s] Invoked command in '/ros2_ws/build/hardware' returned '0': CMAKE_PREFIX_PATH=${CMAKE_PREFIX_PATH}:/ros2_ws/install/tactical_brain:/ros2_ws/install/sensor_fusion_pkg:/ros2_ws/install/icm20948_ros2:/ros2_ws/install/ai_vision:/opt/ros/humble /usr/bin/cmake --install /ros2_ws/build/hardware
