[0.059s] Invoking command in '/ros2_ws/build/foxglove': CMAKE_PREFIX_PATH=${CMAKE_PREFIX_PATH}:/ros2_ws/install/icm20948_ros2:/opt/ros/humble /usr/bin/cmake --build /ros2_ws/build/foxglove -- -j4 -l4
[0.706s] Invoked command in '/ros2_ws/build/foxglove' returned '0': CMAKE_PREFIX_PATH=${CMAKE_PREFIX_PATH}:/ros2_ws/install/icm20948_ros2:/opt/ros/humble /usr/bin/cmake --build /ros2_ws/build/foxglove -- -j4 -l4
[0.728s] Invoking command in '/ros2_ws/build/foxglove': CMAKE_PREFIX_PATH=${CMAKE_PREFIX_PATH}:/ros2_ws/install/icm20948_ros2:/opt/ros/humble /usr/bin/cmake --install /ros2_ws/build/foxglove
[0.747s] -- Install configuration: ""
[0.789s] -- Execute custom install script
[0.789s] -- Up-to-date symlink: /ros2_ws/install/foxglove/share/foxglove/launch/launch.py
[0.794s] -- Up-to-date symlink: /ros2_ws/install/foxglove/share/ament_index/resource_index/package_run_dependencies/foxglove
[0.802s] -- Up-to-date symlink: /ros2_ws/install/foxglove/share/ament_index/resource_index/parent_prefix_path/foxglove
[0.810s] -- Up-to-date symlink: /ros2_ws/install/foxglove/share/foxglove/environment/ament_prefix_path.sh
[0.811s] -- Up-to-date symlink: /ros2_ws/install/foxglove/share/foxglove/environment/ament_prefix_path.dsv
[0.816s] -- Up-to-date symlink: /ros2_ws/install/foxglove/share/foxglove/environment/path.sh
[0.817s] -- Up-to-date symlink: /ros2_ws/install/foxglove/share/foxglove/environment/path.dsv
[0.822s] -- Up-to-date symlink: /ros2_ws/install/foxglove/share/foxglove/local_setup.bash
[0.828s] -- Up-to-date symlink: /ros2_ws/install/foxglove/share/foxglove/local_setup.sh
[0.837s] -- Up-to-date symlink: /ros2_ws/install/foxglove/share/foxglove/local_setup.zsh
[0.838s] -- Up-to-date symlink: /ros2_ws/install/foxglove/share/foxglove/local_setup.dsv
[0.838s] -- Symlinking: /ros2_ws/install/foxglove/share/foxglove/package.dsv
[0.855s] -- Up-to-date symlink: /ros2_ws/install/foxglove/share/ament_index/resource_index/packages/foxglove
[0.868s] -- Up-to-date symlink: /ros2_ws/install/foxglove/share/foxglove/cmake/foxgloveConfig.cmake
[0.871s] -- Up-to-date symlink: /ros2_ws/install/foxglove/share/foxglove/cmake/foxgloveConfig-version.cmake
[0.871s] -- Up-to-date symlink: /ros2_ws/install/foxglove/share/foxglove/package.xml
[0.874s] Invoked command in '/ros2_ws/build/foxglove' returned '0': CMAKE_PREFIX_PATH=${CMAKE_PREFIX_PATH}:/ros2_ws/install/icm20948_ros2:/opt/ros/humble /usr/bin/cmake --install /ros2_ws/build/foxglove
