[0.036s] Invoking command in '/ros2_ws/build/hardware': CMAKE_PREFIX_PATH=${CMAKE_PREFIX_PATH}:/opt/ros/humble /usr/bin/cmake --build /ros2_ws/build/hardware -- -j4 -l4
[0.146s] [35m[1mConsolidate compiler generated dependencies of target twist_to_ackermann[0m
[0.170s] [35m[1mConsolidate compiler generated dependencies of target motor_driver[0m
[0.215s] [ 50%] Built target twist_to_ackermann
[0.240s] [100%] Built target motor_driver
[0.361s] Invoked command in '/ros2_ws/build/hardware' returned '0': CMAKE_PREFIX_PATH=${CMAKE_PREFIX_PATH}:/opt/ros/humble /usr/bin/cmake --build /ros2_ws/build/hardware -- -j4 -l4
[0.365s] Invoking command in '/ros2_ws/build/hardware': CMAKE_PREFIX_PATH=${CMAKE_PREFIX_PATH}:/opt/ros/humble /usr/bin/cmake --install /ros2_ws/build/hardware
[0.417s] -- Install configuration: ""
[0.417s] -- Execute custom install script
[0.422s] -- Up-to-date symlink: /ros2_ws/install/hardware/share/hardware//hardware_interface_plugins.xml
[0.422s] -- Up-to-date symlink: /ros2_ws/install/hardware/lib/libmotor_driver.so
[0.422s] -- Up-to-date symlink: /ros2_ws/install/hardware/lib/hardware/twist_to_ackermann
[0.442s] -- Up-to-date symlink: /ros2_ws/install/hardware/share/hardware/config/ackermann_steering_controller.yaml
[0.442s] -- Up-to-date symlink: /ros2_ws/install/hardware/share/hardware/config/controller_manager.yaml
[0.442s] -- Up-to-date symlink: /ros2_ws/install/hardware/share/hardware/config/joint_state_broadcaster.yaml
[0.442s] -- Up-to-date symlink: /ros2_ws/install/hardware/share/hardware/launch/launch.py
[0.442s] -- Up-to-date symlink: /ros2_ws/install/hardware/share/hardware/ros2_control.xacro
[0.442s] -- Up-to-date symlink: /ros2_ws/install/hardware/share/hardware/hardware_interface_plugins.xml
[0.442s] -- Up-to-date symlink: /ros2_ws/install/hardware/share/ament_index/resource_index/package_run_dependencies/hardware
[0.442s] -- Up-to-date symlink: /ros2_ws/install/hardware/share/ament_index/resource_index/parent_prefix_path/hardware
[0.443s] -- Up-to-date symlink: /ros2_ws/install/hardware/share/hardware/environment/ament_prefix_path.sh
[0.443s] -- Up-to-date symlink: /ros2_ws/install/hardware/share/hardware/environment/ament_prefix_path.dsv
[0.443s] -- Up-to-date symlink: /ros2_ws/install/hardware/share/hardware/environment/path.sh
[0.443s] -- Up-to-date symlink: /ros2_ws/install/hardware/share/hardware/environment/path.dsv
[0.443s] -- Up-to-date symlink: /ros2_ws/install/hardware/share/hardware/local_setup.bash
[0.443s] -- Up-to-date symlink: /ros2_ws/install/hardware/share/hardware/local_setup.sh
[0.443s] -- Up-to-date symlink: /ros2_ws/install/hardware/share/hardware/local_setup.zsh
[0.443s] -- Up-to-date symlink: /ros2_ws/install/hardware/share/hardware/local_setup.dsv
[0.443s] -- Symlinking: /ros2_ws/install/hardware/share/hardware/package.dsv
[0.469s] -- Up-to-date symlink: /ros2_ws/install/hardware/share/ament_index/resource_index/packages/hardware
[0.470s] -- Up-to-date symlink: /ros2_ws/install/hardware/share/ament_index/resource_index/hardware_interface__pluginlib__plugin/hardware
[0.476s] -- Up-to-date symlink: /ros2_ws/install/hardware/share/hardware/cmake/hardwareConfig.cmake
[0.477s] -- Up-to-date symlink: /ros2_ws/install/hardware/share/hardware/cmake/hardwareConfig-version.cmake
[0.478s] -- Up-to-date symlink: /ros2_ws/install/hardware/share/hardware/package.xml
[0.509s] Invoked command in '/ros2_ws/build/hardware' returned '0': CMAKE_PREFIX_PATH=${CMAKE_PREFIX_PATH}:/opt/ros/humble /usr/bin/cmake --install /ros2_ws/build/hardware
