[0.031s] Invoking command in '/ros2_ws/build/shooting': CMAKE_PREFIX_PATH=${CMAKE_PREFIX_PATH}:/ros2_ws/install/tactical_brain:/ros2_ws/install/sensor_fusion_pkg:/ros2_ws/install/icm20948_ros2:/ros2_ws/install/ai_vision:/opt/ros/humble /usr/bin/cmake --build /ros2_ws/build/shooting -- -j4 -l4
[0.087s] [35m[1mConsolidate compiler generated dependencies of target shooting_node[0m
[0.126s] [ 50%] [32mBuilding CXX object CMakeFiles/shooting_node.dir/src/shooting_node.cpp.o[0m
[16.140s] [100%] [32m[1mLinking CXX executable shooting_node[0m
[17.193s] [100%] Built target shooting_node
[17.209s] Invoked command in '/ros2_ws/build/shooting' returned '0': CMAKE_PREFIX_PATH=${CMAKE_PREFIX_PATH}:/ros2_ws/install/tactical_brain:/ros2_ws/install/sensor_fusion_pkg:/ros2_ws/install/icm20948_ros2:/ros2_ws/install/ai_vision:/opt/ros/humble /usr/bin/cmake --build /ros2_ws/build/shooting -- -j4 -l4
[17.210s] Invoking command in '/ros2_ws/build/shooting': CMAKE_PREFIX_PATH=${CMAKE_PREFIX_PATH}:/ros2_ws/install/tactical_brain:/ros2_ws/install/sensor_fusion_pkg:/ros2_ws/install/icm20948_ros2:/ros2_ws/install/ai_vision:/opt/ros/humble /usr/bin/cmake --install /ros2_ws/build/shooting
[17.218s] -- Install configuration: ""
[17.219s] -- Execute custom install script
[17.219s] -- Up-to-date symlink: /ros2_ws/install/shooting/lib/shooting/shooting_node
[17.219s] -- Up-to-date symlink: /ros2_ws/install/shooting/share/shooting/launch/launch.py
[17.219s] -- Up-to-date symlink: /ros2_ws/install/shooting/share/ament_index/resource_index/package_run_dependencies/shooting
[17.220s] -- Up-to-date symlink: /ros2_ws/install/shooting/share/ament_index/resource_index/parent_prefix_path/shooting
[17.220s] -- Up-to-date symlink: /ros2_ws/install/shooting/share/shooting/environment/ament_prefix_path.sh
[17.220s] -- Up-to-date symlink: /ros2_ws/install/shooting/share/shooting/environment/ament_prefix_path.dsv
[17.220s] -- Up-to-date symlink: /ros2_ws/install/shooting/share/shooting/environment/path.sh
[17.220s] -- Up-to-date symlink: /ros2_ws/install/shooting/share/shooting/environment/path.dsv
[17.220s] -- Up-to-date symlink: /ros2_ws/install/shooting/share/shooting/local_setup.bash
[17.220s] -- Up-to-date symlink: /ros2_ws/install/shooting/share/shooting/local_setup.sh
[17.221s] -- Up-to-date symlink: /ros2_ws/install/shooting/share/shooting/local_setup.zsh
[17.221s] -- Up-to-date symlink: /ros2_ws/install/shooting/share/shooting/local_setup.dsv
[17.221s] -- Symlinking: /ros2_ws/install/shooting/share/shooting/package.dsv
[17.229s] -- Up-to-date symlink: /ros2_ws/install/shooting/share/ament_index/resource_index/packages/shooting
[17.230s] -- Up-to-date symlink: /ros2_ws/install/shooting/share/shooting/cmake/shootingConfig.cmake
[17.230s] -- Up-to-date symlink: /ros2_ws/install/shooting/share/shooting/cmake/shootingConfig-version.cmake
[17.230s] -- Up-to-date symlink: /ros2_ws/install/shooting/share/shooting/package.xml
[17.232s] Invoked command in '/ros2_ws/build/shooting' returned '0': CMAKE_PREFIX_PATH=${CMAKE_PREFIX_PATH}:/ros2_ws/install/tactical_brain:/ros2_ws/install/sensor_fusion_pkg:/ros2_ws/install/icm20948_ros2:/ros2_ws/install/ai_vision:/opt/ros/humble /usr/bin/cmake --install /ros2_ws/build/shooting
