[0.019s] Invoking command in '/ros2_ws/build/hardware': CMAKE_PREFIX_PATH=/opt/ros/humble /usr/bin/cmake --build /ros2_ws/build/hardware -- -j4 -l4
[0.051s] -- Found ament_cmake: 1.3.14 (/opt/ros/humble/share/ament_cmake/cmake)
[0.236s] [31mCMake Error at CMakeLists.txt:9 (find_package):
[0.236s]   By not providing "Findhardware_interface.cmake" in CMAKE_MODULE_PATH this
[0.236s]   project has asked CMake to find a package configuration file provided by
[0.236s]   "hardware_interface", but CMake did not find one.
[0.236s] 
[0.236s]   Could not find a package configuration file provided by
[0.236s]   "hardware_interface" with any of the following names:
[0.236s] 
[0.236s]     hardware_interfaceConfig.cmake
[0.236s]     hardware_interface-config.cmake
[0.236s] 
[0.236s]   Add the installation prefix of "hardware_interface" to CMAKE_PREFIX_PATH or
[0.237s]   set "hardware_interface_DIR" to a directory containing one of the above
[0.237s]   files.  If "hardware_interface" provides a separate development package or
[0.237s]   SDK, be sure it has been installed.
[0.237s] 
[0.237s] [0m
[0.237s] -- Configuring incomplete, errors occurred!
[0.237s] See also "/ros2_ws/build/hardware/CMakeFiles/CMakeOutput.log".
[0.238s] gmake: *** [Makefile:226: cmake_check_build_system] Error 1
[0.241s] Invoked command in '/ros2_ws/build/hardware' returned '2': CMAKE_PREFIX_PATH=/opt/ros/humble /usr/bin/cmake --build /ros2_ws/build/hardware -- -j4 -l4
