running develop
running egg_info
writing ai_vision.egg-info/PKG-INFO
writing dependency_links to ai_vision.egg-info/dependency_links.txt
writing entry points to ai_vision.egg-info/entry_points.txt
writing requirements to ai_vision.egg-info/requires.txt
writing top-level names to ai_vision.egg-info/top_level.txt
reading manifest file 'ai_vision.egg-info/SOURCES.txt'
writing manifest file 'ai_vision.egg-info/SOURCES.txt'
running build_ext
Creating /ros2_ws/install/ai_vision/lib/python3.10/site-packages/ai-vision.egg-link (link to .)
Installing ai_inference_node script to /ros2_ws/install/ai_vision/lib/ai_vision
Installing cv_processor_node script to /ros2_ws/install/ai_vision/lib/ai_vision

Installed /ros2_ws/build/ai_vision
running symlink_data
symbolically linking /ros2_ws/build/ai_vision/resource/ai_vision -> /ros2_ws/install/ai_vision/share/ament_index/resource_index/packages
symbolically linking /ros2_ws/build/ai_vision/package.xml -> /ros2_ws/install/ai_vision/share/ai_vision
creating /ros2_ws/install/ai_vision/share/ai_vision/config
symbolically linking /ros2_ws/build/ai_vision/config/ai_inference_params.yaml -> /ros2_ws/install/ai_vision/share/ai_vision/config
symbolically linking /ros2_ws/build/ai_vision/config/cv_processor_params.yaml -> /ros2_ws/install/ai_vision/share/ai_vision/config
creating /ros2_ws/install/ai_vision/share/ai_vision/launch
symbolically linking /ros2_ws/build/ai_vision/launch/launch.py -> /ros2_ws/install/ai_vision/share/ai_vision/launch
creating /ros2_ws/install/ai_vision/share/ai_vision/models
creating /ros2_ws/install/ai_vision/share/ai_vision/models/best_ncnn_model
symbolically linking /ros2_ws/build/ai_vision/models/best_ncnn_model/model.ncnn.bin -> /ros2_ws/install/ai_vision/share/ai_vision/models/best_ncnn_model
symbolically linking /ros2_ws/build/ai_vision/models/best_ncnn_model/model.ncnn.param -> /ros2_ws/install/ai_vision/share/ai_vision/models/best_ncnn_model
symbolically linking /ros2_ws/build/ai_vision/models/best_ncnn_model/metadata.yaml -> /ros2_ws/install/ai_vision/share/ai_vision/models/best_ncnn_model
symbolically linking /ros2_ws/build/ai_vision/models/best_ncnn_model/model_ncnn.py -> /ros2_ws/install/ai_vision/share/ai_vision/models/best_ncnn_model
