[0.899s] Invoking command in '/ros2_ws/build/ai_vision': PYTHONPATH=/ros2_ws/build/ai_vision/prefix_override:/usr/lib/python3/dist-packages/colcon_core/task/python/colcon_distutils_commands:/ros2_ws/install/ai_vision/lib/python3.10/site-packages: /usr/bin/python3 -W ignore:setup.py install is deprecated -W ignore:easy_install command is deprecated setup.py develop --editable --build-directory /ros2_ws/build/ai_vision/build --no-deps symlink_data
[1.105s] running develop
[1.160s] running egg_info
[1.160s] writing ai_vision.egg-info/PKG-INFO
[1.160s] writing dependency_links to ai_vision.egg-info/dependency_links.txt
[1.162s] writing entry points to ai_vision.egg-info/entry_points.txt
[1.162s] writing requirements to ai_vision.egg-info/requires.txt
[1.163s] writing top-level names to ai_vision.egg-info/top_level.txt
[1.165s] reading manifest file 'ai_vision.egg-info/SOURCES.txt'
[1.166s] writing manifest file 'ai_vision.egg-info/SOURCES.txt'
[1.167s] running build_ext
[1.168s] Creating /ros2_ws/install/ai_vision/lib/python3.10/site-packages/ai-vision.egg-link (link to .)
[1.169s] Installing ai_inference_node script to /ros2_ws/install/ai_vision/lib/ai_vision
[1.170s] Installing cv_processor_node script to /ros2_ws/install/ai_vision/lib/ai_vision
[1.170s] 
[1.171s] Installed /ros2_ws/build/ai_vision
[1.171s] running symlink_data
[1.172s] symbolically linking /ros2_ws/build/ai_vision/resource/ai_vision -> /ros2_ws/install/ai_vision/share/ament_index/resource_index/packages
[1.173s] symbolically linking /ros2_ws/build/ai_vision/package.xml -> /ros2_ws/install/ai_vision/share/ai_vision
[1.173s] creating /ros2_ws/install/ai_vision/share/ai_vision/config
[1.173s] symbolically linking /ros2_ws/build/ai_vision/config/ai_inference_params.yaml -> /ros2_ws/install/ai_vision/share/ai_vision/config
[1.173s] symbolically linking /ros2_ws/build/ai_vision/config/cv_processor_params.yaml -> /ros2_ws/install/ai_vision/share/ai_vision/config
[1.173s] creating /ros2_ws/install/ai_vision/share/ai_vision/launch
[1.175s] symbolically linking /ros2_ws/build/ai_vision/launch/launch.py -> /ros2_ws/install/ai_vision/share/ai_vision/launch
[1.175s] creating /ros2_ws/install/ai_vision/share/ai_vision/models
[1.175s] creating /ros2_ws/install/ai_vision/share/ai_vision/models/best_ncnn_model
[1.175s] symbolically linking /ros2_ws/build/ai_vision/models/best_ncnn_model/model.ncnn.bin -> /ros2_ws/install/ai_vision/share/ai_vision/models/best_ncnn_model
[1.176s] symbolically linking /ros2_ws/build/ai_vision/models/best_ncnn_model/model.ncnn.param -> /ros2_ws/install/ai_vision/share/ai_vision/models/best_ncnn_model
[1.176s] symbolically linking /ros2_ws/build/ai_vision/models/best_ncnn_model/metadata.yaml -> /ros2_ws/install/ai_vision/share/ai_vision/models/best_ncnn_model
[1.176s] symbolically linking /ros2_ws/build/ai_vision/models/best_ncnn_model/model_ncnn.py -> /ros2_ws/install/ai_vision/share/ai_vision/models/best_ncnn_model
[1.230s] Invoked command in '/ros2_ws/build/ai_vision' returned '0': PYTHONPATH=/ros2_ws/build/ai_vision/prefix_override:/usr/lib/python3/dist-packages/colcon_core/task/python/colcon_distutils_commands:/ros2_ws/install/ai_vision/lib/python3.10/site-packages: /usr/bin/python3 -W ignore:setup.py install is deprecated -W ignore:easy_install command is deprecated setup.py develop --editable --build-directory /ros2_ws/build/ai_vision/build --no-deps symlink_data
