[0.040s] Invoking command in '/ros2_ws/build/hardware': CMAKE_PREFIX_PATH=${CMAKE_PREFIX_PATH}:/ros2_ws/install/icm20948_ros2:/opt/ros/humble /usr/bin/cmake --build /ros2_ws/build/hardware -- -j4 -l4
[0.131s] [35m[1mConsolidate compiler generated dependencies of target twist_to_ackermann[0m
[0.184s] [ 16%] [32mBuilding CXX object CMakeFiles/twist_to_ackermann.dir/src/twist_to_ackermann.cpp.o[0m
[0.185s] [ 83%] Built target motor_driver
[0.185s] [ 83%] Built target heading_pid_controller
[11.171s] [100%] [32m[1mLinking CXX executable twist_to_ackermann[0m
[11.866s] [100%] Built target twist_to_ackermann
[11.875s] Invoked command in '/ros2_ws/build/hardware' returned '0': CMAKE_PREFIX_PATH=${CMAKE_PREFIX_PATH}:/ros2_ws/install/icm20948_ros2:/opt/ros/humble /usr/bin/cmake --build /ros2_ws/build/hardware -- -j4 -l4
[11.878s] Invoking command in '/ros2_ws/build/hardware': CMAKE_PREFIX_PATH=${CMAKE_PREFIX_PATH}:/ros2_ws/install/icm20948_ros2:/opt/ros/humble /usr/bin/cmake --install /ros2_ws/build/hardware
[11.885s] -- Install configuration: ""
[11.886s] -- Execute custom install script
[11.886s] -- Up-to-date symlink: /ros2_ws/install/hardware/share/hardware//hardware_interface_plugins.xml
[11.887s] -- Up-to-date symlink: /ros2_ws/install/hardware/lib/libmotor_driver.so
[11.887s] -- Up-to-date symlink: /ros2_ws/install/hardware/lib/hardware/twist_to_ackermann
[11.888s] -- Up-to-date symlink: /ros2_ws/install/hardware/lib/hardware/heading_pid_controller
[11.888s] -- Up-to-date symlink: /ros2_ws/install/hardware/share/hardware/config/ackermann_steering_controller.yaml
[11.888s] -- Up-to-date symlink: /ros2_ws/install/hardware/share/hardware/config/controller_manager.yaml
[11.888s] -- Up-to-date symlink: /ros2_ws/install/hardware/share/hardware/config/joint_state_broadcaster.yaml
[11.889s] -- Up-to-date symlink: /ros2_ws/install/hardware/share/hardware/config/pid_params.yaml
[11.890s] -- Up-to-date symlink: /ros2_ws/install/hardware/share/hardware/config/ackermann_steering_controller.yaml
[11.890s] -- Up-to-date symlink: /ros2_ws/install/hardware/share/hardware/config/controller_manager.yaml
[11.890s] -- Up-to-date symlink: /ros2_ws/install/hardware/share/hardware/config/joint_state_broadcaster.yaml
[11.890s] -- Up-to-date symlink: /ros2_ws/install/hardware/share/hardware/config/pid_params.yaml
[11.890s] -- Up-to-date symlink: /ros2_ws/install/hardware/share/hardware/launch/launch.py
[11.890s] -- Up-to-date symlink: /ros2_ws/install/hardware/share/hardware/ros2_control.xacro
[11.890s] -- Up-to-date symlink: /ros2_ws/install/hardware/share/hardware/hardware_interface_plugins.xml
[11.890s] -- Up-to-date symlink: /ros2_ws/install/hardware/share/ament_index/resource_index/package_run_dependencies/hardware
[11.890s] -- Up-to-date symlink: /ros2_ws/install/hardware/share/ament_index/resource_index/parent_prefix_path/hardware
[11.890s] -- Up-to-date symlink: /ros2_ws/install/hardware/share/hardware/environment/ament_prefix_path.sh
[11.890s] -- Up-to-date symlink: /ros2_ws/install/hardware/share/hardware/environment/ament_prefix_path.dsv
[11.890s] -- Up-to-date symlink: /ros2_ws/install/hardware/share/hardware/environment/path.sh
[11.890s] -- Up-to-date symlink: /ros2_ws/install/hardware/share/hardware/environment/path.dsv
[11.891s] -- Up-to-date symlink: /ros2_ws/install/hardware/share/hardware/local_setup.bash
[11.891s] -- Up-to-date symlink: /ros2_ws/install/hardware/share/hardware/local_setup.sh
[11.891s] -- Up-to-date symlink: /ros2_ws/install/hardware/share/hardware/local_setup.zsh
[11.891s] -- Up-to-date symlink: /ros2_ws/install/hardware/share/hardware/local_setup.dsv
[11.891s] -- Symlinking: /ros2_ws/install/hardware/share/hardware/package.dsv
[11.899s] -- Up-to-date symlink: /ros2_ws/install/hardware/share/ament_index/resource_index/packages/hardware
[11.899s] -- Up-to-date symlink: /ros2_ws/install/hardware/share/ament_index/resource_index/hardware_interface__pluginlib__plugin/hardware
[11.899s] -- Up-to-date symlink: /ros2_ws/install/hardware/share/hardware/cmake/hardwareConfig.cmake
[11.899s] -- Up-to-date symlink: /ros2_ws/install/hardware/share/hardware/cmake/hardwareConfig-version.cmake
[11.899s] -- Up-to-date symlink: /ros2_ws/install/hardware/share/hardware/package.xml
[11.904s] Invoked command in '/ros2_ws/build/hardware' returned '0': CMAKE_PREFIX_PATH=${CMAKE_PREFIX_PATH}:/ros2_ws/install/icm20948_ros2:/opt/ros/humble /usr/bin/cmake --install /ros2_ws/build/hardware
