[0.042s] Invoking command in '/ros2_ws/build/ydlidar_ros2_driver': CMAKE_PREFIX_PATH=${CMAKE_PREFIX_PATH}:/ros2_ws/install/tactical_brain:/ros2_ws/install/sensor_fusion_pkg:/ros2_ws/install/icm20948_ros2:/opt/ros/humble /usr/bin/cmake --build /ros2_ws/build/ydlidar_ros2_driver -- -j4 -l4
[0.416s] -- Found ament_cmake: 1.3.14 (/opt/ros/humble/share/ament_cmake/cmake)
[0.715s] -- Override CMake install command with custom implementation using symlinks instead of copying resources
[0.756s] -- Found rclcpp: 16.0.19 (/opt/ros/humble/share/rclcpp/cmake)
[0.889s] -- Found rosidl_generator_c: 3.1.8 (/opt/ros/humble/share/rosidl_generator_c/cmake)
[0.891s] -- Found rosidl_adapter: 3.1.8 (/opt/ros/humble/share/rosidl_adapter/cmake)
[0.909s] -- Found rosidl_generator_cpp: 3.1.8 (/opt/ros/humble/share/rosidl_generator_cpp/cmake)
[0.947s] -- Using all available rosidl_typesupport_c: rosidl_typesupport_fastrtps_c;rosidl_typesupport_introspection_c
[1.000s] -- Using all available rosidl_typesupport_cpp: rosidl_typesupport_fastrtps_cpp;rosidl_typesupport_introspection_cpp
[1.113s] -- Found rmw_implementation_cmake: 6.1.2 (/opt/ros/humble/share/rmw_implementation_cmake/cmake)
[1.114s] -- Found rmw_fastrtps_cpp: 6.2.10 (/opt/ros/humble/share/rmw_fastrtps_cpp/cmake)
[1.363s] -- Using RMW implementation 'rmw_fastrtps_cpp' as default
[1.487s] -- Found sensor_msgs: 4.9.1 (/opt/ros/humble/share/sensor_msgs/cmake)
[1.564s] -- Found visualization_msgs: 4.9.1 (/opt/ros/humble/share/visualization_msgs/cmake)
[1.692s] -- Found std_srvs: 4.9.1 (/opt/ros/humble/share/std_srvs/cmake)
[1.759s] -- Found ament_lint_auto: 0.12.15 (/opt/ros/humble/share/ament_lint_auto/cmake)
[1.951s] -- Added test 'copyright' to check source files copyright and LICENSE
[1.954s] -- Added test 'cppcheck' to perform static code analysis on C / C++ code
[1.955s] -- Configured cppcheck include dirs: /ros2_ws/src/ydlidar_ros2_driver/src
[1.960s] -- Configured cppcheck exclude dirs and/or files: 
[1.962s] -- Added test 'cpplint' to check C / C++ code against the Google style
[1.963s] -- Configured cpplint exclude dirs and/or files: 
[1.963s] -- Added test 'flake8' to check Python code syntax and style conventions
[1.964s] -- Added test 'lint_cmake' to check CMake code style
[1.965s] -- Added test 'pep257' to check Python code against some of the docstring style conventions in PEP 257
[1.972s] -- Added test 'uncrustify' to check C / C++ code style
[1.972s] -- Configured uncrustify additional arguments: 
[1.972s] -- Added test 'xmllint' to check XML markup files
[1.977s] -- Configuring done
[2.139s] -- Generating done
[2.171s] -- Build files have been written to: /ros2_ws/build/ydlidar_ros2_driver
[2.219s] [35m[1mConsolidate compiler generated dependencies of target ydlidar_ros2_driver_client[0m
[2.235s] [35m[1mConsolidate compiler generated dependencies of target ydlidar_ros2_driver_node[0m
[2.345s] [ 25%] [32mBuilding CXX object CMakeFiles/ydlidar_ros2_driver_client.dir/src/ydlidar_ros2_driver_client.cpp.o[0m
[2.345s] [ 50%] [32mBuilding CXX object CMakeFiles/ydlidar_ros2_driver_node.dir/src/ydlidar_ros2_driver_node.cpp.o[0m
[25.676s] [ 75%] [32m[1mLinking CXX executable ydlidar_ros2_driver_node[0m
[28.139s] [ 75%] Built target ydlidar_ros2_driver_node
[41.236s] [100%] [32m[1mLinking CXX executable ydlidar_ros2_driver_client[0m
[43.051s] [100%] Built target ydlidar_ros2_driver_client
