[0.053s] Invoking command in '/ros2_ws/build/shooting': CMAKE_PREFIX_PATH=${CMAKE_PREFIX_PATH}:/ros2_ws/install/tactical_brain:/ros2_ws/install/sensor_fusion_pkg:/ros2_ws/install/icm20948_ros2:/opt/ros/humble /usr/bin/cmake --build /ros2_ws/build/shooting -- -j4 -l4
[0.133s] [100%] Built target shooting_node
[0.172s] Invoked command in '/ros2_ws/build/shooting' returned '0': CMAKE_PREFIX_PATH=${CMAKE_PREFIX_PATH}:/ros2_ws/install/tactical_brain:/ros2_ws/install/sensor_fusion_pkg:/ros2_ws/install/icm20948_ros2:/opt/ros/humble /usr/bin/cmake --build /ros2_ws/build/shooting -- -j4 -l4
[0.238s] Invoking command in '/ros2_ws/build/shooting': CMAKE_PREFIX_PATH=${CMAKE_PREFIX_PATH}:/ros2_ws/install/tactical_brain:/ros2_ws/install/sensor_fusion_pkg:/ros2_ws/install/icm20948_ros2:/opt/ros/humble /usr/bin/cmake --install /ros2_ws/build/shooting
[0.259s] -- Install configuration: ""
[0.267s] -- Execute custom install script
[0.267s] -- Up-to-date symlink: /ros2_ws/install/shooting/lib/shooting/shooting_node
[0.270s] -- Up-to-date symlink: /ros2_ws/install/shooting/share/shooting/launch/launch.py
[0.274s] -- Up-to-date symlink: /ros2_ws/install/shooting/share/ament_index/resource_index/package_run_dependencies/shooting
[0.274s] -- Up-to-date symlink: /ros2_ws/install/shooting/share/ament_index/resource_index/parent_prefix_path/shooting
[0.278s] -- Up-to-date symlink: /ros2_ws/install/shooting/share/shooting/environment/ament_prefix_path.sh
[0.278s] -- Up-to-date symlink: /ros2_ws/install/shooting/share/shooting/environment/ament_prefix_path.dsv
[0.278s] -- Up-to-date symlink: /ros2_ws/install/shooting/share/shooting/environment/path.sh
[0.282s] -- Up-to-date symlink: /ros2_ws/install/shooting/share/shooting/environment/path.dsv
[0.282s] -- Up-to-date symlink: /ros2_ws/install/shooting/share/shooting/local_setup.bash
[0.282s] -- Up-to-date symlink: /ros2_ws/install/shooting/share/shooting/local_setup.sh
[0.286s] -- Up-to-date symlink: /ros2_ws/install/shooting/share/shooting/local_setup.zsh
[0.286s] -- Up-to-date symlink: /ros2_ws/install/shooting/share/shooting/local_setup.dsv
[0.286s] -- Symlinking: /ros2_ws/install/shooting/share/shooting/package.dsv
[0.318s] -- Up-to-date symlink: /ros2_ws/install/shooting/share/ament_index/resource_index/packages/shooting
[0.322s] -- Up-to-date symlink: /ros2_ws/install/shooting/share/shooting/cmake/shootingConfig.cmake
[0.323s] -- Up-to-date symlink: /ros2_ws/install/shooting/share/shooting/cmake/shootingConfig-version.cmake
[0.326s] -- Up-to-date symlink: /ros2_ws/install/shooting/share/shooting/package.xml
[0.749s] Invoked command in '/ros2_ws/build/shooting' returned '0': CMAKE_PREFIX_PATH=${CMAKE_PREFIX_PATH}:/ros2_ws/install/tactical_brain:/ros2_ws/install/sensor_fusion_pkg:/ros2_ws/install/icm20948_ros2:/opt/ros/humble /usr/bin/cmake --install /ros2_ws/build/shooting
