[0.000000] (-) TimerEvent: {}
[0.000098] (-) JobUnselected: {'identifier': 'ai_vision'}
[0.000130] (-) JobUnselected: {'identifier': 'foxglove'}
[0.000149] (-) JobUnselected: {'identifier': 'hardware'}
[0.000166] (-) JobUnselected: {'identifier': 'icm20948_ros2'}
[0.000182] (-) JobUnselected: {'identifier': 'localization'}
[0.000198] (-) JobUnselected: {'identifier': 'main_brain'}
[0.000214] (-) JobUnselected: {'identifier': 'navigation'}
[0.000230] (-) JobUnselected: {'identifier': 'rf2o_laser_odometry'}
[0.000249] (-) JobUnselected: {'identifier': 'robot_bringup'}
[0.000267] (-) JobUnselected: {'identifier': 'robot_description'}
[0.000284] (-) JobUnselected: {'identifier': 'sensor_fusion_pkg'}
[0.000301] (-) JobUnselected: {'identifier': 'shooting'}
[0.000318] (-) JobUnselected: {'identifier': 'telemetry_data'}
[0.000335] (-) JobUnselected: {'identifier': 'ydlidar_ros2_driver'}
[0.000357] (tactical_brain) JobQueued: {'identifier': 'tactical_brain', 'dependencies': OrderedDict()}
[0.000381] (tactical_brain) JobStarted: {'identifier': 'tactical_brain'}
[0.097698] (-) TimerEvent: {}
[0.198254] (-) TimerEvent: {}
[0.301998] (-) TimerEvent: {}
[0.402993] (-) TimerEvent: {}
[0.503432] (-) TimerEvent: {}
[0.603674] (-) TimerEvent: {}
[0.705126] (-) TimerEvent: {}
[0.805378] (-) TimerEvent: {}
[0.906041] (-) TimerEvent: {}
[1.006294] (-) TimerEvent: {}
[1.106517] (-) TimerEvent: {}
[1.208570] (-) TimerEvent: {}
[1.308834] (-) TimerEvent: {}
[1.409196] (-) TimerEvent: {}
[1.509571] (-) TimerEvent: {}
[1.610432] (-) TimerEvent: {}
[1.711222] (-) TimerEvent: {}
[1.811757] (-) TimerEvent: {}
[1.912264] (-) TimerEvent: {}
[2.012482] (-) TimerEvent: {}
[2.112902] (-) TimerEvent: {}
[2.213562] (-) TimerEvent: {}
[2.314544] (-) TimerEvent: {}
[2.414835] (-) TimerEvent: {}
[2.515053] (-) TimerEvent: {}
[2.615303] (-) TimerEvent: {}
[2.637341] (tactical_brain) Command: {'cmd': ['/usr/bin/python3', '-W', 'ignore:setup.py install is deprecated', '-W', 'ignore:easy_install command is deprecated', 'setup.py', 'develop', '--editable', '--build-directory', '/ros2_ws/build/tactical_brain/build', '--no-deps', 'symlink_data'], 'cwd': '/ros2_ws/build/tactical_brain', 'env': {'HOSTNAME': 'yahav', 'GRID_N': '2000', 'SHLVL': '0', 'LD_LIBRARY_PATH': '/opt/ros/humble/opt/rviz_ogre_vendor/lib:/opt/ros/humble/lib/aarch64-linux-gnu:/opt/ros/humble/lib', 'HOME': '/root', 'MY_TEAM_IDX': '0', 'PYTHONUNBUFFERED': '1', 'ROS_PYTHON_VERSION': '3', 'ROS_DISTRO': 'humble', '_': '/usr/bin/colcon', 'ROS_VERSION': '2', 'ROS_LOCALHOST_ONLY': '0', 'PATH': '/opt/ros/humble/bin:/usr/local/sbin:/usr/local/bin:/usr/sbin:/usr/bin:/sbin:/bin', 'DISPLAY': '', 'LANG': 'C.UTF-8', 'ROS_DOMAIN_ID': '0', 'AMENT_PREFIX_PATH': '/opt/ros/humble', 'ROBOT_ID': '8', 'ARENA_SIZE_METERS': '2.0', 'PWD': '/ros2_ws/build/tactical_brain', 'LC_ALL': 'C.UTF-8', 'PYTHONPATH': '/ros2_ws/build/tactical_brain/prefix_override:/usr/lib/python3/dist-packages/colcon_core/task/python/colcon_distutils_commands:/ros2_ws/install/tactical_brain/lib/python3.10/site-packages:/opt/ros/humble/lib/python3.10/site-packages:/opt/ros/humble/local/lib/python3.10/dist-packages', 'COLCON': '1'}, 'shell': False}
[2.715399] (-) TimerEvent: {}
[2.815793] (-) TimerEvent: {}
[2.917143] (-) TimerEvent: {}
[3.017862] (-) TimerEvent: {}
[3.118153] (-) TimerEvent: {}
[3.153894] (tactical_brain) StdoutLine: {'line': b'running develop\n'}
[3.218355] (-) TimerEvent: {}
[3.318699] (-) TimerEvent: {}
[3.355791] (tactical_brain) StdoutLine: {'line': b'running egg_info\n'}
[3.355996] (tactical_brain) StdoutLine: {'line': b'writing tactical_brain.egg-info/PKG-INFO\n'}
[3.356083] (tactical_brain) StdoutLine: {'line': b'writing dependency_links to tactical_brain.egg-info/dependency_links.txt\n'}
[3.356421] (tactical_brain) StdoutLine: {'line': b'writing entry points to tactical_brain.egg-info/entry_points.txt\n'}
[3.357106] (tactical_brain) StdoutLine: {'line': b'writing requirements to tactical_brain.egg-info/requires.txt\n'}
[3.357806] (tactical_brain) StdoutLine: {'line': b'writing top-level names to tactical_brain.egg-info/top_level.txt\n'}
[3.361874] (tactical_brain) StdoutLine: {'line': b"reading manifest file 'tactical_brain.egg-info/SOURCES.txt'\n"}
[3.362733] (tactical_brain) StdoutLine: {'line': b"writing manifest file 'tactical_brain.egg-info/SOURCES.txt'\n"}
[3.366570] (tactical_brain) StdoutLine: {'line': b'running build_ext\n'}
[3.366834] (tactical_brain) StdoutLine: {'line': b'Creating /ros2_ws/install/tactical_brain/lib/python3.10/site-packages/tactical-brain.egg-link (link to .)\n'}
[3.367815] (tactical_brain) StdoutLine: {'line': b'Installing brain_node script to /ros2_ws/install/tactical_brain/lib/tactical_brain\n'}
[3.368272] (tactical_brain) StdoutLine: {'line': b'Installing mock_pose_publisher script to /ros2_ws/install/tactical_brain/lib/tactical_brain\n'}
[3.369232] (tactical_brain) StdoutLine: {'line': b'\n'}
[3.369376] (tactical_brain) StdoutLine: {'line': b'Installed /ros2_ws/build/tactical_brain\n'}
[3.369446] (tactical_brain) StdoutLine: {'line': b'running symlink_data\n'}
[3.418819] (-) TimerEvent: {}
[3.481285] (tactical_brain) CommandEnded: {'returncode': 0}
[3.518578] (tactical_brain) JobEnded: {'identifier': 'tactical_brain', 'rc': 0}
[3.520724] (-) TimerEvent: {}
[3.520897] (-) EventReactorShutdown: {}
