[0.000000] (-) TimerEvent: {}
[0.051958] (-) JobUnselected: {'identifier': 'ai_vision'}
[0.052202] (-) JobUnselected: {'identifier': 'foxglove'}
[0.052263] (-) JobUnselected: {'identifier': 'hardware'}
[0.052301] (-) JobUnselected: {'identifier': 'icm20948_ros2'}
[0.052335] (-) JobUnselected: {'identifier': 'localization'}
[0.052359] (-) JobUnselected: {'identifier': 'main_brain'}
[0.052381] (-) JobUnselected: {'identifier': 'navigation'}
[0.052415] (-) JobUnselected: {'identifier': 'rf2o_laser_odometry'}
[0.052452] (-) JobUnselected: {'identifier': 'robot_bringup'}
[0.052488] (-) JobUnselected: {'identifier': 'robot_description'}
[0.052523] (-) JobUnselected: {'identifier': 'shooting'}
[0.052549] (-) JobUnselected: {'identifier': 'tactical_brain'}
[0.052574] (-) JobUnselected: {'identifier': 'telemetry_data'}
[0.052592] (-) JobUnselected: {'identifier': 'ydlidar_ros2_driver'}
[0.052621] (sensor_fusion_pkg) JobQueued: {'identifier': 'sensor_fusion_pkg', 'dependencies': OrderedDict()}
[0.052652] (sensor_fusion_pkg) JobStarted: {'identifier': 'sensor_fusion_pkg'}
[0.097611] (-) TimerEvent: {}
[0.198514] (-) TimerEvent: {}
[0.300924] (-) TimerEvent: {}
[0.401279] (-) TimerEvent: {}
[0.503742] (-) TimerEvent: {}
[0.604240] (-) TimerEvent: {}
[0.707463] (-) TimerEvent: {}
[0.808937] (-) TimerEvent: {}
[0.909248] (-) TimerEvent: {}
[1.009884] (-) TimerEvent: {}
[1.111291] (-) TimerEvent: {}
[1.212968] (-) TimerEvent: {}
[1.314834] (-) TimerEvent: {}
[1.415142] (-) TimerEvent: {}
[1.516379] (-) TimerEvent: {}
[1.616708] (-) TimerEvent: {}
[1.719249] (-) TimerEvent: {}
[1.819849] (-) TimerEvent: {}
[1.920791] (-) TimerEvent: {}
[2.021665] (-) TimerEvent: {}
[2.121902] (-) TimerEvent: {}
[2.222127] (-) TimerEvent: {}
[2.323365] (-) TimerEvent: {}
[2.423847] (-) TimerEvent: {}
[2.524613] (-) TimerEvent: {}
[2.625831] (-) TimerEvent: {}
[2.727917] (-) TimerEvent: {}
[2.830475] (-) TimerEvent: {}
[2.932617] (-) TimerEvent: {}
[3.033301] (-) TimerEvent: {}
[3.137922] (-) TimerEvent: {}
[3.240976] (-) TimerEvent: {}
[3.341827] (-) TimerEvent: {}
[3.448257] (-) TimerEvent: {}
[3.554085] (-) TimerEvent: {}
[3.655232] (-) TimerEvent: {}
[3.756616] (-) TimerEvent: {}
[3.857556] (-) TimerEvent: {}
[3.963683] (-) TimerEvent: {}
[4.073221] (-) TimerEvent: {}
[4.179152] (-) TimerEvent: {}
[4.281371] (-) TimerEvent: {}
[4.384476] (-) TimerEvent: {}
[4.486474] (-) TimerEvent: {}
[4.589628] (-) TimerEvent: {}
[4.690046] (-) TimerEvent: {}
[4.793379] (-) TimerEvent: {}
[4.894335] (-) TimerEvent: {}
[5.000244] (-) TimerEvent: {}
[5.103779] (-) TimerEvent: {}
[5.206335] (-) TimerEvent: {}
[5.318108] (-) TimerEvent: {}
[5.426848] (-) TimerEvent: {}
[5.528682] (-) TimerEvent: {}
[5.631707] (-) TimerEvent: {}
[5.738117] (-) TimerEvent: {}
[5.840409] (-) TimerEvent: {}
[5.945441] (-) TimerEvent: {}
[6.048940] (-) TimerEvent: {}
[6.150344] (-) TimerEvent: {}
[6.257713] (-) TimerEvent: {}
[6.361276] (-) TimerEvent: {}
[6.475510] (-) TimerEvent: {}
[6.580117] (-) TimerEvent: {}
[6.681519] (-) TimerEvent: {}
[6.783596] (-) TimerEvent: {}
[6.884349] (-) TimerEvent: {}
[6.990554] (-) TimerEvent: {}
[7.100407] (-) TimerEvent: {}
[7.205523] (-) TimerEvent: {}
[7.308552] (-) TimerEvent: {}
[7.419205] (-) TimerEvent: {}
[7.519575] (-) TimerEvent: {}
[7.620008] (-) TimerEvent: {}
[7.722597] (-) TimerEvent: {}
[7.831149] (-) TimerEvent: {}
[7.931555] (-) TimerEvent: {}
[8.037604] (-) TimerEvent: {}
[8.138266] (-) TimerEvent: {}
[8.238870] (-) TimerEvent: {}
[8.340445] (-) TimerEvent: {}
[8.443361] (-) TimerEvent: {}
[8.545819] (-) TimerEvent: {}
[8.646104] (-) TimerEvent: {}
[8.747515] (-) TimerEvent: {}
[8.849827] (-) TimerEvent: {}
[8.950790] (-) TimerEvent: {}
[9.052479] (-) TimerEvent: {}
[9.154136] (-) TimerEvent: {}
[9.254570] (-) TimerEvent: {}
[9.356044] (-) TimerEvent: {}
[9.456722] (-) TimerEvent: {}
[9.560113] (-) TimerEvent: {}
[9.660539] (-) TimerEvent: {}
[9.760874] (-) TimerEvent: {}
[9.863407] (-) TimerEvent: {}
[9.966831] (-) TimerEvent: {}
[10.070225] (-) TimerEvent: {}
[10.171414] (-) TimerEvent: {}
[10.272236] (-) TimerEvent: {}
[10.373421] (-) TimerEvent: {}
[10.474343] (-) TimerEvent: {}
[10.574628] (-) TimerEvent: {}
[10.675212] (-) TimerEvent: {}
[10.775614] (-) TimerEvent: {}
[10.876121] (-) TimerEvent: {}
[10.995408] (-) TimerEvent: {}
[11.095695] (-) TimerEvent: {}
[11.197887] (-) TimerEvent: {}
[11.299584] (-) TimerEvent: {}
[11.410387] (-) TimerEvent: {}
[11.510753] (-) TimerEvent: {}
[11.611308] (-) TimerEvent: {}
[11.711785] (-) TimerEvent: {}
[11.813471] (-) TimerEvent: {}
[11.914321] (-) TimerEvent: {}
[12.037138] (-) TimerEvent: {}
[12.158839] (-) TimerEvent: {}
[12.271388] (-) TimerEvent: {}
[12.372471] (-) TimerEvent: {}
[12.496872] (-) TimerEvent: {}
[12.550285] (sensor_fusion_pkg) Command: {'cmd': ['/usr/bin/python3', '-W', 'ignore:setup.py install is deprecated', '-W', 'ignore:easy_install command is deprecated', 'setup.py', 'develop', '--editable', '--build-directory', '/ros2_ws/build/sensor_fusion_pkg/build', '--no-deps', 'symlink_data'], 'cwd': '/ros2_ws/build/sensor_fusion_pkg', 'env': {'HOSTNAME': 'yahav', 'GRID_N': '2000', 'SHLVL': '0', 'LD_LIBRARY_PATH': '/opt/ros/humble/opt/rviz_ogre_vendor/lib:/opt/ros/humble/lib/aarch64-linux-gnu:/opt/ros/humble/lib', 'HOME': '/root', 'MY_TEAM_IDX': '0', 'PYTHONUNBUFFERED': '1', 'ROS_PYTHON_VERSION': '3', 'ROS_DISTRO': 'humble', '_': '/usr/bin/colcon', 'ROS_VERSION': '2', 'ROS_LOCALHOST_ONLY': '0', 'PATH': '/opt/ros/humble/bin:/usr/local/sbin:/usr/local/bin:/usr/sbin:/usr/bin:/sbin:/bin', 'DISPLAY': '', 'LANG': 'C.UTF-8', 'ROS_DOMAIN_ID': '0', 'AMENT_PREFIX_PATH': '/opt/ros/humble', 'ROBOT_ID': '8', 'ARENA_SIZE_METERS': '2.0', 'PWD': '/ros2_ws/build/sensor_fusion_pkg', 'LC_ALL': 'C.UTF-8', 'PYTHONPATH': '/ros2_ws/build/sensor_fusion_pkg/prefix_override:/usr/lib/python3/dist-packages/colcon_core/task/python/colcon_distutils_commands:/ros2_ws/install/sensor_fusion_pkg/lib/python3.10/site-packages:/opt/ros/humble/lib/python3.10/site-packages:/opt/ros/humble/local/lib/python3.10/dist-packages', 'COLCON': '1'}, 'shell': False}
[12.620460] (-) TimerEvent: {}
[12.722008] (-) TimerEvent: {}
[12.824384] (-) TimerEvent: {}
[12.924646] (-) TimerEvent: {}
[13.024872] (-) TimerEvent: {}
[13.127448] (-) TimerEvent: {}
[13.228234] (-) TimerEvent: {}
[13.328804] (-) TimerEvent: {}
[13.431208] (-) TimerEvent: {}
[13.531545] (-) TimerEvent: {}
[13.633310] (-) TimerEvent: {}
[13.739437] (-) TimerEvent: {}
[13.847370] (-) TimerEvent: {}
[13.952861] (-) TimerEvent: {}
[14.054404] (-) TimerEvent: {}
[14.155926] (-) TimerEvent: {}
[14.257132] (-) TimerEvent: {}
[14.357804] (-) TimerEvent: {}
[14.459625] (-) TimerEvent: {}
[14.561382] (-) TimerEvent: {}
[14.661731] (-) TimerEvent: {}
[14.762060] (-) TimerEvent: {}
[14.862476] (-) TimerEvent: {}
[14.962764] (-) TimerEvent: {}
[15.063089] (-) TimerEvent: {}
[15.164553] (-) TimerEvent: {}
[15.266388] (-) TimerEvent: {}
[15.366651] (-) TimerEvent: {}
[15.467504] (-) TimerEvent: {}
[15.572718] (-) TimerEvent: {}
[15.675357] (-) TimerEvent: {}
[15.781340] (-) TimerEvent: {}
[15.855988] (sensor_fusion_pkg) StdoutLine: {'line': b'running develop\n'}
[15.887532] (-) TimerEvent: {}
[15.987782] (-) TimerEvent: {}
[16.092109] (-) TimerEvent: {}
[16.192343] (-) TimerEvent: {}
[16.293783] (-) TimerEvent: {}
[16.394160] (-) TimerEvent: {}
[16.496458] (-) TimerEvent: {}
[16.607222] (-) TimerEvent: {}
[16.709642] (-) TimerEvent: {}
[16.811426] (-) TimerEvent: {}
[16.914391] (-) TimerEvent: {}
[17.016685] (-) TimerEvent: {}
[17.117442] (-) TimerEvent: {}
[17.217819] (-) TimerEvent: {}
[17.320351] (-) TimerEvent: {}
[17.426060] (-) TimerEvent: {}
[17.534125] (-) TimerEvent: {}
[17.636766] (-) TimerEvent: {}
[17.737180] (-) TimerEvent: {}
[17.841879] (-) TimerEvent: {}
[17.947577] (-) TimerEvent: {}
[18.048094] (-) TimerEvent: {}
[18.149731] (-) TimerEvent: {}
[18.251072] (-) TimerEvent: {}
[18.352511] (-) TimerEvent: {}
[18.452840] (-) TimerEvent: {}
[18.558453] (-) TimerEvent: {}
[18.659402] (-) TimerEvent: {}
[18.761268] (-) TimerEvent: {}
[18.863287] (-) TimerEvent: {}
[18.968506] (-) TimerEvent: {}
[19.068946] (-) TimerEvent: {}
[19.171287] (-) TimerEvent: {}
[19.280418] (-) TimerEvent: {}
[19.380653] (-) TimerEvent: {}
[19.497373] (-) TimerEvent: {}
[19.600880] (-) TimerEvent: {}
[19.709057] (-) TimerEvent: {}
[19.809409] (-) TimerEvent: {}
[19.912036] (-) TimerEvent: {}
[20.013043] (-) TimerEvent: {}
[20.029812] (sensor_fusion_pkg) StdoutLine: {'line': b'running egg_info\n'}
[20.032838] (sensor_fusion_pkg) StdoutLine: {'line': b'writing sensor_fusion_pkg.egg-info/PKG-INFO\n'}
[20.033106] (sensor_fusion_pkg) StdoutLine: {'line': b'writing dependency_links to sensor_fusion_pkg.egg-info/dependency_links.txt\n'}
[20.081434] (sensor_fusion_pkg) StdoutLine: {'line': b'writing entry points to sensor_fusion_pkg.egg-info/entry_points.txt\n'}
[20.085860] (sensor_fusion_pkg) StdoutLine: {'line': b'writing requirements to sensor_fusion_pkg.egg-info/requires.txt\n'}
[20.086012] (sensor_fusion_pkg) StdoutLine: {'line': b'writing top-level names to sensor_fusion_pkg.egg-info/top_level.txt\n'}
[20.113265] (-) TimerEvent: {}
[20.142085] (sensor_fusion_pkg) StdoutLine: {'line': b"reading manifest file 'sensor_fusion_pkg.egg-info/SOURCES.txt'\n"}
[20.177344] (sensor_fusion_pkg) StdoutLine: {'line': b"writing manifest file 'sensor_fusion_pkg.egg-info/SOURCES.txt'\n"}
[20.213154] (sensor_fusion_pkg) StdoutLine: {'line': b'running build_ext\n'}
[20.213480] (-) TimerEvent: {}
[20.213520] (sensor_fusion_pkg) StdoutLine: {'line': b'Creating /ros2_ws/install/sensor_fusion_pkg/lib/python3.10/site-packages/sensor-fusion-pkg.egg-link (link to .)\n'}
[20.253034] (sensor_fusion_pkg) StdoutLine: {'line': b'Installing sensor_fusion_node script to /ros2_ws/install/sensor_fusion_pkg/lib/sensor_fusion_pkg\n'}
[20.256541] (sensor_fusion_pkg) StdoutLine: {'line': b'\n'}
[20.256809] (sensor_fusion_pkg) StdoutLine: {'line': b'Installed /ros2_ws/build/sensor_fusion_pkg\n'}
[20.256911] (sensor_fusion_pkg) StdoutLine: {'line': b'running symlink_data\n'}
[20.314929] (-) TimerEvent: {}
[20.418962] (-) TimerEvent: {}
[20.519817] (-) TimerEvent: {}
[20.620203] (-) TimerEvent: {}
[20.722668] (-) TimerEvent: {}
[20.822966] (-) TimerEvent: {}
[20.923201] (-) TimerEvent: {}
[21.025612] (-) TimerEvent: {}
[21.129189] (-) TimerEvent: {}
[21.233203] (-) TimerEvent: {}
[21.334655] (-) TimerEvent: {}
[21.436773] (-) TimerEvent: {}
[21.537359] (-) TimerEvent: {}
[21.638116] (-) TimerEvent: {}
[21.740685] (-) TimerEvent: {}
[21.841038] (-) TimerEvent: {}
[21.941869] (-) TimerEvent: {}
[22.047572] (-) TimerEvent: {}
[22.096885] (sensor_fusion_pkg) CommandEnded: {'returncode': 0}
[22.156942] (-) TimerEvent: {}
[22.184603] (sensor_fusion_pkg) JobEnded: {'identifier': 'sensor_fusion_pkg', 'rc': 0}
[22.185595] (-) EventReactorShutdown: {}
