[0.000000] (-) TimerEvent: {}
[0.030923] (-) JobUnselected: {'identifier': 'ai_vision'}
[0.031041] (-) JobUnselected: {'identifier': 'foxglove'}
[0.031069] (-) JobUnselected: {'identifier': 'hardware'}
[0.031089] (-) JobUnselected: {'identifier': 'icm20948_ros2'}
[0.031108] (-) JobUnselected: {'identifier': 'localization'}
[0.031126] (-) JobUnselected: {'identifier': 'main_brain'}
[0.031142] (-) JobUnselected: {'identifier': 'navigation'}
[0.031161] (-) JobUnselected: {'identifier': 'rf2o_laser_odometry'}
[0.031184] (-) JobUnselected: {'identifier': 'robot_bringup'}
[0.031200] (-) JobUnselected: {'identifier': 'robot_description'}
[0.031217] (-) JobUnselected: {'identifier': 'shooting'}
[0.031233] (-) JobUnselected: {'identifier': 'tactical_brain'}
[0.031249] (-) JobUnselected: {'identifier': 'telemetry_data'}
[0.031265] (-) JobUnselected: {'identifier': 'ydlidar_ros2_driver'}
[0.031290] (sensor_fusion_pkg) JobQueued: {'identifier': 'sensor_fusion_pkg', 'dependencies': OrderedDict()}
[0.031316] (sensor_fusion_pkg) JobStarted: {'identifier': 'sensor_fusion_pkg'}
[0.114917] (-) TimerEvent: {}
[0.276590] (-) TimerEvent: {}
[0.386285] (-) TimerEvent: {}
[0.497966] (-) TimerEvent: {}
[0.598490] (-) TimerEvent: {}
[0.700262] (-) TimerEvent: {}
[0.803142] (-) TimerEvent: {}
[0.903530] (-) TimerEvent: {}
[1.009659] (-) TimerEvent: {}
[1.113534] (-) TimerEvent: {}
[1.216246] (-) TimerEvent: {}
[1.317961] (-) TimerEvent: {}
[1.422054] (-) TimerEvent: {}
[1.524100] (-) TimerEvent: {}
[1.626949] (-) TimerEvent: {}
[1.727203] (-) TimerEvent: {}
[1.835934] (-) TimerEvent: {}
[1.936375] (-) TimerEvent: {}
[2.039608] (-) TimerEvent: {}
[2.139903] (-) TimerEvent: {}
[2.246151] (-) TimerEvent: {}
[2.352228] (-) TimerEvent: {}
[2.457386] (-) TimerEvent: {}
[2.558350] (-) TimerEvent: {}
[2.670999] (-) TimerEvent: {}
[2.776162] (-) TimerEvent: {}
[2.880270] (-) TimerEvent: {}
[2.987627] (-) TimerEvent: {}
[3.089088] (-) TimerEvent: {}
[3.192270] (-) TimerEvent: {}
[3.295572] (-) TimerEvent: {}
[3.395879] (-) TimerEvent: {}
[3.506350] (-) TimerEvent: {}
[3.623479] (-) TimerEvent: {}
[3.758578] (-) TimerEvent: {}
[3.875760] (-) TimerEvent: {}
[3.977260] (-) TimerEvent: {}
[4.080820] (-) TimerEvent: {}
[4.183432] (-) TimerEvent: {}
[4.283682] (-) TimerEvent: {}
[4.384023] (-) TimerEvent: {}
[4.492301] (-) TimerEvent: {}
[4.595131] (-) TimerEvent: {}
[4.697320] (-) TimerEvent: {}
[4.799018] (-) TimerEvent: {}
[4.899263] (-) TimerEvent: {}
[5.003620] (-) TimerEvent: {}
[5.104651] (-) TimerEvent: {}
[5.215599] (-) TimerEvent: {}
[5.318223] (-) TimerEvent: {}
[5.420657] (-) TimerEvent: {}
[5.522806] (-) TimerEvent: {}
[5.624588] (-) TimerEvent: {}
[5.726378] (-) TimerEvent: {}
[5.831650] (-) TimerEvent: {}
[5.934506] (-) TimerEvent: {}
[6.041776] (-) TimerEvent: {}
[6.143103] (-) TimerEvent: {}
[6.244644] (-) TimerEvent: {}
[6.356711] (-) TimerEvent: {}
[6.457756] (-) TimerEvent: {}
[6.574497] (-) TimerEvent: {}
[6.676166] (-) TimerEvent: {}
[6.785745] (-) TimerEvent: {}
[6.900553] (-) TimerEvent: {}
[7.011682] (-) TimerEvent: {}
[7.112458] (-) TimerEvent: {}
[7.212962] (-) TimerEvent: {}
[7.313235] (-) TimerEvent: {}
[7.413483] (-) TimerEvent: {}
[7.513741] (-) TimerEvent: {}
[7.619893] (-) TimerEvent: {}
[7.722046] (-) TimerEvent: {}
[7.822989] (-) TimerEvent: {}
[7.924806] (-) TimerEvent: {}
[8.026960] (-) TimerEvent: {}
[8.127662] (-) TimerEvent: {}
[8.228433] (-) TimerEvent: {}
[8.329038] (-) TimerEvent: {}
[8.429514] (-) TimerEvent: {}
[8.531997] (-) TimerEvent: {}
[8.636398] (-) TimerEvent: {}
[8.749782] (-) TimerEvent: {}
[8.853304] (-) TimerEvent: {}
[8.953491] (-) TimerEvent: {}
[9.055440] (-) TimerEvent: {}
[9.156562] (-) TimerEvent: {}
[9.262052] (-) TimerEvent: {}
[9.365280] (-) TimerEvent: {}
[9.468227] (-) TimerEvent: {}
[9.577246] (-) TimerEvent: {}
[9.682587] (-) TimerEvent: {}
[9.788359] (-) TimerEvent: {}
[9.892056] (-) TimerEvent: {}
[9.994745] (-) TimerEvent: {}
[10.099607] (-) TimerEvent: {}
[10.201780] (-) TimerEvent: {}
[10.302663] (-) TimerEvent: {}
[10.409268] (-) TimerEvent: {}
[10.510215] (-) TimerEvent: {}
[10.614860] (-) TimerEvent: {}
[10.726239] (-) TimerEvent: {}
[10.828314] (-) TimerEvent: {}
[10.948866] (-) TimerEvent: {}
[11.049690] (-) TimerEvent: {}
[11.163907] (-) TimerEvent: {}
[11.269130] (-) TimerEvent: {}
[11.369477] (-) TimerEvent: {}
[11.471030] (-) TimerEvent: {}
[11.571657] (-) TimerEvent: {}
[11.675242] (-) TimerEvent: {}
[11.780899] (-) TimerEvent: {}
[11.881558] (-) TimerEvent: {}
[11.981845] (-) TimerEvent: {}
[12.089201] (-) TimerEvent: {}
[12.191867] (-) TimerEvent: {}
[12.302356] (-) TimerEvent: {}
[12.420328] (-) TimerEvent: {}
[12.525733] (-) TimerEvent: {}
[12.628667] (-) TimerEvent: {}
[12.728944] (-) TimerEvent: {}
[12.837597] (-) TimerEvent: {}
[12.937856] (-) TimerEvent: {}
[13.038228] (-) TimerEvent: {}
[13.059254] (sensor_fusion_pkg) Command: {'cmd': ['/usr/bin/python3', '-W', 'ignore:setup.py install is deprecated', '-W', 'ignore:easy_install command is deprecated', 'setup.py', 'develop', '--editable', '--build-directory', '/ros2_ws/build/sensor_fusion_pkg/build', '--no-deps', 'symlink_data'], 'cwd': '/ros2_ws/build/sensor_fusion_pkg', 'env': {'HOSTNAME': 'yahav', 'GRID_N': '2000', 'SHLVL': '0', 'LD_LIBRARY_PATH': '/opt/ros/humble/opt/rviz_ogre_vendor/lib:/opt/ros/humble/lib/aarch64-linux-gnu:/opt/ros/humble/lib', 'HOME': '/root', 'MY_TEAM_IDX': '0', 'PYTHONUNBUFFERED': '1', 'ROS_PYTHON_VERSION': '3', 'ROS_DISTRO': 'humble', '_': '/usr/bin/colcon', 'ROS_VERSION': '2', 'ROS_LOCALHOST_ONLY': '0', 'PATH': '/opt/ros/humble/bin:/usr/local/sbin:/usr/local/bin:/usr/sbin:/usr/bin:/sbin:/bin', 'DISPLAY': '', 'LANG': 'C.UTF-8', 'ROS_DOMAIN_ID': '0', 'AMENT_PREFIX_PATH': '/opt/ros/humble', 'ROBOT_ID': '8', 'ARENA_SIZE_METERS': '2.0', 'PWD': '/ros2_ws/build/sensor_fusion_pkg', 'LC_ALL': 'C.UTF-8', 'PYTHONPATH': '/ros2_ws/build/sensor_fusion_pkg/prefix_override:/usr/lib/python3/dist-packages/colcon_core/task/python/colcon_distutils_commands:/ros2_ws/install/sensor_fusion_pkg/lib/python3.10/site-packages:/opt/ros/humble/lib/python3.10/site-packages:/opt/ros/humble/local/lib/python3.10/dist-packages', 'COLCON': '1'}, 'shell': False}
[13.144917] (-) TimerEvent: {}
[13.254213] (-) TimerEvent: {}
[13.364554] (-) TimerEvent: {}
[13.467977] (-) TimerEvent: {}
[13.584924] (-) TimerEvent: {}
[13.685162] (-) TimerEvent: {}
[13.791773] (-) TimerEvent: {}
[13.895569] (-) TimerEvent: {}
[13.997264] (-) TimerEvent: {}
[14.098827] (-) TimerEvent: {}
[14.199056] (-) TimerEvent: {}
[14.299419] (-) TimerEvent: {}
[14.402637] (-) TimerEvent: {}
[14.510980] (-) TimerEvent: {}
[14.611219] (-) TimerEvent: {}
[14.711556] (-) TimerEvent: {}
[14.811806] (-) TimerEvent: {}
[14.921453] (-) TimerEvent: {}
[15.022046] (-) TimerEvent: {}
[15.126656] (-) TimerEvent: {}
[15.228407] (-) TimerEvent: {}
[15.328666] (-) TimerEvent: {}
[15.428921] (-) TimerEvent: {}
[15.529200] (-) TimerEvent: {}
[15.630596] (-) TimerEvent: {}
[15.731584] (-) TimerEvent: {}
[15.838161] (-) TimerEvent: {}
[15.938948] (-) TimerEvent: {}
[16.041831] (-) TimerEvent: {}
[16.155988] (-) TimerEvent: {}
[16.262691] (-) TimerEvent: {}
[16.363457] (-) TimerEvent: {}
[16.463998] (-) TimerEvent: {}
[16.566143] (-) TimerEvent: {}
[16.667577] (-) TimerEvent: {}
[16.769091] (-) TimerEvent: {}
[16.872026] (-) TimerEvent: {}
[16.974861] (-) TimerEvent: {}
[17.076103] (-) TimerEvent: {}
[17.177434] (-) TimerEvent: {}
[17.280561] (-) TimerEvent: {}
[17.381161] (-) TimerEvent: {}
[17.490479] (-) TimerEvent: {}
[17.593995] (-) TimerEvent: {}
[17.700958] (-) TimerEvent: {}
[17.804715] (-) TimerEvent: {}
[17.906453] (-) TimerEvent: {}
[18.013312] (-) TimerEvent: {}
[18.118147] (-) TimerEvent: {}
[18.218377] (-) TimerEvent: {}
[18.320498] (-) TimerEvent: {}
[18.428194] (-) TimerEvent: {}
[18.529115] (-) TimerEvent: {}
[18.641027] (-) TimerEvent: {}
[18.742208] (-) TimerEvent: {}
[18.850492] (-) TimerEvent: {}
[18.935438] (sensor_fusion_pkg) StdoutLine: {'line': b'running develop\n'}
[18.957171] (-) TimerEvent: {}
[19.059295] (-) TimerEvent: {}
[19.161560] (-) TimerEvent: {}
[19.262835] (-) TimerEvent: {}
[19.364785] (-) TimerEvent: {}
[19.465219] (-) TimerEvent: {}
[19.569204] (-) TimerEvent: {}
[19.671762] (-) TimerEvent: {}
[19.772189] (-) TimerEvent: {}
[19.872982] (-) TimerEvent: {}
[19.976327] (-) TimerEvent: {}
[20.076822] (-) TimerEvent: {}
[20.177317] (-) TimerEvent: {}
[20.277951] (-) TimerEvent: {}
[20.378719] (-) TimerEvent: {}
[20.479181] (-) TimerEvent: {}
[20.580280] (-) TimerEvent: {}
[20.681958] (-) TimerEvent: {}
[20.782414] (-) TimerEvent: {}
[20.883432] (-) TimerEvent: {}
[20.984167] (-) TimerEvent: {}
[21.085487] (-) TimerEvent: {}
[21.187570] (-) TimerEvent: {}
[21.289192] (-) TimerEvent: {}
[21.390648] (-) TimerEvent: {}
[21.491903] (-) TimerEvent: {}
[21.595942] (-) TimerEvent: {}
[21.703617] (-) TimerEvent: {}
[21.805187] (-) TimerEvent: {}
[21.906421] (-) TimerEvent: {}
[22.007992] (-) TimerEvent: {}
[22.111495] (-) TimerEvent: {}
[22.212645] (-) TimerEvent: {}
[22.317566] (-) TimerEvent: {}
[22.425415] (-) TimerEvent: {}
[22.525681] (-) TimerEvent: {}
[22.632008] (-) TimerEvent: {}
[22.708286] (sensor_fusion_pkg) StdoutLine: {'line': b'running egg_info\n'}
[22.708936] (sensor_fusion_pkg) StdoutLine: {'line': b'writing sensor_fusion_pkg.egg-info/PKG-INFO\n'}
[22.709061] (sensor_fusion_pkg) StdoutLine: {'line': b'writing dependency_links to sensor_fusion_pkg.egg-info/dependency_links.txt\n'}
[22.709149] (sensor_fusion_pkg) StdoutLine: {'line': b'writing entry points to sensor_fusion_pkg.egg-info/entry_points.txt\n'}
[22.709217] (sensor_fusion_pkg) StdoutLine: {'line': b'writing requirements to sensor_fusion_pkg.egg-info/requires.txt\n'}
[22.709279] (sensor_fusion_pkg) StdoutLine: {'line': b'writing top-level names to sensor_fusion_pkg.egg-info/top_level.txt\n'}
[22.709344] (sensor_fusion_pkg) StdoutLine: {'line': b"reading manifest file 'sensor_fusion_pkg.egg-info/SOURCES.txt'\n"}
[22.741311] (-) TimerEvent: {}
[22.746683] (sensor_fusion_pkg) StdoutLine: {'line': b"writing manifest file 'sensor_fusion_pkg.egg-info/SOURCES.txt'\n"}
[22.762101] (sensor_fusion_pkg) StdoutLine: {'line': b'running build_ext\n'}
[22.770748] (sensor_fusion_pkg) StdoutLine: {'line': b'Creating /ros2_ws/install/sensor_fusion_pkg/lib/python3.10/site-packages/sensor-fusion-pkg.egg-link (link to .)\n'}
[22.771014] (sensor_fusion_pkg) StdoutLine: {'line': b'Installing sensor_fusion_node script to /ros2_ws/install/sensor_fusion_pkg/lib/sensor_fusion_pkg\n'}
[22.771210] (sensor_fusion_pkg) StdoutLine: {'line': b'\n'}
[22.771873] (sensor_fusion_pkg) StdoutLine: {'line': b'Installed /ros2_ws/build/sensor_fusion_pkg\n'}
[22.772642] (sensor_fusion_pkg) StdoutLine: {'line': b'running symlink_data\n'}
[22.844884] (-) TimerEvent: {}
[22.945157] (-) TimerEvent: {}
[23.049836] (-) TimerEvent: {}
[23.150409] (-) TimerEvent: {}
[23.251868] (-) TimerEvent: {}
[23.357295] (-) TimerEvent: {}
[23.460451] (-) TimerEvent: {}
[23.561391] (-) TimerEvent: {}
[23.661699] (-) TimerEvent: {}
[23.768375] (-) TimerEvent: {}
[23.875083] (-) TimerEvent: {}
[23.975995] (-) TimerEvent: {}
[24.080973] (-) TimerEvent: {}
[24.124303] (sensor_fusion_pkg) CommandEnded: {'returncode': 0}
[24.195418] (-) TimerEvent: {}
[24.296841] (-) TimerEvent: {}
[24.410343] (-) TimerEvent: {}
[24.521812] (-) TimerEvent: {}
[24.629444] (-) TimerEvent: {}
[24.730048] (-) TimerEvent: {}
[24.830399] (-) TimerEvent: {}
[24.847204] (sensor_fusion_pkg) JobEnded: {'identifier': 'sensor_fusion_pkg', 'rc': 0}
[24.887481] (-) EventReactorShutdown: {}
