[0.080s] Invoking command in '/ros2_ws/build/telemetry_data': CMAKE_PREFIX_PATH=${CMAKE_PREFIX_PATH}:/opt/ros/humble /usr/bin/cmake --build /ros2_ws/build/telemetry_data -- -j4 -l4
[0.121s] -- Found ament_cmake: 1.3.14 (/opt/ros/humble/share/ament_cmake/cmake)
[0.439s] -- Override CMake install command with custom implementation using symlinks instead of copying resources
[0.442s] -- Found rclcpp: 16.0.19 (/opt/ros/humble/share/rclcpp/cmake)
[0.515s] -- Found rosidl_generator_c: 3.1.8 (/opt/ros/humble/share/rosidl_generator_c/cmake)
[0.525s] -- Found rosidl_adapter: 3.1.8 (/opt/ros/humble/share/rosidl_adapter/cmake)
[0.547s] -- Found rosidl_generator_cpp: 3.1.8 (/opt/ros/humble/share/rosidl_generator_cpp/cmake)
[0.569s] -- Using all available rosidl_typesupport_c: rosidl_typesupport_fastrtps_c;rosidl_typesupport_introspection_c
[0.600s] -- Using all available rosidl_typesupport_cpp: rosidl_typesupport_fastrtps_cpp;rosidl_typesupport_introspection_cpp
[0.680s] -- Found rmw_implementation_cmake: 6.1.2 (/opt/ros/humble/share/rmw_implementation_cmake/cmake)
[0.686s] -- Found rmw_fastrtps_cpp: 6.2.10 (/opt/ros/humble/share/rmw_fastrtps_cpp/cmake)
[0.803s] -- Found OpenSSL: /usr/lib/aarch64-linux-gnu/libcrypto.so (found version "3.0.2")  
[0.842s] -- Found FastRTPS: /opt/ros/humble/include  
[0.893s] -- Using RMW implementation 'rmw_fastrtps_cpp' as default
[0.910s] -- Looking for pthread.h
[1.054s] -- Looking for pthread.h - found
[1.054s] -- Performing Test CMAKE_HAVE_LIBC_PTHREAD
[1.151s] -- Performing Test CMAKE_HAVE_LIBC_PTHREAD - Success
[1.153s] -- Found Threads: TRUE  
[1.246s] -- Found nav_msgs: 4.9.1 (/opt/ros/humble/share/nav_msgs/cmake)
[1.326s] -- Found Boost: /usr/lib/aarch64-linux-gnu/cmake/Boost-1.74.0/BoostConfig.cmake (found version "1.74.0")  
[1.334s] -- Found ament_lint_auto: 0.12.15 (/opt/ros/humble/share/ament_lint_auto/cmake)
[1.452s] -- Added test 'cppcheck' to perform static code analysis on C / C++ code
[1.452s] -- Configured cppcheck include dirs: $<BUILD_INTERFACE:/ros2_ws/src/telemetry_data/include>
[1.452s] -- Configured cppcheck exclude dirs and/or files: 
[1.453s] -- Added test 'flake8' to check Python code syntax and style conventions
[1.454s] -- Added test 'lint_cmake' to check CMake code style
[1.454s] -- Added test 'pep257' to check Python code against some of the docstring style conventions in PEP 257
[1.455s] -- Added test 'uncrustify' to check C / C++ code style
[1.455s] -- Configured uncrustify additional arguments: 
[1.456s] -- Added test 'xmllint' to check XML markup files
[1.458s] -- Configuring done
[1.483s] -- Generating done
[1.494s] -- Build files have been written to: /ros2_ws/build/telemetry_data
[1.546s] [ 33%] [32mBuilding CXX object CMakeFiles/telegraf_bridge.dir/src/telemetry_sender.cpp.o[0m
[1.547s] [ 66%] [32mBuilding CXX object CMakeFiles/telegraf_bridge.dir/src/telegraf_bridge.cpp.o[0m
[4.666s] [01m[K/ros2_ws/src/telemetry_data/src/telemetry_sender.cpp:[m[K In lambda function:
[4.667s] [01m[K/ros2_ws/src/telemetry_data/src/telemetry_sender.cpp:42:78:[m[K [01;35m[Kwarning: [m[Kunused parameter ‘[01m[Kbytes_sent[m[K’ [[01;35m[K-Wunused-parameter[m[K]
[4.667s]    42 |             [line_protocol](const boost::system::error_code& ec, [01;35m[Kstd::size_t bytes_sent[m[K){
[4.667s]       |                                                                  [01;35m[K~~~~~~~~~~~~^~~~~~~~~~[m[K
[17.440s] [100%] [32m[1mLinking CXX executable telegraf_bridge[0m
[18.132s] /usr/bin/ld: CMakeFiles/telegraf_bridge.dir/src/telegraf_bridge.cpp.o: undefined reference to symbol '_ZN3fmt2v87vformatB5cxx11ENS0_17basic_string_viewIcEENS0_17basic_format_argsINS0_20basic_format_contextINS0_8appenderEcEEEE'
[18.133s] /usr/bin/ld: /lib/aarch64-linux-gnu/libfmt.so.8: error adding symbols: DSO missing from command line
[18.133s] collect2: error: ld returned 1 exit status
[18.134s] gmake[2]: *** [CMakeFiles/telegraf_bridge.dir/build.make:191: telegraf_bridge] Error 1
[18.135s] gmake[1]: *** [CMakeFiles/Makefile2:137: CMakeFiles/telegraf_bridge.dir/all] Error 2
[18.136s] gmake: *** [Makefile:146: all] Error 2
[18.138s] Invoked command in '/ros2_ws/build/telemetry_data' returned '2': CMAKE_PREFIX_PATH=${CMAKE_PREFIX_PATH}:/opt/ros/humble /usr/bin/cmake --build /ros2_ws/build/telemetry_data -- -j4 -l4
