-- The C compiler identification is GNU 11.4.0
-- The CXX compiler identification is GNU 11.4.0
-- Detecting C compiler ABI info
-- Detecting C compiler ABI info - done
-- Check for working C compiler: /usr/bin/cc - skipped
-- Detecting C compile features
-- Detecting C compile features - done
-- Detecting CXX compiler ABI info
-- Detecting CXX compiler ABI info - done
-- Check for working CXX compiler: /usr/bin/c++ - skipped
-- Detecting CXX compile features
-- Detecting CXX compile features - done
-- Found ament_cmake: 1.3.14 (/opt/ros/humble/share/ament_cmake/cmake)
-- Found Python3: /usr/bin/python3 (found version "3.10.12") found components: Interpreter 
-- Found ament_lint_auto: 0.12.15 (/opt/ros/humble/share/ament_lint_auto/cmake)
-- Added test 'cppcheck' to perform static code analysis on C / C++ code
-- Configured cppcheck include dirs: 
-- Configured cppcheck exclude dirs and/or files: 
-- Added test 'lint_cmake' to check CMake code style
-- Added test 'uncrustify' to check C / C++ code style
-- Configured uncrustify additional arguments: 
-- Added test 'xmllint' to check XML markup files
-- Configuring done
-- Generating done
-- Build files have been written to: /ros2_ws/build/hardware
-- Install configuration: ""
-- Installing: /ros2_ws/install/hardware/share/ament_index/resource_index/package_run_dependencies/hardware
-- Installing: /ros2_ws/install/hardware/share/ament_index/resource_index/parent_prefix_path/hardware
-- Installing: /ros2_ws/install/hardware/share/hardware/environment/ament_prefix_path.sh
-- Installing: /ros2_ws/install/hardware/share/hardware/environment/ament_prefix_path.dsv
-- Installing: /ros2_ws/install/hardware/share/hardware/environment/path.sh
-- Installing: /ros2_ws/install/hardware/share/hardware/environment/path.dsv
-- Installing: /ros2_ws/install/hardware/share/hardware/local_setup.bash
-- Installing: /ros2_ws/install/hardware/share/hardware/local_setup.sh
-- Installing: /ros2_ws/install/hardware/share/hardware/local_setup.zsh
-- Installing: /ros2_ws/install/hardware/share/hardware/local_setup.dsv
-- Installing: /ros2_ws/install/hardware/share/hardware/package.dsv
-- Installing: /ros2_ws/install/hardware/share/ament_index/resource_index/packages/hardware
-- Installing: /ros2_ws/install/hardware/share/hardware/cmake/hardwareConfig.cmake
-- Installing: /ros2_ws/install/hardware/share/hardware/cmake/hardwareConfig-version.cmake
-- Installing: /ros2_ws/install/hardware/share/hardware/package.xml
