[0.023s] Invoking command in '/ros2_ws/build/hardware': CMAKE_PREFIX_PATH=/opt/ros/humble /usr/bin/cmake /ros2_ws/src/hardware -DCMAKE_INSTALL_PREFIX=/ros2_ws/install/hardware
[0.624s] -- The C compiler identification is GNU 11.4.0
[0.887s] -- The CXX compiler identification is GNU 11.4.0
[0.902s] -- Detecting C compiler ABI info
[0.997s] -- Detecting C compiler ABI info - done
[1.011s] -- Check for working C compiler: /usr/bin/cc - skipped
[1.011s] -- Detecting C compile features
[1.013s] -- Detecting C compile features - done
[1.018s] -- Detecting CXX compiler ABI info
[1.107s] -- Detecting CXX compiler ABI info - done
[1.117s] -- Check for working CXX compiler: /usr/bin/c++ - skipped
[1.117s] -- Detecting CXX compile features
[1.117s] -- Detecting CXX compile features - done
[1.124s] -- Found ament_cmake: 1.3.14 (/opt/ros/humble/share/ament_cmake/cmake)
[1.275s] -- Found Python3: /usr/bin/python3 (found version "3.10.12") found components: Interpreter 
[1.415s] -- Found ament_lint_auto: 0.12.15 (/opt/ros/humble/share/ament_lint_auto/cmake)
[1.521s] -- Added test 'cppcheck' to perform static code analysis on C / C++ code
[1.521s] -- Configured cppcheck include dirs: 
[1.521s] -- Configured cppcheck exclude dirs and/or files: 
[1.523s] -- Added test 'lint_cmake' to check CMake code style
[1.524s] -- Added test 'uncrustify' to check C / C++ code style
[1.524s] -- Configured uncrustify additional arguments: 
[1.525s] -- Added test 'xmllint' to check XML markup files
[1.527s] -- Configuring done
[1.532s] -- Generating done
[1.535s] -- Build files have been written to: /ros2_ws/build/hardware
[1.540s] Invoked command in '/ros2_ws/build/hardware' returned '0': CMAKE_PREFIX_PATH=/opt/ros/humble /usr/bin/cmake /ros2_ws/src/hardware -DCMAKE_INSTALL_PREFIX=/ros2_ws/install/hardware
[1.542s] Invoking command in '/ros2_ws/build/hardware': CMAKE_PREFIX_PATH=/opt/ros/humble /usr/bin/cmake --build /ros2_ws/build/hardware -- -j4 -l4
[1.577s] Invoked command in '/ros2_ws/build/hardware' returned '0': CMAKE_PREFIX_PATH=/opt/ros/humble /usr/bin/cmake --build /ros2_ws/build/hardware -- -j4 -l4
[1.586s] Invoking command in '/ros2_ws/build/hardware': CMAKE_PREFIX_PATH=/opt/ros/humble /usr/bin/cmake --install /ros2_ws/build/hardware
[1.593s] -- Install configuration: ""
[1.594s] -- Installing: /ros2_ws/install/hardware/share/ament_index/resource_index/package_run_dependencies/hardware
[1.594s] -- Installing: /ros2_ws/install/hardware/share/ament_index/resource_index/parent_prefix_path/hardware
[1.594s] -- Installing: /ros2_ws/install/hardware/share/hardware/environment/ament_prefix_path.sh
[1.594s] -- Installing: /ros2_ws/install/hardware/share/hardware/environment/ament_prefix_path.dsv
[1.594s] -- Installing: /ros2_ws/install/hardware/share/hardware/environment/path.sh
[1.594s] -- Installing: /ros2_ws/install/hardware/share/hardware/environment/path.dsv
[1.594s] -- Installing: /ros2_ws/install/hardware/share/hardware/local_setup.bash
[1.594s] -- Installing: /ros2_ws/install/hardware/share/hardware/local_setup.sh
[1.594s] -- Installing: /ros2_ws/install/hardware/share/hardware/local_setup.zsh
[1.595s] -- Installing: /ros2_ws/install/hardware/share/hardware/local_setup.dsv
[1.595s] -- Installing: /ros2_ws/install/hardware/share/hardware/package.dsv
[1.595s] -- Installing: /ros2_ws/install/hardware/share/ament_index/resource_index/packages/hardware
[1.595s] -- Installing: /ros2_ws/install/hardware/share/hardware/cmake/hardwareConfig.cmake
[1.595s] -- Installing: /ros2_ws/install/hardware/share/hardware/cmake/hardwareConfig-version.cmake
[1.595s] -- Installing: /ros2_ws/install/hardware/share/hardware/package.xml
[1.597s] Invoked command in '/ros2_ws/build/hardware' returned '0': CMAKE_PREFIX_PATH=/opt/ros/humble /usr/bin/cmake --install /ros2_ws/build/hardware
