[0.000000] (-) TimerEvent: {}
[0.000375] (-) JobUnselected: {'identifier': 'ai_vision'}
[0.000411] (-) JobUnselected: {'identifier': 'foxglove'}
[0.000431] (-) JobUnselected: {'identifier': 'hardware'}
[0.000675] (-) JobUnselected: {'identifier': 'icm20948_ros2'}
[0.000694] (-) JobUnselected: {'identifier': 'localization'}
[0.000711] (-) JobUnselected: {'identifier': 'main_brain'}
[0.000727] (-) JobUnselected: {'identifier': 'navigation'}
[0.000744] (-) JobUnselected: {'identifier': 'rf2o_laser_odometry'}
[0.000760] (-) JobUnselected: {'identifier': 'robot_bringup'}
[0.000776] (-) JobUnselected: {'identifier': 'robot_description'}
[0.000792] (-) JobUnselected: {'identifier': 'tactical_brain'}
[0.000808] (-) JobUnselected: {'identifier': 'telemetry_data'}
[0.000824] (-) JobUnselected: {'identifier': 'ydlidar_ros2_driver'}
[0.000845] (shooting) JobQueued: {'identifier': 'shooting', 'dependencies': OrderedDict()}
[0.000866] (shooting) JobStarted: {'identifier': 'shooting'}
[0.010338] (shooting) JobProgress: {'identifier': 'shooting', 'progress': 'cmake'}
[0.011160] (shooting) JobProgress: {'identifier': 'shooting', 'progress': 'build'}
[0.012065] (shooting) Command: {'cmd': ['/usr/bin/cmake', '--build', '/ros2_ws/build/shooting', '--', '-j4', '-l4'], 'cwd': '/ros2_ws/build/shooting', 'env': OrderedDict([('HOSTNAME', 'yahav'), ('GRID_N', '2000'), ('SHLVL', '0'), ('HOME', '/root'), ('MY_TEAM_IDX', '0'), ('OLDPWD', '/ros2_ws'), ('PYTHONUNBUFFERED', '1'), ('ROS_DISTRO', 'humble'), ('_', '/usr/bin/colcon'), ('PATH', '/usr/local/sbin:/usr/local/bin:/usr/sbin:/usr/bin:/sbin:/bin'), ('DISPLAY', ''), ('LANG', 'C.UTF-8'), ('ROS_DOMAIN_ID', '0'), ('ROBOT_ID', '6'), ('ARENA_SIZE_METERS', '2.0'), ('PWD', '/ros2_ws/build/shooting'), ('LC_ALL', 'C.UTF-8'), ('COLCON', '1')]), 'shell': False}
[0.079931] (shooting) StdoutLine: {'line': b'[ 50%] Building CXX object CMakeFiles/shooting_node.dir/src/shooting_node.cpp.o\n'}
[0.099625] (-) TimerEvent: {}
[0.199835] (-) TimerEvent: {}
[0.300059] (-) TimerEvent: {}
[0.400296] (-) TimerEvent: {}
[0.500615] (-) TimerEvent: {}
[0.600868] (-) TimerEvent: {}
[0.701103] (-) TimerEvent: {}
[0.801881] (-) TimerEvent: {}
[0.903430] (-) TimerEvent: {}
[1.003838] (-) TimerEvent: {}
[1.104055] (-) TimerEvent: {}
[1.204289] (-) TimerEvent: {}
[1.304545] (-) TimerEvent: {}
[1.404925] (-) TimerEvent: {}
[1.505168] (-) TimerEvent: {}
[1.605418] (-) TimerEvent: {}
[1.705637] (-) TimerEvent: {}
[1.805860] (-) TimerEvent: {}
[1.906105] (-) TimerEvent: {}
[2.006345] (-) TimerEvent: {}
[2.106611] (-) TimerEvent: {}
[2.207131] (-) TimerEvent: {}
[2.307351] (-) TimerEvent: {}
[2.407620] (-) TimerEvent: {}
[2.508103] (-) TimerEvent: {}
[2.608650] (-) TimerEvent: {}
[2.709124] (-) TimerEvent: {}
[2.809346] (-) TimerEvent: {}
[2.909568] (-) TimerEvent: {}
[3.009789] (-) TimerEvent: {}
[3.110014] (-) TimerEvent: {}
[3.210239] (-) TimerEvent: {}
[3.310459] (-) TimerEvent: {}
[3.410682] (-) TimerEvent: {}
[3.510902] (-) TimerEvent: {}
[3.611290] (-) TimerEvent: {}
[3.711526] (-) TimerEvent: {}
[3.811740] (-) TimerEvent: {}
[3.911960] (-) TimerEvent: {}
[4.012329] (-) TimerEvent: {}
[4.112554] (-) TimerEvent: {}
[4.212777] (-) TimerEvent: {}
[4.313165] (-) TimerEvent: {}
[4.413557] (-) TimerEvent: {}
[4.513843] (-) TimerEvent: {}
[4.614067] (-) TimerEvent: {}
[4.714325] (-) TimerEvent: {}
[4.815230] (-) TimerEvent: {}
[4.915488] (-) TimerEvent: {}
[5.015708] (-) TimerEvent: {}
[5.116117] (-) TimerEvent: {}
[5.216331] (-) TimerEvent: {}
[5.316549] (-) TimerEvent: {}
[5.416764] (-) TimerEvent: {}
[5.516987] (-) TimerEvent: {}
[5.617207] (-) TimerEvent: {}
[5.717433] (-) TimerEvent: {}
[5.817658] (-) TimerEvent: {}
[5.917909] (-) TimerEvent: {}
[6.018130] (-) TimerEvent: {}
[6.118356] (-) TimerEvent: {}
[6.218575] (-) TimerEvent: {}
[6.318786] (-) TimerEvent: {}
[6.418989] (-) TimerEvent: {}
[6.519193] (-) TimerEvent: {}
[6.624053] (-) TimerEvent: {}
[6.727667] (-) TimerEvent: {}
[6.827993] (-) TimerEvent: {}
[6.928390] (-) TimerEvent: {}
[7.028616] (-) TimerEvent: {}
[7.128847] (-) TimerEvent: {}
[7.229066] (-) TimerEvent: {}
[7.329287] (-) TimerEvent: {}
[7.429736] (-) TimerEvent: {}
[7.529956] (-) TimerEvent: {}
[7.630173] (-) TimerEvent: {}
[7.730405] (-) TimerEvent: {}
[7.830855] (-) TimerEvent: {}
[7.931719] (-) TimerEvent: {}
[8.031947] (-) TimerEvent: {}
[8.132174] (-) TimerEvent: {}
[8.232430] (-) TimerEvent: {}
[8.332821] (-) TimerEvent: {}
[8.433044] (-) TimerEvent: {}
[8.533269] (-) TimerEvent: {}
[8.633487] (-) TimerEvent: {}
[8.733742] (-) TimerEvent: {}
[8.833995] (-) TimerEvent: {}
[8.934227] (-) TimerEvent: {}
[9.034445] (-) TimerEvent: {}
[9.134664] (-) TimerEvent: {}
[9.234881] (-) TimerEvent: {}
[9.335282] (-) TimerEvent: {}
[9.435533] (-) TimerEvent: {}
[9.535750] (-) TimerEvent: {}
[9.635960] (-) TimerEvent: {}
[9.736321] (-) TimerEvent: {}
[9.836532] (-) TimerEvent: {}
[9.936745] (-) TimerEvent: {}
[10.037111] (-) TimerEvent: {}
[10.137328] (-) TimerEvent: {}
[10.237553] (-) TimerEvent: {}
[10.337758] (-) TimerEvent: {}
[10.437968] (-) TimerEvent: {}
[10.538197] (-) TimerEvent: {}
[10.638873] (-) TimerEvent: {}
[10.739122] (-) TimerEvent: {}
[10.839352] (-) TimerEvent: {}
[10.939643] (-) TimerEvent: {}
[11.039890] (-) TimerEvent: {}
[11.140112] (-) TimerEvent: {}
[11.240337] (-) TimerEvent: {}
[11.340552] (-) TimerEvent: {}
[11.440771] (-) TimerEvent: {}
[11.541255] (-) TimerEvent: {}
[11.641466] (-) TimerEvent: {}
[11.741687] (-) TimerEvent: {}
[11.842074] (-) TimerEvent: {}
[11.943373] (-) TimerEvent: {}
[12.045881] (-) TimerEvent: {}
[12.149546] (-) TimerEvent: {}
[12.249759] (-) TimerEvent: {}
[12.349974] (-) TimerEvent: {}
[12.450189] (-) TimerEvent: {}
[12.550423] (-) TimerEvent: {}
[12.650844] (-) TimerEvent: {}
[12.751075] (-) TimerEvent: {}
[12.852755] (-) TimerEvent: {}
[12.952980] (-) TimerEvent: {}
[13.053422] (-) TimerEvent: {}
[13.153660] (-) TimerEvent: {}
[13.253872] (-) TimerEvent: {}
[13.354090] (-) TimerEvent: {}
[13.454307] (-) TimerEvent: {}
[13.554523] (-) TimerEvent: {}
[13.654743] (-) TimerEvent: {}
[13.754965] (-) TimerEvent: {}
[13.855184] (-) TimerEvent: {}
[13.955399] (-) TimerEvent: {}
[14.055633] (-) TimerEvent: {}
[14.155848] (-) TimerEvent: {}
[14.256060] (-) TimerEvent: {}
[14.356267] (-) TimerEvent: {}
[14.456479] (-) TimerEvent: {}
[14.556688] (-) TimerEvent: {}
[14.656894] (-) TimerEvent: {}
[14.757103] (-) TimerEvent: {}
[14.857313] (-) TimerEvent: {}
[14.957514] (-) TimerEvent: {}
[15.057730] (-) TimerEvent: {}
[15.158106] (-) TimerEvent: {}
[15.258318] (-) TimerEvent: {}
[15.358533] (-) TimerEvent: {}
[15.458815] (-) TimerEvent: {}
[15.559053] (-) TimerEvent: {}
[15.659274] (-) TimerEvent: {}
[15.759519] (-) TimerEvent: {}
[15.859749] (-) TimerEvent: {}
[15.959975] (-) TimerEvent: {}
[16.060203] (-) TimerEvent: {}
[16.160423] (-) TimerEvent: {}
[16.260661] (-) TimerEvent: {}
[16.360921] (-) TimerEvent: {}
[16.461170] (-) TimerEvent: {}
[16.561406] (-) TimerEvent: {}
[16.658085] (shooting) StdoutLine: {'line': b'[100%] Linking CXX executable shooting_node\n'}
[16.661511] (-) TimerEvent: {}
[16.761807] (-) TimerEvent: {}
[16.863137] (-) TimerEvent: {}
[16.963425] (-) TimerEvent: {}
[17.063849] (-) TimerEvent: {}
[17.165469] (-) TimerEvent: {}
[17.265958] (-) TimerEvent: {}
[17.366173] (-) TimerEvent: {}
[17.466382] (-) TimerEvent: {}
[17.566625] (-) TimerEvent: {}
[17.666944] (-) TimerEvent: {}
[17.767252] (-) TimerEvent: {}
[17.778736] (shooting) StdoutLine: {'line': b'[100%] Built target shooting_node\n'}
[17.794133] (shooting) CommandEnded: {'returncode': 0}
[17.795389] (shooting) JobProgress: {'identifier': 'shooting', 'progress': 'install'}
[17.804149] (shooting) Command: {'cmd': ['/usr/bin/cmake', '--install', '/ros2_ws/build/shooting'], 'cwd': '/ros2_ws/build/shooting', 'env': OrderedDict([('HOSTNAME', 'yahav'), ('GRID_N', '2000'), ('SHLVL', '0'), ('HOME', '/root'), ('MY_TEAM_IDX', '0'), ('OLDPWD', '/ros2_ws'), ('PYTHONUNBUFFERED', '1'), ('ROS_DISTRO', 'humble'), ('_', '/usr/bin/colcon'), ('PATH', '/usr/local/sbin:/usr/local/bin:/usr/sbin:/usr/bin:/sbin:/bin'), ('DISPLAY', ''), ('LANG', 'C.UTF-8'), ('ROS_DOMAIN_ID', '0'), ('ROBOT_ID', '6'), ('ARENA_SIZE_METERS', '2.0'), ('PWD', '/ros2_ws/build/shooting'), ('LC_ALL', 'C.UTF-8'), ('COLCON', '1')]), 'shell': False}
[17.812878] (shooting) StdoutLine: {'line': b'-- Install configuration: ""\n'}
[17.813970] (shooting) StdoutLine: {'line': b'-- Execute custom install script\n'}
[17.814081] (shooting) StdoutLine: {'line': b'-- Up-to-date symlink: /ros2_ws/install/shooting/lib/shooting/shooting_node\n'}
[17.814162] (shooting) StdoutLine: {'line': b'-- Up-to-date symlink: /ros2_ws/install/shooting/share/shooting/launch/launch.py\n'}
[17.814251] (shooting) StdoutLine: {'line': b'-- Up-to-date symlink: /ros2_ws/install/shooting/share/ament_index/resource_index/package_run_dependencies/shooting\n'}
[17.815760] (shooting) StdoutLine: {'line': b'-- Up-to-date symlink: /ros2_ws/install/shooting/share/ament_index/resource_index/parent_prefix_path/shooting\n'}
[17.815995] (shooting) StdoutLine: {'line': b'-- Up-to-date symlink: /ros2_ws/install/shooting/share/shooting/environment/ament_prefix_path.sh\n'}
[17.816250] (shooting) StdoutLine: {'line': b'-- Up-to-date symlink: /ros2_ws/install/shooting/share/shooting/environment/ament_prefix_path.dsv\n'}
[17.816554] (shooting) StdoutLine: {'line': b'-- Up-to-date symlink: /ros2_ws/install/shooting/share/shooting/environment/path.sh\n'}
[17.816700] (shooting) StdoutLine: {'line': b'-- Up-to-date symlink: /ros2_ws/install/shooting/share/shooting/environment/path.dsv\n'}
[17.816824] (shooting) StdoutLine: {'line': b'-- Up-to-date symlink: /ros2_ws/install/shooting/share/shooting/local_setup.bash\n'}
[17.816951] (shooting) StdoutLine: {'line': b'-- Up-to-date symlink: /ros2_ws/install/shooting/share/shooting/local_setup.sh\n'}
[17.817083] (shooting) StdoutLine: {'line': b'-- Up-to-date symlink: /ros2_ws/install/shooting/share/shooting/local_setup.zsh\n'}
[17.817223] (shooting) StdoutLine: {'line': b'-- Up-to-date symlink: /ros2_ws/install/shooting/share/shooting/local_setup.dsv\n'}
[17.817375] (shooting) StdoutLine: {'line': b'-- Symlinking: /ros2_ws/install/shooting/share/shooting/package.dsv\n'}
[17.827536] (shooting) StdoutLine: {'line': b'-- Up-to-date symlink: /ros2_ws/install/shooting/share/ament_index/resource_index/packages/shooting\n'}
[17.827894] (shooting) StdoutLine: {'line': b'-- Up-to-date symlink: /ros2_ws/install/shooting/share/shooting/cmake/shootingConfig.cmake\n'}
[17.827976] (shooting) StdoutLine: {'line': b'-- Up-to-date symlink: /ros2_ws/install/shooting/share/shooting/cmake/shootingConfig-version.cmake\n'}
[17.829518] (shooting) StdoutLine: {'line': b'-- Up-to-date symlink: /ros2_ws/install/shooting/share/shooting/package.xml\n'}
[17.830445] (shooting) CommandEnded: {'returncode': 0}
[17.857180] (shooting) JobEnded: {'identifier': 'shooting', 'rc': 0}
[17.857957] (-) EventReactorShutdown: {}
