[0.025s] Invoking command in '/ros2_ws/build/robot': CMAKE_PREFIX_PATH=/opt/ros/humble /usr/bin/cmake /ros2_ws/src/robot -DCMAKE_INSTALL_PREFIX=/ros2_ws/install/robot
[0.705s] -- The C compiler identification is GNU 11.4.0
[0.970s] -- The CXX compiler identification is GNU 11.4.0
[0.984s] -- Detecting C compiler ABI info
[1.067s] -- Detecting C compiler ABI info - done
[1.074s] -- Check for working C compiler: /usr/bin/cc - skipped
[1.075s] -- Detecting C compile features
[1.075s] -- Detecting C compile features - done
[1.080s] -- Detecting CXX compiler ABI info
[1.168s] -- Detecting CXX compiler ABI info - done
[1.175s] -- Check for working CXX compiler: /usr/bin/c++ - skipped
[1.175s] -- Detecting CXX compile features
[1.176s] -- Detecting CXX compile features - done
[1.181s] -- Found ament_cmake: 1.3.14 (/opt/ros/humble/share/ament_cmake/cmake)
[1.331s] -- Found Python3: /usr/bin/python3 (found version "3.10.12") found components: Interpreter 
[1.466s] -- Found rclcpp: 16.0.19 (/opt/ros/humble/share/rclcpp/cmake)
[1.549s] -- Found rosidl_generator_c: 3.1.8 (/opt/ros/humble/share/rosidl_generator_c/cmake)
[1.558s] -- Found rosidl_adapter: 3.1.8 (/opt/ros/humble/share/rosidl_adapter/cmake)
[1.576s] -- Found rosidl_generator_cpp: 3.1.8 (/opt/ros/humble/share/rosidl_generator_cpp/cmake)
[1.602s] -- Using all available rosidl_typesupport_c: rosidl_typesupport_fastrtps_c;rosidl_typesupport_introspection_c
[1.632s] -- Using all available rosidl_typesupport_cpp: rosidl_typesupport_fastrtps_cpp;rosidl_typesupport_introspection_cpp
[1.718s] -- Found rmw_implementation_cmake: 6.1.2 (/opt/ros/humble/share/rmw_implementation_cmake/cmake)
[1.724s] -- Found rmw_fastrtps_cpp: 6.2.10 (/opt/ros/humble/share/rmw_fastrtps_cpp/cmake)
[1.861s] -- Found OpenSSL: /usr/lib/aarch64-linux-gnu/libcrypto.so (found version "3.0.2")  
[1.893s] -- Found FastRTPS: /opt/ros/humble/include  
[1.936s] -- Using RMW implementation 'rmw_fastrtps_cpp' as default
[1.953s] -- Looking for pthread.h
[2.044s] -- Looking for pthread.h - found
[2.045s] -- Performing Test CMAKE_HAVE_LIBC_PTHREAD
[2.123s] -- Performing Test CMAKE_HAVE_LIBC_PTHREAD - Success
[2.123s] -- Found Threads: TRUE  
[2.225s] -- Found ament_lint_auto: 0.12.15 (/opt/ros/humble/share/ament_lint_auto/cmake)
[2.330s] -- Added test 'lint_cmake' to check CMake code style
[2.332s] -- Added test 'xmllint' to check XML markup files
[2.335s] [31mCMake Error at /opt/ros/humble/share/ament_cmake_core/cmake/environment_hooks/ament_environment_hooks.cmake:29 (message):
[2.335s]   ament_environment_hooks() must be called before
[2.336s]   ament_generate_package_environment() (which is invoked by ament_package())
[2.336s] Call Stack (most recent call first):
[2.336s]   /opt/ros/humble/share/ament_cmake_core/cmake/environment_hooks/ament_cmake_environment_hooks_package_hook.cmake:20 (ament_environment_hooks)
[2.336s]   /opt/ros/humble/share/ament_cmake_core/cmake/core/ament_execute_extensions.cmake:48 (include)
[2.336s]   /opt/ros/humble/share/ament_cmake_core/cmake/core/ament_package.cmake:66 (ament_execute_extensions)
[2.336s]   CMakeLists.txt:49 (ament_package)
[2.336s] 
[2.336s] [0m
[2.336s] -- Configuring incomplete, errors occurred!
[2.336s] See also "/ros2_ws/build/robot/CMakeFiles/CMakeOutput.log".
[2.347s] Invoked command in '/ros2_ws/build/robot' returned '1': CMAKE_PREFIX_PATH=/opt/ros/humble /usr/bin/cmake /ros2_ws/src/robot -DCMAKE_INSTALL_PREFIX=/ros2_ws/install/robot
