[0.326s] Invoking command in '/ros2_ws/build/navigation': CMAKE_PREFIX_PATH=${CMAKE_PREFIX_PATH}:/ros2_ws/install/tactical_brain:/ros2_ws/install/sensor_fusion_pkg:/ros2_ws/install/icm20948_ros2:/ros2_ws/install/ai_vision:/opt/ros/humble /usr/bin/cmake --build /ros2_ws/build/navigation -- -j4 -l4
[1.162s] Invoked command in '/ros2_ws/build/navigation' returned '0': CMAKE_PREFIX_PATH=${CMAKE_PREFIX_PATH}:/ros2_ws/install/tactical_brain:/ros2_ws/install/sensor_fusion_pkg:/ros2_ws/install/icm20948_ros2:/ros2_ws/install/ai_vision:/opt/ros/humble /usr/bin/cmake --build /ros2_ws/build/navigation -- -j4 -l4
[1.169s] Invoking command in '/ros2_ws/build/navigation': CMAKE_PREFIX_PATH=${CMAKE_PREFIX_PATH}:/ros2_ws/install/tactical_brain:/ros2_ws/install/sensor_fusion_pkg:/ros2_ws/install/icm20948_ros2:/ros2_ws/install/ai_vision:/opt/ros/humble /usr/bin/cmake --install /ros2_ws/build/navigation
[1.258s] -- Install configuration: ""
[1.279s] -- Execute custom install script
[1.284s] -- Up-to-date symlink: /ros2_ws/install/navigation/share/navigation/launch/launch.py
[1.293s] -- Up-to-date symlink: /ros2_ws/install/navigation/share/navigation/config/nav2.yaml
[1.294s] -- Up-to-date symlink: /ros2_ws/install/navigation/share/navigation/behavior_trees/ackermann_nav_through_poses.xml
[1.294s] -- Up-to-date symlink: /ros2_ws/install/navigation/share/navigation/behavior_trees/ackermann_nav_to_pose.xml
[1.294s] -- Up-to-date symlink: /ros2_ws/install/navigation/share/ament_index/resource_index/package_run_dependencies/navigation
[1.294s] -- Up-to-date symlink: /ros2_ws/install/navigation/share/ament_index/resource_index/parent_prefix_path/navigation
[1.294s] -- Up-to-date symlink: /ros2_ws/install/navigation/share/navigation/environment/ament_prefix_path.sh
[1.294s] -- Up-to-date symlink: /ros2_ws/install/navigation/share/navigation/environment/ament_prefix_path.dsv
[1.294s] -- Up-to-date symlink: /ros2_ws/install/navigation/share/navigation/environment/path.sh
[1.294s] -- Up-to-date symlink: /ros2_ws/install/navigation/share/navigation/environment/path.dsv
[1.294s] -- Up-to-date symlink: /ros2_ws/install/navigation/share/navigation/local_setup.bash
[1.294s] -- Up-to-date symlink: /ros2_ws/install/navigation/share/navigation/local_setup.sh
[1.294s] -- Up-to-date symlink: /ros2_ws/install/navigation/share/navigation/local_setup.zsh
[1.294s] -- Up-to-date symlink: /ros2_ws/install/navigation/share/navigation/local_setup.dsv
[1.305s] -- Symlinking: /ros2_ws/install/navigation/share/navigation/package.dsv
[1.487s] -- Up-to-date symlink: /ros2_ws/install/navigation/share/ament_index/resource_index/packages/navigation
[1.515s] -- Up-to-date symlink: /ros2_ws/install/navigation/share/navigation/cmake/navigationConfig.cmake
[1.541s] -- Up-to-date symlink: /ros2_ws/install/navigation/share/navigation/cmake/navigationConfig-version.cmake
[1.541s] -- Up-to-date symlink: /ros2_ws/install/navigation/share/navigation/package.xml
[4.699s] Invoked command in '/ros2_ws/build/navigation' returned '0': CMAKE_PREFIX_PATH=${CMAKE_PREFIX_PATH}:/ros2_ws/install/tactical_brain:/ros2_ws/install/sensor_fusion_pkg:/ros2_ws/install/icm20948_ros2:/ros2_ws/install/ai_vision:/opt/ros/humble /usr/bin/cmake --install /ros2_ws/build/navigation
