[4.372s] Invoking command in '/ros2_ws/build/ai_vision': PYTHONPATH=/ros2_ws/build/ai_vision/prefix_override:/usr/lib/python3/dist-packages/colcon_core/task/python/colcon_distutils_commands:/ros2_ws/install/ai_vision/lib/python3.10/site-packages:${PYTHONPATH} /usr/bin/python3 -W ignore:setup.py install is deprecated -W ignore:easy_install command is deprecated setup.py develop --editable --build-directory /ros2_ws/build/ai_vision/build --no-deps symlink_data
[5.852s] running develop
[6.596s] running egg_info
[6.605s] creating ai_vision.egg-info
[6.606s] writing ai_vision.egg-info/PKG-INFO
[6.612s] writing dependency_links to ai_vision.egg-info/dependency_links.txt
[6.617s] writing entry points to ai_vision.egg-info/entry_points.txt
[6.618s] writing requirements to ai_vision.egg-info/requires.txt
[6.619s] writing top-level names to ai_vision.egg-info/top_level.txt
[6.629s] writing manifest file 'ai_vision.egg-info/SOURCES.txt'
[6.631s] reading manifest file 'ai_vision.egg-info/SOURCES.txt'
[6.641s] writing manifest file 'ai_vision.egg-info/SOURCES.txt'
[6.655s] running build_ext
[6.661s] Creating /ros2_ws/install/ai_vision/lib/python3.10/site-packages/ai-vision.egg-link (link to .)
[6.666s] Installing ai_inference_node script to /ros2_ws/install/ai_vision/lib/ai_vision
[6.672s] Installing cv_processor_node script to /ros2_ws/install/ai_vision/lib/ai_vision
[6.677s] 
[6.677s] Installed /ros2_ws/build/ai_vision
[6.677s] running symlink_data
[6.677s] creating /ros2_ws/install/ai_vision/share/ament_index
[6.677s] creating /ros2_ws/install/ai_vision/share/ament_index/resource_index
[6.678s] error: can't copy '/ros2_ws/build/ai_vision/resource/ai_vision': doesn't exist or not a regular file
[6.678s] creating /ros2_ws/install/ai_vision/share/ament_index/resource_index/packages
[6.940s] Invoked command in '/ros2_ws/build/ai_vision' returned '1': PYTHONPATH=/ros2_ws/build/ai_vision/prefix_override:/usr/lib/python3/dist-packages/colcon_core/task/python/colcon_distutils_commands:/ros2_ws/install/ai_vision/lib/python3.10/site-packages:${PYTHONPATH} /usr/bin/python3 -W ignore:setup.py install is deprecated -W ignore:easy_install command is deprecated setup.py develop --editable --build-directory /ros2_ws/build/ai_vision/build --no-deps symlink_data
