[0.000000] (-) TimerEvent: {}
[0.000118] (-) JobUnselected: {'identifier': 'ai_vision'}
[0.000327] (-) JobUnselected: {'identifier': 'foxglove'}
[0.000566] (-) JobUnselected: {'identifier': 'hardware'}
[0.000586] (-) JobUnselected: {'identifier': 'icm20948_ros2'}
[0.000715] (-) JobUnselected: {'identifier': 'localization'}
[0.000733] (-) JobUnselected: {'identifier': 'main_brain'}
[0.000749] (-) JobUnselected: {'identifier': 'navigation'}
[0.000765] (-) JobUnselected: {'identifier': 'rf2o_laser_odometry'}
[0.000782] (-) JobUnselected: {'identifier': 'robot_bringup'}
[0.000798] (-) JobUnselected: {'identifier': 'robot_description'}
[0.000814] (-) JobUnselected: {'identifier': 'tactical_brain'}
[0.000830] (-) JobUnselected: {'identifier': 'telemetry_data'}
[0.000845] (-) JobUnselected: {'identifier': 'ydlidar_ros2_driver'}
[0.000865] (shooting) JobQueued: {'identifier': 'shooting', 'dependencies': OrderedDict()}
[0.000885] (shooting) JobStarted: {'identifier': 'shooting'}
[0.008117] (shooting) JobProgress: {'identifier': 'shooting', 'progress': 'cmake'}
[0.009014] (shooting) JobProgress: {'identifier': 'shooting', 'progress': 'build'}
[0.009903] (shooting) Command: {'cmd': ['/usr/bin/cmake', '--build', '/ros2_ws/build/shooting', '--', '-j4', '-l4'], 'cwd': '/ros2_ws/build/shooting', 'env': OrderedDict([('HOSTNAME', 'yahav'), ('GRID_N', '2000'), ('SHLVL', '0'), ('HOME', '/root'), ('MY_TEAM_IDX', '0'), ('OLDPWD', '/ros2_ws'), ('PYTHONUNBUFFERED', '1'), ('ROS_DISTRO', 'humble'), ('_', '/usr/bin/colcon'), ('PATH', '/usr/local/sbin:/usr/local/bin:/usr/sbin:/usr/bin:/sbin:/bin'), ('DISPLAY', ''), ('LANG', 'C.UTF-8'), ('ROS_DOMAIN_ID', '0'), ('ROBOT_ID', '6'), ('ARENA_SIZE_METERS', '2.0'), ('PWD', '/ros2_ws/build/shooting'), ('LC_ALL', 'C.UTF-8'), ('COLCON', '1')]), 'shell': False}
[0.062238] (shooting) StdoutLine: {'line': b'Consolidate compiler generated dependencies of target shooting_node\n'}
[0.075895] (shooting) StdoutLine: {'line': b'[ 50%] Building CXX object CMakeFiles/shooting_node.dir/src/shooting_node.cpp.o\n'}
[0.099717] (-) TimerEvent: {}
[0.199929] (-) TimerEvent: {}
[0.300178] (-) TimerEvent: {}
[0.400395] (-) TimerEvent: {}
[0.500631] (-) TimerEvent: {}
[0.600883] (-) TimerEvent: {}
[0.701090] (-) TimerEvent: {}
[0.801317] (-) TimerEvent: {}
[0.901542] (-) TimerEvent: {}
[1.001764] (-) TimerEvent: {}
[1.101982] (-) TimerEvent: {}
[1.202221] (-) TimerEvent: {}
[1.303478] (-) TimerEvent: {}
[1.403715] (-) TimerEvent: {}
[1.503949] (-) TimerEvent: {}
[1.604172] (-) TimerEvent: {}
[1.704398] (-) TimerEvent: {}
[1.804625] (-) TimerEvent: {}
[1.905065] (-) TimerEvent: {}
[2.005491] (-) TimerEvent: {}
[2.105720] (-) TimerEvent: {}
[2.205951] (-) TimerEvent: {}
[2.306181] (-) TimerEvent: {}
[2.406398] (-) TimerEvent: {}
[2.506611] (-) TimerEvent: {}
[2.606832] (-) TimerEvent: {}
[2.707053] (-) TimerEvent: {}
[2.807276] (-) TimerEvent: {}
[2.907501] (-) TimerEvent: {}
[3.007726] (-) TimerEvent: {}
[3.107946] (-) TimerEvent: {}
[3.208169] (-) TimerEvent: {}
[3.308391] (-) TimerEvent: {}
[3.408616] (-) TimerEvent: {}
[3.508843] (-) TimerEvent: {}
[3.609065] (-) TimerEvent: {}
[3.709293] (-) TimerEvent: {}
[3.809524] (-) TimerEvent: {}
[3.909746] (-) TimerEvent: {}
[4.009974] (-) TimerEvent: {}
[4.110215] (-) TimerEvent: {}
[4.210436] (-) TimerEvent: {}
[4.310658] (-) TimerEvent: {}
[4.410894] (-) TimerEvent: {}
[4.511127] (-) TimerEvent: {}
[4.611440] (-) TimerEvent: {}
[4.711666] (-) TimerEvent: {}
[4.811892] (-) TimerEvent: {}
[4.912115] (-) TimerEvent: {}
[5.012330] (-) TimerEvent: {}
[5.112549] (-) TimerEvent: {}
[5.212766] (-) TimerEvent: {}
[5.312991] (-) TimerEvent: {}
[5.413211] (-) TimerEvent: {}
[5.513433] (-) TimerEvent: {}
[5.613654] (-) TimerEvent: {}
[5.713872] (-) TimerEvent: {}
[5.814101] (-) TimerEvent: {}
[5.914341] (-) TimerEvent: {}
[6.014551] (-) TimerEvent: {}
[6.114768] (-) TimerEvent: {}
[6.214999] (-) TimerEvent: {}
[6.315232] (-) TimerEvent: {}
[6.415461] (-) TimerEvent: {}
[6.515693] (-) TimerEvent: {}
[6.615935] (-) TimerEvent: {}
[6.716173] (-) TimerEvent: {}
[6.816402] (-) TimerEvent: {}
[6.916634] (-) TimerEvent: {}
[7.016981] (-) TimerEvent: {}
[7.117222] (-) TimerEvent: {}
[7.217435] (-) TimerEvent: {}
[7.317651] (-) TimerEvent: {}
[7.417868] (-) TimerEvent: {}
[7.518082] (-) TimerEvent: {}
[7.618309] (-) TimerEvent: {}
[7.718526] (-) TimerEvent: {}
[7.818738] (-) TimerEvent: {}
[7.918951] (-) TimerEvent: {}
[8.019161] (-) TimerEvent: {}
[8.119379] (-) TimerEvent: {}
[8.219596] (-) TimerEvent: {}
[8.319817] (-) TimerEvent: {}
[8.420035] (-) TimerEvent: {}
[8.520254] (-) TimerEvent: {}
[8.620465] (-) TimerEvent: {}
[8.720684] (-) TimerEvent: {}
[8.820915] (-) TimerEvent: {}
[8.921133] (-) TimerEvent: {}
[9.021351] (-) TimerEvent: {}
[9.121565] (-) TimerEvent: {}
[9.221782] (-) TimerEvent: {}
[9.321996] (-) TimerEvent: {}
[9.422229] (-) TimerEvent: {}
[9.522449] (-) TimerEvent: {}
[9.622668] (-) TimerEvent: {}
[9.722886] (-) TimerEvent: {}
[9.823099] (-) TimerEvent: {}
[9.923311] (-) TimerEvent: {}
[10.023527] (-) TimerEvent: {}
[10.123737] (-) TimerEvent: {}
[10.223949] (-) TimerEvent: {}
[10.324184] (-) TimerEvent: {}
[10.424436] (-) TimerEvent: {}
[10.524646] (-) TimerEvent: {}
[10.624851] (-) TimerEvent: {}
[10.725062] (-) TimerEvent: {}
[10.825297] (-) TimerEvent: {}
[10.925542] (-) TimerEvent: {}
[11.025798] (-) TimerEvent: {}
[11.126026] (-) TimerEvent: {}
[11.226243] (-) TimerEvent: {}
[11.326511] (-) TimerEvent: {}
[11.426804] (-) TimerEvent: {}
[11.527036] (-) TimerEvent: {}
[11.627295] (-) TimerEvent: {}
[11.635218] (shooting) StdoutLine: {'line': b'[100%] Linking CXX executable shooting_node\n'}
[11.727389] (-) TimerEvent: {}
[11.827637] (-) TimerEvent: {}
[11.927940] (-) TimerEvent: {}
[12.028267] (-) TimerEvent: {}
[12.128524] (-) TimerEvent: {}
[12.228759] (-) TimerEvent: {}
[12.329027] (-) TimerEvent: {}
[12.429262] (-) TimerEvent: {}
[12.480205] (shooting) StdoutLine: {'line': b'[100%] Built target shooting_node\n'}
[12.490096] (shooting) CommandEnded: {'returncode': 0}
[12.490799] (shooting) JobProgress: {'identifier': 'shooting', 'progress': 'install'}
[12.501186] (shooting) Command: {'cmd': ['/usr/bin/cmake', '--install', '/ros2_ws/build/shooting'], 'cwd': '/ros2_ws/build/shooting', 'env': OrderedDict([('HOSTNAME', 'yahav'), ('GRID_N', '2000'), ('SHLVL', '0'), ('HOME', '/root'), ('MY_TEAM_IDX', '0'), ('OLDPWD', '/ros2_ws'), ('PYTHONUNBUFFERED', '1'), ('ROS_DISTRO', 'humble'), ('_', '/usr/bin/colcon'), ('PATH', '/usr/local/sbin:/usr/local/bin:/usr/sbin:/usr/bin:/sbin:/bin'), ('DISPLAY', ''), ('LANG', 'C.UTF-8'), ('ROS_DOMAIN_ID', '0'), ('ROBOT_ID', '6'), ('ARENA_SIZE_METERS', '2.0'), ('PWD', '/ros2_ws/build/shooting'), ('LC_ALL', 'C.UTF-8'), ('COLCON', '1')]), 'shell': False}
[12.507587] (shooting) StdoutLine: {'line': b'-- Install configuration: ""\n'}
[12.509090] (shooting) StdoutLine: {'line': b'-- Execute custom install script\n'}
[12.510383] (shooting) StdoutLine: {'line': b'-- Up-to-date symlink: /ros2_ws/install/shooting/lib/shooting/shooting_node\n'}
[12.511384] (shooting) StdoutLine: {'line': b'-- Up-to-date symlink: /ros2_ws/install/shooting/share/shooting/launch/launch.py\n'}
[12.511987] (shooting) StdoutLine: {'line': b'-- Up-to-date symlink: /ros2_ws/install/shooting/share/ament_index/resource_index/package_run_dependencies/shooting\n'}
[12.512137] (shooting) StdoutLine: {'line': b'-- Up-to-date symlink: /ros2_ws/install/shooting/share/ament_index/resource_index/parent_prefix_path/shooting\n'}
[12.512299] (shooting) StdoutLine: {'line': b'-- Up-to-date symlink: /ros2_ws/install/shooting/share/shooting/environment/ament_prefix_path.sh\n'}
[12.512431] (shooting) StdoutLine: {'line': b'-- Up-to-date symlink: /ros2_ws/install/shooting/share/shooting/environment/ament_prefix_path.dsv\n'}
[12.512573] (shooting) StdoutLine: {'line': b'-- Up-to-date symlink: /ros2_ws/install/shooting/share/shooting/environment/path.sh\n'}
[12.512704] (shooting) StdoutLine: {'line': b'-- Up-to-date symlink: /ros2_ws/install/shooting/share/shooting/environment/path.dsv\n'}
[12.512829] (shooting) StdoutLine: {'line': b'-- Up-to-date symlink: /ros2_ws/install/shooting/share/shooting/local_setup.bash\n'}
[12.512955] (shooting) StdoutLine: {'line': b'-- Up-to-date symlink: /ros2_ws/install/shooting/share/shooting/local_setup.sh\n'}
[12.513079] (shooting) StdoutLine: {'line': b'-- Up-to-date symlink: /ros2_ws/install/shooting/share/shooting/local_setup.zsh\n'}
[12.513201] (shooting) StdoutLine: {'line': b'-- Up-to-date symlink: /ros2_ws/install/shooting/share/shooting/local_setup.dsv\n'}
[12.513305] (shooting) StdoutLine: {'line': b'-- Symlinking: /ros2_ws/install/shooting/share/shooting/package.dsv\n'}
[12.523559] (shooting) StdoutLine: {'line': b'-- Up-to-date symlink: /ros2_ws/install/shooting/share/ament_index/resource_index/packages/shooting\n'}
[12.523758] (shooting) StdoutLine: {'line': b'-- Up-to-date symlink: /ros2_ws/install/shooting/share/shooting/cmake/shootingConfig.cmake\n'}
[12.523823] (shooting) StdoutLine: {'line': b'-- Up-to-date symlink: /ros2_ws/install/shooting/share/shooting/cmake/shootingConfig-version.cmake\n'}
[12.523882] (shooting) StdoutLine: {'line': b'-- Up-to-date symlink: /ros2_ws/install/shooting/share/shooting/package.xml\n'}
[12.525582] (shooting) CommandEnded: {'returncode': 0}
[12.529503] (-) TimerEvent: {}
[12.550535] (shooting) JobEnded: {'identifier': 'shooting', 'rc': 0}
[12.551412] (-) EventReactorShutdown: {}
