[0.046s] Invoking command in '/ros2_ws/build/navigation': CMAKE_PREFIX_PATH=${CMAKE_PREFIX_PATH}:/opt/ros/humble /usr/bin/cmake --build /ros2_ws/build/navigation -- -j4 -l4
[0.176s] Invoked command in '/ros2_ws/build/navigation' returned '0': CMAKE_PREFIX_PATH=${CMAKE_PREFIX_PATH}:/opt/ros/humble /usr/bin/cmake --build /ros2_ws/build/navigation -- -j4 -l4
[0.185s] Invoking command in '/ros2_ws/build/navigation': CMAKE_PREFIX_PATH=${CMAKE_PREFIX_PATH}:/opt/ros/humble /usr/bin/cmake --install /ros2_ws/build/navigation
[0.222s] -- Install configuration: ""
[0.223s] -- Execute custom install script
[0.224s] -- Up-to-date symlink: /ros2_ws/install/navigation/share/navigation/launch/launch.py
[0.225s] -- Up-to-date symlink: /ros2_ws/install/navigation/share/navigation/config/nav2.yaml
[0.226s] -- Up-to-date symlink: /ros2_ws/install/navigation/share/navigation/behavior_trees/ackermann_nav_through_poses.xml
[0.228s] -- Up-to-date symlink: /ros2_ws/install/navigation/share/navigation/behavior_trees/ackermann_nav_to_pose.xml
[0.228s] -- Up-to-date symlink: /ros2_ws/install/navigation/share/ament_index/resource_index/package_run_dependencies/navigation
[0.228s] -- Up-to-date symlink: /ros2_ws/install/navigation/share/ament_index/resource_index/parent_prefix_path/navigation
[0.228s] -- Up-to-date symlink: /ros2_ws/install/navigation/share/navigation/environment/ament_prefix_path.sh
[0.231s] -- Up-to-date symlink: /ros2_ws/install/navigation/share/navigation/environment/ament_prefix_path.dsv
[0.232s] -- Up-to-date symlink: /ros2_ws/install/navigation/share/navigation/environment/path.sh
[0.232s] -- Up-to-date symlink: /ros2_ws/install/navigation/share/navigation/environment/path.dsv
[0.232s] -- Up-to-date symlink: /ros2_ws/install/navigation/share/navigation/local_setup.bash
[0.232s] -- Up-to-date symlink: /ros2_ws/install/navigation/share/navigation/local_setup.sh
[0.232s] -- Up-to-date symlink: /ros2_ws/install/navigation/share/navigation/local_setup.zsh
[0.237s] -- Up-to-date symlink: /ros2_ws/install/navigation/share/navigation/local_setup.dsv
[0.237s] -- Symlinking: /ros2_ws/install/navigation/share/navigation/package.dsv
[0.238s] -- Up-to-date symlink: /ros2_ws/install/navigation/share/ament_index/resource_index/packages/navigation
[0.238s] -- Up-to-date symlink: /ros2_ws/install/navigation/share/navigation/cmake/navigationConfig.cmake
[0.238s] -- Up-to-date symlink: /ros2_ws/install/navigation/share/navigation/cmake/navigationConfig-version.cmake
[0.238s] -- Up-to-date symlink: /ros2_ws/install/navigation/share/navigation/package.xml
[0.284s] Invoked command in '/ros2_ws/build/navigation' returned '0': CMAKE_PREFIX_PATH=${CMAKE_PREFIX_PATH}:/opt/ros/humble /usr/bin/cmake --install /ros2_ws/build/navigation
