[0.043s] Invoking command in '/ros2_ws/build/hardware': CMAKE_PREFIX_PATH=${CMAKE_PREFIX_PATH}:/ros2_ws/install/icm20948_ros2:/opt/ros/humble /usr/bin/cmake --build /ros2_ws/build/hardware -- -j4 -l4
[0.121s] [35m[1mConsolidate compiler generated dependencies of target twist_to_ackermann[0m
[0.163s] [ 16%] [32mBuilding CXX object CMakeFiles/twist_to_ackermann.dir/src/twist_to_ackermann.cpp.o[0m
[0.189s] [ 50%] Built target motor_driver
[0.189s] [ 83%] Built target heading_pid_controller
[11.251s] [100%] [32m[1mLinking CXX executable twist_to_ackermann[0m
[11.974s] [100%] Built target twist_to_ackermann
[11.985s] Invoked command in '/ros2_ws/build/hardware' returned '0': CMAKE_PREFIX_PATH=${CMAKE_PREFIX_PATH}:/ros2_ws/install/icm20948_ros2:/opt/ros/humble /usr/bin/cmake --build /ros2_ws/build/hardware -- -j4 -l4
[11.986s] Invoking command in '/ros2_ws/build/hardware': CMAKE_PREFIX_PATH=${CMAKE_PREFIX_PATH}:/ros2_ws/install/icm20948_ros2:/opt/ros/humble /usr/bin/cmake --install /ros2_ws/build/hardware
[11.992s] -- Install configuration: ""
[11.992s] -- Execute custom install script
[11.993s] -- Up-to-date symlink: /ros2_ws/install/hardware/share/hardware//hardware_interface_plugins.xml
[11.993s] -- Up-to-date symlink: /ros2_ws/install/hardware/lib/libmotor_driver.so
[11.993s] -- Up-to-date symlink: /ros2_ws/install/hardware/lib/hardware/twist_to_ackermann
[11.993s] -- Up-to-date symlink: /ros2_ws/install/hardware/lib/hardware/heading_pid_controller
[11.994s] -- Up-to-date symlink: /ros2_ws/install/hardware/share/hardware/config/ackermann_steering_controller.yaml
[11.994s] -- Up-to-date symlink: /ros2_ws/install/hardware/share/hardware/config/controller_manager.yaml
[11.994s] -- Up-to-date symlink: /ros2_ws/install/hardware/share/hardware/config/joint_state_broadcaster.yaml
[11.994s] -- Up-to-date symlink: /ros2_ws/install/hardware/share/hardware/config/pid_params.yaml
[11.994s] -- Up-to-date symlink: /ros2_ws/install/hardware/share/hardware/config/ackermann_steering_controller.yaml
[11.994s] -- Up-to-date symlink: /ros2_ws/install/hardware/share/hardware/config/controller_manager.yaml
[11.994s] -- Up-to-date symlink: /ros2_ws/install/hardware/share/hardware/config/joint_state_broadcaster.yaml
[11.995s] -- Up-to-date symlink: /ros2_ws/install/hardware/share/hardware/config/pid_params.yaml
[11.995s] -- Up-to-date symlink: /ros2_ws/install/hardware/share/hardware/launch/launch.py
[11.995s] -- Up-to-date symlink: /ros2_ws/install/hardware/share/hardware/ros2_control.xacro
[11.995s] -- Up-to-date symlink: /ros2_ws/install/hardware/share/hardware/hardware_interface_plugins.xml
[11.995s] -- Up-to-date symlink: /ros2_ws/install/hardware/share/ament_index/resource_index/package_run_dependencies/hardware
[11.995s] -- Up-to-date symlink: /ros2_ws/install/hardware/share/ament_index/resource_index/parent_prefix_path/hardware
[11.995s] -- Up-to-date symlink: /ros2_ws/install/hardware/share/hardware/environment/ament_prefix_path.sh
[11.996s] -- Up-to-date symlink: /ros2_ws/install/hardware/share/hardware/environment/ament_prefix_path.dsv
[11.996s] -- Up-to-date symlink: /ros2_ws/install/hardware/share/hardware/environment/path.sh
[11.996s] -- Up-to-date symlink: /ros2_ws/install/hardware/share/hardware/environment/path.dsv
[11.996s] -- Up-to-date symlink: /ros2_ws/install/hardware/share/hardware/local_setup.bash
[11.996s] -- Up-to-date symlink: /ros2_ws/install/hardware/share/hardware/local_setup.sh
[11.996s] -- Up-to-date symlink: /ros2_ws/install/hardware/share/hardware/local_setup.zsh
[11.996s] -- Up-to-date symlink: /ros2_ws/install/hardware/share/hardware/local_setup.dsv
[11.997s] -- Symlinking: /ros2_ws/install/hardware/share/hardware/package.dsv
[12.005s] -- Up-to-date symlink: /ros2_ws/install/hardware/share/ament_index/resource_index/packages/hardware
[12.005s] -- Up-to-date symlink: /ros2_ws/install/hardware/share/ament_index/resource_index/hardware_interface__pluginlib__plugin/hardware
[12.006s] -- Up-to-date symlink: /ros2_ws/install/hardware/share/hardware/cmake/hardwareConfig.cmake
[12.006s] -- Up-to-date symlink: /ros2_ws/install/hardware/share/hardware/cmake/hardwareConfig-version.cmake
[12.006s] -- Up-to-date symlink: /ros2_ws/install/hardware/share/hardware/package.xml
[12.008s] Invoked command in '/ros2_ws/build/hardware' returned '0': CMAKE_PREFIX_PATH=${CMAKE_PREFIX_PATH}:/ros2_ws/install/icm20948_ros2:/opt/ros/humble /usr/bin/cmake --install /ros2_ws/build/hardware
