[0.040s] Invoking command in '/ros2_ws/build/hardware': CMAKE_PREFIX_PATH=${CMAKE_PREFIX_PATH}:/opt/ros/humble /usr/bin/cmake --build /ros2_ws/build/hardware -- -j4 -l4
[0.148s] [ 50%] Built target motor_driver
[0.160s] [100%] Built target twist_to_ackermann
[0.218s] Invoked command in '/ros2_ws/build/hardware' returned '0': CMAKE_PREFIX_PATH=${CMAKE_PREFIX_PATH}:/opt/ros/humble /usr/bin/cmake --build /ros2_ws/build/hardware -- -j4 -l4
[0.223s] Invoking command in '/ros2_ws/build/hardware': CMAKE_PREFIX_PATH=${CMAKE_PREFIX_PATH}:/opt/ros/humble /usr/bin/cmake --install /ros2_ws/build/hardware
[0.237s] -- Install configuration: ""
[0.237s] -- Execute custom install script
[0.237s] -- Up-to-date symlink: /ros2_ws/install/hardware/share/hardware//hardware_interface_plugins.xml
[0.237s] -- Up-to-date symlink: /ros2_ws/install/hardware/lib/libmotor_driver.so
[0.238s] -- Up-to-date symlink: /ros2_ws/install/hardware/lib/hardware/twist_to_ackermann
[0.238s] -- Up-to-date symlink: /ros2_ws/install/hardware/share/hardware/config/ackermann_steering_controller.yaml
[0.238s] -- Up-to-date symlink: /ros2_ws/install/hardware/share/hardware/config/controller_manager.yaml
[0.238s] -- Up-to-date symlink: /ros2_ws/install/hardware/share/hardware/config/joint_state_broadcaster.yaml
[0.239s] -- Up-to-date symlink: /ros2_ws/install/hardware/share/hardware/launch/launch.py
[0.243s] -- Up-to-date symlink: /ros2_ws/install/hardware/share/hardware/ros2_control.xacro
[0.243s] -- Up-to-date symlink: /ros2_ws/install/hardware/share/hardware/hardware_interface_plugins.xml
[0.243s] -- Up-to-date symlink: /ros2_ws/install/hardware/share/ament_index/resource_index/package_run_dependencies/hardware
[0.243s] -- Up-to-date symlink: /ros2_ws/install/hardware/share/ament_index/resource_index/parent_prefix_path/hardware
[0.243s] -- Up-to-date symlink: /ros2_ws/install/hardware/share/hardware/environment/ament_prefix_path.sh
[0.243s] -- Up-to-date symlink: /ros2_ws/install/hardware/share/hardware/environment/ament_prefix_path.dsv
[0.243s] -- Up-to-date symlink: /ros2_ws/install/hardware/share/hardware/environment/path.sh
[0.243s] -- Up-to-date symlink: /ros2_ws/install/hardware/share/hardware/environment/path.dsv
[0.243s] -- Up-to-date symlink: /ros2_ws/install/hardware/share/hardware/local_setup.bash
[0.243s] -- Up-to-date symlink: /ros2_ws/install/hardware/share/hardware/local_setup.sh
[0.243s] -- Up-to-date symlink: /ros2_ws/install/hardware/share/hardware/local_setup.zsh
[0.243s] -- Up-to-date symlink: /ros2_ws/install/hardware/share/hardware/local_setup.dsv
[0.244s] -- Symlinking: /ros2_ws/install/hardware/share/hardware/package.dsv
[0.257s] -- Up-to-date symlink: /ros2_ws/install/hardware/share/ament_index/resource_index/packages/hardware
[0.257s] -- Up-to-date symlink: /ros2_ws/install/hardware/share/ament_index/resource_index/hardware_interface__pluginlib__plugin/hardware
[0.257s] -- Up-to-date symlink: /ros2_ws/install/hardware/share/hardware/cmake/hardwareConfig.cmake
[0.258s] -- Up-to-date symlink: /ros2_ws/install/hardware/share/hardware/cmake/hardwareConfig-version.cmake
[0.258s] -- Up-to-date symlink: /ros2_ws/install/hardware/share/hardware/package.xml
[0.296s] Invoked command in '/ros2_ws/build/hardware' returned '0': CMAKE_PREFIX_PATH=${CMAKE_PREFIX_PATH}:/opt/ros/humble /usr/bin/cmake --install /ros2_ws/build/hardware
