[0.017s] Invoking command in '/ros2_ws/build/navigation': CMAKE_PREFIX_PATH=${CMAKE_PREFIX_PATH}:/ros2_ws/install/tactical_brain:/ros2_ws/install/sensor_fusion_pkg:/ros2_ws/install/icm20948_ros2:/opt/ros/humble /usr/bin/cmake --build /ros2_ws/build/navigation -- -j4 -l4
[0.086s] -- Found ament_cmake: 1.3.14 (/opt/ros/humble/share/ament_cmake/cmake)
[0.292s] -- Override CMake install command with custom implementation using symlinks instead of copying resources
[0.304s] -- Found ament_lint_auto: 0.12.15 (/opt/ros/humble/share/ament_lint_auto/cmake)
[0.495s] -- Added test 'flake8' to check Python code syntax and style conventions
[0.496s] -- Added test 'lint_cmake' to check CMake code style
[0.497s] -- Added test 'pep257' to check Python code against some of the docstring style conventions in PEP 257
[0.498s] -- Added test 'xmllint' to check XML markup files
[0.510s] -- Configuring done
[0.534s] -- Generating done
[0.541s] -- Build files have been written to: /ros2_ws/build/navigation
[0.587s] Invoked command in '/ros2_ws/build/navigation' returned '0': CMAKE_PREFIX_PATH=${CMAKE_PREFIX_PATH}:/ros2_ws/install/tactical_brain:/ros2_ws/install/sensor_fusion_pkg:/ros2_ws/install/icm20948_ros2:/opt/ros/humble /usr/bin/cmake --build /ros2_ws/build/navigation -- -j4 -l4
[0.593s] Invoking command in '/ros2_ws/build/navigation': CMAKE_PREFIX_PATH=${CMAKE_PREFIX_PATH}:/ros2_ws/install/tactical_brain:/ros2_ws/install/sensor_fusion_pkg:/ros2_ws/install/icm20948_ros2:/opt/ros/humble /usr/bin/cmake --install /ros2_ws/build/navigation
[0.603s] -- Install configuration: ""
[0.603s] -- Execute custom install script
[0.603s] -- Up-to-date symlink: /ros2_ws/install/navigation/share/navigation/launch/launch.py
[0.603s] -- Up-to-date symlink: /ros2_ws/install/navigation/share/navigation/config/nav2.yaml
[0.603s] -- Up-to-date symlink: /ros2_ws/install/navigation/share/navigation/behavior_trees/ackermann_nav_through_poses.xml
[0.609s] -- Up-to-date symlink: /ros2_ws/install/navigation/share/navigation/behavior_trees/ackermann_nav_to_pose.xml
[0.609s] -- Up-to-date symlink: /ros2_ws/install/navigation/share/ament_index/resource_index/package_run_dependencies/navigation
[0.609s] -- Up-to-date symlink: /ros2_ws/install/navigation/share/ament_index/resource_index/parent_prefix_path/navigation
[0.610s] -- Up-to-date symlink: /ros2_ws/install/navigation/share/navigation/environment/ament_prefix_path.sh
[0.610s] -- Up-to-date symlink: /ros2_ws/install/navigation/share/navigation/environment/ament_prefix_path.dsv
[0.610s] -- Up-to-date symlink: /ros2_ws/install/navigation/share/navigation/environment/path.sh
[0.610s] -- Up-to-date symlink: /ros2_ws/install/navigation/share/navigation/environment/path.dsv
[0.610s] -- Up-to-date symlink: /ros2_ws/install/navigation/share/navigation/local_setup.bash
[0.610s] -- Up-to-date symlink: /ros2_ws/install/navigation/share/navigation/local_setup.sh
[0.610s] -- Up-to-date symlink: /ros2_ws/install/navigation/share/navigation/local_setup.zsh
[0.610s] -- Up-to-date symlink: /ros2_ws/install/navigation/share/navigation/local_setup.dsv
[0.610s] -- Symlinking: /ros2_ws/install/navigation/share/navigation/package.dsv
[0.618s] -- Up-to-date symlink: /ros2_ws/install/navigation/share/ament_index/resource_index/packages/navigation
[0.618s] -- Up-to-date symlink: /ros2_ws/install/navigation/share/navigation/cmake/navigationConfig.cmake
[0.619s] -- Up-to-date symlink: /ros2_ws/install/navigation/share/navigation/cmake/navigationConfig-version.cmake
[0.619s] -- Up-to-date symlink: /ros2_ws/install/navigation/share/navigation/package.xml
[0.626s] Invoked command in '/ros2_ws/build/navigation' returned '0': CMAKE_PREFIX_PATH=${CMAKE_PREFIX_PATH}:/ros2_ws/install/tactical_brain:/ros2_ws/install/sensor_fusion_pkg:/ros2_ws/install/icm20948_ros2:/opt/ros/humble /usr/bin/cmake --install /ros2_ws/build/navigation
