[0.031s] Invoking command in '/ros2_ws/build/localization': CMAKE_PREFIX_PATH=/ros2_ws/install/ydlidar_ros2_driver:/ros2_ws/install/rf2o_laser_odometry:/ros2_ws/install/robot_bringup:/ros2_ws/install/localization:/ros2_ws/install/telemetry_data:/ros2_ws/install/shooting:/ros2_ws/install/robot_description:/ros2_ws/install/navigation:/ros2_ws/install/main_brain:/ros2_ws/install/hardware:/ros2_ws/install/foxglove:/ros2_ws/install/tactical_brain:/ros2_ws/install/sensor_fusion_pkg:/ros2_ws/install/icm20948_ros2:/ros2_ws/install/ai_vision:/opt/ros/humble /usr/bin/cmake --build /ros2_ws/build/localization -- -j4 -l4
[0.067s] -- Found ament_cmake: 1.3.14 (/opt/ros/humble/share/ament_cmake/cmake)
[0.240s] -- Override CMake install command with custom implementation using symlinks instead of copying resources
[0.251s] -- Found tf2_ros: 0.25.20 (/opt/ros/humble/share/tf2_ros/cmake)
[0.286s] -- Found rosidl_generator_c: 3.1.8 (/opt/ros/humble/share/rosidl_generator_c/cmake)
[0.286s] -- Found rosidl_adapter: 3.1.8 (/opt/ros/humble/share/rosidl_adapter/cmake)
[0.293s] -- Found rosidl_generator_cpp: 3.1.8 (/opt/ros/humble/share/rosidl_generator_cpp/cmake)
[0.308s] -- Using all available rosidl_typesupport_c: rosidl_typesupport_fastrtps_c;rosidl_typesupport_introspection_c
[0.327s] -- Using all available rosidl_typesupport_cpp: rosidl_typesupport_fastrtps_cpp;rosidl_typesupport_introspection_cpp
[0.426s] -- Found rmw_implementation_cmake: 6.1.2 (/opt/ros/humble/share/rmw_implementation_cmake/cmake)
[0.429s] -- Found rmw_fastrtps_cpp: 6.2.10 (/opt/ros/humble/share/rmw_fastrtps_cpp/cmake)
[0.563s] -- Using RMW implementation 'rmw_fastrtps_cpp' as default
[1.080s] -- Found ament_lint_auto: 0.12.15 (/opt/ros/humble/share/ament_lint_auto/cmake)
[1.229s] -- Added test 'flake8' to check Python code syntax and style conventions
[1.230s] -- Added test 'lint_cmake' to check CMake code style
[1.231s] -- Added test 'pep257' to check Python code against some of the docstring style conventions in PEP 257
[1.232s] -- Added test 'xmllint' to check XML markup files
[1.234s] -- Configuring done
[1.244s] -- Generating done
[1.265s] -- Build files have been written to: /ros2_ws/build/localization
[1.295s] Invoked command in '/ros2_ws/build/localization' returned '0': CMAKE_PREFIX_PATH=/ros2_ws/install/ydlidar_ros2_driver:/ros2_ws/install/rf2o_laser_odometry:/ros2_ws/install/robot_bringup:/ros2_ws/install/localization:/ros2_ws/install/telemetry_data:/ros2_ws/install/shooting:/ros2_ws/install/robot_description:/ros2_ws/install/navigation:/ros2_ws/install/main_brain:/ros2_ws/install/hardware:/ros2_ws/install/foxglove:/ros2_ws/install/tactical_brain:/ros2_ws/install/sensor_fusion_pkg:/ros2_ws/install/icm20948_ros2:/ros2_ws/install/ai_vision:/opt/ros/humble /usr/bin/cmake --build /ros2_ws/build/localization -- -j4 -l4
[1.296s] Invoking command in '/ros2_ws/build/localization': CMAKE_PREFIX_PATH=/ros2_ws/install/ydlidar_ros2_driver:/ros2_ws/install/rf2o_laser_odometry:/ros2_ws/install/robot_bringup:/ros2_ws/install/localization:/ros2_ws/install/telemetry_data:/ros2_ws/install/shooting:/ros2_ws/install/robot_description:/ros2_ws/install/navigation:/ros2_ws/install/main_brain:/ros2_ws/install/hardware:/ros2_ws/install/foxglove:/ros2_ws/install/tactical_brain:/ros2_ws/install/sensor_fusion_pkg:/ros2_ws/install/icm20948_ros2:/ros2_ws/install/ai_vision:/opt/ros/humble /usr/bin/cmake --install /ros2_ws/build/localization
[1.304s] -- Install configuration: ""
[1.305s] -- Execute custom install script
[1.305s] -- Up-to-date symlink: /ros2_ws/install/localization/share/localization/config/ekf.yaml
[1.305s] -- Up-to-date symlink: /ros2_ws/install/localization/share/localization/config/ekf_global.yaml
[1.305s] -- Up-to-date symlink: /ros2_ws/install/localization/share/localization/config/ekf_local.yaml
[1.306s] -- Up-to-date symlink: /ros2_ws/install/localization/share/localization/config/lidar.yaml
[1.306s] -- Up-to-date symlink: /ros2_ws/install/localization/share/localization/config/rf2o.yaml
[1.306s] -- Up-to-date symlink: /ros2_ws/install/localization/share/localization/config/slam.yaml
[1.306s] -- Up-to-date symlink: /ros2_ws/install/localization/share/localization/launch/launch.py
[1.306s] -- Up-to-date symlink: /ros2_ws/install/localization/share/ament_index/resource_index/package_run_dependencies/localization
[1.306s] -- Up-to-date symlink: /ros2_ws/install/localization/share/ament_index/resource_index/parent_prefix_path/localization
[1.306s] -- Up-to-date symlink: /ros2_ws/install/localization/share/localization/environment/ament_prefix_path.sh
[1.307s] -- Up-to-date symlink: /ros2_ws/install/localization/share/localization/environment/ament_prefix_path.dsv
[1.307s] -- Up-to-date symlink: /ros2_ws/install/localization/share/localization/environment/path.sh
[1.307s] -- Up-to-date symlink: /ros2_ws/install/localization/share/localization/environment/path.dsv
[1.307s] -- Up-to-date symlink: /ros2_ws/install/localization/share/localization/local_setup.bash
[1.307s] -- Up-to-date symlink: /ros2_ws/install/localization/share/localization/local_setup.sh
[1.307s] -- Up-to-date symlink: /ros2_ws/install/localization/share/localization/local_setup.zsh
[1.307s] -- Up-to-date symlink: /ros2_ws/install/localization/share/localization/local_setup.dsv
[1.307s] -- Symlinking: /ros2_ws/install/localization/share/localization/package.dsv
[1.317s] -- Up-to-date symlink: /ros2_ws/install/localization/share/ament_index/resource_index/packages/localization
[1.318s] -- Up-to-date symlink: /ros2_ws/install/localization/share/localization/cmake/localizationConfig.cmake
[1.318s] -- Up-to-date symlink: /ros2_ws/install/localization/share/localization/cmake/localizationConfig-version.cmake
[1.318s] -- Up-to-date symlink: /ros2_ws/install/localization/share/localization/package.xml
[1.320s] Invoked command in '/ros2_ws/build/localization' returned '0': CMAKE_PREFIX_PATH=/ros2_ws/install/ydlidar_ros2_driver:/ros2_ws/install/rf2o_laser_odometry:/ros2_ws/install/robot_bringup:/ros2_ws/install/localization:/ros2_ws/install/telemetry_data:/ros2_ws/install/shooting:/ros2_ws/install/robot_description:/ros2_ws/install/navigation:/ros2_ws/install/main_brain:/ros2_ws/install/hardware:/ros2_ws/install/foxglove:/ros2_ws/install/tactical_brain:/ros2_ws/install/sensor_fusion_pkg:/ros2_ws/install/icm20948_ros2:/ros2_ws/install/ai_vision:/opt/ros/humble /usr/bin/cmake --install /ros2_ws/build/localization
