[0.019s] Invoking command in '/ros2_ws/build/foxglove': CMAKE_PREFIX_PATH=${CMAKE_PREFIX_PATH}:/opt/ros/humble /usr/bin/cmake /ros2_ws/src/foxglove -DAMENT_CMAKE_SYMLINK_INSTALL=1 -DCMAKE_INSTALL_PREFIX=/ros2_ws/install/foxglove
[0.132s] -- The C compiler identification is GNU 11.4.0
[0.255s] -- The CXX compiler identification is GNU 11.4.0
[0.275s] -- Detecting C compiler ABI info
[0.443s] -- Detecting C compiler ABI info - done
[0.454s] -- Check for working C compiler: /usr/bin/cc - skipped
[0.455s] -- Detecting C compile features
[0.455s] -- Detecting C compile features - done
[0.461s] -- Detecting CXX compiler ABI info
[0.615s] -- Detecting CXX compiler ABI info - done
[0.627s] -- Check for working CXX compiler: /usr/bin/c++ - skipped
[0.627s] -- Detecting CXX compile features
[0.628s] -- Detecting CXX compile features - done
[0.632s] -- Found ament_cmake: 1.3.14 (/opt/ros/humble/share/ament_cmake/cmake)
[0.895s] -- Found Python3: /usr/bin/python3 (found version "3.10.12") found components: Interpreter 
[1.055s] -- Override CMake install command with custom implementation using symlinks instead of copying resources
[1.133s] -- Found ament_lint_auto: 0.12.15 (/opt/ros/humble/share/ament_lint_auto/cmake)
[1.302s] -- Added test 'flake8' to check Python code syntax and style conventions
[1.303s] -- Added test 'lint_cmake' to check CMake code style
[1.304s] -- Added test 'pep257' to check Python code against some of the docstring style conventions in PEP 257
[1.305s] -- Added test 'xmllint' to check XML markup files
[1.309s] -- Configuring done
[1.315s] -- Generating done
[1.320s] -- Build files have been written to: /ros2_ws/build/foxglove
[1.331s] Invoked command in '/ros2_ws/build/foxglove' returned '0': CMAKE_PREFIX_PATH=${CMAKE_PREFIX_PATH}:/opt/ros/humble /usr/bin/cmake /ros2_ws/src/foxglove -DAMENT_CMAKE_SYMLINK_INSTALL=1 -DCMAKE_INSTALL_PREFIX=/ros2_ws/install/foxglove
[1.339s] Invoking command in '/ros2_ws/build/foxglove': CMAKE_PREFIX_PATH=${CMAKE_PREFIX_PATH}:/opt/ros/humble /usr/bin/cmake --build /ros2_ws/build/foxglove -- -j4 -l4
[1.386s] Invoked command in '/ros2_ws/build/foxglove' returned '0': CMAKE_PREFIX_PATH=${CMAKE_PREFIX_PATH}:/opt/ros/humble /usr/bin/cmake --build /ros2_ws/build/foxglove -- -j4 -l4
[1.398s] Invoking command in '/ros2_ws/build/foxglove': CMAKE_PREFIX_PATH=${CMAKE_PREFIX_PATH}:/opt/ros/humble /usr/bin/cmake --install /ros2_ws/build/foxglove
[1.418s] -- Install configuration: ""
[1.419s] -- Execute custom install script
[1.423s] -- Symlinking: /ros2_ws/install/foxglove/share/foxglove/launch/launch.py
[1.435s] -- Symlinking: /ros2_ws/install/foxglove/share/ament_index/resource_index/package_run_dependencies/foxglove
[1.443s] -- Symlinking: /ros2_ws/install/foxglove/share/ament_index/resource_index/parent_prefix_path/foxglove
[1.449s] -- Symlinking: /ros2_ws/install/foxglove/share/foxglove/environment/ament_prefix_path.sh
[1.461s] -- Symlinking: /ros2_ws/install/foxglove/share/foxglove/environment/ament_prefix_path.dsv
[1.471s] -- Symlinking: /ros2_ws/install/foxglove/share/foxglove/environment/path.sh
[1.495s] -- Symlinking: /ros2_ws/install/foxglove/share/foxglove/environment/path.dsv
[1.512s] -- Symlinking: /ros2_ws/install/foxglove/share/foxglove/local_setup.bash
[1.522s] -- Symlinking: /ros2_ws/install/foxglove/share/foxglove/local_setup.sh
[1.533s] -- Symlinking: /ros2_ws/install/foxglove/share/foxglove/local_setup.zsh
[1.545s] -- Symlinking: /ros2_ws/install/foxglove/share/foxglove/local_setup.dsv
[1.564s] -- Symlinking: /ros2_ws/install/foxglove/share/foxglove/package.dsv
[1.577s] -- Symlinking: /ros2_ws/install/foxglove/share/ament_index/resource_index/packages/foxglove
[1.604s] -- Symlinking: /ros2_ws/install/foxglove/share/foxglove/cmake/foxgloveConfig.cmake
[1.617s] -- Symlinking: /ros2_ws/install/foxglove/share/foxglove/cmake/foxgloveConfig-version.cmake
[1.647s] -- Symlinking: /ros2_ws/install/foxglove/share/foxglove/package.xml
[1.691s] Invoked command in '/ros2_ws/build/foxglove' returned '0': CMAKE_PREFIX_PATH=${CMAKE_PREFIX_PATH}:/opt/ros/humble /usr/bin/cmake --install /ros2_ws/build/foxglove
