running develop
running egg_info
creating tactical_brain.egg-info
writing tactical_brain.egg-info/PKG-INFO
writing dependency_links to tactical_brain.egg-info/dependency_links.txt
writing entry points to tactical_brain.egg-info/entry_points.txt
writing requirements to tactical_brain.egg-info/requires.txt
writing top-level names to tactical_brain.egg-info/top_level.txt
writing manifest file 'tactical_brain.egg-info/SOURCES.txt'
reading manifest file 'tactical_brain.egg-info/SOURCES.txt'
writing manifest file 'tactical_brain.egg-info/SOURCES.txt'
running build_ext
Creating /ros2_ws/install/tactical_brain/lib/python3.10/site-packages/tactical-brain.egg-link (link to .)
Installing brain_node script to /ros2_ws/install/tactical_brain/lib/tactical_brain
Installing mock_pose_publisher script to /ros2_ws/install/tactical_brain/lib/tactical_brain

Installed /ros2_ws/build/tactical_brain
running symlink_data
creating /ros2_ws/install/tactical_brain/share/ament_index
creating /ros2_ws/install/tactical_brain/share/ament_index/resource_index
creating /ros2_ws/install/tactical_brain/share/ament_index/resource_index/packages
symbolically linking /ros2_ws/build/tactical_brain/resource/tactical_brain -> /ros2_ws/install/tactical_brain/share/ament_index/resource_index/packages
symbolically linking /ros2_ws/build/tactical_brain/package.xml -> /ros2_ws/install/tactical_brain/share/tactical_brain
creating /ros2_ws/install/tactical_brain/share/tactical_brain/launch
symbolically linking /ros2_ws/build/tactical_brain/launch/main.launch.py -> /ros2_ws/install/tactical_brain/share/tactical_brain/launch
