[2.230s] Invoking command in '/ros2_ws/build/tactical_brain': PYTHONPATH=/ros2_ws/build/tactical_brain/prefix_override:/usr/lib/python3/dist-packages/colcon_core/task/python/colcon_distutils_commands:/ros2_ws/install/tactical_brain/lib/python3.10/site-packages:${PYTHONPATH} /usr/bin/python3 -W ignore:setup.py install is deprecated -W ignore:easy_install command is deprecated setup.py develop --editable --build-directory /ros2_ws/build/tactical_brain/build --no-deps symlink_data
[2.630s] running develop
[2.820s] running egg_info
[2.820s] creating tactical_brain.egg-info
[2.826s] writing tactical_brain.egg-info/PKG-INFO
[2.826s] writing dependency_links to tactical_brain.egg-info/dependency_links.txt
[2.826s] writing entry points to tactical_brain.egg-info/entry_points.txt
[2.839s] writing requirements to tactical_brain.egg-info/requires.txt
[2.840s] writing top-level names to tactical_brain.egg-info/top_level.txt
[2.840s] writing manifest file 'tactical_brain.egg-info/SOURCES.txt'
[2.840s] reading manifest file 'tactical_brain.egg-info/SOURCES.txt'
[2.840s] writing manifest file 'tactical_brain.egg-info/SOURCES.txt'
[2.852s] running build_ext
[2.853s] Creating /ros2_ws/install/tactical_brain/lib/python3.10/site-packages/tactical-brain.egg-link (link to .)
[2.864s] Installing brain_node script to /ros2_ws/install/tactical_brain/lib/tactical_brain
[2.867s] Installing mock_pose_publisher script to /ros2_ws/install/tactical_brain/lib/tactical_brain
[2.868s] 
[2.868s] Installed /ros2_ws/build/tactical_brain
[2.868s] running symlink_data
[2.868s] creating /ros2_ws/install/tactical_brain/share/ament_index
[2.868s] creating /ros2_ws/install/tactical_brain/share/ament_index/resource_index
[2.868s] creating /ros2_ws/install/tactical_brain/share/ament_index/resource_index/packages
[2.871s] symbolically linking /ros2_ws/build/tactical_brain/resource/tactical_brain -> /ros2_ws/install/tactical_brain/share/ament_index/resource_index/packages
[2.872s] symbolically linking /ros2_ws/build/tactical_brain/package.xml -> /ros2_ws/install/tactical_brain/share/tactical_brain
[2.872s] creating /ros2_ws/install/tactical_brain/share/tactical_brain/launch
[2.879s] symbolically linking /ros2_ws/build/tactical_brain/launch/main.launch.py -> /ros2_ws/install/tactical_brain/share/tactical_brain/launch
[3.015s] Invoked command in '/ros2_ws/build/tactical_brain' returned '0': PYTHONPATH=/ros2_ws/build/tactical_brain/prefix_override:/usr/lib/python3/dist-packages/colcon_core/task/python/colcon_distutils_commands:/ros2_ws/install/tactical_brain/lib/python3.10/site-packages:${PYTHONPATH} /usr/bin/python3 -W ignore:setup.py install is deprecated -W ignore:easy_install command is deprecated setup.py develop --editable --build-directory /ros2_ws/build/tactical_brain/build --no-deps symlink_data
