[0.028s] Invoking command in '/ros2_ws/build/shooting': CMAKE_PREFIX_PATH=${CMAKE_PREFIX_PATH}:/ros2_ws/install/tactical_brain:/ros2_ws/install/sensor_fusion_pkg:/ros2_ws/install/icm20948_ros2:/ros2_ws/install/ai_vision:/opt/ros/humble /usr/bin/cmake --build /ros2_ws/build/shooting -- -j4 -l4
[0.138s] [ 50%] [32mBuilding CXX object CMakeFiles/shooting_node.dir/src/shooting_node.cpp.o[0m
[19.996s] [100%] [32m[1mLinking CXX executable shooting_node[0m
[21.049s] [100%] Built target shooting_node
[21.060s] Invoked command in '/ros2_ws/build/shooting' returned '0': CMAKE_PREFIX_PATH=${CMAKE_PREFIX_PATH}:/ros2_ws/install/tactical_brain:/ros2_ws/install/sensor_fusion_pkg:/ros2_ws/install/icm20948_ros2:/ros2_ws/install/ai_vision:/opt/ros/humble /usr/bin/cmake --build /ros2_ws/build/shooting -- -j4 -l4
[21.062s] Invoking command in '/ros2_ws/build/shooting': CMAKE_PREFIX_PATH=${CMAKE_PREFIX_PATH}:/ros2_ws/install/tactical_brain:/ros2_ws/install/sensor_fusion_pkg:/ros2_ws/install/icm20948_ros2:/ros2_ws/install/ai_vision:/opt/ros/humble /usr/bin/cmake --install /ros2_ws/build/shooting
[21.068s] -- Install configuration: ""
[21.069s] -- Execute custom install script
[21.069s] -- Up-to-date symlink: /ros2_ws/install/shooting/lib/shooting/shooting_node
[21.069s] -- Up-to-date symlink: /ros2_ws/install/shooting/share/shooting/launch/launch.py
[21.071s] -- Up-to-date symlink: /ros2_ws/install/shooting/share/ament_index/resource_index/package_run_dependencies/shooting
[21.071s] -- Up-to-date symlink: /ros2_ws/install/shooting/share/ament_index/resource_index/parent_prefix_path/shooting
[21.071s] -- Up-to-date symlink: /ros2_ws/install/shooting/share/shooting/environment/ament_prefix_path.sh
[21.071s] -- Up-to-date symlink: /ros2_ws/install/shooting/share/shooting/environment/ament_prefix_path.dsv
[21.071s] -- Up-to-date symlink: /ros2_ws/install/shooting/share/shooting/environment/path.sh
[21.072s] -- Up-to-date symlink: /ros2_ws/install/shooting/share/shooting/environment/path.dsv
[21.072s] -- Up-to-date symlink: /ros2_ws/install/shooting/share/shooting/local_setup.bash
[21.072s] -- Up-to-date symlink: /ros2_ws/install/shooting/share/shooting/local_setup.sh
[21.072s] -- Up-to-date symlink: /ros2_ws/install/shooting/share/shooting/local_setup.zsh
[21.072s] -- Up-to-date symlink: /ros2_ws/install/shooting/share/shooting/local_setup.dsv
[21.072s] -- Symlinking: /ros2_ws/install/shooting/share/shooting/package.dsv
[21.080s] -- Up-to-date symlink: /ros2_ws/install/shooting/share/ament_index/resource_index/packages/shooting
[21.080s] -- Up-to-date symlink: /ros2_ws/install/shooting/share/shooting/cmake/shootingConfig.cmake
[21.080s] -- Up-to-date symlink: /ros2_ws/install/shooting/share/shooting/cmake/shootingConfig-version.cmake
[21.080s] -- Up-to-date symlink: /ros2_ws/install/shooting/share/shooting/package.xml
[21.083s] Invoked command in '/ros2_ws/build/shooting' returned '0': CMAKE_PREFIX_PATH=${CMAKE_PREFIX_PATH}:/ros2_ws/install/tactical_brain:/ros2_ws/install/sensor_fusion_pkg:/ros2_ws/install/icm20948_ros2:/ros2_ws/install/ai_vision:/opt/ros/humble /usr/bin/cmake --install /ros2_ws/build/shooting
