[0.020s] Invoking command in '/ros2_ws/build/hardware': CMAKE_PREFIX_PATH=/opt/ros/humble /usr/bin/cmake --build /ros2_ws/build/hardware -- -j4 -l4
[0.052s] -- Found ament_cmake: 1.3.14 (/opt/ros/humble/share/ament_cmake/cmake)
[0.246s] [31mCMake Error at CMakeLists.txt:9 (find_package):
[0.246s]   By not providing "Findhardware_interface.cmake" in CMAKE_MODULE_PATH this
[0.246s]   project has asked CMake to find a package configuration file provided by
[0.246s]   "hardware_interface", but CMake did not find one.
[0.247s] 
[0.247s]   Could not find a package configuration file provided by
[0.247s]   "hardware_interface" with any of the following names:
[0.247s] 
[0.247s]     hardware_interfaceConfig.cmake
[0.247s]     hardware_interface-config.cmake
[0.247s] 
[0.247s]   Add the installation prefix of "hardware_interface" to CMAKE_PREFIX_PATH or
[0.247s]   set "hardware_interface_DIR" to a directory containing one of the above
[0.247s]   files.  If "hardware_interface" provides a separate development package or
[0.247s]   SDK, be sure it has been installed.
[0.247s] 
[0.247s] [0m
[0.247s] -- Configuring incomplete, errors occurred!
[0.247s] See also "/ros2_ws/build/hardware/CMakeFiles/CMakeOutput.log".
[0.254s] gmake: *** [Makefile:226: cmake_check_build_system] Error 1
[0.257s] Invoked command in '/ros2_ws/build/hardware' returned '2': CMAKE_PREFIX_PATH=/opt/ros/humble /usr/bin/cmake --build /ros2_ws/build/hardware -- -j4 -l4
