running develop
running egg_info
creating icm20948_ros2.egg-info
writing icm20948_ros2.egg-info/PKG-INFO
writing dependency_links to icm20948_ros2.egg-info/dependency_links.txt
writing entry points to icm20948_ros2.egg-info/entry_points.txt
writing requirements to icm20948_ros2.egg-info/requires.txt
writing top-level names to icm20948_ros2.egg-info/top_level.txt
writing manifest file 'icm20948_ros2.egg-info/SOURCES.txt'
reading manifest file 'icm20948_ros2.egg-info/SOURCES.txt'
writing manifest file 'icm20948_ros2.egg-info/SOURCES.txt'
running build_ext
Creating /ros2_ws/install/icm20948_ros2/lib/python3.10/site-packages/icm20948-ros2.egg-link (link to .)
Installing imu_node script to /ros2_ws/install/icm20948_ros2/lib/icm20948_ros2

Installed /ros2_ws/build/icm20948_ros2
running symlink_data
creating /ros2_ws/install/icm20948_ros2/share/ament_index
creating /ros2_ws/install/icm20948_ros2/share/ament_index/resource_index
creating /ros2_ws/install/icm20948_ros2/share/ament_index/resource_index/packages
symbolically linking /ros2_ws/build/icm20948_ros2/resource/icm20948_ros2 -> /ros2_ws/install/icm20948_ros2/share/ament_index/resource_index/packages
symbolically linking /ros2_ws/build/icm20948_ros2/package.xml -> /ros2_ws/install/icm20948_ros2/share/icm20948_ros2
creating /ros2_ws/install/icm20948_ros2/share/icm20948_ros2/launch
symbolically linking /ros2_ws/build/icm20948_ros2/launch/icm20948.launch.py -> /ros2_ws/install/icm20948_ros2/share/icm20948_ros2/launch
