[1.385s] Invoking command in '/ros2_ws/build/icm20948_ros2': PYTHONPATH=/ros2_ws/build/icm20948_ros2/prefix_override:/usr/lib/python3/dist-packages/colcon_core/task/python/colcon_distutils_commands:/ros2_ws/install/icm20948_ros2/lib/python3.10/site-packages:${PYTHONPATH} /usr/bin/python3 -W ignore:setup.py install is deprecated -W ignore:easy_install command is deprecated setup.py develop --editable --build-directory /ros2_ws/build/icm20948_ros2/build --no-deps symlink_data
[1.649s] running develop
[1.759s] running egg_info
[1.759s] creating icm20948_ros2.egg-info
[1.759s] writing icm20948_ros2.egg-info/PKG-INFO
[1.760s] writing dependency_links to icm20948_ros2.egg-info/dependency_links.txt
[1.760s] writing entry points to icm20948_ros2.egg-info/entry_points.txt
[1.760s] writing requirements to icm20948_ros2.egg-info/requires.txt
[1.760s] writing top-level names to icm20948_ros2.egg-info/top_level.txt
[1.760s] writing manifest file 'icm20948_ros2.egg-info/SOURCES.txt'
[1.762s] reading manifest file 'icm20948_ros2.egg-info/SOURCES.txt'
[1.763s] writing manifest file 'icm20948_ros2.egg-info/SOURCES.txt'
[1.765s] running build_ext
[1.765s] Creating /ros2_ws/install/icm20948_ros2/lib/python3.10/site-packages/icm20948-ros2.egg-link (link to .)
[1.766s] Installing imu_node script to /ros2_ws/install/icm20948_ros2/lib/icm20948_ros2
[1.767s] 
[1.767s] Installed /ros2_ws/build/icm20948_ros2
[1.767s] running symlink_data
[1.767s] creating /ros2_ws/install/icm20948_ros2/share/ament_index
[1.767s] creating /ros2_ws/install/icm20948_ros2/share/ament_index/resource_index
[1.767s] creating /ros2_ws/install/icm20948_ros2/share/ament_index/resource_index/packages
[1.767s] symbolically linking /ros2_ws/build/icm20948_ros2/resource/icm20948_ros2 -> /ros2_ws/install/icm20948_ros2/share/ament_index/resource_index/packages
[1.767s] symbolically linking /ros2_ws/build/icm20948_ros2/package.xml -> /ros2_ws/install/icm20948_ros2/share/icm20948_ros2
[1.767s] creating /ros2_ws/install/icm20948_ros2/share/icm20948_ros2/launch
[1.767s] symbolically linking /ros2_ws/build/icm20948_ros2/launch/icm20948.launch.py -> /ros2_ws/install/icm20948_ros2/share/icm20948_ros2/launch
[1.827s] Invoked command in '/ros2_ws/build/icm20948_ros2' returned '0': PYTHONPATH=/ros2_ws/build/icm20948_ros2/prefix_override:/usr/lib/python3/dist-packages/colcon_core/task/python/colcon_distutils_commands:/ros2_ws/install/icm20948_ros2/lib/python3.10/site-packages:${PYTHONPATH} /usr/bin/python3 -W ignore:setup.py install is deprecated -W ignore:easy_install command is deprecated setup.py develop --editable --build-directory /ros2_ws/build/icm20948_ros2/build --no-deps symlink_data
