[0.012s] Invoking command in '/ros2_ws/build/shooting': /usr/bin/cmake --build /ros2_ws/build/shooting -- -j4 -l4
[0.079s] [ 50%] Building CXX object CMakeFiles/shooting_node.dir/src/shooting_node.cpp.o
[16.658s] [100%] Linking CXX executable shooting_node
[17.778s] [100%] Built target shooting_node
[17.793s] Invoked command in '/ros2_ws/build/shooting' returned '0': /usr/bin/cmake --build /ros2_ws/build/shooting -- -j4 -l4
[17.805s] Invoking command in '/ros2_ws/build/shooting': /usr/bin/cmake --install /ros2_ws/build/shooting
[17.812s] -- Install configuration: ""
[17.813s] -- Execute custom install script
[17.813s] -- Up-to-date symlink: /ros2_ws/install/shooting/lib/shooting/shooting_node
[17.813s] -- Up-to-date symlink: /ros2_ws/install/shooting/share/shooting/launch/launch.py
[17.814s] -- Up-to-date symlink: /ros2_ws/install/shooting/share/ament_index/resource_index/package_run_dependencies/shooting
[17.815s] -- Up-to-date symlink: /ros2_ws/install/shooting/share/ament_index/resource_index/parent_prefix_path/shooting
[17.815s] -- Up-to-date symlink: /ros2_ws/install/shooting/share/shooting/environment/ament_prefix_path.sh
[17.815s] -- Up-to-date symlink: /ros2_ws/install/shooting/share/shooting/environment/ament_prefix_path.dsv
[17.816s] -- Up-to-date symlink: /ros2_ws/install/shooting/share/shooting/environment/path.sh
[17.816s] -- Up-to-date symlink: /ros2_ws/install/shooting/share/shooting/environment/path.dsv
[17.816s] -- Up-to-date symlink: /ros2_ws/install/shooting/share/shooting/local_setup.bash
[17.816s] -- Up-to-date symlink: /ros2_ws/install/shooting/share/shooting/local_setup.sh
[17.816s] -- Up-to-date symlink: /ros2_ws/install/shooting/share/shooting/local_setup.zsh
[17.816s] -- Up-to-date symlink: /ros2_ws/install/shooting/share/shooting/local_setup.dsv
[17.817s] -- Symlinking: /ros2_ws/install/shooting/share/shooting/package.dsv
[17.827s] -- Up-to-date symlink: /ros2_ws/install/shooting/share/ament_index/resource_index/packages/shooting
[17.827s] -- Up-to-date symlink: /ros2_ws/install/shooting/share/shooting/cmake/shootingConfig.cmake
[17.827s] -- Up-to-date symlink: /ros2_ws/install/shooting/share/shooting/cmake/shootingConfig-version.cmake
[17.829s] -- Up-to-date symlink: /ros2_ws/install/shooting/share/shooting/package.xml
[17.830s] Invoked command in '/ros2_ws/build/shooting' returned '0': /usr/bin/cmake --install /ros2_ws/build/shooting
