[0.017s] Invoking command in '/ros2_ws/build/localization': AMENT_PREFIX_PATH=/ros2_ws/install/ydlidar_ros2_driver:${AMENT_PREFIX_PATH} CMAKE_PREFIX_PATH=/ros2_ws/install/ydlidar_ros2_driver:/ros2_ws/install/robot_description:/ros2_ws/install/hardware:/opt/ros/humble /usr/bin/cmake /ros2_ws/src/localization -DAMENT_CMAKE_SYMLINK_INSTALL=1 -DCMAKE_INSTALL_PREFIX=/ros2_ws/install/localization
[0.103s] -- The C compiler identification is GNU 11.4.0
[0.186s] -- The CXX compiler identification is GNU 11.4.0
[0.199s] -- Detecting C compiler ABI info
[0.285s] -- Detecting C compiler ABI info - done
[0.296s] -- Check for working C compiler: /usr/bin/cc - skipped
[0.297s] -- Detecting C compile features
[0.298s] -- Detecting C compile features - done
[0.303s] -- Detecting CXX compiler ABI info
[0.408s] -- Detecting CXX compiler ABI info - done
[0.423s] -- Check for working CXX compiler: /usr/bin/c++ - skipped
[0.423s] -- Detecting CXX compile features
[0.425s] -- Detecting CXX compile features - done
[0.442s] -- Found ament_cmake: 1.3.14 (/opt/ros/humble/share/ament_cmake/cmake)
[0.645s] -- Found Python3: /usr/bin/python3 (found version "3.10.12") found components: Interpreter 
[0.754s] -- Override CMake install command with custom implementation using symlinks instead of copying resources
[0.807s] -- Found tf2_ros: 0.25.20 (/opt/ros/humble/share/tf2_ros/cmake)
[0.880s] -- Found rosidl_generator_c: 3.1.8 (/opt/ros/humble/share/rosidl_generator_c/cmake)
[0.890s] -- Found rosidl_adapter: 3.1.8 (/opt/ros/humble/share/rosidl_adapter/cmake)
[0.907s] -- Found rosidl_generator_cpp: 3.1.8 (/opt/ros/humble/share/rosidl_generator_cpp/cmake)
[0.923s] -- Using all available rosidl_typesupport_c: rosidl_typesupport_fastrtps_c;rosidl_typesupport_introspection_c
[0.951s] -- Using all available rosidl_typesupport_cpp: rosidl_typesupport_fastrtps_cpp;rosidl_typesupport_introspection_cpp
[1.076s] -- Found rmw_implementation_cmake: 6.1.2 (/opt/ros/humble/share/rmw_implementation_cmake/cmake)
[1.081s] -- Found rmw_fastrtps_cpp: 6.2.10 (/opt/ros/humble/share/rmw_fastrtps_cpp/cmake)
[1.183s] -- Found OpenSSL: /usr/lib/aarch64-linux-gnu/libcrypto.so (found version "3.0.2")  
[1.221s] -- Found FastRTPS: /opt/ros/humble/include  
[1.281s] -- Using RMW implementation 'rmw_fastrtps_cpp' as default
[1.297s] -- Looking for pthread.h
[1.418s] -- Looking for pthread.h - found
[1.418s] -- Performing Test CMAKE_HAVE_LIBC_PTHREAD
[1.535s] -- Performing Test CMAKE_HAVE_LIBC_PTHREAD - Success
[1.537s] -- Found Threads: TRUE  
[1.774s] -- Found ament_lint_auto: 0.12.15 (/opt/ros/humble/share/ament_lint_auto/cmake)
[1.926s] -- Added test 'flake8' to check Python code syntax and style conventions
[1.926s] -- Added test 'lint_cmake' to check CMake code style
[1.927s] -- Added test 'pep257' to check Python code against some of the docstring style conventions in PEP 257
[1.929s] -- Added test 'xmllint' to check XML markup files
[1.931s] -- Configuring done
[1.940s] -- Generating done
[1.942s] -- Build files have been written to: /ros2_ws/build/localization
[1.969s] Invoked command in '/ros2_ws/build/localization' returned '0': AMENT_PREFIX_PATH=/ros2_ws/install/ydlidar_ros2_driver:${AMENT_PREFIX_PATH} CMAKE_PREFIX_PATH=/ros2_ws/install/ydlidar_ros2_driver:/ros2_ws/install/robot_description:/ros2_ws/install/hardware:/opt/ros/humble /usr/bin/cmake /ros2_ws/src/localization -DAMENT_CMAKE_SYMLINK_INSTALL=1 -DCMAKE_INSTALL_PREFIX=/ros2_ws/install/localization
[1.971s] Invoking command in '/ros2_ws/build/localization': AMENT_PREFIX_PATH=/ros2_ws/install/ydlidar_ros2_driver:${AMENT_PREFIX_PATH} CMAKE_PREFIX_PATH=/ros2_ws/install/ydlidar_ros2_driver:/ros2_ws/install/robot_description:/ros2_ws/install/hardware:/opt/ros/humble /usr/bin/cmake --build /ros2_ws/build/localization -- -j4 -l4
[2.021s] Invoked command in '/ros2_ws/build/localization' returned '0': AMENT_PREFIX_PATH=/ros2_ws/install/ydlidar_ros2_driver:${AMENT_PREFIX_PATH} CMAKE_PREFIX_PATH=/ros2_ws/install/ydlidar_ros2_driver:/ros2_ws/install/robot_description:/ros2_ws/install/hardware:/opt/ros/humble /usr/bin/cmake --build /ros2_ws/build/localization -- -j4 -l4
[2.031s] Invoking command in '/ros2_ws/build/localization': AMENT_PREFIX_PATH=/ros2_ws/install/ydlidar_ros2_driver:${AMENT_PREFIX_PATH} CMAKE_PREFIX_PATH=/ros2_ws/install/ydlidar_ros2_driver:/ros2_ws/install/robot_description:/ros2_ws/install/hardware:/opt/ros/humble /usr/bin/cmake --install /ros2_ws/build/localization
[2.036s] -- Install configuration: ""
[2.041s] -- Execute custom install script
[2.042s] -- Symlinking: /ros2_ws/install/localization/share/localization/config/lidar.yaml
[2.057s] -- Symlinking: /ros2_ws/install/localization/share/localization/config/slam.yaml
[2.069s] -- Symlinking: /ros2_ws/install/localization/share/localization/launch/launch.py
[2.080s] -- Symlinking: /ros2_ws/install/localization/share/ament_index/resource_index/package_run_dependencies/localization
[2.089s] -- Symlinking: /ros2_ws/install/localization/share/ament_index/resource_index/parent_prefix_path/localization
[2.103s] -- Symlinking: /ros2_ws/install/localization/share/localization/environment/ament_prefix_path.sh
[2.116s] -- Symlinking: /ros2_ws/install/localization/share/localization/environment/ament_prefix_path.dsv
[2.127s] -- Symlinking: /ros2_ws/install/localization/share/localization/environment/path.sh
[2.141s] -- Symlinking: /ros2_ws/install/localization/share/localization/environment/path.dsv
[2.149s] -- Symlinking: /ros2_ws/install/localization/share/localization/local_setup.bash
[2.160s] -- Symlinking: /ros2_ws/install/localization/share/localization/local_setup.sh
[2.176s] -- Symlinking: /ros2_ws/install/localization/share/localization/local_setup.zsh
[2.185s] -- Symlinking: /ros2_ws/install/localization/share/localization/local_setup.dsv
[2.198s] -- Symlinking: /ros2_ws/install/localization/share/localization/package.dsv
[2.208s] -- Symlinking: /ros2_ws/install/localization/share/ament_index/resource_index/packages/localization
[2.216s] -- Symlinking: /ros2_ws/install/localization/share/localization/cmake/localizationConfig.cmake
[2.231s] -- Symlinking: /ros2_ws/install/localization/share/localization/cmake/localizationConfig-version.cmake
[2.247s] -- Symlinking: /ros2_ws/install/localization/share/localization/package.xml
[2.258s] Invoked command in '/ros2_ws/build/localization' returned '0': AMENT_PREFIX_PATH=/ros2_ws/install/ydlidar_ros2_driver:${AMENT_PREFIX_PATH} CMAKE_PREFIX_PATH=/ros2_ws/install/ydlidar_ros2_driver:/ros2_ws/install/robot_description:/ros2_ws/install/hardware:/opt/ros/humble /usr/bin/cmake --install /ros2_ws/build/localization
