[0.098s] Invoking command in '/ros2_ws/build/telemetry_data': CMAKE_PREFIX_PATH=${CMAKE_PREFIX_PATH}:/ros2_ws/install/tactical_brain:/ros2_ws/install/sensor_fusion_pkg:/ros2_ws/install/icm20948_ros2:/ros2_ws/install/ai_vision:/opt/ros/humble /usr/bin/cmake --build /ros2_ws/build/telemetry_data -- -j4 -l4
[1.037s] [35m[1mConsolidate compiler generated dependencies of target telegraf_bridge[0m
[1.543s] [100%] Built target telegraf_bridge
[2.056s] Invoked command in '/ros2_ws/build/telemetry_data' returned '0': CMAKE_PREFIX_PATH=${CMAKE_PREFIX_PATH}:/ros2_ws/install/tactical_brain:/ros2_ws/install/sensor_fusion_pkg:/ros2_ws/install/icm20948_ros2:/ros2_ws/install/ai_vision:/opt/ros/humble /usr/bin/cmake --build /ros2_ws/build/telemetry_data -- -j4 -l4
[2.072s] Invoking command in '/ros2_ws/build/telemetry_data': CMAKE_PREFIX_PATH=${CMAKE_PREFIX_PATH}:/ros2_ws/install/tactical_brain:/ros2_ws/install/sensor_fusion_pkg:/ros2_ws/install/icm20948_ros2:/ros2_ws/install/ai_vision:/opt/ros/humble /usr/bin/cmake --install /ros2_ws/build/telemetry_data
[2.174s] -- Install configuration: ""
[2.223s] -- Execute custom install script
[2.232s] -- Up-to-date symlink: /ros2_ws/install/telemetry_data/lib/telemetry_data/telegraf_bridge
[2.242s] -- Up-to-date symlink: /ros2_ws/install/telemetry_data/share/telemetry_data/launch/launch.py
[2.264s] -- Up-to-date symlink: /ros2_ws/install/telemetry_data/share/ament_index/resource_index/package_run_dependencies/telemetry_data
[2.264s] -- Up-to-date symlink: /ros2_ws/install/telemetry_data/share/ament_index/resource_index/parent_prefix_path/telemetry_data
[2.264s] -- Up-to-date symlink: /ros2_ws/install/telemetry_data/share/telemetry_data/environment/ament_prefix_path.sh
[2.265s] -- Up-to-date symlink: /ros2_ws/install/telemetry_data/share/telemetry_data/environment/ament_prefix_path.dsv
[2.265s] -- Up-to-date symlink: /ros2_ws/install/telemetry_data/share/telemetry_data/environment/path.sh
[2.265s] -- Up-to-date symlink: /ros2_ws/install/telemetry_data/share/telemetry_data/environment/path.dsv
[2.265s] -- Up-to-date symlink: /ros2_ws/install/telemetry_data/share/telemetry_data/local_setup.bash
[2.265s] -- Up-to-date symlink: /ros2_ws/install/telemetry_data/share/telemetry_data/local_setup.sh
[2.272s] -- Up-to-date symlink: /ros2_ws/install/telemetry_data/share/telemetry_data/local_setup.zsh
[2.272s] -- Up-to-date symlink: /ros2_ws/install/telemetry_data/share/telemetry_data/local_setup.dsv
[2.272s] -- Symlinking: /ros2_ws/install/telemetry_data/share/telemetry_data/package.dsv
[2.393s] -- Up-to-date symlink: /ros2_ws/install/telemetry_data/share/ament_index/resource_index/packages/telemetry_data
[2.393s] -- Up-to-date symlink: /ros2_ws/install/telemetry_data/share/telemetry_data/cmake/telemetry_dataConfig.cmake
[2.393s] -- Up-to-date symlink: /ros2_ws/install/telemetry_data/share/telemetry_data/cmake/telemetry_dataConfig-version.cmake
[2.408s] -- Up-to-date symlink: /ros2_ws/install/telemetry_data/share/telemetry_data/package.xml
[2.440s] Invoked command in '/ros2_ws/build/telemetry_data' returned '0': CMAKE_PREFIX_PATH=${CMAKE_PREFIX_PATH}:/ros2_ws/install/tactical_brain:/ros2_ws/install/sensor_fusion_pkg:/ros2_ws/install/icm20948_ros2:/ros2_ws/install/ai_vision:/opt/ros/humble /usr/bin/cmake --install /ros2_ws/build/telemetry_data
