[0.000000] (-) TimerEvent: {}
[0.000094] (-) JobUnselected: {'identifier': 'ai_vision'}
[0.000126] (-) JobUnselected: {'identifier': 'foxglove'}
[0.000149] (-) JobUnselected: {'identifier': 'hardware'}
[0.000168] (-) JobUnselected: {'identifier': 'icm20948_ros2'}
[0.000185] (-) JobUnselected: {'identifier': 'localization'}
[0.000203] (-) JobUnselected: {'identifier': 'main_brain'}
[0.000220] (-) JobUnselected: {'identifier': 'navigation'}
[0.000237] (-) JobUnselected: {'identifier': 'rf2o_laser_odometry'}
[0.000254] (-) JobUnselected: {'identifier': 'robot_bringup'}
[0.000287] (-) JobUnselected: {'identifier': 'robot_description'}
[0.000344] (-) JobUnselected: {'identifier': 'shooting'}
[0.000391] (-) JobUnselected: {'identifier': 'tactical_brain'}
[0.000424] (-) JobUnselected: {'identifier': 'telemetry_data'}
[0.000442] (-) JobUnselected: {'identifier': 'ydlidar_ros2_driver'}
[0.000461] (sensor_fusion_pkg) JobQueued: {'identifier': 'sensor_fusion_pkg', 'dependencies': OrderedDict()}
[0.002856] (sensor_fusion_pkg) JobStarted: {'identifier': 'sensor_fusion_pkg'}
[0.099543] (-) TimerEvent: {}
[0.199808] (-) TimerEvent: {}
[0.303706] (-) TimerEvent: {}
[0.403918] (-) TimerEvent: {}
[0.504124] (-) TimerEvent: {}
[0.605299] (-) TimerEvent: {}
[0.705843] (-) TimerEvent: {}
[0.806980] (-) TimerEvent: {}
[0.907185] (-) TimerEvent: {}
[1.007691] (-) TimerEvent: {}
[1.108716] (-) TimerEvent: {}
[1.208928] (-) TimerEvent: {}
[1.309285] (-) TimerEvent: {}
[1.410656] (-) TimerEvent: {}
[1.511275] (-) TimerEvent: {}
[1.611702] (-) TimerEvent: {}
[1.713674] (-) TimerEvent: {}
[1.813926] (-) TimerEvent: {}
[1.914299] (-) TimerEvent: {}
[2.014615] (-) TimerEvent: {}
[2.115214] (-) TimerEvent: {}
[2.215445] (-) TimerEvent: {}
[2.301724] (sensor_fusion_pkg) Command: {'cmd': ['/usr/bin/python3', '-W', 'ignore:setup.py install is deprecated', '-W', 'ignore:easy_install command is deprecated', 'setup.py', 'develop', '--editable', '--build-directory', '/ros2_ws/build/sensor_fusion_pkg/build', '--no-deps', 'symlink_data'], 'cwd': '/ros2_ws/build/sensor_fusion_pkg', 'env': {'HOSTNAME': 'yahav', 'GRID_N': '2000', 'SHLVL': '0', 'LD_LIBRARY_PATH': '/opt/ros/humble/opt/rviz_ogre_vendor/lib:/opt/ros/humble/lib/aarch64-linux-gnu:/opt/ros/humble/lib', 'HOME': '/root', 'MY_TEAM_IDX': '0', 'PYTHONUNBUFFERED': '1', 'ROS_PYTHON_VERSION': '3', 'ROS_DISTRO': 'humble', '_': '/usr/bin/colcon', 'ROS_VERSION': '2', 'ROS_LOCALHOST_ONLY': '0', 'PATH': '/opt/ros/humble/bin:/usr/local/sbin:/usr/local/bin:/usr/sbin:/usr/bin:/sbin:/bin', 'DISPLAY': '', 'LANG': 'C.UTF-8', 'ROS_DOMAIN_ID': '0', 'AMENT_PREFIX_PATH': '/opt/ros/humble', 'ROBOT_ID': '8', 'ARENA_SIZE_METERS': '2.0', 'PWD': '/ros2_ws/build/sensor_fusion_pkg', 'LC_ALL': 'C.UTF-8', 'PYTHONPATH': '/ros2_ws/build/sensor_fusion_pkg/prefix_override:/usr/lib/python3/dist-packages/colcon_core/task/python/colcon_distutils_commands:/ros2_ws/install/sensor_fusion_pkg/lib/python3.10/site-packages:/opt/ros/humble/lib/python3.10/site-packages:/opt/ros/humble/local/lib/python3.10/dist-packages', 'COLCON': '1'}, 'shell': False}
[2.315559] (-) TimerEvent: {}
[2.416256] (-) TimerEvent: {}
[2.516649] (-) TimerEvent: {}
[2.617020] (-) TimerEvent: {}
[2.717369] (-) TimerEvent: {}
[2.819741] (-) TimerEvent: {}
[2.872261] (sensor_fusion_pkg) StdoutLine: {'line': b'running develop\n'}
[2.919812] (-) TimerEvent: {}
[3.020872] (-) TimerEvent: {}
[3.121450] (-) TimerEvent: {}
[3.144296] (sensor_fusion_pkg) StdoutLine: {'line': b'running egg_info\n'}
[3.144496] (sensor_fusion_pkg) StdoutLine: {'line': b'writing sensor_fusion_pkg.egg-info/PKG-INFO\n'}
[3.144601] (sensor_fusion_pkg) StdoutLine: {'line': b'writing dependency_links to sensor_fusion_pkg.egg-info/dependency_links.txt\n'}
[3.147607] (sensor_fusion_pkg) StdoutLine: {'line': b'writing entry points to sensor_fusion_pkg.egg-info/entry_points.txt\n'}
[3.147904] (sensor_fusion_pkg) StdoutLine: {'line': b'writing requirements to sensor_fusion_pkg.egg-info/requires.txt\n'}
[3.147981] (sensor_fusion_pkg) StdoutLine: {'line': b'writing top-level names to sensor_fusion_pkg.egg-info/top_level.txt\n'}
[3.153594] (sensor_fusion_pkg) StdoutLine: {'line': b"reading manifest file 'sensor_fusion_pkg.egg-info/SOURCES.txt'\n"}
[3.157564] (sensor_fusion_pkg) StdoutLine: {'line': b"writing manifest file 'sensor_fusion_pkg.egg-info/SOURCES.txt'\n"}
[3.159640] (sensor_fusion_pkg) StdoutLine: {'line': b'running build_ext\n'}
[3.160320] (sensor_fusion_pkg) StdoutLine: {'line': b'Creating /ros2_ws/install/sensor_fusion_pkg/lib/python3.10/site-packages/sensor-fusion-pkg.egg-link (link to .)\n'}
[3.162163] (sensor_fusion_pkg) StdoutLine: {'line': b'Installing sensor_fusion_node script to /ros2_ws/install/sensor_fusion_pkg/lib/sensor_fusion_pkg\n'}
[3.162855] (sensor_fusion_pkg) StdoutLine: {'line': b'\n'}
[3.163018] (sensor_fusion_pkg) StdoutLine: {'line': b'Installed /ros2_ws/build/sensor_fusion_pkg\n'}
[3.163152] (sensor_fusion_pkg) StdoutLine: {'line': b'running symlink_data\n'}
[3.222022] (-) TimerEvent: {}
[3.310801] (sensor_fusion_pkg) CommandEnded: {'returncode': 0}
[3.323132] (-) TimerEvent: {}
[3.364816] (sensor_fusion_pkg) JobEnded: {'identifier': 'sensor_fusion_pkg', 'rc': 0}
[3.367404] (-) EventReactorShutdown: {}
