[0.034s] Invoking command in '/ros2_ws/build/shooting': CMAKE_PREFIX_PATH=${CMAKE_PREFIX_PATH}:/ros2_ws/install/tactical_brain:/ros2_ws/install/sensor_fusion_pkg:/ros2_ws/install/icm20948_ros2:/opt/ros/humble /usr/bin/cmake --build /ros2_ws/build/shooting -- -j4 -l4
[0.151s] -- Found ament_cmake: 1.3.14 (/opt/ros/humble/share/ament_cmake/cmake)
[0.387s] -- Override CMake install command with custom implementation using symlinks instead of copying resources
[0.414s] -- Found rclcpp: 16.0.19 (/opt/ros/humble/share/rclcpp/cmake)
[0.471s] -- Found rosidl_generator_c: 3.1.8 (/opt/ros/humble/share/rosidl_generator_c/cmake)
[0.475s] -- Found rosidl_adapter: 3.1.8 (/opt/ros/humble/share/rosidl_adapter/cmake)
[0.484s] -- Found rosidl_generator_cpp: 3.1.8 (/opt/ros/humble/share/rosidl_generator_cpp/cmake)
[0.538s] -- Using all available rosidl_typesupport_c: rosidl_typesupport_fastrtps_c;rosidl_typesupport_introspection_c
[0.561s] -- Using all available rosidl_typesupport_cpp: rosidl_typesupport_fastrtps_cpp;rosidl_typesupport_introspection_cpp
[0.618s] -- Found rmw_implementation_cmake: 6.1.2 (/opt/ros/humble/share/rmw_implementation_cmake/cmake)
[0.620s] -- Found rmw_fastrtps_cpp: 6.2.10 (/opt/ros/humble/share/rmw_fastrtps_cpp/cmake)
[0.831s] -- Using RMW implementation 'rmw_fastrtps_cpp' as default
[0.908s] -- Found std_srvs: 4.9.1 (/opt/ros/humble/share/std_srvs/cmake)
[0.934s] -- Found ament_lint_auto: 0.12.15 (/opt/ros/humble/share/ament_lint_auto/cmake)
[1.091s] -- Added test 'cppcheck' to perform static code analysis on C / C++ code
[1.091s] -- Configured cppcheck include dirs: $<BUILD_INTERFACE:/ros2_ws/src/shooting/include>
[1.092s] -- Configured cppcheck exclude dirs and/or files: 
[1.092s] -- Added test 'flake8' to check Python code syntax and style conventions
[1.094s] -- Added test 'lint_cmake' to check CMake code style
[1.095s] -- Added test 'pep257' to check Python code against some of the docstring style conventions in PEP 257
[1.096s] -- Added test 'uncrustify' to check C / C++ code style
[1.098s] -- Configured uncrustify additional arguments: 
[1.099s] -- Added test 'xmllint' to check XML markup files
[1.104s] -- Configuring done
[1.139s] -- Generating done
[1.151s] -- Build files have been written to: /ros2_ws/build/shooting
[1.190s] [35m[1mConsolidate compiler generated dependencies of target shooting_node[0m
[1.213s] [ 50%] [32mBuilding CXX object CMakeFiles/shooting_node.dir/src/shooting_node.cpp.o[0m
[13.643s] [100%] [32m[1mLinking CXX executable shooting_node[0m
[14.558s] [100%] Built target shooting_node
