[0.083s] Invoking command in '/ros2_ws/build/hardware': CMAKE_PREFIX_PATH=${CMAKE_PREFIX_PATH}:/ros2_ws/install/tactical_brain:/ros2_ws/install/sensor_fusion_pkg:/ros2_ws/install/icm20948_ros2:/ros2_ws/install/ai_vision:/opt/ros/humble /usr/bin/cmake --build /ros2_ws/build/hardware -- -j4 -l4
[0.816s] [ 33%] Built target twist_to_ackermann
[0.835s] [ 50%] [32mBuilding CXX object CMakeFiles/motor_driver.dir/src/motor_driver.cpp.o[0m
[0.850s] [ 83%] Built target heading_pid_controller
[7.479s] In file included from [01m[K/opt/ros/humble/include/rclcpp/rclcpp/logging.hpp:24[m[K,
[7.482s]                  from [01m[K/opt/ros/humble/include/rclcpp/rclcpp/client.hpp:40[m[K,
[7.482s]                  from [01m[K/opt/ros/humble/include/rclcpp/rclcpp/callback_group.hpp:24[m[K,
[7.483s]                  from [01m[K/opt/ros/humble/include/rclcpp/rclcpp/any_executable.hpp:20[m[K,
[7.483s]                  from [01m[K/opt/ros/humble/include/rclcpp/rclcpp/memory_strategy.hpp:25[m[K,
[7.483s]                  from [01m[K/opt/ros/humble/include/rclcpp/rclcpp/memory_strategies.hpp:18[m[K,
[7.483s]                  from [01m[K/opt/ros/humble/include/rclcpp/rclcpp/executor_options.hpp:20[m[K,
[7.483s]                  from [01m[K/opt/ros/humble/include/rclcpp/rclcpp/executor.hpp:37[m[K,
[7.483s]                  from [01m[K/opt/ros/humble/include/rclcpp/rclcpp/executors/multi_threaded_executor.hpp:25[m[K,
[7.483s]                  from [01m[K/opt/ros/humble/include/rclcpp/rclcpp/executors.hpp:21[m[K,
[7.483s]                  from [01m[K/opt/ros/humble/include/rclcpp/rclcpp/rclcpp.hpp:155[m[K,
[7.483s]                  from [01m[K/ros2_ws/src/hardware/include/hardware/motor_driver.hpp:9[m[K,
[7.483s]                  from [01m[K/ros2_ws/src/hardware/src/motor_driver.cpp:1[m[K:
[7.483s] [01m[K/ros2_ws/src/hardware/src/motor_driver.cpp:[m[K In member function ‘[01m[Kvirtual hardware_interface::return_type motor_driver::MotorDriver::write(const rclcpp::Time&, const rclcpp::Duration&)[m[K’:
[7.483s] [01m[K/ros2_ws/src/hardware/src/motor_driver.cpp:528:57:[m[K [01;35m[Kwarning: [m[Kformat ‘[01m[K%d[m[K’ expects argument of type ‘[01m[Kint[m[K’, but argument 6 has type ‘[01m[Kstd::vector<motor_driver::MotorDriver::ServoTarget>::size_type[m[K’ {aka ‘[01m[Klong unsigned int[m[K’} [[01;35m[K-Wformat=[m[K]
[7.483s]   528 |         RCLCPP_WARN(rclcpp::get_logger("motor_driver"), [01;35m[K"Steering serial: fd is invalid (%d) or active servos is empty (%d)"[m[K, this->serial_fd_, [32m[Kthis->active_servos_.size()[m[K);
[7.483s]       |                                                         [01;35m[K^~~~~~~~~~~~~~~~~~~~~~~~~~~~~~~~~~~~~~~~~~~~~~~~~~~~~~~~~~~~~~~~~~~~[m[K                    [32m[K~~~~~~~~~~~~~~~~~~~~~~~~~~~[m[K
[7.484s]       |                                                                                                                                                                          [32m[K|[m[K
[7.484s]       |                                                                                                                                                                          [32m[Kstd::vector<motor_driver::MotorDriver::ServoTarget>::size_type {aka long unsigned int}[m[K
[7.484s] [01m[K/ros2_ws/src/hardware/src/motor_driver.cpp:528:122:[m[K [01;36m[Knote: [m[Kformat string is defined here
[7.484s]   528 | LCPP_WARN(rclcpp::get_logger("motor_driver"), "Steering serial: fd is invalid (%d) or active servos is empty ([01;36m[K%d[m[K)", this->serial_fd_, this->active_servos_.size());
[7.490s]       |                                                                                                               [01;36m[K~^[m[K
[7.490s]       |                                                                                                                [01;36m[K|[m[K
[7.490s]       |                                                                                                                [01;36m[Kint[m[K
[7.490s]       |                                                                                                               [32m[K%ld[m[K
[24.640s] [100%] [32m[1mLinking CXX shared library libmotor_driver.so[0m
[26.307s] [100%] Built target motor_driver
[26.326s] Invoked command in '/ros2_ws/build/hardware' returned '0': CMAKE_PREFIX_PATH=${CMAKE_PREFIX_PATH}:/ros2_ws/install/tactical_brain:/ros2_ws/install/sensor_fusion_pkg:/ros2_ws/install/icm20948_ros2:/ros2_ws/install/ai_vision:/opt/ros/humble /usr/bin/cmake --build /ros2_ws/build/hardware -- -j4 -l4
[26.328s] Invoking command in '/ros2_ws/build/hardware': CMAKE_PREFIX_PATH=${CMAKE_PREFIX_PATH}:/ros2_ws/install/tactical_brain:/ros2_ws/install/sensor_fusion_pkg:/ros2_ws/install/icm20948_ros2:/ros2_ws/install/ai_vision:/opt/ros/humble /usr/bin/cmake --install /ros2_ws/build/hardware
[26.338s] -- Install configuration: ""
[26.338s] -- Execute custom install script
[26.338s] -- Up-to-date symlink: /ros2_ws/install/hardware/share/hardware//hardware_interface_plugins.xml
[26.338s] -- Up-to-date symlink: /ros2_ws/install/hardware/lib/libmotor_driver.so
[26.339s] -- Up-to-date symlink: /ros2_ws/install/hardware/lib/hardware/twist_to_ackermann
[26.339s] -- Up-to-date symlink: /ros2_ws/install/hardware/lib/hardware/heading_pid_controller
[26.340s] -- Up-to-date symlink: /ros2_ws/install/hardware/share/hardware/config/ackermann_steering_controller.yaml
[26.342s] -- Up-to-date symlink: /ros2_ws/install/hardware/share/hardware/config/controller_manager.yaml
[26.342s] -- Up-to-date symlink: /ros2_ws/install/hardware/share/hardware/config/joint_state_broadcaster.yaml
[26.343s] -- Up-to-date symlink: /ros2_ws/install/hardware/share/hardware/config/pid_params.yaml
[26.343s] -- Up-to-date symlink: /ros2_ws/install/hardware/share/hardware/config/ackermann_steering_controller.yaml
[26.343s] -- Up-to-date symlink: /ros2_ws/install/hardware/share/hardware/config/controller_manager.yaml
[26.343s] -- Up-to-date symlink: /ros2_ws/install/hardware/share/hardware/config/joint_state_broadcaster.yaml
[26.343s] -- Up-to-date symlink: /ros2_ws/install/hardware/share/hardware/config/pid_params.yaml
[26.343s] -- Up-to-date symlink: /ros2_ws/install/hardware/share/hardware/launch/launch.py
[26.343s] -- Up-to-date symlink: /ros2_ws/install/hardware/share/hardware/ros2_control.xacro
[26.344s] -- Up-to-date symlink: /ros2_ws/install/hardware/share/hardware/hardware_interface_plugins.xml
[26.344s] -- Up-to-date symlink: /ros2_ws/install/hardware/share/ament_index/resource_index/package_run_dependencies/hardware
[26.344s] -- Up-to-date symlink: /ros2_ws/install/hardware/share/ament_index/resource_index/parent_prefix_path/hardware
[26.344s] -- Up-to-date symlink: /ros2_ws/install/hardware/share/hardware/environment/ament_prefix_path.sh
[26.344s] -- Up-to-date symlink: /ros2_ws/install/hardware/share/hardware/environment/ament_prefix_path.dsv
[26.344s] -- Up-to-date symlink: /ros2_ws/install/hardware/share/hardware/environment/path.sh
[26.344s] -- Up-to-date symlink: /ros2_ws/install/hardware/share/hardware/environment/path.dsv
[26.344s] -- Up-to-date symlink: /ros2_ws/install/hardware/share/hardware/local_setup.bash
[26.344s] -- Up-to-date symlink: /ros2_ws/install/hardware/share/hardware/local_setup.sh
[26.345s] -- Up-to-date symlink: /ros2_ws/install/hardware/share/hardware/local_setup.zsh
[26.345s] -- Up-to-date symlink: /ros2_ws/install/hardware/share/hardware/local_setup.dsv
[26.345s] -- Symlinking: /ros2_ws/install/hardware/share/hardware/package.dsv
[26.356s] -- Up-to-date symlink: /ros2_ws/install/hardware/share/ament_index/resource_index/packages/hardware
[26.356s] -- Up-to-date symlink: /ros2_ws/install/hardware/share/ament_index/resource_index/hardware_interface__pluginlib__plugin/hardware
[26.357s] -- Up-to-date symlink: /ros2_ws/install/hardware/share/hardware/cmake/hardwareConfig.cmake
[26.357s] -- Up-to-date symlink: /ros2_ws/install/hardware/share/hardware/cmake/hardwareConfig-version.cmake
[26.357s] -- Up-to-date symlink: /ros2_ws/install/hardware/share/hardware/package.xml
[26.367s] Invoked command in '/ros2_ws/build/hardware' returned '0': CMAKE_PREFIX_PATH=${CMAKE_PREFIX_PATH}:/ros2_ws/install/tactical_brain:/ros2_ws/install/sensor_fusion_pkg:/ros2_ws/install/icm20948_ros2:/ros2_ws/install/ai_vision:/opt/ros/humble /usr/bin/cmake --install /ros2_ws/build/hardware
