-- The C compiler identification is GNU 11.4.0
-- The CXX compiler identification is GNU 11.4.0
-- Detecting C compiler ABI info
-- Detecting C compiler ABI info - done
-- Check for working C compiler: /usr/bin/cc - skipped
-- Detecting C compile features
-- Detecting C compile features - done
-- Detecting CXX compiler ABI info
-- Detecting CXX compiler ABI info - done
-- Check for working CXX compiler: /usr/bin/c++ - skipped
-- Detecting CXX compile features
-- Detecting CXX compile features - done
-- Found ament_cmake: 1.3.14 (/opt/ros/humble/share/ament_cmake/cmake)
-- Found Python3: /usr/bin/python3 (found version "3.10.12") found components: Interpreter 
-- Override CMake install command with custom implementation using symlinks instead of copying resources
-- Found rclcpp: 16.0.19 (/opt/ros/humble/share/rclcpp/cmake)
-- Found rosidl_generator_c: 3.1.8 (/opt/ros/humble/share/rosidl_generator_c/cmake)
-- Found rosidl_adapter: 3.1.8 (/opt/ros/humble/share/rosidl_adapter/cmake)
-- Found rosidl_generator_cpp: 3.1.8 (/opt/ros/humble/share/rosidl_generator_cpp/cmake)
-- Using all available rosidl_typesupport_c: rosidl_typesupport_fastrtps_c;rosidl_typesupport_introspection_c
-- Using all available rosidl_typesupport_cpp: rosidl_typesupport_fastrtps_cpp;rosidl_typesupport_introspection_cpp
-- Found rmw_implementation_cmake: 6.1.2 (/opt/ros/humble/share/rmw_implementation_cmake/cmake)
-- Found rmw_fastrtps_cpp: 6.2.10 (/opt/ros/humble/share/rmw_fastrtps_cpp/cmake)
-- Found OpenSSL: /usr/lib/aarch64-linux-gnu/libcrypto.so (found version "3.0.2")  
-- Found FastRTPS: /opt/ros/humble/include  
-- Using RMW implementation 'rmw_fastrtps_cpp' as default
-- Looking for pthread.h
-- Looking for pthread.h - found
-- Performing Test CMAKE_HAVE_LIBC_PTHREAD
-- Performing Test CMAKE_HAVE_LIBC_PTHREAD - Success
-- Found Threads: TRUE  
-- Found ament_lint_auto: 0.12.15 (/opt/ros/humble/share/ament_lint_auto/cmake)
-- Added test 'cppcheck' to perform static code analysis on C / C++ code
-- Configured cppcheck include dirs: $<BUILD_INTERFACE:/ros2_ws/src/robot_stats/include>
-- Configured cppcheck exclude dirs and/or files: 
-- Added test 'flake8' to check Python code syntax and style conventions
-- Added test 'lint_cmake' to check CMake code style
-- Added test 'pep257' to check Python code against some of the docstring style conventions in PEP 257
-- Added test 'uncrustify' to check C / C++ code style
-- Configured uncrustify additional arguments: 
-- Added test 'xmllint' to check XML markup files
-- Configuring done
-- Generating done
-- Build files have been written to: /ros2_ws/build/robot_stats
[ 50%] [32mBuilding CXX object CMakeFiles/robot_stats_node.dir/src/robot_stats.cpp.o[0m
[100%] [32m[1mLinking CXX executable robot_stats_node[0m
[100%] Built target robot_stats_node
-- Install configuration: ""
-- Execute custom install script
-- Symlinking: /ros2_ws/install/robot_stats/lib/robot_stats/robot_stats_node
-- Symlinking: /ros2_ws/install/robot_stats/share/robot_stats/launch/launch.py
-- Symlinking: /ros2_ws/install/robot_stats/share/robot_stats/config/robot_stats_params.yaml
-- Symlinking: /ros2_ws/install/robot_stats/share/ament_index/resource_index/package_run_dependencies/robot_stats
-- Symlinking: /ros2_ws/install/robot_stats/share/ament_index/resource_index/parent_prefix_path/robot_stats
-- Symlinking: /ros2_ws/install/robot_stats/share/robot_stats/environment/ament_prefix_path.sh
-- Symlinking: /ros2_ws/install/robot_stats/share/robot_stats/environment/ament_prefix_path.dsv
-- Symlinking: /ros2_ws/install/robot_stats/share/robot_stats/environment/path.sh
-- Symlinking: /ros2_ws/install/robot_stats/share/robot_stats/environment/path.dsv
-- Symlinking: /ros2_ws/install/robot_stats/share/robot_stats/local_setup.bash
-- Symlinking: /ros2_ws/install/robot_stats/share/robot_stats/local_setup.sh
-- Symlinking: /ros2_ws/install/robot_stats/share/robot_stats/local_setup.zsh
-- Symlinking: /ros2_ws/install/robot_stats/share/robot_stats/local_setup.dsv
-- Symlinking: /ros2_ws/install/robot_stats/share/robot_stats/package.dsv
-- Symlinking: /ros2_ws/install/robot_stats/share/ament_index/resource_index/packages/robot_stats
-- Symlinking: /ros2_ws/install/robot_stats/share/robot_stats/cmake/robot_statsConfig.cmake
-- Symlinking: /ros2_ws/install/robot_stats/share/robot_stats/cmake/robot_statsConfig-version.cmake
-- Symlinking: /ros2_ws/install/robot_stats/share/robot_stats/package.xml
