[0.014s] Invoking command in '/ros2_ws/build/hardware': CMAKE_PREFIX_PATH=/opt/ros/humble /usr/bin/cmake --build /ros2_ws/build/hardware -- -j4 -l4
[0.076s] [ 83%] Built target motor_driver
[0.076s] [ 66%] Building CXX object CMakeFiles/twist_to_ackermann.dir/src/twist_to_ackermann.cpp.o
[0.076s] [ 83%] Built target heading_pid_controller
[13.624s] [100%] Linking CXX executable twist_to_ackermann
[14.461s] [100%] Built target twist_to_ackermann
[14.475s] Invoked command in '/ros2_ws/build/hardware' returned '0': CMAKE_PREFIX_PATH=/opt/ros/humble /usr/bin/cmake --build /ros2_ws/build/hardware -- -j4 -l4
[14.488s] Invoking command in '/ros2_ws/build/hardware': CMAKE_PREFIX_PATH=/opt/ros/humble /usr/bin/cmake --install /ros2_ws/build/hardware
[14.495s] -- Install configuration: ""
[14.497s] -- Execute custom install script
[14.497s] -- Up-to-date symlink: /ros2_ws/install/hardware/share/hardware//hardware_interface_plugins.xml
[14.497s] -- Up-to-date symlink: /ros2_ws/install/hardware/lib/libmotor_driver.so
[14.497s] -- Up-to-date symlink: /ros2_ws/install/hardware/lib/hardware/twist_to_ackermann
[14.497s] -- Up-to-date symlink: /ros2_ws/install/hardware/lib/hardware/heading_pid_controller
[14.497s] -- Up-to-date symlink: /ros2_ws/install/hardware/share/hardware/config/ackermann_steering_controller.yaml
[14.500s] -- Up-to-date symlink: /ros2_ws/install/hardware/share/hardware/config/controller_manager.yaml
[14.500s] -- Up-to-date symlink: /ros2_ws/install/hardware/share/hardware/config/joint_state_broadcaster.yaml
[14.500s] -- Up-to-date symlink: /ros2_ws/install/hardware/share/hardware/config/pid_params.yaml
[14.500s] -- Up-to-date symlink: /ros2_ws/install/hardware/share/hardware/config/ackermann_steering_controller.yaml
[14.500s] -- Up-to-date symlink: /ros2_ws/install/hardware/share/hardware/config/controller_manager.yaml
[14.500s] -- Up-to-date symlink: /ros2_ws/install/hardware/share/hardware/config/joint_state_broadcaster.yaml
[14.500s] -- Up-to-date symlink: /ros2_ws/install/hardware/share/hardware/config/pid_params.yaml
[14.501s] -- Up-to-date symlink: /ros2_ws/install/hardware/share/hardware/launch/launch.py
[14.501s] -- Up-to-date symlink: /ros2_ws/install/hardware/share/hardware/ros2_control.xacro
[14.501s] -- Up-to-date symlink: /ros2_ws/install/hardware/share/hardware/hardware_interface_plugins.xml
[14.501s] -- Up-to-date symlink: /ros2_ws/install/hardware/share/ament_index/resource_index/package_run_dependencies/hardware
[14.501s] -- Up-to-date symlink: /ros2_ws/install/hardware/share/ament_index/resource_index/parent_prefix_path/hardware
[14.501s] -- Up-to-date symlink: /ros2_ws/install/hardware/share/hardware/environment/ament_prefix_path.sh
[14.501s] -- Up-to-date symlink: /ros2_ws/install/hardware/share/hardware/environment/ament_prefix_path.dsv
[14.501s] -- Up-to-date symlink: /ros2_ws/install/hardware/share/hardware/environment/path.sh
[14.501s] -- Up-to-date symlink: /ros2_ws/install/hardware/share/hardware/environment/path.dsv
[14.501s] -- Up-to-date symlink: /ros2_ws/install/hardware/share/hardware/local_setup.bash
[14.501s] -- Up-to-date symlink: /ros2_ws/install/hardware/share/hardware/local_setup.sh
[14.501s] -- Up-to-date symlink: /ros2_ws/install/hardware/share/hardware/local_setup.zsh
[14.501s] -- Up-to-date symlink: /ros2_ws/install/hardware/share/hardware/local_setup.dsv
[14.501s] -- Symlinking: /ros2_ws/install/hardware/share/hardware/package.dsv
[14.510s] -- Up-to-date symlink: /ros2_ws/install/hardware/share/ament_index/resource_index/packages/hardware
[14.510s] -- Up-to-date symlink: /ros2_ws/install/hardware/share/ament_index/resource_index/hardware_interface__pluginlib__plugin/hardware
[14.510s] -- Up-to-date symlink: /ros2_ws/install/hardware/share/hardware/cmake/hardwareConfig.cmake
[14.510s] -- Up-to-date symlink: /ros2_ws/install/hardware/share/hardware/cmake/hardwareConfig-version.cmake
[14.510s] -- Up-to-date symlink: /ros2_ws/install/hardware/share/hardware/package.xml
[14.513s] Invoked command in '/ros2_ws/build/hardware' returned '0': CMAKE_PREFIX_PATH=/opt/ros/humble /usr/bin/cmake --install /ros2_ws/build/hardware
