[0.037s] Invoking command in '/ros2_ws/build/robot_description': CMAKE_PREFIX_PATH=${CMAKE_PREFIX_PATH}:/opt/ros/humble /usr/bin/cmake /ros2_ws/src/robot_description -DAMENT_CMAKE_SYMLINK_INSTALL=1 -DCMAKE_INSTALL_PREFIX=/ros2_ws/install/robot_description
[0.235s] -- The C compiler identification is GNU 11.4.0
[0.443s] -- The CXX compiler identification is GNU 11.4.0
[0.476s] -- Detecting C compiler ABI info
[0.708s] -- Detecting C compiler ABI info - done
[0.742s] -- Check for working C compiler: /usr/bin/cc - skipped
[0.743s] -- Detecting C compile features
[0.746s] -- Detecting C compile features - done
[0.784s] -- Detecting CXX compiler ABI info
[0.964s] -- Detecting CXX compiler ABI info - done
[0.998s] -- Check for working CXX compiler: /usr/bin/c++ - skipped
[1.012s] -- Detecting CXX compile features
[1.012s] -- Detecting CXX compile features - done
[1.024s] -- Found ament_cmake: 1.3.14 (/opt/ros/humble/share/ament_cmake/cmake)
[1.607s] -- Found Python3: /usr/bin/python3 (found version "3.10.12") found components: Interpreter 
[2.012s] -- Override CMake install command with custom implementation using symlinks instead of copying resources
[2.145s] -- Found ament_lint_auto: 0.12.15 (/opt/ros/humble/share/ament_lint_auto/cmake)
[2.540s] -- Added test 'lint_cmake' to check CMake code style
[2.540s] -- Added test 'xmllint' to check XML markup files
[2.555s] -- Configuring done
[2.555s] -- Generating done
[2.560s] -- Build files have been written to: /ros2_ws/build/robot_description
[2.585s] Invoked command in '/ros2_ws/build/robot_description' returned '0': CMAKE_PREFIX_PATH=${CMAKE_PREFIX_PATH}:/opt/ros/humble /usr/bin/cmake /ros2_ws/src/robot_description -DAMENT_CMAKE_SYMLINK_INSTALL=1 -DCMAKE_INSTALL_PREFIX=/ros2_ws/install/robot_description
[2.585s] Invoking command in '/ros2_ws/build/robot_description': CMAKE_PREFIX_PATH=${CMAKE_PREFIX_PATH}:/opt/ros/humble /usr/bin/cmake --build /ros2_ws/build/robot_description -- -j4 -l4
[2.749s] Invoked command in '/ros2_ws/build/robot_description' returned '0': CMAKE_PREFIX_PATH=${CMAKE_PREFIX_PATH}:/opt/ros/humble /usr/bin/cmake --build /ros2_ws/build/robot_description -- -j4 -l4
[2.758s] Invoking command in '/ros2_ws/build/robot_description': CMAKE_PREFIX_PATH=${CMAKE_PREFIX_PATH}:/opt/ros/humble /usr/bin/cmake --install /ros2_ws/build/robot_description
[2.773s] -- Install configuration: ""
[2.776s] -- Execute custom install script
[2.778s] -- Symlinking: /ros2_ws/install/robot_description/share/robot_description/urdf/base.xacro
[2.804s] -- Symlinking: /ros2_ws/install/robot_description/share/robot_description/urdf/robot_urdf.xacro
[2.832s] -- Symlinking: /ros2_ws/install/robot_description/share/robot_description/urdf/sensors.xacro
[2.856s] -- Symlinking: /ros2_ws/install/robot_description/share/robot_description/urdf/wheels.xacro
[2.886s] -- Symlinking: /ros2_ws/install/robot_description/share/ament_index/resource_index/package_run_dependencies/robot_description
[2.912s] -- Symlinking: /ros2_ws/install/robot_description/share/ament_index/resource_index/parent_prefix_path/robot_description
[2.937s] -- Symlinking: /ros2_ws/install/robot_description/share/robot_description/environment/ament_prefix_path.sh
[2.972s] -- Symlinking: /ros2_ws/install/robot_description/share/robot_description/environment/ament_prefix_path.dsv
[2.992s] -- Symlinking: /ros2_ws/install/robot_description/share/robot_description/environment/path.sh
[3.023s] -- Symlinking: /ros2_ws/install/robot_description/share/robot_description/environment/path.dsv
[3.049s] -- Symlinking: /ros2_ws/install/robot_description/share/robot_description/local_setup.bash
[3.081s] -- Symlinking: /ros2_ws/install/robot_description/share/robot_description/local_setup.sh
[3.129s] -- Symlinking: /ros2_ws/install/robot_description/share/robot_description/local_setup.zsh
[3.154s] -- Symlinking: /ros2_ws/install/robot_description/share/robot_description/local_setup.dsv
[3.178s] -- Symlinking: /ros2_ws/install/robot_description/share/robot_description/package.dsv
[3.207s] -- Symlinking: /ros2_ws/install/robot_description/share/ament_index/resource_index/packages/robot_description
[3.246s] -- Symlinking: /ros2_ws/install/robot_description/share/robot_description/cmake/robot_descriptionConfig.cmake
[3.273s] -- Symlinking: /ros2_ws/install/robot_description/share/robot_description/cmake/robot_descriptionConfig-version.cmake
[3.305s] -- Symlinking: /ros2_ws/install/robot_description/share/robot_description/package.xml
[3.333s] Invoked command in '/ros2_ws/build/robot_description' returned '0': CMAKE_PREFIX_PATH=${CMAKE_PREFIX_PATH}:/opt/ros/humble /usr/bin/cmake --install /ros2_ws/build/robot_description
