[0.031s] Invoking command in '/ros2_ws/build/telemetry_data': CMAKE_PREFIX_PATH=${CMAKE_PREFIX_PATH}:/opt/ros/humble /usr/bin/cmake /ros2_ws/src/telemetry_data -DAMENT_CMAKE_SYMLINK_INSTALL=1 -DCMAKE_INSTALL_PREFIX=/ros2_ws/install/telemetry_data
[0.298s] -- The C compiler identification is GNU 11.4.0
[0.599s] -- The CXX compiler identification is GNU 11.4.0
[0.636s] -- Detecting C compiler ABI info
[0.881s] -- Detecting C compiler ABI info - done
[0.907s] -- Check for working C compiler: /usr/bin/cc - skipped
[0.907s] -- Detecting C compile features
[0.907s] -- Detecting C compile features - done
[0.929s] -- Detecting CXX compiler ABI info
[1.325s] -- Detecting CXX compiler ABI info - done
[1.355s] -- Check for working CXX compiler: /usr/bin/c++ - skipped
[1.355s] -- Detecting CXX compile features
[1.367s] -- Detecting CXX compile features - done
[1.372s] -- Found ament_cmake: 1.3.14 (/opt/ros/humble/share/ament_cmake/cmake)
[1.764s] -- Found Python3: /usr/bin/python3 (found version "3.10.12") found components: Interpreter 
[2.163s] -- Override CMake install command with custom implementation using symlinks instead of copying resources
[2.346s] -- Found rclcpp: 16.0.19 (/opt/ros/humble/share/rclcpp/cmake)
[2.445s] -- Found rosidl_generator_c: 3.1.8 (/opt/ros/humble/share/rosidl_generator_c/cmake)
[2.456s] -- Found rosidl_adapter: 3.1.8 (/opt/ros/humble/share/rosidl_adapter/cmake)
[2.472s] -- Found rosidl_generator_cpp: 3.1.8 (/opt/ros/humble/share/rosidl_generator_cpp/cmake)
[2.513s] -- Using all available rosidl_typesupport_c: rosidl_typesupport_fastrtps_c;rosidl_typesupport_introspection_c
[2.548s] -- Using all available rosidl_typesupport_cpp: rosidl_typesupport_fastrtps_cpp;rosidl_typesupport_introspection_cpp
[2.669s] -- Found rmw_implementation_cmake: 6.1.2 (/opt/ros/humble/share/rmw_implementation_cmake/cmake)
[2.679s] -- Found rmw_fastrtps_cpp: 6.2.10 (/opt/ros/humble/share/rmw_fastrtps_cpp/cmake)
[2.910s] -- Found OpenSSL: /usr/lib/aarch64-linux-gnu/libcrypto.so (found version "3.0.2")  
[2.964s] -- Found FastRTPS: /opt/ros/humble/include  
[3.030s] -- Using RMW implementation 'rmw_fastrtps_cpp' as default
[3.048s] -- Looking for pthread.h
[3.305s] -- Looking for pthread.h - found
[3.307s] -- Performing Test CMAKE_HAVE_LIBC_PTHREAD
[3.468s] -- Performing Test CMAKE_HAVE_LIBC_PTHREAD - Success
[3.470s] -- Found Threads: TRUE  
[3.670s] -- Found nav_msgs: 4.9.1 (/opt/ros/humble/share/nav_msgs/cmake)
[3.845s] -- Found Boost: /usr/lib/aarch64-linux-gnu/cmake/Boost-1.74.0/BoostConfig.cmake (found version "1.74.0")  
[3.864s] -- Found ament_lint_auto: 0.12.15 (/opt/ros/humble/share/ament_lint_auto/cmake)
[4.209s] -- Added test 'cppcheck' to perform static code analysis on C / C++ code
[4.211s] -- Configured cppcheck include dirs: $<BUILD_INTERFACE:/ros2_ws/src/telemetry_data/include>
[4.212s] -- Configured cppcheck exclude dirs and/or files: 
[4.219s] -- Added test 'flake8' to check Python code syntax and style conventions
[4.219s] -- Added test 'lint_cmake' to check CMake code style
[4.220s] -- Added test 'pep257' to check Python code against some of the docstring style conventions in PEP 257
[4.224s] -- Added test 'uncrustify' to check C / C++ code style
[4.225s] -- Configured uncrustify additional arguments: 
[4.227s] -- Added test 'xmllint' to check XML markup files
[4.233s] -- Configuring done
[4.279s] -- Generating done
[4.295s] -- Build files have been written to: /ros2_ws/build/telemetry_data
[4.354s] Invoked command in '/ros2_ws/build/telemetry_data' returned '0': CMAKE_PREFIX_PATH=${CMAKE_PREFIX_PATH}:/opt/ros/humble /usr/bin/cmake /ros2_ws/src/telemetry_data -DAMENT_CMAKE_SYMLINK_INSTALL=1 -DCMAKE_INSTALL_PREFIX=/ros2_ws/install/telemetry_data
[4.358s] Invoking command in '/ros2_ws/build/telemetry_data': CMAKE_PREFIX_PATH=${CMAKE_PREFIX_PATH}:/opt/ros/humble /usr/bin/cmake --build /ros2_ws/build/telemetry_data -- -j4 -l4
[4.447s] [ 33%] [32mBuilding CXX object CMakeFiles/telegraf_bridge.dir/src/telegraf_bridge.cpp.o[0m
[26.367s] [ 66%] [32mBuilding CXX object CMakeFiles/telegraf_bridge.dir/src/telemetry_sender.cpp.o[0m
[31.609s] [100%] [32m[1mLinking CXX executable telegraf_bridge[0m
[32.538s] [100%] Built target telegraf_bridge
[32.551s] Invoked command in '/ros2_ws/build/telemetry_data' returned '0': CMAKE_PREFIX_PATH=${CMAKE_PREFIX_PATH}:/opt/ros/humble /usr/bin/cmake --build /ros2_ws/build/telemetry_data -- -j4 -l4
[32.555s] Invoking command in '/ros2_ws/build/telemetry_data': CMAKE_PREFIX_PATH=${CMAKE_PREFIX_PATH}:/opt/ros/humble /usr/bin/cmake --install /ros2_ws/build/telemetry_data
[32.560s] -- Install configuration: ""
[32.561s] -- Execute custom install script
[32.562s] -- Symlinking: /ros2_ws/install/telemetry_data/lib/telemetry_data/telegraf_bridge
[32.572s] -- Symlinking: /ros2_ws/install/telemetry_data/share/telemetry_data/launch/launch.py
[32.583s] -- Symlinking: /ros2_ws/install/telemetry_data/share/ament_index/resource_index/package_run_dependencies/telemetry_data
[32.591s] -- Symlinking: /ros2_ws/install/telemetry_data/share/ament_index/resource_index/parent_prefix_path/telemetry_data
[32.600s] -- Symlinking: /ros2_ws/install/telemetry_data/share/telemetry_data/environment/ament_prefix_path.sh
[32.609s] -- Symlinking: /ros2_ws/install/telemetry_data/share/telemetry_data/environment/ament_prefix_path.dsv
[32.618s] -- Symlinking: /ros2_ws/install/telemetry_data/share/telemetry_data/environment/path.sh
[32.628s] -- Symlinking: /ros2_ws/install/telemetry_data/share/telemetry_data/environment/path.dsv
[32.643s] -- Symlinking: /ros2_ws/install/telemetry_data/share/telemetry_data/local_setup.bash
[32.650s] -- Symlinking: /ros2_ws/install/telemetry_data/share/telemetry_data/local_setup.sh
[32.660s] -- Symlinking: /ros2_ws/install/telemetry_data/share/telemetry_data/local_setup.zsh
[32.671s] -- Symlinking: /ros2_ws/install/telemetry_data/share/telemetry_data/local_setup.dsv
[32.682s] -- Symlinking: /ros2_ws/install/telemetry_data/share/telemetry_data/package.dsv
[32.691s] -- Symlinking: /ros2_ws/install/telemetry_data/share/ament_index/resource_index/packages/telemetry_data
[32.700s] -- Symlinking: /ros2_ws/install/telemetry_data/share/telemetry_data/cmake/telemetry_dataConfig.cmake
[32.709s] -- Symlinking: /ros2_ws/install/telemetry_data/share/telemetry_data/cmake/telemetry_dataConfig-version.cmake
[32.719s] -- Symlinking: /ros2_ws/install/telemetry_data/share/telemetry_data/package.xml
[32.731s] Invoked command in '/ros2_ws/build/telemetry_data' returned '0': CMAKE_PREFIX_PATH=${CMAKE_PREFIX_PATH}:/opt/ros/humble /usr/bin/cmake --install /ros2_ws/build/telemetry_data
