[0.040s] Invoking command in '/ros2_ws/build/shooting': CMAKE_PREFIX_PATH=${CMAKE_PREFIX_PATH}:/ros2_ws/install/tactical_brain:/ros2_ws/install/sensor_fusion_pkg:/ros2_ws/install/icm20948_ros2:/ros2_ws/install/ai_vision:/opt/ros/humble /usr/bin/cmake --build /ros2_ws/build/shooting -- -j4 -l4
[0.153s] -- Found ament_cmake: 1.3.14 (/opt/ros/humble/share/ament_cmake/cmake)
[0.416s] -- Override CMake install command with custom implementation using symlinks instead of copying resources
[0.435s] -- Found rclcpp: 16.0.19 (/opt/ros/humble/share/rclcpp/cmake)
[0.491s] -- Found rosidl_generator_c: 3.1.8 (/opt/ros/humble/share/rosidl_generator_c/cmake)
[0.492s] -- Found rosidl_adapter: 3.1.8 (/opt/ros/humble/share/rosidl_adapter/cmake)
[0.502s] -- Found rosidl_generator_cpp: 3.1.8 (/opt/ros/humble/share/rosidl_generator_cpp/cmake)
[0.522s] -- Using all available rosidl_typesupport_c: rosidl_typesupport_fastrtps_c;rosidl_typesupport_introspection_c
[0.543s] -- Using all available rosidl_typesupport_cpp: rosidl_typesupport_fastrtps_cpp;rosidl_typesupport_introspection_cpp
[0.603s] -- Found rmw_implementation_cmake: 6.1.2 (/opt/ros/humble/share/rmw_implementation_cmake/cmake)
[0.606s] -- Found rmw_fastrtps_cpp: 6.2.10 (/opt/ros/humble/share/rmw_fastrtps_cpp/cmake)
[0.805s] -- Using RMW implementation 'rmw_fastrtps_cpp' as default
[0.898s] -- Found std_srvs: 4.9.1 (/opt/ros/humble/share/std_srvs/cmake)
[0.920s] -- Found ament_lint_auto: 0.12.15 (/opt/ros/humble/share/ament_lint_auto/cmake)
[1.174s] -- Added test 'cppcheck' to perform static code analysis on C / C++ code
[1.174s] -- Configured cppcheck include dirs: $<BUILD_INTERFACE:/ros2_ws/src/shooting/include>
[1.174s] -- Configured cppcheck exclude dirs and/or files: 
[1.174s] -- Added test 'flake8' to check Python code syntax and style conventions
[1.176s] -- Added test 'lint_cmake' to check CMake code style
[1.178s] -- Added test 'pep257' to check Python code against some of the docstring style conventions in PEP 257
[1.182s] -- Added test 'uncrustify' to check C / C++ code style
[1.182s] -- Configured uncrustify additional arguments: 
[1.182s] -- Added test 'xmllint' to check XML markup files
[1.185s] -- Configuring done
[1.216s] -- Generating done
[1.233s] -- Build files have been written to: /ros2_ws/build/shooting
[1.331s] [35m[1mConsolidate compiler generated dependencies of target shooting_node[0m
[1.388s] [ 50%] [32mBuilding CXX object CMakeFiles/shooting_node.dir/src/shooting_node.cpp.o[0m
[65.692s] [100%] [32m[1mLinking CXX executable shooting_node[0m
[67.560s] [100%] Built target shooting_node
[89.953s] Invoked command in '/ros2_ws/build/shooting' returned '0': CMAKE_PREFIX_PATH=${CMAKE_PREFIX_PATH}:/ros2_ws/install/tactical_brain:/ros2_ws/install/sensor_fusion_pkg:/ros2_ws/install/icm20948_ros2:/ros2_ws/install/ai_vision:/opt/ros/humble /usr/bin/cmake --build /ros2_ws/build/shooting -- -j4 -l4
[93.926s] Invoking command in '/ros2_ws/build/shooting': CMAKE_PREFIX_PATH=${CMAKE_PREFIX_PATH}:/ros2_ws/install/tactical_brain:/ros2_ws/install/sensor_fusion_pkg:/ros2_ws/install/icm20948_ros2:/ros2_ws/install/ai_vision:/opt/ros/humble /usr/bin/cmake --install /ros2_ws/build/shooting
[93.928s] -- Install configuration: ""
[93.929s] -- Execute custom install script
[93.929s] -- Up-to-date symlink: /ros2_ws/install/shooting/lib/shooting/shooting_node
[94.608s] -- Up-to-date symlink: /ros2_ws/install/shooting/share/shooting/launch/launch.py
[94.608s] -- Up-to-date symlink: /ros2_ws/install/shooting/share/ament_index/resource_index/package_run_dependencies/shooting
[94.609s] -- Up-to-date symlink: /ros2_ws/install/shooting/share/ament_index/resource_index/parent_prefix_path/shooting
[94.609s] -- Up-to-date symlink: /ros2_ws/install/shooting/share/shooting/environment/ament_prefix_path.sh
[94.610s] -- Up-to-date symlink: /ros2_ws/install/shooting/share/shooting/environment/ament_prefix_path.dsv
[94.610s] -- Up-to-date symlink: /ros2_ws/install/shooting/share/shooting/environment/path.sh
[94.610s] -- Up-to-date symlink: /ros2_ws/install/shooting/share/shooting/environment/path.dsv
[94.611s] -- Up-to-date symlink: /ros2_ws/install/shooting/share/shooting/local_setup.bash
[95.205s] -- Up-to-date symlink: /ros2_ws/install/shooting/share/shooting/local_setup.sh
[95.205s] -- Up-to-date symlink: /ros2_ws/install/shooting/share/shooting/local_setup.zsh
[95.206s] -- Up-to-date symlink: /ros2_ws/install/shooting/share/shooting/local_setup.dsv
[95.206s] -- Symlinking: /ros2_ws/install/shooting/share/shooting/package.dsv
[95.206s] -- Up-to-date symlink: /ros2_ws/install/shooting/share/ament_index/resource_index/packages/shooting
[95.213s] -- Up-to-date symlink: /ros2_ws/install/shooting/share/shooting/cmake/shootingConfig.cmake
[95.214s] -- Up-to-date symlink: /ros2_ws/install/shooting/share/shooting/cmake/shootingConfig-version.cmake
[95.214s] -- Up-to-date symlink: /ros2_ws/install/shooting/share/shooting/package.xml
[95.214s] Invoked command in '/ros2_ws/build/shooting' returned '0': CMAKE_PREFIX_PATH=${CMAKE_PREFIX_PATH}:/ros2_ws/install/tactical_brain:/ros2_ws/install/sensor_fusion_pkg:/ros2_ws/install/icm20948_ros2:/ros2_ws/install/ai_vision:/opt/ros/humble /usr/bin/cmake --install /ros2_ws/build/shooting
