[0.023s] Invoking command in '/ros2_ws/build/foxglove': CMAKE_PREFIX_PATH=${CMAKE_PREFIX_PATH}:/ros2_ws/install/icm20948_ros2:/opt/ros/humble /usr/bin/cmake --build /ros2_ws/build/foxglove -- -j4 -l4
[0.077s] Invoked command in '/ros2_ws/build/foxglove' returned '0': CMAKE_PREFIX_PATH=${CMAKE_PREFIX_PATH}:/ros2_ws/install/icm20948_ros2:/opt/ros/humble /usr/bin/cmake --build /ros2_ws/build/foxglove -- -j4 -l4
[0.107s] Invoking command in '/ros2_ws/build/foxglove': CMAKE_PREFIX_PATH=${CMAKE_PREFIX_PATH}:/ros2_ws/install/icm20948_ros2:/opt/ros/humble /usr/bin/cmake --install /ros2_ws/build/foxglove
[0.123s] -- Install configuration: ""
[0.128s] -- Execute custom install script
[0.128s] -- Up-to-date symlink: /ros2_ws/install/foxglove/share/foxglove/launch/launch.py
[0.128s] -- Up-to-date symlink: /ros2_ws/install/foxglove/share/ament_index/resource_index/package_run_dependencies/foxglove
[0.128s] -- Up-to-date symlink: /ros2_ws/install/foxglove/share/ament_index/resource_index/parent_prefix_path/foxglove
[0.129s] -- Up-to-date symlink: /ros2_ws/install/foxglove/share/foxglove/environment/ament_prefix_path.sh
[0.129s] -- Up-to-date symlink: /ros2_ws/install/foxglove/share/foxglove/environment/ament_prefix_path.dsv
[0.129s] -- Up-to-date symlink: /ros2_ws/install/foxglove/share/foxglove/environment/path.sh
[0.135s] -- Up-to-date symlink: /ros2_ws/install/foxglove/share/foxglove/environment/path.dsv
[0.135s] -- Up-to-date symlink: /ros2_ws/install/foxglove/share/foxglove/local_setup.bash
[0.136s] -- Up-to-date symlink: /ros2_ws/install/foxglove/share/foxglove/local_setup.sh
[0.136s] -- Up-to-date symlink: /ros2_ws/install/foxglove/share/foxglove/local_setup.zsh
[0.136s] -- Up-to-date symlink: /ros2_ws/install/foxglove/share/foxglove/local_setup.dsv
[0.136s] -- Symlinking: /ros2_ws/install/foxglove/share/foxglove/package.dsv
[0.145s] -- Up-to-date symlink: /ros2_ws/install/foxglove/share/ament_index/resource_index/packages/foxglove
[0.146s] -- Up-to-date symlink: /ros2_ws/install/foxglove/share/foxglove/cmake/foxgloveConfig.cmake
[0.147s] -- Up-to-date symlink: /ros2_ws/install/foxglove/share/foxglove/cmake/foxgloveConfig-version.cmake
[0.147s] -- Up-to-date symlink: /ros2_ws/install/foxglove/share/foxglove/package.xml
[0.152s] Invoked command in '/ros2_ws/build/foxglove' returned '0': CMAKE_PREFIX_PATH=${CMAKE_PREFIX_PATH}:/ros2_ws/install/icm20948_ros2:/opt/ros/humble /usr/bin/cmake --install /ros2_ws/build/foxglove
