[0.010s] Invoking command in '/ros2_ws/build/shooting': /usr/bin/cmake --build /ros2_ws/build/shooting -- -j4 -l4
[0.062s] Consolidate compiler generated dependencies of target shooting_node
[0.075s] [ 50%] Building CXX object CMakeFiles/shooting_node.dir/src/shooting_node.cpp.o
[11.635s] [100%] Linking CXX executable shooting_node
[12.479s] [100%] Built target shooting_node
[12.489s] Invoked command in '/ros2_ws/build/shooting' returned '0': /usr/bin/cmake --build /ros2_ws/build/shooting -- -j4 -l4
[12.501s] Invoking command in '/ros2_ws/build/shooting': /usr/bin/cmake --install /ros2_ws/build/shooting
[12.507s] -- Install configuration: ""
[12.508s] -- Execute custom install script
[12.510s] -- Up-to-date symlink: /ros2_ws/install/shooting/lib/shooting/shooting_node
[12.511s] -- Up-to-date symlink: /ros2_ws/install/shooting/share/shooting/launch/launch.py
[12.511s] -- Up-to-date symlink: /ros2_ws/install/shooting/share/ament_index/resource_index/package_run_dependencies/shooting
[12.511s] -- Up-to-date symlink: /ros2_ws/install/shooting/share/ament_index/resource_index/parent_prefix_path/shooting
[12.511s] -- Up-to-date symlink: /ros2_ws/install/shooting/share/shooting/environment/ament_prefix_path.sh
[12.512s] -- Up-to-date symlink: /ros2_ws/install/shooting/share/shooting/environment/ament_prefix_path.dsv
[12.512s] -- Up-to-date symlink: /ros2_ws/install/shooting/share/shooting/environment/path.sh
[12.512s] -- Up-to-date symlink: /ros2_ws/install/shooting/share/shooting/environment/path.dsv
[12.512s] -- Up-to-date symlink: /ros2_ws/install/shooting/share/shooting/local_setup.bash
[12.512s] -- Up-to-date symlink: /ros2_ws/install/shooting/share/shooting/local_setup.sh
[12.512s] -- Up-to-date symlink: /ros2_ws/install/shooting/share/shooting/local_setup.zsh
[12.512s] -- Up-to-date symlink: /ros2_ws/install/shooting/share/shooting/local_setup.dsv
[12.512s] -- Symlinking: /ros2_ws/install/shooting/share/shooting/package.dsv
[12.523s] -- Up-to-date symlink: /ros2_ws/install/shooting/share/ament_index/resource_index/packages/shooting
[12.523s] -- Up-to-date symlink: /ros2_ws/install/shooting/share/shooting/cmake/shootingConfig.cmake
[12.523s] -- Up-to-date symlink: /ros2_ws/install/shooting/share/shooting/cmake/shootingConfig-version.cmake
[12.523s] -- Up-to-date symlink: /ros2_ws/install/shooting/share/shooting/package.xml
[12.525s] Invoked command in '/ros2_ws/build/shooting' returned '0': /usr/bin/cmake --install /ros2_ws/build/shooting
