[0.042s] Invoking command in '/ros2_ws/build/hardware': CMAKE_PREFIX_PATH=${CMAKE_PREFIX_PATH}:/ros2_ws/install/icm20948_ros2:/opt/ros/humble /usr/bin/cmake --build /ros2_ws/build/hardware -- -j4 -l4
[0.498s] [35m[1mConsolidate compiler generated dependencies of target twist_to_ackermann[0m
[0.704s] [ 16%] [32mBuilding CXX object CMakeFiles/twist_to_ackermann.dir/src/twist_to_ackermann.cpp.o[0m
[0.713s] [ 50%] Built target motor_driver
[0.714s] [ 83%] Built target heading_pid_controller
[12.810s] [100%] [32m[1mLinking CXX executable twist_to_ackermann[0m
[13.584s] [100%] Built target twist_to_ackermann
[13.594s] Invoked command in '/ros2_ws/build/hardware' returned '0': CMAKE_PREFIX_PATH=${CMAKE_PREFIX_PATH}:/ros2_ws/install/icm20948_ros2:/opt/ros/humble /usr/bin/cmake --build /ros2_ws/build/hardware -- -j4 -l4
[13.597s] Invoking command in '/ros2_ws/build/hardware': CMAKE_PREFIX_PATH=${CMAKE_PREFIX_PATH}:/ros2_ws/install/icm20948_ros2:/opt/ros/humble /usr/bin/cmake --install /ros2_ws/build/hardware
[13.604s] -- Install configuration: ""
[13.610s] -- Execute custom install script
[13.610s] -- Up-to-date symlink: /ros2_ws/install/hardware/share/hardware//hardware_interface_plugins.xml
[13.611s] -- Up-to-date symlink: /ros2_ws/install/hardware/lib/libmotor_driver.so
[13.611s] -- Up-to-date symlink: /ros2_ws/install/hardware/lib/hardware/twist_to_ackermann
[13.612s] -- Up-to-date symlink: /ros2_ws/install/hardware/lib/hardware/heading_pid_controller
[13.612s] -- Up-to-date symlink: /ros2_ws/install/hardware/share/hardware/config/ackermann_steering_controller.yaml
[13.612s] -- Up-to-date symlink: /ros2_ws/install/hardware/share/hardware/config/controller_manager.yaml
[13.613s] -- Up-to-date symlink: /ros2_ws/install/hardware/share/hardware/config/joint_state_broadcaster.yaml
[13.614s] -- Up-to-date symlink: /ros2_ws/install/hardware/share/hardware/config/pid_params.yaml
[13.614s] -- Up-to-date symlink: /ros2_ws/install/hardware/share/hardware/config/ackermann_steering_controller.yaml
[13.614s] -- Up-to-date symlink: /ros2_ws/install/hardware/share/hardware/config/controller_manager.yaml
[13.615s] -- Up-to-date symlink: /ros2_ws/install/hardware/share/hardware/config/joint_state_broadcaster.yaml
[13.616s] -- Up-to-date symlink: /ros2_ws/install/hardware/share/hardware/config/pid_params.yaml
[13.616s] -- Up-to-date symlink: /ros2_ws/install/hardware/share/hardware/launch/launch.py
[13.616s] -- Up-to-date symlink: /ros2_ws/install/hardware/share/hardware/ros2_control.xacro
[13.616s] -- Up-to-date symlink: /ros2_ws/install/hardware/share/hardware/hardware_interface_plugins.xml
[13.616s] -- Up-to-date symlink: /ros2_ws/install/hardware/share/ament_index/resource_index/package_run_dependencies/hardware
[13.616s] -- Up-to-date symlink: /ros2_ws/install/hardware/share/ament_index/resource_index/parent_prefix_path/hardware
[13.616s] -- Up-to-date symlink: /ros2_ws/install/hardware/share/hardware/environment/ament_prefix_path.sh
[13.616s] -- Up-to-date symlink: /ros2_ws/install/hardware/share/hardware/environment/ament_prefix_path.dsv
[13.617s] -- Up-to-date symlink: /ros2_ws/install/hardware/share/hardware/environment/path.sh
[13.617s] -- Up-to-date symlink: /ros2_ws/install/hardware/share/hardware/environment/path.dsv
[13.617s] -- Up-to-date symlink: /ros2_ws/install/hardware/share/hardware/local_setup.bash
[13.617s] -- Up-to-date symlink: /ros2_ws/install/hardware/share/hardware/local_setup.sh
[13.618s] -- Up-to-date symlink: /ros2_ws/install/hardware/share/hardware/local_setup.zsh
[13.618s] -- Up-to-date symlink: /ros2_ws/install/hardware/share/hardware/local_setup.dsv
[13.618s] -- Symlinking: /ros2_ws/install/hardware/share/hardware/package.dsv
[13.626s] -- Up-to-date symlink: /ros2_ws/install/hardware/share/ament_index/resource_index/packages/hardware
[13.626s] -- Up-to-date symlink: /ros2_ws/install/hardware/share/ament_index/resource_index/hardware_interface__pluginlib__plugin/hardware
[13.627s] -- Up-to-date symlink: /ros2_ws/install/hardware/share/hardware/cmake/hardwareConfig.cmake
[13.627s] -- Up-to-date symlink: /ros2_ws/install/hardware/share/hardware/cmake/hardwareConfig-version.cmake
[13.627s] -- Up-to-date symlink: /ros2_ws/install/hardware/share/hardware/package.xml
[13.629s] Invoked command in '/ros2_ws/build/hardware' returned '0': CMAKE_PREFIX_PATH=${CMAKE_PREFIX_PATH}:/ros2_ws/install/icm20948_ros2:/opt/ros/humble /usr/bin/cmake --install /ros2_ws/build/hardware
