-- Found ament_cmake: 1.3.14 (/opt/ros/humble/share/ament_cmake/cmake)
-- Override CMake install command with custom implementation using symlinks instead of copying resources
-- Found ament_lint_auto: 0.12.15 (/opt/ros/humble/share/ament_lint_auto/cmake)
-- Added test 'flake8' to check Python code syntax and style conventions
-- Added test 'lint_cmake' to check CMake code style
-- Added test 'pep257' to check Python code against some of the docstring style conventions in PEP 257
-- Added test 'xmllint' to check XML markup files
-- Configuring done
-- Generating done
-- Build files have been written to: /ros2_ws/build/foxglove
-- Install configuration: ""
-- Execute custom install script
-- Up-to-date symlink: /ros2_ws/install/foxglove/share/foxglove/launch/launch.py
-- Up-to-date symlink: /ros2_ws/install/foxglove/share/ament_index/resource_index/package_run_dependencies/foxglove
-- Up-to-date symlink: /ros2_ws/install/foxglove/share/ament_index/resource_index/parent_prefix_path/foxglove
-- Up-to-date symlink: /ros2_ws/install/foxglove/share/foxglove/environment/ament_prefix_path.sh
-- Up-to-date symlink: /ros2_ws/install/foxglove/share/foxglove/environment/ament_prefix_path.dsv
-- Up-to-date symlink: /ros2_ws/install/foxglove/share/foxglove/environment/path.sh
-- Up-to-date symlink: /ros2_ws/install/foxglove/share/foxglove/environment/path.dsv
-- Up-to-date symlink: /ros2_ws/install/foxglove/share/foxglove/local_setup.bash
-- Up-to-date symlink: /ros2_ws/install/foxglove/share/foxglove/local_setup.sh
-- Up-to-date symlink: /ros2_ws/install/foxglove/share/foxglove/local_setup.zsh
-- Up-to-date symlink: /ros2_ws/install/foxglove/share/foxglove/local_setup.dsv
-- Symlinking: /ros2_ws/install/foxglove/share/foxglove/package.dsv
-- Up-to-date symlink: /ros2_ws/install/foxglove/share/ament_index/resource_index/packages/foxglove
-- Up-to-date symlink: /ros2_ws/install/foxglove/share/foxglove/cmake/foxgloveConfig.cmake
-- Up-to-date symlink: /ros2_ws/install/foxglove/share/foxglove/cmake/foxgloveConfig-version.cmake
-- Up-to-date symlink: /ros2_ws/install/foxglove/share/foxglove/package.xml
