[0.054s] Invoking command in '/ros2_ws/build/foxglove': CMAKE_PREFIX_PATH=${CMAKE_PREFIX_PATH}:/ros2_ws/install/tactical_brain:/ros2_ws/install/sensor_fusion_pkg:/ros2_ws/install/icm20948_ros2:/opt/ros/humble /usr/bin/cmake --build /ros2_ws/build/foxglove -- -j4 -l4
[0.407s] -- Found ament_cmake: 1.3.14 (/opt/ros/humble/share/ament_cmake/cmake)
[0.730s] -- Override CMake install command with custom implementation using symlinks instead of copying resources
[0.756s] -- Found ament_lint_auto: 0.12.15 (/opt/ros/humble/share/ament_lint_auto/cmake)
[0.921s] -- Added test 'flake8' to check Python code syntax and style conventions
[0.922s] -- Added test 'lint_cmake' to check CMake code style
[0.924s] -- Added test 'pep257' to check Python code against some of the docstring style conventions in PEP 257
[0.925s] -- Added test 'xmllint' to check XML markup files
[0.933s] -- Configuring done
[0.963s] -- Generating done
[0.965s] -- Build files have been written to: /ros2_ws/build/foxglove
[1.003s] Invoked command in '/ros2_ws/build/foxglove' returned '0': CMAKE_PREFIX_PATH=${CMAKE_PREFIX_PATH}:/ros2_ws/install/tactical_brain:/ros2_ws/install/sensor_fusion_pkg:/ros2_ws/install/icm20948_ros2:/opt/ros/humble /usr/bin/cmake --build /ros2_ws/build/foxglove -- -j4 -l4
[1.019s] Invoking command in '/ros2_ws/build/foxglove': CMAKE_PREFIX_PATH=${CMAKE_PREFIX_PATH}:/ros2_ws/install/tactical_brain:/ros2_ws/install/sensor_fusion_pkg:/ros2_ws/install/icm20948_ros2:/opt/ros/humble /usr/bin/cmake --install /ros2_ws/build/foxglove
[1.027s] -- Install configuration: ""
[1.029s] -- Execute custom install script
[1.029s] -- Up-to-date symlink: /ros2_ws/install/foxglove/share/foxglove/launch/launch.py
[1.030s] -- Up-to-date symlink: /ros2_ws/install/foxglove/share/ament_index/resource_index/package_run_dependencies/foxglove
[1.031s] -- Up-to-date symlink: /ros2_ws/install/foxglove/share/ament_index/resource_index/parent_prefix_path/foxglove
[1.032s] -- Up-to-date symlink: /ros2_ws/install/foxglove/share/foxglove/environment/ament_prefix_path.sh
[1.033s] -- Up-to-date symlink: /ros2_ws/install/foxglove/share/foxglove/environment/ament_prefix_path.dsv
[1.034s] -- Up-to-date symlink: /ros2_ws/install/foxglove/share/foxglove/environment/path.sh
[1.034s] -- Up-to-date symlink: /ros2_ws/install/foxglove/share/foxglove/environment/path.dsv
[1.035s] -- Up-to-date symlink: /ros2_ws/install/foxglove/share/foxglove/local_setup.bash
[1.036s] -- Up-to-date symlink: /ros2_ws/install/foxglove/share/foxglove/local_setup.sh
[1.037s] -- Up-to-date symlink: /ros2_ws/install/foxglove/share/foxglove/local_setup.zsh
[1.038s] -- Up-to-date symlink: /ros2_ws/install/foxglove/share/foxglove/local_setup.dsv
[1.038s] -- Symlinking: /ros2_ws/install/foxglove/share/foxglove/package.dsv
[1.056s] -- Up-to-date symlink: /ros2_ws/install/foxglove/share/ament_index/resource_index/packages/foxglove
[1.056s] -- Up-to-date symlink: /ros2_ws/install/foxglove/share/foxglove/cmake/foxgloveConfig.cmake
[1.056s] -- Up-to-date symlink: /ros2_ws/install/foxglove/share/foxglove/cmake/foxgloveConfig-version.cmake
[1.056s] -- Up-to-date symlink: /ros2_ws/install/foxglove/share/foxglove/package.xml
[1.056s] Invoked command in '/ros2_ws/build/foxglove' returned '0': CMAKE_PREFIX_PATH=${CMAKE_PREFIX_PATH}:/ros2_ws/install/tactical_brain:/ros2_ws/install/sensor_fusion_pkg:/ros2_ws/install/icm20948_ros2:/opt/ros/humble /usr/bin/cmake --install /ros2_ws/build/foxglove
