[0.000000] (-) TimerEvent: {}
[0.001088] (-) JobUnselected: {'identifier': 'ai_vision'}
[0.001593] (-) JobUnselected: {'identifier': 'foxglove'}
[0.001620] (-) JobUnselected: {'identifier': 'hardware'}
[0.001659] (-) JobUnselected: {'identifier': 'icm20948_ros2'}
[0.001693] (-) JobUnselected: {'identifier': 'localization'}
[0.001719] (-) JobUnselected: {'identifier': 'main_brain'}
[0.001737] (-) JobUnselected: {'identifier': 'navigation'}
[0.001753] (-) JobUnselected: {'identifier': 'rf2o_laser_odometry'}
[0.001769] (-) JobUnselected: {'identifier': 'robot_description'}
[0.001786] (-) JobUnselected: {'identifier': 'shooting'}
[0.001803] (-) JobUnselected: {'identifier': 'telemetry_data'}
[0.001819] (-) JobUnselected: {'identifier': 'ydlidar_ros2_driver'}
[0.001842] (tactical_brain) JobQueued: {'identifier': 'tactical_brain', 'dependencies': OrderedDict()}
[0.001865] (robot_bringup) JobQueued: {'identifier': 'robot_bringup', 'dependencies': OrderedDict([('foxglove', '/ros2_ws/install/foxglove'), ('hardware', '/ros2_ws/install/hardware'), ('navigation', '/ros2_ws/install/navigation'), ('rf2o_laser_odometry', '/ros2_ws/install/rf2o_laser_odometry'), ('ydlidar_ros2_driver', '/ros2_ws/install/ydlidar_ros2_driver'), ('localization', '/ros2_ws/install/localization')])}
[0.001901] (tactical_brain) JobStarted: {'identifier': 'tactical_brain'}
[0.018118] (robot_bringup) JobStarted: {'identifier': 'robot_bringup'}
[0.099589] (-) TimerEvent: {}
[0.200716] (-) TimerEvent: {}
[0.302928] (-) TimerEvent: {}
[0.347026] (robot_bringup) JobProgress: {'identifier': 'robot_bringup', 'progress': 'cmake'}
[0.347790] (robot_bringup) JobProgress: {'identifier': 'robot_bringup', 'progress': 'build'}
[0.348668] (robot_bringup) Command: {'cmd': ['/usr/bin/cmake', '--build', '/ros2_ws/build/robot_bringup', '--', '-j4', '-l4'], 'cwd': '/ros2_ws/build/robot_bringup', 'env': OrderedDict([('HOSTNAME', 'yahav'), ('GRID_N', '2000'), ('SHLVL', '0'), ('LD_LIBRARY_PATH', '/ros2_ws/install/hardware/lib:/opt/ros/humble/opt/rviz_ogre_vendor/lib:/opt/ros/humble/lib/aarch64-linux-gnu:/opt/ros/humble/lib'), ('HOME', '/root'), ('MY_TEAM_IDX', '0'), ('OLDPWD', '/ros2_ws'), ('PYTHONUNBUFFERED', '1'), ('ROS_PYTHON_VERSION', '3'), ('ROS_DISTRO', 'humble'), ('_', '/usr/bin/colcon'), ('ROS_VERSION', '2'), ('ROS_LOCALHOST_ONLY', '0'), ('PATH', '/opt/ros/humble/bin:/usr/local/sbin:/usr/local/bin:/usr/sbin:/usr/bin:/sbin:/bin'), ('DISPLAY', ''), ('LANG', 'C.UTF-8'), ('ROS_DOMAIN_ID', '0'), ('AMENT_PREFIX_PATH', '/ros2_ws/install/localization:/ros2_ws/install/ydlidar_ros2_driver:/ros2_ws/install/rf2o_laser_odometry:/ros2_ws/install/navigation:/ros2_ws/install/hardware:/ros2_ws/install/foxglove:/opt/ros/humble'), ('ROBOT_ID', '6'), ('ARENA_SIZE_METERS', '2.0'), ('PWD', '/ros2_ws/build/robot_bringup'), ('LC_ALL', 'C.UTF-8'), ('PYTHONPATH', '/opt/ros/humble/lib/python3.10/site-packages:/opt/ros/humble/local/lib/python3.10/dist-packages'), ('COLCON', '1'), ('CMAKE_PREFIX_PATH', '/ros2_ws/install/localization:/ros2_ws/install/ydlidar_ros2_driver:/ros2_ws/install/rf2o_laser_odometry:/ros2_ws/install/navigation:/ros2_ws/install/hardware:/ros2_ws/install/foxglove:/opt/ros/humble')]), 'shell': False}
[0.397451] (robot_bringup) CommandEnded: {'returncode': 0}
[0.398189] (robot_bringup) JobProgress: {'identifier': 'robot_bringup', 'progress': 'install'}
[0.403020] (-) TimerEvent: {}
[0.407574] (robot_bringup) Command: {'cmd': ['/usr/bin/cmake', '--install', '/ros2_ws/build/robot_bringup'], 'cwd': '/ros2_ws/build/robot_bringup', 'env': OrderedDict([('HOSTNAME', 'yahav'), ('GRID_N', '2000'), ('SHLVL', '0'), ('LD_LIBRARY_PATH', '/ros2_ws/install/hardware/lib:/opt/ros/humble/opt/rviz_ogre_vendor/lib:/opt/ros/humble/lib/aarch64-linux-gnu:/opt/ros/humble/lib'), ('HOME', '/root'), ('MY_TEAM_IDX', '0'), ('OLDPWD', '/ros2_ws'), ('PYTHONUNBUFFERED', '1'), ('ROS_PYTHON_VERSION', '3'), ('ROS_DISTRO', 'humble'), ('_', '/usr/bin/colcon'), ('ROS_VERSION', '2'), ('ROS_LOCALHOST_ONLY', '0'), ('PATH', '/opt/ros/humble/bin:/usr/local/sbin:/usr/local/bin:/usr/sbin:/usr/bin:/sbin:/bin'), ('DISPLAY', ''), ('LANG', 'C.UTF-8'), ('ROS_DOMAIN_ID', '0'), ('AMENT_PREFIX_PATH', '/ros2_ws/install/localization:/ros2_ws/install/ydlidar_ros2_driver:/ros2_ws/install/rf2o_laser_odometry:/ros2_ws/install/navigation:/ros2_ws/install/hardware:/ros2_ws/install/foxglove:/opt/ros/humble'), ('ROBOT_ID', '6'), ('ARENA_SIZE_METERS', '2.0'), ('PWD', '/ros2_ws/build/robot_bringup'), ('LC_ALL', 'C.UTF-8'), ('PYTHONPATH', '/opt/ros/humble/lib/python3.10/site-packages:/opt/ros/humble/local/lib/python3.10/dist-packages'), ('COLCON', '1'), ('CMAKE_PREFIX_PATH', '/ros2_ws/install/localization:/ros2_ws/install/ydlidar_ros2_driver:/ros2_ws/install/rf2o_laser_odometry:/ros2_ws/install/navigation:/ros2_ws/install/hardware:/ros2_ws/install/foxglove:/opt/ros/humble')]), 'shell': False}
[0.415496] (robot_bringup) StdoutLine: {'line': b'-- Install configuration: ""\n'}
[0.417154] (robot_bringup) StdoutLine: {'line': b'-- Execute custom install script\n'}
[0.417341] (robot_bringup) StdoutLine: {'line': b'-- Up-to-date symlink: /ros2_ws/install/robot_bringup/share/robot_bringup/launch/launch.py\n'}
[0.417429] (robot_bringup) StdoutLine: {'line': b'-- Up-to-date symlink: /ros2_ws/install/robot_bringup/share/ament_index/resource_index/package_run_dependencies/robot_bringup\n'}
[0.417502] (robot_bringup) StdoutLine: {'line': b'-- Up-to-date symlink: /ros2_ws/install/robot_bringup/share/ament_index/resource_index/parent_prefix_path/robot_bringup\n'}
[0.421740] (robot_bringup) StdoutLine: {'line': b'-- Up-to-date symlink: /ros2_ws/install/robot_bringup/share/robot_bringup/environment/ament_prefix_path.sh\n'}
[0.422022] (robot_bringup) StdoutLine: {'line': b'-- Up-to-date symlink: /ros2_ws/install/robot_bringup/share/robot_bringup/environment/ament_prefix_path.dsv\n'}
[0.422098] (robot_bringup) StdoutLine: {'line': b'-- Up-to-date symlink: /ros2_ws/install/robot_bringup/share/robot_bringup/environment/path.sh\n'}
[0.422163] (robot_bringup) StdoutLine: {'line': b'-- Up-to-date symlink: /ros2_ws/install/robot_bringup/share/robot_bringup/environment/path.dsv\n'}
[0.422229] (robot_bringup) StdoutLine: {'line': b'-- Up-to-date symlink: /ros2_ws/install/robot_bringup/share/robot_bringup/local_setup.bash\n'}
[0.422299] (robot_bringup) StdoutLine: {'line': b'-- Up-to-date symlink: /ros2_ws/install/robot_bringup/share/robot_bringup/local_setup.sh\n'}
[0.422364] (robot_bringup) StdoutLine: {'line': b'-- Up-to-date symlink: /ros2_ws/install/robot_bringup/share/robot_bringup/local_setup.zsh\n'}
[0.422454] (robot_bringup) StdoutLine: {'line': b'-- Up-to-date symlink: /ros2_ws/install/robot_bringup/share/robot_bringup/local_setup.dsv\n'}
[0.422544] (robot_bringup) StdoutLine: {'line': b'-- Symlinking: /ros2_ws/install/robot_bringup/share/robot_bringup/package.dsv\n'}
[0.429756] (robot_bringup) StdoutLine: {'line': b'-- Up-to-date symlink: /ros2_ws/install/robot_bringup/share/ament_index/resource_index/packages/robot_bringup\n'}
[0.430044] (robot_bringup) StdoutLine: {'line': b'-- Up-to-date symlink: /ros2_ws/install/robot_bringup/share/robot_bringup/cmake/robot_bringupConfig.cmake\n'}
[0.430162] (robot_bringup) StdoutLine: {'line': b'-- Up-to-date symlink: /ros2_ws/install/robot_bringup/share/robot_bringup/cmake/robot_bringupConfig-version.cmake\n'}
[0.431680] (robot_bringup) StdoutLine: {'line': b'-- Up-to-date symlink: /ros2_ws/install/robot_bringup/share/robot_bringup/package.xml\n'}
[0.434544] (robot_bringup) CommandEnded: {'returncode': 0}
[0.480640] (robot_bringup) JobEnded: {'identifier': 'robot_bringup', 'rc': 0}
[0.503125] (-) TimerEvent: {}
[0.603399] (-) TimerEvent: {}
[0.703599] (-) TimerEvent: {}
[0.803831] (-) TimerEvent: {}
[0.904108] (-) TimerEvent: {}
[1.004315] (-) TimerEvent: {}
[1.104557] (-) TimerEvent: {}
[1.168054] (tactical_brain) Command: {'cmd': ['/usr/bin/python3', '-W', 'ignore:setup.py install is deprecated', '-W', 'ignore:easy_install command is deprecated', 'setup.py', 'develop', '--editable', '--build-directory', '/ros2_ws/build/tactical_brain/build', '--no-deps', 'symlink_data'], 'cwd': '/ros2_ws/build/tactical_brain', 'env': {'HOSTNAME': 'yahav', 'GRID_N': '2000', 'SHLVL': '0', 'LD_LIBRARY_PATH': '/opt/ros/humble/opt/rviz_ogre_vendor/lib:/opt/ros/humble/lib/aarch64-linux-gnu:/opt/ros/humble/lib', 'HOME': '/root', 'MY_TEAM_IDX': '0', 'OLDPWD': '/ros2_ws', 'PYTHONUNBUFFERED': '1', 'ROS_PYTHON_VERSION': '3', 'ROS_DISTRO': 'humble', '_': '/usr/bin/colcon', 'ROS_VERSION': '2', 'ROS_LOCALHOST_ONLY': '0', 'PATH': '/opt/ros/humble/bin:/usr/local/sbin:/usr/local/bin:/usr/sbin:/usr/bin:/sbin:/bin', 'DISPLAY': '', 'LANG': 'C.UTF-8', 'ROS_DOMAIN_ID': '0', 'AMENT_PREFIX_PATH': '/opt/ros/humble', 'ROBOT_ID': '6', 'ARENA_SIZE_METERS': '2.0', 'PWD': '/ros2_ws/build/tactical_brain', 'LC_ALL': 'C.UTF-8', 'PYTHONPATH': '/ros2_ws/build/tactical_brain/prefix_override:/usr/lib/python3/dist-packages/colcon_core/task/python/colcon_distutils_commands:/ros2_ws/install/tactical_brain/lib/python3.10/site-packages:/opt/ros/humble/lib/python3.10/site-packages:/opt/ros/humble/local/lib/python3.10/dist-packages', 'COLCON': '1'}, 'shell': False}
[1.204676] (-) TimerEvent: {}
[1.304902] (-) TimerEvent: {}
[1.405115] (-) TimerEvent: {}
[1.438635] (tactical_brain) StdoutLine: {'line': b'running develop\n'}
[1.505216] (-) TimerEvent: {}
[1.555527] (tactical_brain) StdoutLine: {'line': b'running egg_info\n'}
[1.556483] (tactical_brain) StdoutLine: {'line': b'writing tactical_brain.egg-info/PKG-INFO\n'}
[1.556635] (tactical_brain) StdoutLine: {'line': b'writing dependency_links to tactical_brain.egg-info/dependency_links.txt\n'}
[1.558468] (tactical_brain) StdoutLine: {'line': b'writing entry points to tactical_brain.egg-info/entry_points.txt\n'}
[1.559057] (tactical_brain) StdoutLine: {'line': b'writing requirements to tactical_brain.egg-info/requires.txt\n'}
[1.559884] (tactical_brain) StdoutLine: {'line': b'writing top-level names to tactical_brain.egg-info/top_level.txt\n'}
[1.563363] (tactical_brain) StdoutLine: {'line': b"reading manifest file 'tactical_brain.egg-info/SOURCES.txt'\n"}
[1.564173] (tactical_brain) StdoutLine: {'line': b"writing manifest file 'tactical_brain.egg-info/SOURCES.txt'\n"}
[1.566832] (tactical_brain) StdoutLine: {'line': b'running build_ext\n'}
[1.567184] (tactical_brain) StdoutLine: {'line': b'Creating /ros2_ws/install/tactical_brain/lib/python3.10/site-packages/tactical-brain.egg-link (link to .)\n'}
[1.568785] (tactical_brain) StdoutLine: {'line': b'Installing brain_node script to /ros2_ws/install/tactical_brain/lib/tactical_brain\n'}
[1.568972] (tactical_brain) StdoutLine: {'line': b'Installing mock_pose_publisher script to /ros2_ws/install/tactical_brain/lib/tactical_brain\n'}
[1.569198] (tactical_brain) StdoutLine: {'line': b'\n'}
[1.569302] (tactical_brain) StdoutLine: {'line': b'Installed /ros2_ws/build/tactical_brain\n'}
[1.569370] (tactical_brain) StdoutLine: {'line': b'running symlink_data\n'}
[1.605326] (-) TimerEvent: {}
[1.634487] (tactical_brain) CommandEnded: {'returncode': 0}
[1.649674] (tactical_brain) JobEnded: {'identifier': 'tactical_brain', 'rc': 0}
[1.650297] (-) EventReactorShutdown: {}
