[0.043s] Invoking command in '/ros2_ws/build/robot_description': CMAKE_PREFIX_PATH=${CMAKE_PREFIX_PATH}:/ros2_ws/install/tactical_brain:/ros2_ws/install/sensor_fusion_pkg:/ros2_ws/install/icm20948_ros2:/ros2_ws/install/ai_vision:/opt/ros/humble /usr/bin/cmake --build /ros2_ws/build/robot_description -- -j4 -l4
[0.085s] -- Found ament_cmake: 1.3.14 (/opt/ros/humble/share/ament_cmake/cmake)
[0.339s] -- Override CMake install command with custom implementation using symlinks instead of copying resources
[0.354s] -- Found ament_lint_auto: 0.12.15 (/opt/ros/humble/share/ament_lint_auto/cmake)
[0.692s] -- Added test 'lint_cmake' to check CMake code style
[0.702s] -- Added test 'xmllint' to check XML markup files
[0.702s] -- Configuring done
[0.714s] -- Generating done
[0.727s] -- Build files have been written to: /ros2_ws/build/robot_description
[0.775s] Invoked command in '/ros2_ws/build/robot_description' returned '0': CMAKE_PREFIX_PATH=${CMAKE_PREFIX_PATH}:/ros2_ws/install/tactical_brain:/ros2_ws/install/sensor_fusion_pkg:/ros2_ws/install/icm20948_ros2:/ros2_ws/install/ai_vision:/opt/ros/humble /usr/bin/cmake --build /ros2_ws/build/robot_description -- -j4 -l4
[0.776s] Invoking command in '/ros2_ws/build/robot_description': CMAKE_PREFIX_PATH=${CMAKE_PREFIX_PATH}:/ros2_ws/install/tactical_brain:/ros2_ws/install/sensor_fusion_pkg:/ros2_ws/install/icm20948_ros2:/ros2_ws/install/ai_vision:/opt/ros/humble /usr/bin/cmake --install /ros2_ws/build/robot_description
[0.793s] -- Install configuration: ""
[0.800s] -- Execute custom install script
[0.802s] -- Up-to-date symlink: /ros2_ws/install/robot_description/share/robot_description/urdf/base.xacro
[0.802s] -- Up-to-date symlink: /ros2_ws/install/robot_description/share/robot_description/urdf/robot_urdf.xacro
[0.802s] -- Up-to-date symlink: /ros2_ws/install/robot_description/share/robot_description/urdf/sensors.xacro
[0.803s] -- Up-to-date symlink: /ros2_ws/install/robot_description/share/robot_description/urdf/wheels.xacro
[0.804s] -- Up-to-date symlink: /ros2_ws/install/robot_description/share/ament_index/resource_index/package_run_dependencies/robot_description
[0.804s] -- Up-to-date symlink: /ros2_ws/install/robot_description/share/ament_index/resource_index/parent_prefix_path/robot_description
[0.817s] -- Up-to-date symlink: /ros2_ws/install/robot_description/share/robot_description/environment/ament_prefix_path.sh
[0.817s] -- Up-to-date symlink: /ros2_ws/install/robot_description/share/robot_description/environment/ament_prefix_path.dsv
[0.817s] -- Up-to-date symlink: /ros2_ws/install/robot_description/share/robot_description/environment/path.sh
[0.818s] -- Up-to-date symlink: /ros2_ws/install/robot_description/share/robot_description/environment/path.dsv
[0.818s] -- Up-to-date symlink: /ros2_ws/install/robot_description/share/robot_description/local_setup.bash
[0.818s] -- Up-to-date symlink: /ros2_ws/install/robot_description/share/robot_description/local_setup.sh
[0.818s] -- Up-to-date symlink: /ros2_ws/install/robot_description/share/robot_description/local_setup.zsh
[0.818s] -- Up-to-date symlink: /ros2_ws/install/robot_description/share/robot_description/local_setup.dsv
[0.818s] -- Symlinking: /ros2_ws/install/robot_description/share/robot_description/package.dsv
[0.841s] -- Up-to-date symlink: /ros2_ws/install/robot_description/share/ament_index/resource_index/packages/robot_description
[0.849s] -- Up-to-date symlink: /ros2_ws/install/robot_description/share/robot_description/cmake/robot_descriptionConfig.cmake
[0.850s] -- Up-to-date symlink: /ros2_ws/install/robot_description/share/robot_description/cmake/robot_descriptionConfig-version.cmake
[0.850s] -- Up-to-date symlink: /ros2_ws/install/robot_description/share/robot_description/package.xml
[0.863s] Invoked command in '/ros2_ws/build/robot_description' returned '0': CMAKE_PREFIX_PATH=${CMAKE_PREFIX_PATH}:/ros2_ws/install/tactical_brain:/ros2_ws/install/sensor_fusion_pkg:/ros2_ws/install/icm20948_ros2:/ros2_ws/install/ai_vision:/opt/ros/humble /usr/bin/cmake --install /ros2_ws/build/robot_description
