[0.022s] Invoking command in '/ros2_ws/build/robot_bringup': AMENT_PREFIX_PATH=/ros2_ws/install/localization:/ros2_ws/install/ydlidar_ros2_driver:/ros2_ws/install/navigation:/ros2_ws/install/foxglove:${AMENT_PREFIX_PATH} CMAKE_PREFIX_PATH=/ros2_ws/install/localization:/ros2_ws/install/ydlidar_ros2_driver:/ros2_ws/install/navigation:/ros2_ws/install/hardware:/ros2_ws/install/foxglove:/ros2_ws/install/robot_description:/opt/ros/humble LD_LIBRARY_PATH=/ros2_ws/install/hardware/lib:${LD_LIBRARY_PATH} /usr/bin/cmake /ros2_ws/src/robot_bringup -DAMENT_CMAKE_SYMLINK_INSTALL=1 -DCMAKE_INSTALL_PREFIX=/ros2_ws/install/robot_bringup
[0.094s] -- The C compiler identification is GNU 11.4.0
[0.174s] -- The CXX compiler identification is GNU 11.4.0
[0.191s] -- Detecting C compiler ABI info
[0.297s] -- Detecting C compiler ABI info - done
[0.312s] -- Check for working C compiler: /usr/bin/cc - skipped
[0.312s] -- Detecting C compile features
[0.312s] -- Detecting C compile features - done
[0.316s] -- Detecting CXX compiler ABI info
[0.424s] -- Detecting CXX compiler ABI info - done
[0.435s] -- Check for working CXX compiler: /usr/bin/c++ - skipped
[0.435s] -- Detecting CXX compile features
[0.435s] -- Detecting CXX compile features - done
[0.441s] -- Found ament_cmake: 1.3.14 (/opt/ros/humble/share/ament_cmake/cmake)
[0.659s] -- Found Python3: /usr/bin/python3 (found version "3.10.12") found components: Interpreter 
[0.793s] -- Override CMake install command with custom implementation using symlinks instead of copying resources
[0.837s] -- Found ament_lint_auto: 0.12.15 (/opt/ros/humble/share/ament_lint_auto/cmake)
[0.963s] -- Added test 'flake8' to check Python code syntax and style conventions
[0.964s] -- Added test 'lint_cmake' to check CMake code style
[0.965s] -- Added test 'pep257' to check Python code against some of the docstring style conventions in PEP 257
[0.966s] -- Added test 'xmllint' to check XML markup files
[0.968s] -- Configuring done
[0.971s] -- Generating done
[0.976s] -- Build files have been written to: /ros2_ws/build/robot_bringup
[0.982s] Invoked command in '/ros2_ws/build/robot_bringup' returned '0': AMENT_PREFIX_PATH=/ros2_ws/install/localization:/ros2_ws/install/ydlidar_ros2_driver:/ros2_ws/install/navigation:/ros2_ws/install/foxglove:${AMENT_PREFIX_PATH} CMAKE_PREFIX_PATH=/ros2_ws/install/localization:/ros2_ws/install/ydlidar_ros2_driver:/ros2_ws/install/navigation:/ros2_ws/install/hardware:/ros2_ws/install/foxglove:/ros2_ws/install/robot_description:/opt/ros/humble LD_LIBRARY_PATH=/ros2_ws/install/hardware/lib:${LD_LIBRARY_PATH} /usr/bin/cmake /ros2_ws/src/robot_bringup -DAMENT_CMAKE_SYMLINK_INSTALL=1 -DCMAKE_INSTALL_PREFIX=/ros2_ws/install/robot_bringup
[0.983s] Invoking command in '/ros2_ws/build/robot_bringup': AMENT_PREFIX_PATH=/ros2_ws/install/localization:/ros2_ws/install/ydlidar_ros2_driver:/ros2_ws/install/navigation:/ros2_ws/install/foxglove:${AMENT_PREFIX_PATH} CMAKE_PREFIX_PATH=/ros2_ws/install/localization:/ros2_ws/install/ydlidar_ros2_driver:/ros2_ws/install/navigation:/ros2_ws/install/hardware:/ros2_ws/install/foxglove:/ros2_ws/install/robot_description:/opt/ros/humble LD_LIBRARY_PATH=/ros2_ws/install/hardware/lib:${LD_LIBRARY_PATH} /usr/bin/cmake --build /ros2_ws/build/robot_bringup -- -j4 -l4
[1.028s] Invoked command in '/ros2_ws/build/robot_bringup' returned '0': AMENT_PREFIX_PATH=/ros2_ws/install/localization:/ros2_ws/install/ydlidar_ros2_driver:/ros2_ws/install/navigation:/ros2_ws/install/foxglove:${AMENT_PREFIX_PATH} CMAKE_PREFIX_PATH=/ros2_ws/install/localization:/ros2_ws/install/ydlidar_ros2_driver:/ros2_ws/install/navigation:/ros2_ws/install/hardware:/ros2_ws/install/foxglove:/ros2_ws/install/robot_description:/opt/ros/humble LD_LIBRARY_PATH=/ros2_ws/install/hardware/lib:${LD_LIBRARY_PATH} /usr/bin/cmake --build /ros2_ws/build/robot_bringup -- -j4 -l4
[1.029s] Invoking command in '/ros2_ws/build/robot_bringup': AMENT_PREFIX_PATH=/ros2_ws/install/localization:/ros2_ws/install/ydlidar_ros2_driver:/ros2_ws/install/navigation:/ros2_ws/install/foxglove:${AMENT_PREFIX_PATH} CMAKE_PREFIX_PATH=/ros2_ws/install/localization:/ros2_ws/install/ydlidar_ros2_driver:/ros2_ws/install/navigation:/ros2_ws/install/hardware:/ros2_ws/install/foxglove:/ros2_ws/install/robot_description:/opt/ros/humble LD_LIBRARY_PATH=/ros2_ws/install/hardware/lib:${LD_LIBRARY_PATH} /usr/bin/cmake --install /ros2_ws/build/robot_bringup
[1.037s] -- Install configuration: ""
[1.043s] -- Execute custom install script
[1.043s] -- Symlinking: /ros2_ws/install/robot_bringup/share/robot_bringup/launch/launch.py
[1.057s] -- Symlinking: /ros2_ws/install/robot_bringup/share/ament_index/resource_index/package_run_dependencies/robot_bringup
[1.066s] -- Symlinking: /ros2_ws/install/robot_bringup/share/ament_index/resource_index/parent_prefix_path/robot_bringup
[1.081s] -- Symlinking: /ros2_ws/install/robot_bringup/share/robot_bringup/environment/ament_prefix_path.sh
[1.092s] -- Symlinking: /ros2_ws/install/robot_bringup/share/robot_bringup/environment/ament_prefix_path.dsv
[1.104s] -- Symlinking: /ros2_ws/install/robot_bringup/share/robot_bringup/environment/path.sh
[1.122s] -- Symlinking: /ros2_ws/install/robot_bringup/share/robot_bringup/environment/path.dsv
[1.131s] -- Symlinking: /ros2_ws/install/robot_bringup/share/robot_bringup/local_setup.bash
[1.144s] -- Symlinking: /ros2_ws/install/robot_bringup/share/robot_bringup/local_setup.sh
[1.154s] -- Symlinking: /ros2_ws/install/robot_bringup/share/robot_bringup/local_setup.zsh
[1.162s] -- Symlinking: /ros2_ws/install/robot_bringup/share/robot_bringup/local_setup.dsv
[1.172s] -- Symlinking: /ros2_ws/install/robot_bringup/share/robot_bringup/package.dsv
[1.187s] -- Symlinking: /ros2_ws/install/robot_bringup/share/ament_index/resource_index/packages/robot_bringup
[1.197s] -- Symlinking: /ros2_ws/install/robot_bringup/share/robot_bringup/cmake/robot_bringupConfig.cmake
[1.213s] -- Symlinking: /ros2_ws/install/robot_bringup/share/robot_bringup/cmake/robot_bringupConfig-version.cmake
[1.225s] -- Symlinking: /ros2_ws/install/robot_bringup/share/robot_bringup/package.xml
[1.239s] Invoked command in '/ros2_ws/build/robot_bringup' returned '0': AMENT_PREFIX_PATH=/ros2_ws/install/localization:/ros2_ws/install/ydlidar_ros2_driver:/ros2_ws/install/navigation:/ros2_ws/install/foxglove:${AMENT_PREFIX_PATH} CMAKE_PREFIX_PATH=/ros2_ws/install/localization:/ros2_ws/install/ydlidar_ros2_driver:/ros2_ws/install/navigation:/ros2_ws/install/hardware:/ros2_ws/install/foxglove:/ros2_ws/install/robot_description:/opt/ros/humble LD_LIBRARY_PATH=/ros2_ws/install/hardware/lib:${LD_LIBRARY_PATH} /usr/bin/cmake --install /ros2_ws/build/robot_bringup
