[0.000000] (-) TimerEvent: {}
[0.000280] (-) JobUnselected: {'identifier': 'foxglove'}
[0.000317] (-) JobUnselected: {'identifier': 'hardware'}
[0.000336] (-) JobUnselected: {'identifier': 'icm20948_ros2'}
[0.000352] (-) JobUnselected: {'identifier': 'localization'}
[0.000368] (-) JobUnselected: {'identifier': 'main_brain'}
[0.000385] (-) JobUnselected: {'identifier': 'navigation'}
[0.000400] (-) JobUnselected: {'identifier': 'rf2o_laser_odometry'}
[0.000416] (-) JobUnselected: {'identifier': 'robot_bringup'}
[0.000431] (-) JobUnselected: {'identifier': 'robot_description'}
[0.000447] (-) JobUnselected: {'identifier': 'shooting'}
[0.000462] (-) JobUnselected: {'identifier': 'tactical_brain'}
[0.000478] (-) JobUnselected: {'identifier': 'telemetry_data'}
[0.000494] (-) JobUnselected: {'identifier': 'ydlidar_ros2_driver'}
[0.000515] (ai_vision) JobQueued: {'identifier': 'ai_vision', 'dependencies': OrderedDict()}
[0.000538] (ai_vision) JobStarted: {'identifier': 'ai_vision'}
[0.098130] (-) TimerEvent: {}
[0.198959] (-) TimerEvent: {}
[0.299335] (-) TimerEvent: {}
[0.399576] (-) TimerEvent: {}
[0.499770] (-) TimerEvent: {}
[0.600055] (-) TimerEvent: {}
[0.700310] (-) TimerEvent: {}
[0.800685] (-) TimerEvent: {}
[0.900908] (-) TimerEvent: {}
[1.001165] (-) TimerEvent: {}
[1.101458] (-) TimerEvent: {}
[1.201815] (-) TimerEvent: {}
[1.302372] (-) TimerEvent: {}
[1.403778] (-) TimerEvent: {}
[1.503996] (-) TimerEvent: {}
[1.604225] (-) TimerEvent: {}
[1.615779] (ai_vision) Command: {'cmd': ['/usr/bin/python3', '-W', 'ignore:setup.py install is deprecated', '-W', 'ignore:easy_install command is deprecated', 'setup.py', 'develop', '--editable', '--build-directory', '/ros2_ws/build/ai_vision/build', '--no-deps', 'symlink_data'], 'cwd': '/ros2_ws/build/ai_vision', 'env': {'HOSTNAME': 'yahav', 'GRID_N': '2000', 'SHLVL': '0', 'HOME': '/root', 'MY_TEAM_IDX': '0', 'OLDPWD': '/ros2_ws', 'PYTHONUNBUFFERED': '1', 'ROS_DISTRO': 'humble', '_': '/usr/bin/colcon', 'PATH': '/usr/local/sbin:/usr/local/bin:/usr/sbin:/usr/bin:/sbin:/bin', 'DISPLAY': '', 'LANG': 'C.UTF-8', 'ROS_DOMAIN_ID': '0', 'ROBOT_ID': '8', 'ARENA_SIZE_METERS': '2.0', 'PWD': '/ros2_ws/build/ai_vision', 'LC_ALL': 'C.UTF-8', 'COLCON': '1', 'PYTHONPATH': '/ros2_ws/build/ai_vision/prefix_override:/usr/lib/python3/dist-packages/colcon_core/task/python/colcon_distutils_commands:/ros2_ws/install/ai_vision/lib/python3.10/site-packages:'}, 'shell': False}
[1.704346] (-) TimerEvent: {}
[1.804620] (-) TimerEvent: {}
[1.904835] (-) TimerEvent: {}
[1.911130] (ai_vision) StdoutLine: {'line': b'running develop\n'}
[1.986646] (ai_vision) StdoutLine: {'line': b'running egg_info\n'}
[1.986851] (ai_vision) StdoutLine: {'line': b'writing ai_vision.egg-info/PKG-INFO\n'}
[1.987018] (ai_vision) StdoutLine: {'line': b'writing dependency_links to ai_vision.egg-info/dependency_links.txt\n'}
[1.988158] (ai_vision) StdoutLine: {'line': b'writing entry points to ai_vision.egg-info/entry_points.txt\n'}
[1.988749] (ai_vision) StdoutLine: {'line': b'writing requirements to ai_vision.egg-info/requires.txt\n'}
[1.989439] (ai_vision) StdoutLine: {'line': b'writing top-level names to ai_vision.egg-info/top_level.txt\n'}
[1.992633] (ai_vision) StdoutLine: {'line': b"reading manifest file 'ai_vision.egg-info/SOURCES.txt'\n"}
[1.994859] (ai_vision) StdoutLine: {'line': b"writing manifest file 'ai_vision.egg-info/SOURCES.txt'\n"}
[1.996389] (ai_vision) StdoutLine: {'line': b'running build_ext\n'}
[1.996734] (ai_vision) StdoutLine: {'line': b'Creating /ros2_ws/install/ai_vision/lib/python3.10/site-packages/ai-vision.egg-link (link to .)\n'}
[1.998158] (ai_vision) StdoutLine: {'line': b'Installing ai_inference_node script to /ros2_ws/install/ai_vision/lib/ai_vision\n'}
[1.998466] (ai_vision) StdoutLine: {'line': b'Installing cv_processor_node script to /ros2_ws/install/ai_vision/lib/ai_vision\n'}
[1.998691] (ai_vision) StdoutLine: {'line': b'\n'}
[1.998780] (ai_vision) StdoutLine: {'line': b'Installed /ros2_ws/build/ai_vision\n'}
[1.998843] (ai_vision) StdoutLine: {'line': b'running symlink_data\n'}
[2.005006] (-) TimerEvent: {}
[2.069610] (ai_vision) CommandEnded: {'returncode': 0}
[2.105079] (-) TimerEvent: {}
[2.115933] (ai_vision) JobEnded: {'identifier': 'ai_vision', 'rc': 0}
[2.116852] (-) EventReactorShutdown: {}
