[0.032s] Invoking command in '/ros2_ws/build/robot_description': CMAKE_PREFIX_PATH=${CMAKE_PREFIX_PATH}:/ros2_ws/install/tactical_brain:/ros2_ws/install/sensor_fusion_pkg:/ros2_ws/install/icm20948_ros2:/opt/ros/humble /usr/bin/cmake --build /ros2_ws/build/robot_description -- -j4 -l4
[0.099s] -- Found ament_cmake: 1.3.14 (/opt/ros/humble/share/ament_cmake/cmake)
[0.420s] -- Override CMake install command with custom implementation using symlinks instead of copying resources
[0.433s] -- Found ament_lint_auto: 0.12.15 (/opt/ros/humble/share/ament_lint_auto/cmake)
[0.592s] -- Added test 'lint_cmake' to check CMake code style
[0.593s] -- Added test 'xmllint' to check XML markup files
[0.663s] -- Configuring done
[0.694s] -- Generating done
[0.708s] -- Build files have been written to: /ros2_ws/build/robot_description
[0.732s] Invoked command in '/ros2_ws/build/robot_description' returned '0': CMAKE_PREFIX_PATH=${CMAKE_PREFIX_PATH}:/ros2_ws/install/tactical_brain:/ros2_ws/install/sensor_fusion_pkg:/ros2_ws/install/icm20948_ros2:/opt/ros/humble /usr/bin/cmake --build /ros2_ws/build/robot_description -- -j4 -l4
[0.738s] Invoking command in '/ros2_ws/build/robot_description': CMAKE_PREFIX_PATH=${CMAKE_PREFIX_PATH}:/ros2_ws/install/tactical_brain:/ros2_ws/install/sensor_fusion_pkg:/ros2_ws/install/icm20948_ros2:/opt/ros/humble /usr/bin/cmake --install /ros2_ws/build/robot_description
[0.750s] -- Install configuration: ""
[0.752s] -- Execute custom install script
[0.756s] -- Up-to-date symlink: /ros2_ws/install/robot_description/share/robot_description/urdf/base.xacro
[0.756s] -- Up-to-date symlink: /ros2_ws/install/robot_description/share/robot_description/urdf/robot_urdf.xacro
[0.757s] -- Up-to-date symlink: /ros2_ws/install/robot_description/share/robot_description/urdf/sensors.xacro
[0.759s] -- Up-to-date symlink: /ros2_ws/install/robot_description/share/robot_description/urdf/wheels.xacro
[0.761s] -- Up-to-date symlink: /ros2_ws/install/robot_description/share/ament_index/resource_index/package_run_dependencies/robot_description
[0.762s] -- Up-to-date symlink: /ros2_ws/install/robot_description/share/ament_index/resource_index/parent_prefix_path/robot_description
[0.765s] -- Up-to-date symlink: /ros2_ws/install/robot_description/share/robot_description/environment/ament_prefix_path.sh
[0.766s] -- Up-to-date symlink: /ros2_ws/install/robot_description/share/robot_description/environment/ament_prefix_path.dsv
[0.768s] -- Up-to-date symlink: /ros2_ws/install/robot_description/share/robot_description/environment/path.sh
[0.769s] -- Up-to-date symlink: /ros2_ws/install/robot_description/share/robot_description/environment/path.dsv
[0.772s] -- Up-to-date symlink: /ros2_ws/install/robot_description/share/robot_description/local_setup.bash
[0.773s] -- Up-to-date symlink: /ros2_ws/install/robot_description/share/robot_description/local_setup.sh
[0.775s] -- Up-to-date symlink: /ros2_ws/install/robot_description/share/robot_description/local_setup.zsh
[0.777s] -- Up-to-date symlink: /ros2_ws/install/robot_description/share/robot_description/local_setup.dsv
[0.778s] -- Symlinking: /ros2_ws/install/robot_description/share/robot_description/package.dsv
[0.793s] -- Up-to-date symlink: /ros2_ws/install/robot_description/share/ament_index/resource_index/packages/robot_description
[0.794s] -- Up-to-date symlink: /ros2_ws/install/robot_description/share/robot_description/cmake/robot_descriptionConfig.cmake
[0.796s] -- Up-to-date symlink: /ros2_ws/install/robot_description/share/robot_description/cmake/robot_descriptionConfig-version.cmake
[0.799s] -- Up-to-date symlink: /ros2_ws/install/robot_description/share/robot_description/package.xml
[0.802s] Invoked command in '/ros2_ws/build/robot_description' returned '0': CMAKE_PREFIX_PATH=${CMAKE_PREFIX_PATH}:/ros2_ws/install/tactical_brain:/ros2_ws/install/sensor_fusion_pkg:/ros2_ws/install/icm20948_ros2:/opt/ros/humble /usr/bin/cmake --install /ros2_ws/build/robot_description
