[0.031s] Invoking command in '/ros2_ws/build/navigation': CMAKE_PREFIX_PATH=${CMAKE_PREFIX_PATH}:/ros2_ws/install/icm20948_ros2:/opt/ros/humble /usr/bin/cmake --build /ros2_ws/build/navigation -- -j4 -l4
[0.096s] Invoked command in '/ros2_ws/build/navigation' returned '0': CMAKE_PREFIX_PATH=${CMAKE_PREFIX_PATH}:/ros2_ws/install/icm20948_ros2:/opt/ros/humble /usr/bin/cmake --build /ros2_ws/build/navigation -- -j4 -l4
[0.100s] Invoking command in '/ros2_ws/build/navigation': CMAKE_PREFIX_PATH=${CMAKE_PREFIX_PATH}:/ros2_ws/install/icm20948_ros2:/opt/ros/humble /usr/bin/cmake --install /ros2_ws/build/navigation
[0.114s] -- Install configuration: ""
[0.118s] -- Execute custom install script
[0.118s] -- Up-to-date symlink: /ros2_ws/install/navigation/share/navigation/launch/launch.py
[0.118s] -- Up-to-date symlink: /ros2_ws/install/navigation/share/navigation/config/nav2.yaml
[0.119s] -- Up-to-date symlink: /ros2_ws/install/navigation/share/navigation/behavior_trees/ackermann_nav_through_poses.xml
[0.123s] -- Up-to-date symlink: /ros2_ws/install/navigation/share/navigation/behavior_trees/ackermann_nav_to_pose.xml
[0.127s] -- Up-to-date symlink: /ros2_ws/install/navigation/share/ament_index/resource_index/package_run_dependencies/navigation
[0.129s] -- Up-to-date symlink: /ros2_ws/install/navigation/share/ament_index/resource_index/parent_prefix_path/navigation
[0.131s] -- Up-to-date symlink: /ros2_ws/install/navigation/share/navigation/environment/ament_prefix_path.sh
[0.132s] -- Up-to-date symlink: /ros2_ws/install/navigation/share/navigation/environment/ament_prefix_path.dsv
[0.139s] -- Up-to-date symlink: /ros2_ws/install/navigation/share/navigation/environment/path.sh
[0.139s] -- Up-to-date symlink: /ros2_ws/install/navigation/share/navigation/environment/path.dsv
[0.142s] -- Up-to-date symlink: /ros2_ws/install/navigation/share/navigation/local_setup.bash
[0.146s] -- Up-to-date symlink: /ros2_ws/install/navigation/share/navigation/local_setup.sh
[0.154s] -- Up-to-date symlink: /ros2_ws/install/navigation/share/navigation/local_setup.zsh
[0.154s] -- Up-to-date symlink: /ros2_ws/install/navigation/share/navigation/local_setup.dsv
[0.155s] -- Symlinking: /ros2_ws/install/navigation/share/navigation/package.dsv
[0.170s] -- Up-to-date symlink: /ros2_ws/install/navigation/share/ament_index/resource_index/packages/navigation
[0.176s] -- Up-to-date symlink: /ros2_ws/install/navigation/share/navigation/cmake/navigationConfig.cmake
[0.176s] -- Up-to-date symlink: /ros2_ws/install/navigation/share/navigation/cmake/navigationConfig-version.cmake
[0.176s] -- Up-to-date symlink: /ros2_ws/install/navigation/share/navigation/package.xml
[0.546s] Invoked command in '/ros2_ws/build/navigation' returned '0': CMAKE_PREFIX_PATH=${CMAKE_PREFIX_PATH}:/ros2_ws/install/icm20948_ros2:/opt/ros/humble /usr/bin/cmake --install /ros2_ws/build/navigation
