[0.014s] Invoking command in '/ros2_ws/build/robot_bringup': CMAKE_PREFIX_PATH=/opt/ros/humble /usr/bin/cmake /ros2_ws/src/robot_bringup -DCMAKE_INSTALL_PREFIX=/ros2_ws/install/robot_bringup
[0.053s] -- Found ament_cmake: 1.3.14 (/opt/ros/humble/share/ament_cmake/cmake)
[0.239s] -- Override CMake install command with custom implementation using symlinks instead of copying resources
[0.291s] -- Found ament_lint_auto: 0.12.15 (/opt/ros/humble/share/ament_lint_auto/cmake)
[0.395s] -- Added test 'flake8' to check Python code syntax and style conventions
[0.396s] -- Added test 'lint_cmake' to check CMake code style
[0.397s] -- Added test 'pep257' to check Python code against some of the docstring style conventions in PEP 257
[0.398s] -- Added test 'xmllint' to check XML markup files
[0.403s] -- Configuring done
[0.417s] -- Generating done
[0.423s] -- Build files have been written to: /ros2_ws/build/robot_bringup
[0.427s] Invoked command in '/ros2_ws/build/robot_bringup' returned '0': CMAKE_PREFIX_PATH=/opt/ros/humble /usr/bin/cmake /ros2_ws/src/robot_bringup -DCMAKE_INSTALL_PREFIX=/ros2_ws/install/robot_bringup
[0.428s] Invoking command in '/ros2_ws/build/robot_bringup': CMAKE_PREFIX_PATH=/opt/ros/humble /usr/bin/cmake --build /ros2_ws/build/robot_bringup -- -j4 -l4
[0.461s] Invoked command in '/ros2_ws/build/robot_bringup' returned '0': CMAKE_PREFIX_PATH=/opt/ros/humble /usr/bin/cmake --build /ros2_ws/build/robot_bringup -- -j4 -l4
[0.475s] Invoking command in '/ros2_ws/build/robot_bringup': CMAKE_PREFIX_PATH=/opt/ros/humble /usr/bin/cmake --install /ros2_ws/build/robot_bringup
[0.478s] -- Install configuration: ""
[0.479s] -- Execute custom install script
[0.479s] -- Up-to-date symlink: /ros2_ws/install/robot_bringup/share/robot_bringup/launch/launch.py
[0.480s] -- Up-to-date symlink: /ros2_ws/install/robot_bringup/share/ament_index/resource_index/package_run_dependencies/robot_bringup
[0.480s] -- Up-to-date symlink: /ros2_ws/install/robot_bringup/share/ament_index/resource_index/parent_prefix_path/robot_bringup
[0.480s] -- Up-to-date symlink: /ros2_ws/install/robot_bringup/share/robot_bringup/environment/ament_prefix_path.sh
[0.480s] -- Up-to-date symlink: /ros2_ws/install/robot_bringup/share/robot_bringup/environment/ament_prefix_path.dsv
[0.480s] -- Up-to-date symlink: /ros2_ws/install/robot_bringup/share/robot_bringup/environment/path.sh
[0.481s] -- Up-to-date symlink: /ros2_ws/install/robot_bringup/share/robot_bringup/environment/path.dsv
[0.481s] -- Up-to-date symlink: /ros2_ws/install/robot_bringup/share/robot_bringup/local_setup.bash
[0.481s] -- Up-to-date symlink: /ros2_ws/install/robot_bringup/share/robot_bringup/local_setup.sh
[0.481s] -- Up-to-date symlink: /ros2_ws/install/robot_bringup/share/robot_bringup/local_setup.zsh
[0.481s] -- Up-to-date symlink: /ros2_ws/install/robot_bringup/share/robot_bringup/local_setup.dsv
[0.481s] -- Symlinking: /ros2_ws/install/robot_bringup/share/robot_bringup/package.dsv
[0.489s] -- Up-to-date symlink: /ros2_ws/install/robot_bringup/share/ament_index/resource_index/packages/robot_bringup
[0.490s] -- Up-to-date symlink: /ros2_ws/install/robot_bringup/share/robot_bringup/cmake/robot_bringupConfig.cmake
[0.490s] -- Up-to-date symlink: /ros2_ws/install/robot_bringup/share/robot_bringup/cmake/robot_bringupConfig-version.cmake
[0.490s] -- Up-to-date symlink: /ros2_ws/install/robot_bringup/share/robot_bringup/package.xml
[0.492s] Invoked command in '/ros2_ws/build/robot_bringup' returned '0': CMAKE_PREFIX_PATH=/opt/ros/humble /usr/bin/cmake --install /ros2_ws/build/robot_bringup
