[0.025s] Invoking command in '/ros2_ws/build/robot_description': CMAKE_PREFIX_PATH=/opt/ros/humble /usr/bin/cmake --build /ros2_ws/build/robot_description -- -j4 -l4
[0.075s] Invoked command in '/ros2_ws/build/robot_description' returned '0': CMAKE_PREFIX_PATH=/opt/ros/humble /usr/bin/cmake --build /ros2_ws/build/robot_description -- -j4 -l4
[0.088s] Invoking command in '/ros2_ws/build/robot_description': CMAKE_PREFIX_PATH=/opt/ros/humble /usr/bin/cmake --install /ros2_ws/build/robot_description
[0.098s] -- Install configuration: ""
[0.100s] -- Up-to-date: /ros2_ws/install/robot_description/share/ament_index/resource_index/package_run_dependencies/robot_description
[0.100s] -- Up-to-date: /ros2_ws/install/robot_description/share/ament_index/resource_index/parent_prefix_path/robot_description
[0.101s] -- Up-to-date: /ros2_ws/install/robot_description/share/robot_description/environment/ament_prefix_path.sh
[0.101s] -- Up-to-date: /ros2_ws/install/robot_description/share/robot_description/environment/ament_prefix_path.dsv
[0.102s] -- Up-to-date: /ros2_ws/install/robot_description/share/robot_description/environment/path.sh
[0.102s] -- Up-to-date: /ros2_ws/install/robot_description/share/robot_description/environment/path.dsv
[0.103s] -- Up-to-date: /ros2_ws/install/robot_description/share/robot_description/local_setup.bash
[0.104s] -- Up-to-date: /ros2_ws/install/robot_description/share/robot_description/local_setup.sh
[0.105s] -- Up-to-date: /ros2_ws/install/robot_description/share/robot_description/local_setup.zsh
[0.105s] -- Up-to-date: /ros2_ws/install/robot_description/share/robot_description/local_setup.dsv
[0.105s] -- Installing: /ros2_ws/install/robot_description/share/robot_description/package.dsv
[0.105s] -- Up-to-date: /ros2_ws/install/robot_description/share/ament_index/resource_index/packages/robot_description
[0.105s] -- Up-to-date: /ros2_ws/install/robot_description/share/robot_description/cmake/robot_descriptionConfig.cmake
[0.105s] -- Up-to-date: /ros2_ws/install/robot_description/share/robot_description/cmake/robot_descriptionConfig-version.cmake
[0.105s] -- Up-to-date: /ros2_ws/install/robot_description/share/robot_description/package.xml
[0.107s] Invoked command in '/ros2_ws/build/robot_description' returned '0': CMAKE_PREFIX_PATH=/opt/ros/humble /usr/bin/cmake --install /ros2_ws/build/robot_description
