[0.025s] Invoking command in '/ros2_ws/build/hardware': CMAKE_PREFIX_PATH=/opt/ros/humble /usr/bin/cmake --build /ros2_ws/build/hardware -- -j4 -l4
[0.338s] Invoked command in '/ros2_ws/build/hardware' returned '0': CMAKE_PREFIX_PATH=/opt/ros/humble /usr/bin/cmake --build /ros2_ws/build/hardware -- -j4 -l4
[0.348s] Invoking command in '/ros2_ws/build/hardware': CMAKE_PREFIX_PATH=/opt/ros/humble /usr/bin/cmake --install /ros2_ws/build/hardware
[0.356s] -- Install configuration: ""
[0.357s] -- Up-to-date: /ros2_ws/install/hardware/share/ament_index/resource_index/package_run_dependencies/hardware
[0.357s] -- Up-to-date: /ros2_ws/install/hardware/share/ament_index/resource_index/parent_prefix_path/hardware
[0.357s] -- Up-to-date: /ros2_ws/install/hardware/share/hardware/environment/ament_prefix_path.sh
[0.357s] -- Up-to-date: /ros2_ws/install/hardware/share/hardware/environment/ament_prefix_path.dsv
[0.357s] -- Up-to-date: /ros2_ws/install/hardware/share/hardware/environment/path.sh
[0.357s] -- Up-to-date: /ros2_ws/install/hardware/share/hardware/environment/path.dsv
[0.357s] -- Up-to-date: /ros2_ws/install/hardware/share/hardware/local_setup.bash
[0.357s] -- Up-to-date: /ros2_ws/install/hardware/share/hardware/local_setup.sh
[0.358s] -- Up-to-date: /ros2_ws/install/hardware/share/hardware/local_setup.zsh
[0.358s] -- Up-to-date: /ros2_ws/install/hardware/share/hardware/local_setup.dsv
[0.358s] -- Up-to-date: /ros2_ws/install/hardware/share/hardware/package.dsv
[0.358s] -- Up-to-date: /ros2_ws/install/hardware/share/ament_index/resource_index/packages/hardware
[0.358s] -- Up-to-date: /ros2_ws/install/hardware/share/hardware/cmake/hardwareConfig.cmake
[0.358s] -- Up-to-date: /ros2_ws/install/hardware/share/hardware/cmake/hardwareConfig-version.cmake
[0.358s] -- Up-to-date: /ros2_ws/install/hardware/share/hardware/package.xml
[0.361s] Invoked command in '/ros2_ws/build/hardware' returned '0': CMAKE_PREFIX_PATH=/opt/ros/humble /usr/bin/cmake --install /ros2_ws/build/hardware
