[35m[1mConsolidate compiler generated dependencies of target telegraf_bridge[0m
[ 33%] [32mBuilding CXX object CMakeFiles/telegraf_bridge.dir/src/telemetry_sender.cpp.o[0m
[ 66%] [32m[1mLinking CXX executable telegraf_bridge[0m
[100%] Built target telegraf_bridge
-- Install configuration: ""
-- Installing: /ros2_ws/install/telemetry_data/lib/telemetry_data/telegraf_bridge
-- Set runtime path of "/ros2_ws/install/telemetry_data/lib/telemetry_data/telegraf_bridge" to ""
-- Up-to-date: /ros2_ws/install/telemetry_data/share/telemetry_data/launch
-- Up-to-date: /ros2_ws/install/telemetry_data/share/telemetry_data/launch/launch.py
-- Up-to-date: /ros2_ws/install/telemetry_data/share/telemetry_data/config
-- Up-to-date: /ros2_ws/install/telemetry_data/share/telemetry_data/config/params.yaml
-- Up-to-date: /ros2_ws/install/telemetry_data/share/ament_index/resource_index/package_run_dependencies/telemetry_data
-- Up-to-date: /ros2_ws/install/telemetry_data/share/ament_index/resource_index/parent_prefix_path/telemetry_data
-- Up-to-date: /ros2_ws/install/telemetry_data/share/telemetry_data/environment/ament_prefix_path.sh
-- Up-to-date: /ros2_ws/install/telemetry_data/share/telemetry_data/environment/ament_prefix_path.dsv
-- Up-to-date: /ros2_ws/install/telemetry_data/share/telemetry_data/environment/path.sh
-- Up-to-date: /ros2_ws/install/telemetry_data/share/telemetry_data/environment/path.dsv
-- Up-to-date: /ros2_ws/install/telemetry_data/share/telemetry_data/local_setup.bash
-- Up-to-date: /ros2_ws/install/telemetry_data/share/telemetry_data/local_setup.sh
-- Up-to-date: /ros2_ws/install/telemetry_data/share/telemetry_data/local_setup.zsh
-- Up-to-date: /ros2_ws/install/telemetry_data/share/telemetry_data/local_setup.dsv
-- Installing: /ros2_ws/install/telemetry_data/share/telemetry_data/package.dsv
-- Up-to-date: /ros2_ws/install/telemetry_data/share/ament_index/resource_index/packages/telemetry_data
-- Up-to-date: /ros2_ws/install/telemetry_data/share/telemetry_data/cmake/telemetry_dataConfig.cmake
-- Up-to-date: /ros2_ws/install/telemetry_data/share/telemetry_data/cmake/telemetry_dataConfig-version.cmake
-- Up-to-date: /ros2_ws/install/telemetry_data/share/telemetry_data/package.xml
