[1.085s] Invoking command in '/ros2_ws/build/telemetry_data': CMAKE_PREFIX_PATH=${CMAKE_PREFIX_PATH}:/opt/ros/humble /usr/bin/cmake --build /ros2_ws/build/telemetry_data -- -j8 -l8
[1.150s] [35m[1mConsolidate compiler generated dependencies of target telegraf_bridge[0m
[2.177s] [ 33%] [32mBuilding CXX object CMakeFiles/telegraf_bridge.dir/src/telemetry_sender.cpp.o[0m
[8.372s] [ 66%] [32m[1mLinking CXX executable telegraf_bridge[0m
[8.789s] [100%] Built target telegraf_bridge
[8.800s] Invoked command in '/ros2_ws/build/telemetry_data' returned '0': CMAKE_PREFIX_PATH=${CMAKE_PREFIX_PATH}:/opt/ros/humble /usr/bin/cmake --build /ros2_ws/build/telemetry_data -- -j8 -l8
[8.808s] Invoking command in '/ros2_ws/build/telemetry_data': CMAKE_PREFIX_PATH=${CMAKE_PREFIX_PATH}:/opt/ros/humble /usr/bin/cmake --install /ros2_ws/build/telemetry_data
[8.814s] -- Install configuration: ""
[8.814s] -- Installing: /ros2_ws/install/telemetry_data/lib/telemetry_data/telegraf_bridge
[8.817s] -- Set runtime path of "/ros2_ws/install/telemetry_data/lib/telemetry_data/telegraf_bridge" to ""
[8.818s] -- Up-to-date: /ros2_ws/install/telemetry_data/share/telemetry_data/launch
[8.818s] -- Up-to-date: /ros2_ws/install/telemetry_data/share/telemetry_data/launch/launch.py
[8.818s] -- Up-to-date: /ros2_ws/install/telemetry_data/share/telemetry_data/config
[8.818s] -- Up-to-date: /ros2_ws/install/telemetry_data/share/telemetry_data/config/params.yaml
[8.818s] -- Up-to-date: /ros2_ws/install/telemetry_data/share/ament_index/resource_index/package_run_dependencies/telemetry_data
[8.818s] -- Up-to-date: /ros2_ws/install/telemetry_data/share/ament_index/resource_index/parent_prefix_path/telemetry_data
[8.818s] -- Up-to-date: /ros2_ws/install/telemetry_data/share/telemetry_data/environment/ament_prefix_path.sh
[8.818s] -- Up-to-date: /ros2_ws/install/telemetry_data/share/telemetry_data/environment/ament_prefix_path.dsv
[8.818s] -- Up-to-date: /ros2_ws/install/telemetry_data/share/telemetry_data/environment/path.sh
[8.818s] -- Up-to-date: /ros2_ws/install/telemetry_data/share/telemetry_data/environment/path.dsv
[8.818s] -- Up-to-date: /ros2_ws/install/telemetry_data/share/telemetry_data/local_setup.bash
[8.818s] -- Up-to-date: /ros2_ws/install/telemetry_data/share/telemetry_data/local_setup.sh
[8.818s] -- Up-to-date: /ros2_ws/install/telemetry_data/share/telemetry_data/local_setup.zsh
[8.818s] -- Up-to-date: /ros2_ws/install/telemetry_data/share/telemetry_data/local_setup.dsv
[8.819s] -- Installing: /ros2_ws/install/telemetry_data/share/telemetry_data/package.dsv
[8.819s] -- Up-to-date: /ros2_ws/install/telemetry_data/share/ament_index/resource_index/packages/telemetry_data
[8.819s] -- Up-to-date: /ros2_ws/install/telemetry_data/share/telemetry_data/cmake/telemetry_dataConfig.cmake
[8.819s] -- Up-to-date: /ros2_ws/install/telemetry_data/share/telemetry_data/cmake/telemetry_dataConfig-version.cmake
[8.819s] -- Up-to-date: /ros2_ws/install/telemetry_data/share/telemetry_data/package.xml
[8.820s] Invoked command in '/ros2_ws/build/telemetry_data' returned '0': CMAKE_PREFIX_PATH=${CMAKE_PREFIX_PATH}:/opt/ros/humble /usr/bin/cmake --install /ros2_ws/build/telemetry_data
