[0.067s] Invoking command in '/ros2_ws/build/robot_description': CMAKE_PREFIX_PATH=${CMAKE_PREFIX_PATH}:/opt/ros/humble /usr/bin/cmake --build /ros2_ws/build/robot_description -- -j4 -l4
[0.145s] -- Found ament_cmake: 1.3.14 (/opt/ros/humble/share/ament_cmake/cmake)
[0.653s] -- Override CMake install command with custom implementation using symlinks instead of copying resources
[0.718s] -- Found ament_lint_auto: 0.12.15 (/opt/ros/humble/share/ament_lint_auto/cmake)
[0.968s] -- Added test 'lint_cmake' to check CMake code style
[0.968s] -- Added test 'xmllint' to check XML markup files
[0.968s] -- Configuring done
[0.977s] -- Generating done
[0.988s] -- Build files have been written to: /ros2_ws/build/robot_description
[1.086s] Invoked command in '/ros2_ws/build/robot_description' returned '0': CMAKE_PREFIX_PATH=${CMAKE_PREFIX_PATH}:/opt/ros/humble /usr/bin/cmake --build /ros2_ws/build/robot_description -- -j4 -l4
[1.093s] Invoking command in '/ros2_ws/build/robot_description': CMAKE_PREFIX_PATH=${CMAKE_PREFIX_PATH}:/opt/ros/humble /usr/bin/cmake --install /ros2_ws/build/robot_description
[1.100s] -- Install configuration: ""
[1.100s] -- Execute custom install script
[1.100s] -- Symlinking: /ros2_ws/install/robot_description/share/robot_description/urdf/base.xacro
[1.125s] -- Symlinking: /ros2_ws/install/robot_description/share/robot_description/urdf/robot_urdf.xacro
[1.137s] -- Symlinking: /ros2_ws/install/robot_description/share/robot_description/urdf/sensors.xacro
[1.157s] -- Symlinking: /ros2_ws/install/robot_description/share/robot_description/urdf/wheels.xacro
[1.169s] -- Up-to-date symlink: /ros2_ws/install/robot_description/share/ament_index/resource_index/package_run_dependencies/robot_description
[1.170s] -- Up-to-date symlink: /ros2_ws/install/robot_description/share/ament_index/resource_index/parent_prefix_path/robot_description
[1.170s] -- Up-to-date symlink: /ros2_ws/install/robot_description/share/robot_description/environment/ament_prefix_path.sh
[1.170s] -- Up-to-date symlink: /ros2_ws/install/robot_description/share/robot_description/environment/ament_prefix_path.dsv
[1.170s] -- Up-to-date symlink: /ros2_ws/install/robot_description/share/robot_description/environment/path.sh
[1.170s] -- Up-to-date symlink: /ros2_ws/install/robot_description/share/robot_description/environment/path.dsv
[1.170s] -- Up-to-date symlink: /ros2_ws/install/robot_description/share/robot_description/local_setup.bash
[1.170s] -- Up-to-date symlink: /ros2_ws/install/robot_description/share/robot_description/local_setup.sh
[1.170s] -- Up-to-date symlink: /ros2_ws/install/robot_description/share/robot_description/local_setup.zsh
[1.170s] -- Up-to-date symlink: /ros2_ws/install/robot_description/share/robot_description/local_setup.dsv
[1.170s] -- Symlinking: /ros2_ws/install/robot_description/share/robot_description/package.dsv
[1.197s] -- Up-to-date symlink: /ros2_ws/install/robot_description/share/ament_index/resource_index/packages/robot_description
[1.199s] -- Up-to-date symlink: /ros2_ws/install/robot_description/share/robot_description/cmake/robot_descriptionConfig.cmake
[1.199s] -- Up-to-date symlink: /ros2_ws/install/robot_description/share/robot_description/cmake/robot_descriptionConfig-version.cmake
[1.199s] -- Up-to-date symlink: /ros2_ws/install/robot_description/share/robot_description/package.xml
[1.199s] Invoked command in '/ros2_ws/build/robot_description' returned '0': CMAKE_PREFIX_PATH=${CMAKE_PREFIX_PATH}:/opt/ros/humble /usr/bin/cmake --install /ros2_ws/build/robot_description
