[2.747s] Invoking command in '/ros2_ws/build/telemetry_data': CMAKE_PREFIX_PATH=/opt/ros/humble /usr/bin/cmake --build /ros2_ws/build/telemetry_data -- -j8 -l8
[2.766s] -- Found ament_cmake: 1.3.14 (/opt/ros/humble/share/ament_cmake/cmake)
[5.649s] -- Found rclcpp: 16.0.19 (/opt/ros/humble/share/rclcpp/cmake)
[5.668s] -- Found rosidl_generator_c: 3.1.9 (/opt/ros/humble/share/rosidl_generator_c/cmake)
[5.670s] -- Found rosidl_adapter: 3.1.9 (/opt/ros/humble/share/rosidl_adapter/cmake)
[5.675s] -- Found rosidl_generator_cpp: 3.1.9 (/opt/ros/humble/share/rosidl_generator_cpp/cmake)
[5.683s] -- Using all available rosidl_typesupport_c: rosidl_typesupport_fastrtps_c;rosidl_typesupport_introspection_c
[5.692s] -- Using all available rosidl_typesupport_cpp: rosidl_typesupport_fastrtps_cpp;rosidl_typesupport_introspection_cpp
[5.717s] -- Found rmw_implementation_cmake: 6.1.2 (/opt/ros/humble/share/rmw_implementation_cmake/cmake)
[5.718s] -- Found rmw_fastrtps_cpp: 6.2.10 (/opt/ros/humble/share/rmw_fastrtps_cpp/cmake)
[5.777s] -- Using RMW implementation 'rmw_fastrtps_cpp' as default
[5.821s] -- Found ament_lint_auto: 0.12.15 (/opt/ros/humble/share/ament_lint_auto/cmake)
[13.975s] -- Added test 'cppcheck' to perform static code analysis on C / C++ code
[13.976s] -- Configured cppcheck include dirs: $<BUILD_INTERFACE:/ros2_ws/src/telemetry_data/include>
[13.976s] -- Configured cppcheck exclude dirs and/or files: 
[13.977s] -- Added test 'flake8' to check Python code syntax and style conventions
[13.978s] -- Added test 'lint_cmake' to check CMake code style
[13.979s] -- Added test 'pep257' to check Python code against some of the docstring style conventions in PEP 257
[13.983s] -- Added test 'uncrustify' to check C / C++ code style
[13.983s] -- Configured uncrustify additional arguments: 
[13.983s] -- Added test 'xmllint' to check XML markup files
[13.984s] -- Configuring done
[46.915s] -- Generating done
[51.709s] -- Build files have been written to: /ros2_ws/build/telemetry_data
[51.728s] [35m[1mConsolidate compiler generated dependencies of target telegraf_bridge[0m
[54.182s] [ 33%] [32mBuilding CXX object CMakeFiles/telegraf_bridge.dir/src/telegraf_bridge.cpp.o[0m
[54.706s] In file included from [01m[K/ros2_ws/src/telemetry_data/src/telegraf_bridge.cpp:1[m[K:
[54.706s] [01m[K/ros2_ws/src/telemetry_data/include/telemetry_data/telegraf_bridge.hpp:4:10:[m[K [01;31m[Kfatal error: [m[Kstd_msgs/msg/Bool.hpp: No such file or directory
[54.706s]     4 | #include [01;31m[K<std_msgs/msg/Bool.hpp>[m[K
[54.706s]       |          [01;31m[K^~~~~~~~~~~~~~~~~~~~~~~[m[K
[54.706s] compilation terminated.
[55.710s] gmake[2]: *** [CMakeFiles/telegraf_bridge.dir/build.make:76: CMakeFiles/telegraf_bridge.dir/src/telegraf_bridge.cpp.o] Error 1
[55.710s] gmake[1]: *** [CMakeFiles/Makefile2:137: CMakeFiles/telegraf_bridge.dir/all] Error 2
[55.710s] gmake: *** [Makefile:146: all] Error 2
[55.712s] Invoked command in '/ros2_ws/build/telemetry_data' returned '2': CMAKE_PREFIX_PATH=/opt/ros/humble /usr/bin/cmake --build /ros2_ws/build/telemetry_data -- -j8 -l8
