[0.018s] Invoking command in '/ros2_ws/build/hardware': CMAKE_PREFIX_PATH=/opt/ros/humble /usr/bin/cmake --build /ros2_ws/build/hardware -- -j4 -l4
[0.052s] -- Found ament_cmake: 1.3.14 (/opt/ros/humble/share/ament_cmake/cmake)
[0.226s] -- Found hardware_interface: 2.53.1 (/opt/ros/humble/share/hardware_interface/cmake)
[0.267s] -- Found rosidl_generator_c: 3.1.8 (/opt/ros/humble/share/rosidl_generator_c/cmake)
[0.273s] -- Found rosidl_adapter: 3.1.8 (/opt/ros/humble/share/rosidl_adapter/cmake)
[0.284s] -- Found rosidl_generator_cpp: 3.1.8 (/opt/ros/humble/share/rosidl_generator_cpp/cmake)
[0.299s] -- Using all available rosidl_typesupport_c: rosidl_typesupport_fastrtps_c;rosidl_typesupport_introspection_c
[0.320s] -- Using all available rosidl_typesupport_cpp: rosidl_typesupport_fastrtps_cpp;rosidl_typesupport_introspection_cpp
[0.683s] -- Found rmw_implementation_cmake: 6.1.2 (/opt/ros/humble/share/rmw_implementation_cmake/cmake)
[0.686s] -- Found rmw_fastrtps_cpp: 6.2.10 (/opt/ros/humble/share/rmw_fastrtps_cpp/cmake)
[0.717s] -- Found TinyXML2 via Config file: TinyXML2_DIR-NOTFOUND
[0.751s] -- Found OpenSSL: /usr/lib/aarch64-linux-gnu/libcrypto.so (found version "3.0.2")  
[0.754s] -- Found TinyXML2 via Config file: TinyXML2_DIR-NOTFOUND
[0.768s] -- Found FastRTPS: /opt/ros/humble/include  
[0.773s] -- Found TinyXML2 via Config file: TinyXML2_DIR-NOTFOUND
[0.782s] -- Found TinyXML2 via Config file: TinyXML2_DIR-NOTFOUND
[0.792s] -- Using RMW implementation 'rmw_fastrtps_cpp' as default
[0.802s] -- Looking for pthread.h
[0.873s] -- Looking for pthread.h - found
[0.873s] -- Performing Test CMAKE_HAVE_LIBC_PTHREAD
[0.943s] -- Performing Test CMAKE_HAVE_LIBC_PTHREAD - Success
[0.943s] -- Found Threads: TRUE  
[1.012s] -- Found ament_lint_auto: 0.12.15 (/opt/ros/humble/share/ament_lint_auto/cmake)
[1.102s] -- Added test 'cppcheck' to perform static code analysis on C / C++ code
[1.102s] -- Configured cppcheck include dirs: /ros2_ws/src/hardware/include
[1.103s] -- Configured cppcheck exclude dirs and/or files: 
[1.103s] -- Added test 'flake8' to check Python code syntax and style conventions
[1.103s] -- Added test 'lint_cmake' to check CMake code style
[1.104s] -- Added test 'pep257' to check Python code against some of the docstring style conventions in PEP 257
[1.104s] -- Added test 'uncrustify' to check C / C++ code style
[1.104s] -- Configured uncrustify additional arguments: 
[1.105s] -- Added test 'xmllint' to check XML markup files
[1.107s] -- Configuring done
[1.131s] -- Generating done
[1.143s] -- Build files have been written to: /ros2_ws/build/hardware
[1.179s] [ 50%] [32mBuilding CXX object CMakeFiles/motor_driver.dir/src/motor_driver.cpp.o[0m
[1.203s] [01m[K/ros2_ws/src/hardware/src/motor_driver.cpp:1:10:[m[K [01;31m[Kfatal error: [m[Kmotor_driver.hpp: No such file or directory
[1.203s]     1 | #include [01;31m[K"motor_driver.hpp"[m[K
[1.203s]       |          [01;31m[K^~~~~~~~~~~~~~~~~~[m[K
[1.203s] compilation terminated.
[1.205s] gmake[2]: *** [CMakeFiles/motor_driver.dir/build.make:76: CMakeFiles/motor_driver.dir/src/motor_driver.cpp.o] Error 1
[1.205s] gmake[1]: *** [CMakeFiles/Makefile2:137: CMakeFiles/motor_driver.dir/all] Error 2
[1.206s] gmake: *** [Makefile:146: all] Error 2
