[01m[K/ros2_ws/src/shooting/src/shooting_node.cpp:[m[K In constructor ‘[01m[KShootingNode::ShootingNode()[m[K’:
[01m[K/ros2_ws/src/shooting/src/shooting_node.cpp:9:65:[m[K [01;31m[Kerror: [m[Kno matching function for call to ‘[01m[KShootingNode::create_subscription<std_msgs::msg::Bool>(const char [14], int)[m[K’
    9 |     shooting_cmd_sub_ = [01;31m[Kcreate_subscription<std_msgs::msg::Bool>("/shooting_cmd", 10)[m[K;
      |                         [01;31m[K~~~~~~~~~~~~~~~~~~~~~~~~~~~~~~~~~~~~~~~~^~~~~~~~~~~~~~~~~~~~~[m[K
In file included from [01m[K/opt/ros/humble/include/rclcpp/rclcpp/executors/single_threaded_executor.hpp:28[m[K,
                 from [01m[K/opt/ros/humble/include/rclcpp/rclcpp/executors.hpp:22[m[K,
                 from [01m[K/opt/ros/humble/include/rclcpp/rclcpp/rclcpp.hpp:155[m[K,
                 from [01m[K/ros2_ws/src/shooting/include/shooting/shooting_node.hpp:3[m[K,
                 from [01m[K/ros2_ws/src/shooting/src/shooting_node.cpp:1[m[K:
[01m[K/opt/ros/humble/include/rclcpp/rclcpp/node.hpp:219:3:[m[K [01;36m[Knote: [m[Kcandidate: ‘[01m[Ktemplate<class MessageT, class CallbackT, class AllocatorT, class SubscriptionT, class MessageMemoryStrategyT> std::shared_ptr<ROSMessageT> rclcpp::Node::create_subscription(const string&, const rclcpp::QoS&, CallbackT&&, const rclcpp::SubscriptionOptionsWithAllocator<AllocatorT>&, typename MessageMemoryStrategyT::SharedPtr)[m[K’
  219 |   [01;36m[Kcreate_subscription[m[K(
      |   [01;36m[K^~~~~~~~~~~~~~~~~~~[m[K
[01m[K/opt/ros/humble/include/rclcpp/rclcpp/node.hpp:219:3:[m[K [01;36m[Knote: [m[K  template argument deduction/substitution failed:
[01m[K/ros2_ws/src/shooting/src/shooting_node.cpp:9:65:[m[K [01;36m[Knote: [m[K  candidate expects 5 arguments, 2 provided
    9 |     shooting_cmd_sub_ = [01;36m[Kcreate_subscription<std_msgs::msg::Bool>("/shooting_cmd", 10)[m[K;
      |                         [01;36m[K~~~~~~~~~~~~~~~~~~~~~~~~~~~~~~~~~~~~~~~~^~~~~~~~~~~~~~~~~~~~~[m[K
[01m[K/ros2_ws/src/shooting/src/shooting_node.cpp:[m[K In member function ‘[01m[Kvoid ShootingNode::publish_state()[m[K’:
[01m[K/ros2_ws/src/shooting/src/shooting_node.cpp:196:5:[m[K [01;31m[Kerror: [m[K‘[01m[Kpub_[m[K’ was not declared in this scope
  196 |     [01;31m[Kpub_[m[K->publish(msg);
      |     [01;31m[K^~~~[m[K
gmake[2]: *** [CMakeFiles/shooting_node.dir/build.make:76: CMakeFiles/shooting_node.dir/src/shooting_node.cpp.o] Error 1
gmake[1]: *** [CMakeFiles/Makefile2:137: CMakeFiles/shooting_node.dir/all] Error 2
gmake: *** [Makefile:146: all] Error 2
