[0.015s] Invoking command in '/ros2_ws/build/robot_bringup': CMAKE_PREFIX_PATH=/ros2_ws/install/localization:/ros2_ws/install/ydlidar_ros2_driver:/ros2_ws/install/navigation:/ros2_ws/install/hardware:/ros2_ws/install/foxglove:/ros2_ws/install/robot_bringup:/ros2_ws/install/telemetry_data:/ros2_ws/install/robot_description:/opt/ros/humble /usr/bin/cmake --build /ros2_ws/build/robot_bringup -- -j4 -l4
[0.064s] Invoked command in '/ros2_ws/build/robot_bringup' returned '0': CMAKE_PREFIX_PATH=/ros2_ws/install/localization:/ros2_ws/install/ydlidar_ros2_driver:/ros2_ws/install/navigation:/ros2_ws/install/hardware:/ros2_ws/install/foxglove:/ros2_ws/install/robot_bringup:/ros2_ws/install/telemetry_data:/ros2_ws/install/robot_description:/opt/ros/humble /usr/bin/cmake --build /ros2_ws/build/robot_bringup -- -j4 -l4
[0.073s] Invoking command in '/ros2_ws/build/robot_bringup': CMAKE_PREFIX_PATH=/ros2_ws/install/localization:/ros2_ws/install/ydlidar_ros2_driver:/ros2_ws/install/navigation:/ros2_ws/install/hardware:/ros2_ws/install/foxglove:/ros2_ws/install/robot_bringup:/ros2_ws/install/telemetry_data:/ros2_ws/install/robot_description:/opt/ros/humble /usr/bin/cmake --install /ros2_ws/build/robot_bringup
[0.082s] -- Install configuration: ""
[0.082s] -- Execute custom install script
[0.082s] -- Up-to-date symlink: /ros2_ws/install/robot_bringup/share/robot_bringup/launch/launch.py
[0.083s] -- Up-to-date symlink: /ros2_ws/install/robot_bringup/share/ament_index/resource_index/package_run_dependencies/robot_bringup
[0.083s] -- Up-to-date symlink: /ros2_ws/install/robot_bringup/share/ament_index/resource_index/parent_prefix_path/robot_bringup
[0.083s] -- Up-to-date symlink: /ros2_ws/install/robot_bringup/share/robot_bringup/environment/ament_prefix_path.sh
[0.084s] -- Up-to-date symlink: /ros2_ws/install/robot_bringup/share/robot_bringup/environment/ament_prefix_path.dsv
[0.084s] -- Up-to-date symlink: /ros2_ws/install/robot_bringup/share/robot_bringup/environment/path.sh
[0.084s] -- Up-to-date symlink: /ros2_ws/install/robot_bringup/share/robot_bringup/environment/path.dsv
[0.084s] -- Up-to-date symlink: /ros2_ws/install/robot_bringup/share/robot_bringup/local_setup.bash
[0.084s] -- Up-to-date symlink: /ros2_ws/install/robot_bringup/share/robot_bringup/local_setup.sh
[0.085s] -- Up-to-date symlink: /ros2_ws/install/robot_bringup/share/robot_bringup/local_setup.zsh
[0.085s] -- Up-to-date symlink: /ros2_ws/install/robot_bringup/share/robot_bringup/local_setup.dsv
[0.085s] -- Symlinking: /ros2_ws/install/robot_bringup/share/robot_bringup/package.dsv
[0.096s] -- Up-to-date symlink: /ros2_ws/install/robot_bringup/share/ament_index/resource_index/packages/robot_bringup
[0.096s] -- Up-to-date symlink: /ros2_ws/install/robot_bringup/share/robot_bringup/cmake/robot_bringupConfig.cmake
[0.096s] -- Up-to-date symlink: /ros2_ws/install/robot_bringup/share/robot_bringup/cmake/robot_bringupConfig-version.cmake
[0.096s] -- Up-to-date symlink: /ros2_ws/install/robot_bringup/share/robot_bringup/package.xml
[0.099s] Invoked command in '/ros2_ws/build/robot_bringup' returned '0': CMAKE_PREFIX_PATH=/ros2_ws/install/localization:/ros2_ws/install/ydlidar_ros2_driver:/ros2_ws/install/navigation:/ros2_ws/install/hardware:/ros2_ws/install/foxglove:/ros2_ws/install/robot_bringup:/ros2_ws/install/telemetry_data:/ros2_ws/install/robot_description:/opt/ros/humble /usr/bin/cmake --install /ros2_ws/build/robot_bringup
