[0.000000] (-) TimerEvent: {}
[0.000098] (-) JobUnselected: {'identifier': 'ai_vision'}
[0.000129] (-) JobUnselected: {'identifier': 'foxglove'}
[0.000149] (-) JobUnselected: {'identifier': 'hardware'}
[0.000165] (-) JobUnselected: {'identifier': 'icm20948_ros2'}
[0.000182] (-) JobUnselected: {'identifier': 'localization'}
[0.000199] (-) JobUnselected: {'identifier': 'main_brain'}
[0.000215] (-) JobUnselected: {'identifier': 'navigation'}
[0.000231] (-) JobUnselected: {'identifier': 'rf2o_laser_odometry'}
[0.003368] (-) JobUnselected: {'identifier': 'robot_bringup'}
[0.003477] (-) JobUnselected: {'identifier': 'robot_description'}
[0.003509] (-) JobUnselected: {'identifier': 'shooting'}
[0.003532] (-) JobUnselected: {'identifier': 'tactical_brain'}
[0.003550] (-) JobUnselected: {'identifier': 'telemetry_data'}
[0.003569] (-) JobUnselected: {'identifier': 'ydlidar_ros2_driver'}
[0.003620] (sensor_fusion_pkg) JobQueued: {'identifier': 'sensor_fusion_pkg', 'dependencies': OrderedDict()}
[0.003667] (sensor_fusion_pkg) JobStarted: {'identifier': 'sensor_fusion_pkg'}
[0.095227] (-) TimerEvent: {}
[0.195848] (-) TimerEvent: {}
[0.296156] (-) TimerEvent: {}
[0.399695] (-) TimerEvent: {}
[0.499909] (-) TimerEvent: {}
[0.601007] (-) TimerEvent: {}
[0.703792] (-) TimerEvent: {}
[0.804307] (-) TimerEvent: {}
[0.904595] (-) TimerEvent: {}
[1.004986] (-) TimerEvent: {}
[1.105350] (-) TimerEvent: {}
[1.205757] (-) TimerEvent: {}
[1.308097] (-) TimerEvent: {}
[1.409608] (-) TimerEvent: {}
[1.511015] (-) TimerEvent: {}
[1.611363] (-) TimerEvent: {}
[1.711571] (-) TimerEvent: {}
[1.812255] (-) TimerEvent: {}
[1.912480] (-) TimerEvent: {}
[2.012939] (-) TimerEvent: {}
[2.113167] (-) TimerEvent: {}
[2.215232] (-) TimerEvent: {}
[2.315534] (-) TimerEvent: {}
[2.416003] (-) TimerEvent: {}
[2.516561] (-) TimerEvent: {}
[2.617042] (-) TimerEvent: {}
[2.719393] (-) TimerEvent: {}
[2.780571] (sensor_fusion_pkg) Command: {'cmd': ['/usr/bin/python3', '-W', 'ignore:setup.py install is deprecated', '-W', 'ignore:easy_install command is deprecated', 'setup.py', 'develop', '--editable', '--build-directory', '/ros2_ws/build/sensor_fusion_pkg/build', '--no-deps', 'symlink_data'], 'cwd': '/ros2_ws/build/sensor_fusion_pkg', 'env': {'HOSTNAME': 'yahav', 'GRID_N': '2000', 'SHLVL': '0', 'LD_LIBRARY_PATH': '/opt/ros/humble/opt/rviz_ogre_vendor/lib:/opt/ros/humble/lib/aarch64-linux-gnu:/opt/ros/humble/lib', 'HOME': '/root', 'MY_TEAM_IDX': '0', 'PYTHONUNBUFFERED': '1', 'ROS_PYTHON_VERSION': '3', 'ROS_DISTRO': 'humble', '_': '/usr/bin/colcon', 'ROS_VERSION': '2', 'ROS_LOCALHOST_ONLY': '0', 'PATH': '/opt/ros/humble/bin:/usr/local/sbin:/usr/local/bin:/usr/sbin:/usr/bin:/sbin:/bin', 'DISPLAY': '', 'LANG': 'C.UTF-8', 'ROS_DOMAIN_ID': '0', 'AMENT_PREFIX_PATH': '/opt/ros/humble', 'ROBOT_ID': '8', 'ARENA_SIZE_METERS': '2.0', 'PWD': '/ros2_ws/build/sensor_fusion_pkg', 'LC_ALL': 'C.UTF-8', 'PYTHONPATH': '/ros2_ws/build/sensor_fusion_pkg/prefix_override:/usr/lib/python3/dist-packages/colcon_core/task/python/colcon_distutils_commands:/ros2_ws/install/sensor_fusion_pkg/lib/python3.10/site-packages:/opt/ros/humble/lib/python3.10/site-packages:/opt/ros/humble/local/lib/python3.10/dist-packages', 'COLCON': '1'}, 'shell': False}
[2.820421] (-) TimerEvent: {}
[2.920646] (-) TimerEvent: {}
[3.021665] (-) TimerEvent: {}
[3.122297] (-) TimerEvent: {}
[3.224120] (-) TimerEvent: {}
[3.312973] (sensor_fusion_pkg) StdoutLine: {'line': b'running develop\n'}
[3.324242] (-) TimerEvent: {}
[3.424592] (-) TimerEvent: {}
[3.525000] (-) TimerEvent: {}
[3.545538] (sensor_fusion_pkg) StdoutLine: {'line': b'running egg_info\n'}
[3.545784] (sensor_fusion_pkg) StdoutLine: {'line': b'writing sensor_fusion_pkg.egg-info/PKG-INFO\n'}
[3.547631] (sensor_fusion_pkg) StdoutLine: {'line': b'writing dependency_links to sensor_fusion_pkg.egg-info/dependency_links.txt\n'}
[3.551620] (sensor_fusion_pkg) StdoutLine: {'line': b'writing entry points to sensor_fusion_pkg.egg-info/entry_points.txt\n'}
[3.552705] (sensor_fusion_pkg) StdoutLine: {'line': b'writing requirements to sensor_fusion_pkg.egg-info/requires.txt\n'}
[3.552829] (sensor_fusion_pkg) StdoutLine: {'line': b'writing top-level names to sensor_fusion_pkg.egg-info/top_level.txt\n'}
[3.555632] (sensor_fusion_pkg) StdoutLine: {'line': b"reading manifest file 'sensor_fusion_pkg.egg-info/SOURCES.txt'\n"}
[3.560728] (sensor_fusion_pkg) StdoutLine: {'line': b"writing manifest file 'sensor_fusion_pkg.egg-info/SOURCES.txt'\n"}
[3.561371] (sensor_fusion_pkg) StdoutLine: {'line': b'running build_ext\n'}
[3.561482] (sensor_fusion_pkg) StdoutLine: {'line': b'Creating /ros2_ws/install/sensor_fusion_pkg/lib/python3.10/site-packages/sensor-fusion-pkg.egg-link (link to .)\n'}
[3.566472] (sensor_fusion_pkg) StdoutLine: {'line': b'Installing sensor_fusion_node script to /ros2_ws/install/sensor_fusion_pkg/lib/sensor_fusion_pkg\n'}
[3.567126] (sensor_fusion_pkg) StdoutLine: {'line': b'\n'}
[3.567995] (sensor_fusion_pkg) StdoutLine: {'line': b'Installed /ros2_ws/build/sensor_fusion_pkg\n'}
[3.568236] (sensor_fusion_pkg) StdoutLine: {'line': b'running symlink_data\n'}
[3.625333] (-) TimerEvent: {}
[3.712002] (sensor_fusion_pkg) CommandEnded: {'returncode': 0}
[3.726140] (-) TimerEvent: {}
[3.783033] (sensor_fusion_pkg) JobEnded: {'identifier': 'sensor_fusion_pkg', 'rc': 0}
[3.786759] (-) EventReactorShutdown: {}
