-- Found ament_cmake: 1.3.14 (/opt/ros/humble/share/ament_cmake/cmake)
-- Found rclcpp: 16.0.19 (/opt/ros/humble/share/rclcpp/cmake)
-- Found rosidl_generator_c: 3.1.9 (/opt/ros/humble/share/rosidl_generator_c/cmake)
-- Found rosidl_adapter: 3.1.9 (/opt/ros/humble/share/rosidl_adapter/cmake)
-- Found rosidl_generator_cpp: 3.1.9 (/opt/ros/humble/share/rosidl_generator_cpp/cmake)
-- Using all available rosidl_typesupport_c: rosidl_typesupport_fastrtps_c;rosidl_typesupport_introspection_c
-- Using all available rosidl_typesupport_cpp: rosidl_typesupport_fastrtps_cpp;rosidl_typesupport_introspection_cpp
-- Found rmw_implementation_cmake: 6.1.2 (/opt/ros/humble/share/rmw_implementation_cmake/cmake)
-- Found rmw_fastrtps_cpp: 6.2.10 (/opt/ros/humble/share/rmw_fastrtps_cpp/cmake)
-- Using RMW implementation 'rmw_fastrtps_cpp' as default
-- Found ament_lint_auto: 0.12.15 (/opt/ros/humble/share/ament_lint_auto/cmake)
-- Added test 'cppcheck' to perform static code analysis on C / C++ code
-- Configured cppcheck include dirs: $<BUILD_INTERFACE:/ros2_ws/src/telemetry_data/include>
-- Configured cppcheck exclude dirs and/or files: 
-- Added test 'flake8' to check Python code syntax and style conventions
-- Added test 'lint_cmake' to check CMake code style
-- Added test 'pep257' to check Python code against some of the docstring style conventions in PEP 257
-- Added test 'uncrustify' to check C / C++ code style
-- Configured uncrustify additional arguments: 
-- Added test 'xmllint' to check XML markup files
-- Configuring done
-- Generating done
-- Build files have been written to: /ros2_ws/build/telemetry_data
[35m[1mConsolidate compiler generated dependencies of target telegraf_bridge[0m
[ 33%] [32mBuilding CXX object CMakeFiles/telegraf_bridge.dir/src/telegraf_bridge.cpp.o[0m
[ 66%] [32m[1mLinking CXX executable telegraf_bridge[0m
[100%] Built target telegraf_bridge
-- Install configuration: ""
-- Installing: /ros2_ws/install/telemetry_data/lib/telemetry_data/telegraf_bridge
-- Set runtime path of "/ros2_ws/install/telemetry_data/lib/telemetry_data/telegraf_bridge" to ""
-- Up-to-date: /ros2_ws/install/telemetry_data/share/telemetry_data/launch
-- Up-to-date: /ros2_ws/install/telemetry_data/share/telemetry_data/launch/launch.py
-- Up-to-date: /ros2_ws/install/telemetry_data/share/telemetry_data/config
-- Up-to-date: /ros2_ws/install/telemetry_data/share/telemetry_data/config/params.yaml
-- Up-to-date: /ros2_ws/install/telemetry_data/share/ament_index/resource_index/package_run_dependencies/telemetry_data
-- Up-to-date: /ros2_ws/install/telemetry_data/share/ament_index/resource_index/parent_prefix_path/telemetry_data
-- Up-to-date: /ros2_ws/install/telemetry_data/share/telemetry_data/environment/ament_prefix_path.sh
-- Installing: /ros2_ws/install/telemetry_data/share/telemetry_data/environment/ament_prefix_path.dsv
-- Up-to-date: /ros2_ws/install/telemetry_data/share/telemetry_data/environment/path.sh
-- Installing: /ros2_ws/install/telemetry_data/share/telemetry_data/environment/path.dsv
-- Up-to-date: /ros2_ws/install/telemetry_data/share/telemetry_data/local_setup.bash
-- Up-to-date: /ros2_ws/install/telemetry_data/share/telemetry_data/local_setup.sh
-- Up-to-date: /ros2_ws/install/telemetry_data/share/telemetry_data/local_setup.zsh
-- Installing: /ros2_ws/install/telemetry_data/share/telemetry_data/local_setup.dsv
-- Installing: /ros2_ws/install/telemetry_data/share/telemetry_data/package.dsv
-- Up-to-date: /ros2_ws/install/telemetry_data/share/ament_index/resource_index/packages/telemetry_data
-- Up-to-date: /ros2_ws/install/telemetry_data/share/telemetry_data/cmake/telemetry_dataConfig.cmake
-- Up-to-date: /ros2_ws/install/telemetry_data/share/telemetry_data/cmake/telemetry_dataConfig-version.cmake
-- Installing: /ros2_ws/install/telemetry_data/share/telemetry_data/package.xml
