[0.011s] Invoking command in '/ros2_ws/build/telemetry_data': CMAKE_PREFIX_PATH=${CMAKE_PREFIX_PATH}:/opt/ros/humble /usr/bin/cmake --build /ros2_ws/build/telemetry_data -- -j8 -l8
[0.040s] -- Found ament_cmake: 1.3.14 (/opt/ros/humble/share/ament_cmake/cmake)
[0.151s] -- Found rclcpp: 16.0.19 (/opt/ros/humble/share/rclcpp/cmake)
[0.171s] -- Found rosidl_generator_c: 3.1.9 (/opt/ros/humble/share/rosidl_generator_c/cmake)
[0.172s] -- Found rosidl_adapter: 3.1.9 (/opt/ros/humble/share/rosidl_adapter/cmake)
[0.177s] -- Found rosidl_generator_cpp: 3.1.9 (/opt/ros/humble/share/rosidl_generator_cpp/cmake)
[0.185s] -- Using all available rosidl_typesupport_c: rosidl_typesupport_fastrtps_c;rosidl_typesupport_introspection_c
[0.195s] -- Using all available rosidl_typesupport_cpp: rosidl_typesupport_fastrtps_cpp;rosidl_typesupport_introspection_cpp
[0.226s] -- Found rmw_implementation_cmake: 6.1.2 (/opt/ros/humble/share/rmw_implementation_cmake/cmake)
[0.226s] -- Found rmw_fastrtps_cpp: 6.2.10 (/opt/ros/humble/share/rmw_fastrtps_cpp/cmake)
[0.293s] -- Using RMW implementation 'rmw_fastrtps_cpp' as default
[0.346s] -- Found ament_lint_auto: 0.12.15 (/opt/ros/humble/share/ament_lint_auto/cmake)
[0.401s] -- Added test 'cppcheck' to perform static code analysis on C / C++ code
[0.401s] -- Configured cppcheck include dirs: $<BUILD_INTERFACE:/ros2_ws/src/telemetry_data/include>
[0.401s] -- Configured cppcheck exclude dirs and/or files: 
[0.401s] -- Added test 'flake8' to check Python code syntax and style conventions
[0.402s] -- Added test 'lint_cmake' to check CMake code style
[0.402s] -- Added test 'pep257' to check Python code against some of the docstring style conventions in PEP 257
[0.403s] -- Added test 'uncrustify' to check C / C++ code style
[0.403s] -- Configured uncrustify additional arguments: 
[0.404s] -- Added test 'xmllint' to check XML markup files
[0.404s] -- Configuring done
[0.414s] -- Generating done
[0.420s] -- Build files have been written to: /ros2_ws/build/telemetry_data
[0.448s] [35m[1mConsolidate compiler generated dependencies of target telegraf_bridge[0m
[0.485s] [ 33%] [32mBuilding CXX object CMakeFiles/telegraf_bridge.dir/src/telegraf_bridge.cpp.o[0m
[22.218s] [ 66%] [32m[1mLinking CXX executable telegraf_bridge[0m
[22.600s] [100%] Built target telegraf_bridge
[22.611s] Invoked command in '/ros2_ws/build/telemetry_data' returned '0': CMAKE_PREFIX_PATH=${CMAKE_PREFIX_PATH}:/opt/ros/humble /usr/bin/cmake --build /ros2_ws/build/telemetry_data -- -j8 -l8
[22.619s] Invoking command in '/ros2_ws/build/telemetry_data': CMAKE_PREFIX_PATH=${CMAKE_PREFIX_PATH}:/opt/ros/humble /usr/bin/cmake --install /ros2_ws/build/telemetry_data
[22.627s] -- Install configuration: ""
[22.627s] -- Installing: /ros2_ws/install/telemetry_data/lib/telemetry_data/telegraf_bridge
[22.631s] -- Set runtime path of "/ros2_ws/install/telemetry_data/lib/telemetry_data/telegraf_bridge" to ""
[22.631s] -- Up-to-date: /ros2_ws/install/telemetry_data/share/telemetry_data/launch
[22.631s] -- Up-to-date: /ros2_ws/install/telemetry_data/share/telemetry_data/launch/launch.py
[22.631s] -- Up-to-date: /ros2_ws/install/telemetry_data/share/telemetry_data/config
[22.631s] -- Up-to-date: /ros2_ws/install/telemetry_data/share/telemetry_data/config/params.yaml
[22.631s] -- Up-to-date: /ros2_ws/install/telemetry_data/share/ament_index/resource_index/package_run_dependencies/telemetry_data
[22.631s] -- Up-to-date: /ros2_ws/install/telemetry_data/share/ament_index/resource_index/parent_prefix_path/telemetry_data
[22.631s] -- Up-to-date: /ros2_ws/install/telemetry_data/share/telemetry_data/environment/ament_prefix_path.sh
[22.631s] -- Installing: /ros2_ws/install/telemetry_data/share/telemetry_data/environment/ament_prefix_path.dsv
[22.631s] -- Up-to-date: /ros2_ws/install/telemetry_data/share/telemetry_data/environment/path.sh
[22.631s] -- Installing: /ros2_ws/install/telemetry_data/share/telemetry_data/environment/path.dsv
[22.631s] -- Up-to-date: /ros2_ws/install/telemetry_data/share/telemetry_data/local_setup.bash
[22.631s] -- Up-to-date: /ros2_ws/install/telemetry_data/share/telemetry_data/local_setup.sh
[22.632s] -- Up-to-date: /ros2_ws/install/telemetry_data/share/telemetry_data/local_setup.zsh
[22.632s] -- Installing: /ros2_ws/install/telemetry_data/share/telemetry_data/local_setup.dsv
[22.632s] -- Installing: /ros2_ws/install/telemetry_data/share/telemetry_data/package.dsv
[22.632s] -- Up-to-date: /ros2_ws/install/telemetry_data/share/ament_index/resource_index/packages/telemetry_data
[22.632s] -- Up-to-date: /ros2_ws/install/telemetry_data/share/telemetry_data/cmake/telemetry_dataConfig.cmake
[22.632s] -- Up-to-date: /ros2_ws/install/telemetry_data/share/telemetry_data/cmake/telemetry_dataConfig-version.cmake
[22.632s] -- Installing: /ros2_ws/install/telemetry_data/share/telemetry_data/package.xml
[22.634s] Invoked command in '/ros2_ws/build/telemetry_data' returned '0': CMAKE_PREFIX_PATH=${CMAKE_PREFIX_PATH}:/opt/ros/humble /usr/bin/cmake --install /ros2_ws/build/telemetry_data
