[0.016s] Invoking command in '/ros2_ws/build/robot_bringup': CMAKE_PREFIX_PATH=/ros2_ws/install/localization:/ros2_ws/install/ydlidar_ros2_driver:/ros2_ws/install/rf2o_laser_odometry:/ros2_ws/install/navigation:/ros2_ws/install/hardware:/ros2_ws/install/foxglove:/ros2_ws/install/robot_bringup:/ros2_ws/install/telemetry_data:/ros2_ws/install/shooting:/ros2_ws/install/robot_description:/ros2_ws/install/main_brain:/ros2_ws/install/tactical_brain:/ros2_ws/install/sensor_fusion_pkg:/ros2_ws/install/icm20948_ros2:/ros2_ws/install/ai_vision:/opt/ros/humble /usr/bin/cmake --build /ros2_ws/build/robot_bringup -- -j4 -l4
[0.042s] -- Found ament_cmake: 1.3.14 (/opt/ros/humble/share/ament_cmake/cmake)
[0.187s] -- Override CMake install command with custom implementation using symlinks instead of copying resources
[0.195s] -- Found ament_lint_auto: 0.12.15 (/opt/ros/humble/share/ament_lint_auto/cmake)
[0.350s] -- Added test 'flake8' to check Python code syntax and style conventions
[0.350s] -- Added test 'lint_cmake' to check CMake code style
[0.351s] -- Added test 'pep257' to check Python code against some of the docstring style conventions in PEP 257
[0.351s] -- Added test 'xmllint' to check XML markup files
[0.353s] -- Configuring done
[0.364s] -- Generating done
[0.370s] -- Build files have been written to: /ros2_ws/build/robot_bringup
[0.390s] Invoked command in '/ros2_ws/build/robot_bringup' returned '0': CMAKE_PREFIX_PATH=/ros2_ws/install/localization:/ros2_ws/install/ydlidar_ros2_driver:/ros2_ws/install/rf2o_laser_odometry:/ros2_ws/install/navigation:/ros2_ws/install/hardware:/ros2_ws/install/foxglove:/ros2_ws/install/robot_bringup:/ros2_ws/install/telemetry_data:/ros2_ws/install/shooting:/ros2_ws/install/robot_description:/ros2_ws/install/main_brain:/ros2_ws/install/tactical_brain:/ros2_ws/install/sensor_fusion_pkg:/ros2_ws/install/icm20948_ros2:/ros2_ws/install/ai_vision:/opt/ros/humble /usr/bin/cmake --build /ros2_ws/build/robot_bringup -- -j4 -l4
[0.392s] Invoking command in '/ros2_ws/build/robot_bringup': CMAKE_PREFIX_PATH=/ros2_ws/install/localization:/ros2_ws/install/ydlidar_ros2_driver:/ros2_ws/install/rf2o_laser_odometry:/ros2_ws/install/navigation:/ros2_ws/install/hardware:/ros2_ws/install/foxglove:/ros2_ws/install/robot_bringup:/ros2_ws/install/telemetry_data:/ros2_ws/install/shooting:/ros2_ws/install/robot_description:/ros2_ws/install/main_brain:/ros2_ws/install/tactical_brain:/ros2_ws/install/sensor_fusion_pkg:/ros2_ws/install/icm20948_ros2:/ros2_ws/install/ai_vision:/opt/ros/humble /usr/bin/cmake --install /ros2_ws/build/robot_bringup
[0.401s] -- Install configuration: ""
[0.402s] -- Execute custom install script
[0.402s] -- Up-to-date symlink: /ros2_ws/install/robot_bringup/share/robot_bringup/launch/launch.py
[0.402s] -- Up-to-date symlink: /ros2_ws/install/robot_bringup/share/ament_index/resource_index/package_run_dependencies/robot_bringup
[0.403s] -- Up-to-date symlink: /ros2_ws/install/robot_bringup/share/ament_index/resource_index/parent_prefix_path/robot_bringup
[0.403s] -- Up-to-date symlink: /ros2_ws/install/robot_bringup/share/robot_bringup/environment/ament_prefix_path.sh
[0.403s] -- Up-to-date symlink: /ros2_ws/install/robot_bringup/share/robot_bringup/environment/ament_prefix_path.dsv
[0.403s] -- Up-to-date symlink: /ros2_ws/install/robot_bringup/share/robot_bringup/environment/path.sh
[0.403s] -- Up-to-date symlink: /ros2_ws/install/robot_bringup/share/robot_bringup/environment/path.dsv
[0.403s] -- Up-to-date symlink: /ros2_ws/install/robot_bringup/share/robot_bringup/local_setup.bash
[0.403s] -- Up-to-date symlink: /ros2_ws/install/robot_bringup/share/robot_bringup/local_setup.sh
[0.404s] -- Up-to-date symlink: /ros2_ws/install/robot_bringup/share/robot_bringup/local_setup.zsh
[0.404s] -- Up-to-date symlink: /ros2_ws/install/robot_bringup/share/robot_bringup/local_setup.dsv
[0.404s] -- Symlinking: /ros2_ws/install/robot_bringup/share/robot_bringup/package.dsv
[0.419s] -- Up-to-date symlink: /ros2_ws/install/robot_bringup/share/ament_index/resource_index/packages/robot_bringup
[0.420s] -- Up-to-date symlink: /ros2_ws/install/robot_bringup/share/robot_bringup/cmake/robot_bringupConfig.cmake
[0.420s] -- Up-to-date symlink: /ros2_ws/install/robot_bringup/share/robot_bringup/cmake/robot_bringupConfig-version.cmake
[0.420s] -- Up-to-date symlink: /ros2_ws/install/robot_bringup/share/robot_bringup/package.xml
[0.422s] Invoked command in '/ros2_ws/build/robot_bringup' returned '0': CMAKE_PREFIX_PATH=/ros2_ws/install/localization:/ros2_ws/install/ydlidar_ros2_driver:/ros2_ws/install/rf2o_laser_odometry:/ros2_ws/install/navigation:/ros2_ws/install/hardware:/ros2_ws/install/foxglove:/ros2_ws/install/robot_bringup:/ros2_ws/install/telemetry_data:/ros2_ws/install/shooting:/ros2_ws/install/robot_description:/ros2_ws/install/main_brain:/ros2_ws/install/tactical_brain:/ros2_ws/install/sensor_fusion_pkg:/ros2_ws/install/icm20948_ros2:/ros2_ws/install/ai_vision:/opt/ros/humble /usr/bin/cmake --install /ros2_ws/build/robot_bringup
