[0.010s] Invoking command in '/ros2_ws/build/robot_description': CMAKE_PREFIX_PATH=/opt/ros/humble /usr/bin/cmake /ros2_ws/src/robot_description -DCMAKE_INSTALL_PREFIX=/ros2_ws/install/robot_description
[0.065s] -- The C compiler identification is GNU 11.4.0
[0.123s] -- The CXX compiler identification is GNU 11.4.0
[0.130s] -- Detecting C compiler ABI info
[0.198s] -- Detecting C compiler ABI info - done
[0.206s] -- Check for working C compiler: /usr/bin/cc - skipped
[0.206s] -- Detecting C compile features
[0.207s] -- Detecting C compile features - done
[0.211s] -- Detecting CXX compiler ABI info
[0.300s] -- Detecting CXX compiler ABI info - done
[0.310s] -- Check for working CXX compiler: /usr/bin/c++ - skipped
[0.314s] -- Detecting CXX compile features
[0.314s] -- Detecting CXX compile features - done
[0.314s] -- Found ament_cmake: 1.3.14 (/opt/ros/humble/share/ament_cmake/cmake)
[0.449s] -- Found Python3: /usr/bin/python3 (found version "3.10.12") found components: Interpreter 
[0.560s] -- Found ament_lint_auto: 0.12.15 (/opt/ros/humble/share/ament_lint_auto/cmake)
[0.653s] -- Added test 'lint_cmake' to check CMake code style
[0.654s] -- Added test 'xmllint' to check XML markup files
[0.655s] -- Configuring done
[0.658s] -- Generating done
[0.660s] -- Build files have been written to: /ros2_ws/build/robot_description
[0.664s] Invoked command in '/ros2_ws/build/robot_description' returned '0': CMAKE_PREFIX_PATH=/opt/ros/humble /usr/bin/cmake /ros2_ws/src/robot_description -DCMAKE_INSTALL_PREFIX=/ros2_ws/install/robot_description
[0.666s] Invoking command in '/ros2_ws/build/robot_description': CMAKE_PREFIX_PATH=/opt/ros/humble /usr/bin/cmake --build /ros2_ws/build/robot_description -- -j4 -l4
[0.701s] Invoked command in '/ros2_ws/build/robot_description' returned '0': CMAKE_PREFIX_PATH=/opt/ros/humble /usr/bin/cmake --build /ros2_ws/build/robot_description -- -j4 -l4
[0.709s] Invoking command in '/ros2_ws/build/robot_description': CMAKE_PREFIX_PATH=/opt/ros/humble /usr/bin/cmake --install /ros2_ws/build/robot_description
[0.719s] -- Install configuration: ""
[0.719s] -- Installing: /ros2_ws/install/robot_description/share/ament_index/resource_index/package_run_dependencies/robot_description
[0.720s] -- Installing: /ros2_ws/install/robot_description/share/ament_index/resource_index/parent_prefix_path/robot_description
[0.720s] -- Installing: /ros2_ws/install/robot_description/share/robot_description/environment/ament_prefix_path.sh
[0.721s] -- Installing: /ros2_ws/install/robot_description/share/robot_description/environment/ament_prefix_path.dsv
[0.721s] -- Installing: /ros2_ws/install/robot_description/share/robot_description/environment/path.sh
[0.721s] -- Installing: /ros2_ws/install/robot_description/share/robot_description/environment/path.dsv
[0.721s] -- Installing: /ros2_ws/install/robot_description/share/robot_description/local_setup.bash
[0.721s] -- Installing: /ros2_ws/install/robot_description/share/robot_description/local_setup.sh
[0.721s] -- Installing: /ros2_ws/install/robot_description/share/robot_description/local_setup.zsh
[0.721s] -- Installing: /ros2_ws/install/robot_description/share/robot_description/local_setup.dsv
[0.721s] -- Installing: /ros2_ws/install/robot_description/share/robot_description/package.dsv
[0.721s] -- Installing: /ros2_ws/install/robot_description/share/ament_index/resource_index/packages/robot_description
[0.721s] -- Installing: /ros2_ws/install/robot_description/share/robot_description/cmake/robot_descriptionConfig.cmake
[0.721s] -- Installing: /ros2_ws/install/robot_description/share/robot_description/cmake/robot_descriptionConfig-version.cmake
[0.722s] -- Installing: /ros2_ws/install/robot_description/share/robot_description/package.xml
[0.725s] Invoked command in '/ros2_ws/build/robot_description' returned '0': CMAKE_PREFIX_PATH=/opt/ros/humble /usr/bin/cmake --install /ros2_ws/build/robot_description
