[0.046s] Invoking command in '/ros2_ws/build/ydlidar_ros2_driver': CMAKE_PREFIX_PATH=${CMAKE_PREFIX_PATH}:/opt/ros/humble /usr/bin/cmake --build /ros2_ws/build/ydlidar_ros2_driver -- -j4 -l4
[0.142s] [35m[1mConsolidate compiler generated dependencies of target ydlidar_ros2_driver_client[0m
[0.154s] [35m[1mConsolidate compiler generated dependencies of target ydlidar_ros2_driver_node[0m
[0.209s] [ 50%] Built target ydlidar_ros2_driver_client
[0.211s] [ 75%] [32mBuilding CXX object CMakeFiles/ydlidar_ros2_driver_node.dir/src/ydlidar_ros2_driver_node.cpp.o[0m
[9.507s] [100%] [32m[1mLinking CXX executable ydlidar_ros2_driver_node[0m
[10.271s] [100%] Built target ydlidar_ros2_driver_node
[10.283s] Invoked command in '/ros2_ws/build/ydlidar_ros2_driver' returned '0': CMAKE_PREFIX_PATH=${CMAKE_PREFIX_PATH}:/opt/ros/humble /usr/bin/cmake --build /ros2_ws/build/ydlidar_ros2_driver -- -j4 -l4
[10.285s] Invoking command in '/ros2_ws/build/ydlidar_ros2_driver': CMAKE_PREFIX_PATH=${CMAKE_PREFIX_PATH}:/opt/ros/humble /usr/bin/cmake --install /ros2_ws/build/ydlidar_ros2_driver
[10.293s] -- Install configuration: ""
[10.294s] -- Execute custom install script
[10.295s] -- Up-to-date symlink: /ros2_ws/install/ydlidar_ros2_driver/lib/ydlidar_ros2_driver/ydlidar_ros2_driver_node
[10.295s] -- Up-to-date symlink: /ros2_ws/install/ydlidar_ros2_driver/lib/ydlidar_ros2_driver/ydlidar_ros2_driver_client
[10.296s] -- Up-to-date symlink: /ros2_ws/install/ydlidar_ros2_driver/share/ydlidar_ros2_driver/launch/ydlidar.py
[10.296s] -- Up-to-date symlink: /ros2_ws/install/ydlidar_ros2_driver/share/ydlidar_ros2_driver/launch/ydlidar_launch.py
[10.296s] -- Up-to-date symlink: /ros2_ws/install/ydlidar_ros2_driver/share/ydlidar_ros2_driver/launch/ydlidar_launch_view.py
[10.297s] -- Up-to-date symlink: /ros2_ws/install/ydlidar_ros2_driver/share/ydlidar_ros2_driver/params/G1.yaml
[10.297s] -- Up-to-date symlink: /ros2_ws/install/ydlidar_ros2_driver/share/ydlidar_ros2_driver/params/G2.yaml
[10.298s] -- Up-to-date symlink: /ros2_ws/install/ydlidar_ros2_driver/share/ydlidar_ros2_driver/params/G4.yaml
[10.298s] -- Up-to-date symlink: /ros2_ws/install/ydlidar_ros2_driver/share/ydlidar_ros2_driver/params/G6.yaml
[10.298s] -- Up-to-date symlink: /ros2_ws/install/ydlidar_ros2_driver/share/ydlidar_ros2_driver/params/GS2.yaml
[10.299s] -- Up-to-date symlink: /ros2_ws/install/ydlidar_ros2_driver/share/ydlidar_ros2_driver/params/GS5.yaml
[10.299s] -- Up-to-date symlink: /ros2_ws/install/ydlidar_ros2_driver/share/ydlidar_ros2_driver/params/TEA.yaml
[10.299s] -- Up-to-date symlink: /ros2_ws/install/ydlidar_ros2_driver/share/ydlidar_ros2_driver/params/TG.yaml
[10.299s] -- Up-to-date symlink: /ros2_ws/install/ydlidar_ros2_driver/share/ydlidar_ros2_driver/params/Tmini-Plus-SH.yaml
[10.300s] -- Up-to-date symlink: /ros2_ws/install/ydlidar_ros2_driver/share/ydlidar_ros2_driver/params/Tmini.yaml
[10.301s] -- Up-to-date symlink: /ros2_ws/install/ydlidar_ros2_driver/share/ydlidar_ros2_driver/params/X2.yaml
[10.301s] -- Up-to-date symlink: /ros2_ws/install/ydlidar_ros2_driver/share/ydlidar_ros2_driver/params/X3.yaml
[10.301s] -- Up-to-date symlink: /ros2_ws/install/ydlidar_ros2_driver/share/ydlidar_ros2_driver/params/X4-Pro.yaml
[10.301s] -- Up-to-date symlink: /ros2_ws/install/ydlidar_ros2_driver/share/ydlidar_ros2_driver/params/X4.yaml
[10.301s] -- Up-to-date symlink: /ros2_ws/install/ydlidar_ros2_driver/share/ydlidar_ros2_driver/params/sdm15.yaml
[10.302s] -- Up-to-date symlink: /ros2_ws/install/ydlidar_ros2_driver/share/ydlidar_ros2_driver/params/ydlidar.yaml
[10.302s] -- Up-to-date symlink: /ros2_ws/install/ydlidar_ros2_driver/share/ydlidar_ros2_driver/startup/initenv.sh
[10.303s] -- Up-to-date symlink: /ros2_ws/install/ydlidar_ros2_driver/share/ydlidar_ros2_driver/config/ydlidar.rviz
[10.303s] -- Up-to-date symlink: /ros2_ws/install/ydlidar_ros2_driver/share/ament_index/resource_index/package_run_dependencies/ydlidar_ros2_driver
[10.304s] -- Up-to-date symlink: /ros2_ws/install/ydlidar_ros2_driver/share/ament_index/resource_index/parent_prefix_path/ydlidar_ros2_driver
[10.304s] -- Up-to-date symlink: /ros2_ws/install/ydlidar_ros2_driver/share/ydlidar_ros2_driver/environment/ament_prefix_path.sh
[10.305s] -- Up-to-date symlink: /ros2_ws/install/ydlidar_ros2_driver/share/ydlidar_ros2_driver/environment/ament_prefix_path.dsv
[10.305s] -- Up-to-date symlink: /ros2_ws/install/ydlidar_ros2_driver/share/ydlidar_ros2_driver/environment/path.sh
[10.305s] -- Up-to-date symlink: /ros2_ws/install/ydlidar_ros2_driver/share/ydlidar_ros2_driver/environment/path.dsv
[10.306s] -- Up-to-date symlink: /ros2_ws/install/ydlidar_ros2_driver/share/ydlidar_ros2_driver/local_setup.bash
[10.306s] -- Up-to-date symlink: /ros2_ws/install/ydlidar_ros2_driver/share/ydlidar_ros2_driver/local_setup.sh
[10.306s] -- Up-to-date symlink: /ros2_ws/install/ydlidar_ros2_driver/share/ydlidar_ros2_driver/local_setup.zsh
[10.307s] -- Up-to-date symlink: /ros2_ws/install/ydlidar_ros2_driver/share/ydlidar_ros2_driver/local_setup.dsv
[10.307s] -- Symlinking: /ros2_ws/install/ydlidar_ros2_driver/share/ydlidar_ros2_driver/package.dsv
[10.321s] -- Up-to-date symlink: /ros2_ws/install/ydlidar_ros2_driver/share/ament_index/resource_index/packages/ydlidar_ros2_driver
[10.322s] -- Up-to-date symlink: /ros2_ws/install/ydlidar_ros2_driver/share/ydlidar_ros2_driver/cmake/ydlidar_ros2_driverConfig.cmake
[10.323s] -- Up-to-date symlink: /ros2_ws/install/ydlidar_ros2_driver/share/ydlidar_ros2_driver/cmake/ydlidar_ros2_driverConfig-version.cmake
[10.324s] -- Up-to-date symlink: /ros2_ws/install/ydlidar_ros2_driver/share/ydlidar_ros2_driver/package.xml
[10.325s] Invoked command in '/ros2_ws/build/ydlidar_ros2_driver' returned '0': CMAKE_PREFIX_PATH=${CMAKE_PREFIX_PATH}:/opt/ros/humble /usr/bin/cmake --install /ros2_ws/build/ydlidar_ros2_driver
