[0.073s] Invoking command in '/ros2_ws/build/main_brain': CMAKE_PREFIX_PATH=${CMAKE_PREFIX_PATH}:/opt/ros/humble /usr/bin/cmake /ros2_ws/src/main_brain -DAMENT_CMAKE_SYMLINK_INSTALL=1 -DCMAKE_INSTALL_PREFIX=/ros2_ws/install/main_brain
[0.310s] -- The C compiler identification is GNU 11.4.0
[0.601s] -- The CXX compiler identification is GNU 11.4.0
[0.613s] -- Detecting C compiler ABI info
[0.754s] -- Detecting C compiler ABI info - done
[0.767s] -- Check for working C compiler: /usr/bin/cc - skipped
[0.768s] -- Detecting C compile features
[0.768s] -- Detecting C compile features - done
[0.775s] -- Detecting CXX compiler ABI info
[1.096s] -- Detecting CXX compiler ABI info - done
[1.123s] -- Check for working CXX compiler: /usr/bin/c++ - skipped
[1.124s] -- Detecting CXX compile features
[1.128s] -- Detecting CXX compile features - done
[1.136s] -- Found ament_cmake: 1.3.14 (/opt/ros/humble/share/ament_cmake/cmake)
[1.581s] -- Found Python3: /usr/bin/python3 (found version "3.10.12") found components: Interpreter 
[1.920s] -- Override CMake install command with custom implementation using symlinks instead of copying resources
[2.041s] -- Found rclcpp: 16.0.19 (/opt/ros/humble/share/rclcpp/cmake)
[2.234s] -- Found rosidl_generator_c: 3.1.8 (/opt/ros/humble/share/rosidl_generator_c/cmake)
[2.255s] -- Found rosidl_adapter: 3.1.8 (/opt/ros/humble/share/rosidl_adapter/cmake)
[2.293s] -- Found rosidl_generator_cpp: 3.1.8 (/opt/ros/humble/share/rosidl_generator_cpp/cmake)
[2.340s] -- Using all available rosidl_typesupport_c: rosidl_typesupport_fastrtps_c;rosidl_typesupport_introspection_c
[2.430s] -- Using all available rosidl_typesupport_cpp: rosidl_typesupport_fastrtps_cpp;rosidl_typesupport_introspection_cpp
[2.806s] -- Found rmw_implementation_cmake: 6.1.2 (/opt/ros/humble/share/rmw_implementation_cmake/cmake)
[2.816s] -- Found rmw_fastrtps_cpp: 6.2.10 (/opt/ros/humble/share/rmw_fastrtps_cpp/cmake)
[3.130s] -- Found OpenSSL: /usr/lib/aarch64-linux-gnu/libcrypto.so (found version "3.0.2")  
[3.195s] -- Found FastRTPS: /opt/ros/humble/include  
[3.258s] -- Using RMW implementation 'rmw_fastrtps_cpp' as default
[3.305s] -- Looking for pthread.h
[3.482s] -- Looking for pthread.h - found
[3.484s] -- Performing Test CMAKE_HAVE_LIBC_PTHREAD
[3.770s] -- Performing Test CMAKE_HAVE_LIBC_PTHREAD - Success
[3.771s] -- Found Threads: TRUE  
[4.067s] -- Found ament_lint_auto: 0.12.15 (/opt/ros/humble/share/ament_lint_auto/cmake)
[4.575s] -- Added test 'flake8' to check Python code syntax and style conventions
[4.578s] -- Added test 'lint_cmake' to check CMake code style
[4.587s] -- Added test 'pep257' to check Python code against some of the docstring style conventions in PEP 257
[4.588s] -- Added test 'xmllint' to check XML markup files
[4.602s] -- Configuring done
[4.641s] -- Generating done
[4.649s] -- Build files have been written to: /ros2_ws/build/main_brain
[4.721s] Invoked command in '/ros2_ws/build/main_brain' returned '0': CMAKE_PREFIX_PATH=${CMAKE_PREFIX_PATH}:/opt/ros/humble /usr/bin/cmake /ros2_ws/src/main_brain -DAMENT_CMAKE_SYMLINK_INSTALL=1 -DCMAKE_INSTALL_PREFIX=/ros2_ws/install/main_brain
[4.731s] Invoking command in '/ros2_ws/build/main_brain': CMAKE_PREFIX_PATH=${CMAKE_PREFIX_PATH}:/opt/ros/humble /usr/bin/cmake --build /ros2_ws/build/main_brain -- -j4 -l4
[4.877s] Invoked command in '/ros2_ws/build/main_brain' returned '0': CMAKE_PREFIX_PATH=${CMAKE_PREFIX_PATH}:/opt/ros/humble /usr/bin/cmake --build /ros2_ws/build/main_brain -- -j4 -l4
[4.877s] Invoking command in '/ros2_ws/build/main_brain': CMAKE_PREFIX_PATH=${CMAKE_PREFIX_PATH}:/opt/ros/humble /usr/bin/cmake --install /ros2_ws/build/main_brain
[4.898s] -- Install configuration: ""
[4.905s] -- Execute custom install script
[4.905s] -- Symlinking: /ros2_ws/install/main_brain/share/ament_index/resource_index/package_run_dependencies/main_brain
[4.940s] -- Symlinking: /ros2_ws/install/main_brain/share/ament_index/resource_index/parent_prefix_path/main_brain
[4.964s] -- Symlinking: /ros2_ws/install/main_brain/share/main_brain/environment/ament_prefix_path.sh
[4.992s] -- Symlinking: /ros2_ws/install/main_brain/share/main_brain/environment/ament_prefix_path.dsv
[5.018s] -- Symlinking: /ros2_ws/install/main_brain/share/main_brain/environment/path.sh
[5.045s] -- Symlinking: /ros2_ws/install/main_brain/share/main_brain/environment/path.dsv
[5.084s] -- Symlinking: /ros2_ws/install/main_brain/share/main_brain/local_setup.bash
[5.121s] -- Symlinking: /ros2_ws/install/main_brain/share/main_brain/local_setup.sh
[5.148s] -- Symlinking: /ros2_ws/install/main_brain/share/main_brain/local_setup.zsh
[5.203s] -- Symlinking: /ros2_ws/install/main_brain/share/main_brain/local_setup.dsv
[5.213s] -- Symlinking: /ros2_ws/install/main_brain/share/main_brain/package.dsv
[5.233s] -- Symlinking: /ros2_ws/install/main_brain/share/ament_index/resource_index/packages/main_brain
[5.257s] -- Symlinking: /ros2_ws/install/main_brain/share/main_brain/cmake/main_brainConfig.cmake
[5.281s] -- Symlinking: /ros2_ws/install/main_brain/share/main_brain/cmake/main_brainConfig-version.cmake
[5.305s] -- Symlinking: /ros2_ws/install/main_brain/share/main_brain/package.xml
[5.338s] Invoked command in '/ros2_ws/build/main_brain' returned '0': CMAKE_PREFIX_PATH=${CMAKE_PREFIX_PATH}:/opt/ros/humble /usr/bin/cmake --install /ros2_ws/build/main_brain
