[0.021s] Invoking command in '/ros2_ws/build/robot_description': CMAKE_PREFIX_PATH=${CMAKE_PREFIX_PATH}:/ros2_ws/install/tactical_brain:/ros2_ws/install/sensor_fusion_pkg:/ros2_ws/install/icm20948_ros2:/ros2_ws/install/ai_vision:/opt/ros/humble /usr/bin/cmake --build /ros2_ws/build/robot_description -- -j4 -l4
[0.081s] Invoked command in '/ros2_ws/build/robot_description' returned '0': CMAKE_PREFIX_PATH=${CMAKE_PREFIX_PATH}:/ros2_ws/install/tactical_brain:/ros2_ws/install/sensor_fusion_pkg:/ros2_ws/install/icm20948_ros2:/ros2_ws/install/ai_vision:/opt/ros/humble /usr/bin/cmake --build /ros2_ws/build/robot_description -- -j4 -l4
[0.092s] Invoking command in '/ros2_ws/build/robot_description': CMAKE_PREFIX_PATH=${CMAKE_PREFIX_PATH}:/ros2_ws/install/tactical_brain:/ros2_ws/install/sensor_fusion_pkg:/ros2_ws/install/icm20948_ros2:/ros2_ws/install/ai_vision:/opt/ros/humble /usr/bin/cmake --install /ros2_ws/build/robot_description
[0.098s] -- Install configuration: ""
[0.101s] -- Execute custom install script
[0.103s] -- Up-to-date symlink: /ros2_ws/install/robot_description/share/robot_description/urdf/base.xacro
[0.104s] -- Up-to-date symlink: /ros2_ws/install/robot_description/share/robot_description/urdf/robot_urdf.xacro
[0.105s] -- Up-to-date symlink: /ros2_ws/install/robot_description/share/robot_description/urdf/sensors.xacro
[0.107s] -- Up-to-date symlink: /ros2_ws/install/robot_description/share/robot_description/urdf/wheels.xacro
[0.110s] -- Up-to-date symlink: /ros2_ws/install/robot_description/share/ament_index/resource_index/package_run_dependencies/robot_description
[0.110s] -- Up-to-date symlink: /ros2_ws/install/robot_description/share/ament_index/resource_index/parent_prefix_path/robot_description
[0.110s] -- Up-to-date symlink: /ros2_ws/install/robot_description/share/robot_description/environment/ament_prefix_path.sh
[0.110s] -- Up-to-date symlink: /ros2_ws/install/robot_description/share/robot_description/environment/ament_prefix_path.dsv
[0.110s] -- Up-to-date symlink: /ros2_ws/install/robot_description/share/robot_description/environment/path.sh
[0.110s] -- Up-to-date symlink: /ros2_ws/install/robot_description/share/robot_description/environment/path.dsv
[0.110s] -- Up-to-date symlink: /ros2_ws/install/robot_description/share/robot_description/local_setup.bash
[0.110s] -- Up-to-date symlink: /ros2_ws/install/robot_description/share/robot_description/local_setup.sh
[0.110s] -- Up-to-date symlink: /ros2_ws/install/robot_description/share/robot_description/local_setup.zsh
[0.111s] -- Up-to-date symlink: /ros2_ws/install/robot_description/share/robot_description/local_setup.dsv
[0.111s] -- Symlinking: /ros2_ws/install/robot_description/share/robot_description/package.dsv
[0.126s] -- Up-to-date symlink: /ros2_ws/install/robot_description/share/ament_index/resource_index/packages/robot_description
[0.126s] -- Up-to-date symlink: /ros2_ws/install/robot_description/share/robot_description/cmake/robot_descriptionConfig.cmake
[0.126s] -- Up-to-date symlink: /ros2_ws/install/robot_description/share/robot_description/cmake/robot_descriptionConfig-version.cmake
[0.126s] -- Up-to-date symlink: /ros2_ws/install/robot_description/share/robot_description/package.xml
[0.128s] Invoked command in '/ros2_ws/build/robot_description' returned '0': CMAKE_PREFIX_PATH=${CMAKE_PREFIX_PATH}:/ros2_ws/install/tactical_brain:/ros2_ws/install/sensor_fusion_pkg:/ros2_ws/install/icm20948_ros2:/ros2_ws/install/ai_vision:/opt/ros/humble /usr/bin/cmake --install /ros2_ws/build/robot_description
