[0.062s] Invoking command in '/ros2_ws/build/hardware': CMAKE_PREFIX_PATH=${CMAKE_PREFIX_PATH}:/ros2_ws/install/tactical_brain:/ros2_ws/install/sensor_fusion_pkg:/ros2_ws/install/icm20948_ros2:/opt/ros/humble /usr/bin/cmake --build /ros2_ws/build/hardware -- -j4 -l4
[0.415s] -- Found ament_cmake: 1.3.14 (/opt/ros/humble/share/ament_cmake/cmake)
[0.741s] -- Override CMake install command with custom implementation using symlinks instead of copying resources
[0.766s] -- Found ackermann_steering_controller: 2.53.1 (/opt/ros/humble/share/ackermann_steering_controller/cmake)
[0.871s] -- Found rosidl_generator_c: 3.1.8 (/opt/ros/humble/share/rosidl_generator_c/cmake)
[0.876s] -- Found rosidl_adapter: 3.1.8 (/opt/ros/humble/share/rosidl_adapter/cmake)
[0.891s] -- Found rosidl_generator_cpp: 3.1.8 (/opt/ros/humble/share/rosidl_generator_cpp/cmake)
[0.933s] -- Using all available rosidl_typesupport_c: rosidl_typesupport_fastrtps_c;rosidl_typesupport_introspection_c
[0.986s] -- Using all available rosidl_typesupport_cpp: rosidl_typesupport_fastrtps_cpp;rosidl_typesupport_introspection_cpp
[1.100s] -- Found rmw_implementation_cmake: 6.1.2 (/opt/ros/humble/share/rmw_implementation_cmake/cmake)
[1.100s] -- Found rmw_fastrtps_cpp: 6.2.10 (/opt/ros/humble/share/rmw_fastrtps_cpp/cmake)
[1.346s] -- Using RMW implementation 'rmw_fastrtps_cpp' as default
[2.206s] -- Found eigen3_cmake_module: 0.1.1 (/opt/ros/humble/share/eigen3_cmake_module/cmake)
[2.209s] -- Ensuring Eigen3 include directory is part of orocos-kdl CMake target
[2.289s] -- Found joint_state_broadcaster: 2.53.1 (/opt/ros/humble/share/joint_state_broadcaster/cmake)
[2.352s] -- Found ament_lint_auto: 0.12.15 (/opt/ros/humble/share/ament_lint_auto/cmake)
[2.535s] -- Added test 'cppcheck' to perform static code analysis on C / C++ code
[2.535s] -- Configured cppcheck include dirs: /ros2_ws/src/hardware/include
[2.536s] -- Configured cppcheck exclude dirs and/or files: 
[2.540s] -- Added test 'flake8' to check Python code syntax and style conventions
[2.542s] -- Added test 'lint_cmake' to check CMake code style
[2.544s] -- Added test 'pep257' to check Python code against some of the docstring style conventions in PEP 257
[2.545s] -- Added test 'uncrustify' to check C / C++ code style
[2.545s] -- Configured uncrustify additional arguments: 
[2.546s] -- Added test 'xmllint' to check XML markup files
[2.557s] -- Configuring done
[2.679s] -- Generating done
[2.698s] -- Build files have been written to: /ros2_ws/build/hardware
[2.758s] [35m[1mConsolidate compiler generated dependencies of target motor_driver[0m
[2.761s] [35m[1mConsolidate compiler generated dependencies of target twist_to_ackermann[0m
[2.767s] [35m[1mConsolidate compiler generated dependencies of target heading_pid_controller[0m
[2.793s] [ 16%] [32mBuilding CXX object CMakeFiles/twist_to_ackermann.dir/src/twist_to_ackermann.cpp.o[0m
[2.805s] [ 33%] [32mBuilding CXX object CMakeFiles/heading_pid_controller.dir/src/pid_controller.cpp.o[0m
[2.853s] [ 50%] [32mBuilding CXX object CMakeFiles/motor_driver.dir/src/motor_driver.cpp.o[0m
[36.987s] [ 66%] [32m[1mLinking CXX shared library libmotor_driver.so[0m
[39.231s] [ 66%] Built target motor_driver
[40.726s] [ 83%] [32m[1mLinking CXX executable twist_to_ackermann[0m
[42.741s] [ 83%] Built target twist_to_ackermann
[48.951s] [100%] [32m[1mLinking CXX executable heading_pid_controller[0m
[51.022s] [100%] Built target heading_pid_controller
