[0.013s] Invoking command in '/ros2_ws/build/telemetry_data': CMAKE_PREFIX_PATH=${CMAKE_PREFIX_PATH}:/ros2_ws/install/icm20948_ros2:/opt/ros/humble /usr/bin/cmake --build /ros2_ws/build/telemetry_data -- -j4 -l4
[0.520s] [100%] Built target telegraf_bridge
[0.530s] Invoked command in '/ros2_ws/build/telemetry_data' returned '0': CMAKE_PREFIX_PATH=${CMAKE_PREFIX_PATH}:/ros2_ws/install/icm20948_ros2:/opt/ros/humble /usr/bin/cmake --build /ros2_ws/build/telemetry_data -- -j4 -l4
[0.538s] Invoking command in '/ros2_ws/build/telemetry_data': CMAKE_PREFIX_PATH=${CMAKE_PREFIX_PATH}:/ros2_ws/install/icm20948_ros2:/opt/ros/humble /usr/bin/cmake --install /ros2_ws/build/telemetry_data
[0.549s] -- Install configuration: ""
[0.553s] -- Execute custom install script
[0.555s] -- Up-to-date symlink: /ros2_ws/install/telemetry_data/lib/telemetry_data/telegraf_bridge
[0.555s] -- Up-to-date symlink: /ros2_ws/install/telemetry_data/share/telemetry_data/launch/launch.py
[0.558s] -- Up-to-date symlink: /ros2_ws/install/telemetry_data/share/ament_index/resource_index/package_run_dependencies/telemetry_data
[0.560s] -- Up-to-date symlink: /ros2_ws/install/telemetry_data/share/ament_index/resource_index/parent_prefix_path/telemetry_data
[0.563s] -- Up-to-date symlink: /ros2_ws/install/telemetry_data/share/telemetry_data/environment/ament_prefix_path.sh
[0.563s] -- Up-to-date symlink: /ros2_ws/install/telemetry_data/share/telemetry_data/environment/ament_prefix_path.dsv
[0.565s] -- Up-to-date symlink: /ros2_ws/install/telemetry_data/share/telemetry_data/environment/path.sh
[0.566s] -- Up-to-date symlink: /ros2_ws/install/telemetry_data/share/telemetry_data/environment/path.dsv
[0.568s] -- Up-to-date symlink: /ros2_ws/install/telemetry_data/share/telemetry_data/local_setup.bash
[0.570s] -- Up-to-date symlink: /ros2_ws/install/telemetry_data/share/telemetry_data/local_setup.sh
[0.573s] -- Up-to-date symlink: /ros2_ws/install/telemetry_data/share/telemetry_data/local_setup.zsh
[0.573s] -- Up-to-date symlink: /ros2_ws/install/telemetry_data/share/telemetry_data/local_setup.dsv
[0.573s] -- Symlinking: /ros2_ws/install/telemetry_data/share/telemetry_data/package.dsv
[0.582s] -- Up-to-date symlink: /ros2_ws/install/telemetry_data/share/ament_index/resource_index/packages/telemetry_data
[0.583s] -- Up-to-date symlink: /ros2_ws/install/telemetry_data/share/telemetry_data/cmake/telemetry_dataConfig.cmake
[0.586s] -- Up-to-date symlink: /ros2_ws/install/telemetry_data/share/telemetry_data/cmake/telemetry_dataConfig-version.cmake
[0.586s] -- Up-to-date symlink: /ros2_ws/install/telemetry_data/share/telemetry_data/package.xml
[0.588s] Invoked command in '/ros2_ws/build/telemetry_data' returned '0': CMAKE_PREFIX_PATH=${CMAKE_PREFIX_PATH}:/ros2_ws/install/icm20948_ros2:/opt/ros/humble /usr/bin/cmake --install /ros2_ws/build/telemetry_data
