[0.037s] Invoking command in '/ros2_ws/build/telemetry_data': CMAKE_PREFIX_PATH=${CMAKE_PREFIX_PATH}:/ros2_ws/install/icm20948_ros2:/opt/ros/humble /usr/bin/cmake --build /ros2_ws/build/telemetry_data -- -j4 -l4
[0.196s] [100%] Built target telegraf_bridge
[0.281s] Invoked command in '/ros2_ws/build/telemetry_data' returned '0': CMAKE_PREFIX_PATH=${CMAKE_PREFIX_PATH}:/ros2_ws/install/icm20948_ros2:/opt/ros/humble /usr/bin/cmake --build /ros2_ws/build/telemetry_data -- -j4 -l4
[0.285s] Invoking command in '/ros2_ws/build/telemetry_data': CMAKE_PREFIX_PATH=${CMAKE_PREFIX_PATH}:/ros2_ws/install/icm20948_ros2:/opt/ros/humble /usr/bin/cmake --install /ros2_ws/build/telemetry_data
[0.304s] -- Install configuration: ""
[0.304s] -- Execute custom install script
[0.306s] -- Up-to-date symlink: /ros2_ws/install/telemetry_data/lib/telemetry_data/telegraf_bridge
[0.308s] -- Up-to-date symlink: /ros2_ws/install/telemetry_data/share/telemetry_data/launch/launch.py
[0.309s] -- Up-to-date symlink: /ros2_ws/install/telemetry_data/share/ament_index/resource_index/package_run_dependencies/telemetry_data
[0.310s] -- Up-to-date symlink: /ros2_ws/install/telemetry_data/share/ament_index/resource_index/parent_prefix_path/telemetry_data
[0.312s] -- Up-to-date symlink: /ros2_ws/install/telemetry_data/share/telemetry_data/environment/ament_prefix_path.sh
[0.313s] -- Up-to-date symlink: /ros2_ws/install/telemetry_data/share/telemetry_data/environment/ament_prefix_path.dsv
[0.315s] -- Up-to-date symlink: /ros2_ws/install/telemetry_data/share/telemetry_data/environment/path.sh
[0.315s] -- Up-to-date symlink: /ros2_ws/install/telemetry_data/share/telemetry_data/environment/path.dsv
[0.317s] -- Up-to-date symlink: /ros2_ws/install/telemetry_data/share/telemetry_data/local_setup.bash
[0.319s] -- Up-to-date symlink: /ros2_ws/install/telemetry_data/share/telemetry_data/local_setup.sh
[0.320s] -- Up-to-date symlink: /ros2_ws/install/telemetry_data/share/telemetry_data/local_setup.zsh
[0.321s] -- Up-to-date symlink: /ros2_ws/install/telemetry_data/share/telemetry_data/local_setup.dsv
[0.321s] -- Symlinking: /ros2_ws/install/telemetry_data/share/telemetry_data/package.dsv
[0.341s] -- Up-to-date symlink: /ros2_ws/install/telemetry_data/share/ament_index/resource_index/packages/telemetry_data
[0.343s] -- Up-to-date symlink: /ros2_ws/install/telemetry_data/share/telemetry_data/cmake/telemetry_dataConfig.cmake
[0.343s] -- Up-to-date symlink: /ros2_ws/install/telemetry_data/share/telemetry_data/cmake/telemetry_dataConfig-version.cmake
[0.345s] -- Up-to-date symlink: /ros2_ws/install/telemetry_data/share/telemetry_data/package.xml
[0.348s] Invoked command in '/ros2_ws/build/telemetry_data' returned '0': CMAKE_PREFIX_PATH=${CMAKE_PREFIX_PATH}:/ros2_ws/install/icm20948_ros2:/opt/ros/humble /usr/bin/cmake --install /ros2_ws/build/telemetry_data
