[0.051s] Invoking command in '/ros2_ws/build/navigation': CMAKE_PREFIX_PATH=${CMAKE_PREFIX_PATH}:/opt/ros/humble /usr/bin/cmake /ros2_ws/src/navigation -DAMENT_CMAKE_SYMLINK_INSTALL=1 -DCMAKE_INSTALL_PREFIX=/ros2_ws/install/navigation
[0.198s] -- The C compiler identification is GNU 11.4.0
[0.385s] -- The CXX compiler identification is GNU 11.4.0
[0.415s] -- Detecting C compiler ABI info
[0.612s] -- Detecting C compiler ABI info - done
[0.638s] -- Check for working C compiler: /usr/bin/cc - skipped
[0.643s] -- Detecting C compile features
[0.646s] -- Detecting C compile features - done
[0.654s] -- Detecting CXX compiler ABI info
[1.004s] -- Detecting CXX compiler ABI info - done
[1.057s] -- Check for working CXX compiler: /usr/bin/c++ - skipped
[1.058s] -- Detecting CXX compile features
[1.076s] -- Detecting CXX compile features - done
[1.078s] -- Found ament_cmake: 1.3.14 (/opt/ros/humble/share/ament_cmake/cmake)
[1.382s] -- Found Python3: /usr/bin/python3 (found version "3.10.12") found components: Interpreter 
[1.631s] -- Override CMake install command with custom implementation using symlinks instead of copying resources
[1.714s] -- Found ament_lint_auto: 0.12.15 (/opt/ros/humble/share/ament_lint_auto/cmake)
[2.006s] -- Added test 'flake8' to check Python code syntax and style conventions
[2.006s] -- Added test 'lint_cmake' to check CMake code style
[2.007s] -- Added test 'pep257' to check Python code against some of the docstring style conventions in PEP 257
[2.008s] -- Added test 'xmllint' to check XML markup files
[2.010s] -- Configuring done
[2.018s] -- Generating done
[2.030s] -- Build files have been written to: /ros2_ws/build/navigation
[2.034s] Invoked command in '/ros2_ws/build/navigation' returned '0': CMAKE_PREFIX_PATH=${CMAKE_PREFIX_PATH}:/opt/ros/humble /usr/bin/cmake /ros2_ws/src/navigation -DAMENT_CMAKE_SYMLINK_INSTALL=1 -DCMAKE_INSTALL_PREFIX=/ros2_ws/install/navigation
[2.035s] Invoking command in '/ros2_ws/build/navigation': CMAKE_PREFIX_PATH=${CMAKE_PREFIX_PATH}:/opt/ros/humble /usr/bin/cmake --build /ros2_ws/build/navigation -- -j4 -l4
[2.166s] Invoked command in '/ros2_ws/build/navigation' returned '0': CMAKE_PREFIX_PATH=${CMAKE_PREFIX_PATH}:/opt/ros/humble /usr/bin/cmake --build /ros2_ws/build/navigation -- -j4 -l4
[2.167s] Invoking command in '/ros2_ws/build/navigation': CMAKE_PREFIX_PATH=${CMAKE_PREFIX_PATH}:/opt/ros/humble /usr/bin/cmake --install /ros2_ws/build/navigation
[2.181s] -- Install configuration: ""
[2.185s] -- Execute custom install script
[2.187s] -- Symlinking: /ros2_ws/install/navigation/share/navigation/launch/launch.py
[2.213s] -- Symlinking: /ros2_ws/install/navigation/share/navigation/config/nav2.yaml
[2.248s] -- Symlinking: /ros2_ws/install/navigation/share/navigation/behavior_trees/ackermann_nav_through_poses.xml
[2.266s] -- Symlinking: /ros2_ws/install/navigation/share/navigation/behavior_trees/ackermann_nav_to_pose.xml
[2.282s] -- Symlinking: /ros2_ws/install/navigation/share/ament_index/resource_index/package_run_dependencies/navigation
[2.301s] -- Symlinking: /ros2_ws/install/navigation/share/ament_index/resource_index/parent_prefix_path/navigation
[2.316s] -- Symlinking: /ros2_ws/install/navigation/share/navigation/environment/ament_prefix_path.sh
[2.332s] -- Symlinking: /ros2_ws/install/navigation/share/navigation/environment/ament_prefix_path.dsv
[2.350s] -- Symlinking: /ros2_ws/install/navigation/share/navigation/environment/path.sh
[2.369s] -- Symlinking: /ros2_ws/install/navigation/share/navigation/environment/path.dsv
[2.382s] -- Symlinking: /ros2_ws/install/navigation/share/navigation/local_setup.bash
[2.402s] -- Symlinking: /ros2_ws/install/navigation/share/navigation/local_setup.sh
[2.412s] -- Symlinking: /ros2_ws/install/navigation/share/navigation/local_setup.zsh
[2.422s] -- Symlinking: /ros2_ws/install/navigation/share/navigation/local_setup.dsv
[2.445s] -- Symlinking: /ros2_ws/install/navigation/share/navigation/package.dsv
[2.466s] -- Symlinking: /ros2_ws/install/navigation/share/ament_index/resource_index/packages/navigation
[2.477s] -- Symlinking: /ros2_ws/install/navigation/share/navigation/cmake/navigationConfig.cmake
[2.499s] -- Symlinking: /ros2_ws/install/navigation/share/navigation/cmake/navigationConfig-version.cmake
[2.532s] -- Symlinking: /ros2_ws/install/navigation/share/navigation/package.xml
[2.610s] Invoked command in '/ros2_ws/build/navigation' returned '0': CMAKE_PREFIX_PATH=${CMAKE_PREFIX_PATH}:/opt/ros/humble /usr/bin/cmake --install /ros2_ws/build/navigation
