[0.022s] Invoking command in '/ros2_ws/build/shooting': CMAKE_PREFIX_PATH=${CMAKE_PREFIX_PATH}:/ros2_ws/install/tactical_brain:/ros2_ws/install/sensor_fusion_pkg:/ros2_ws/install/icm20948_ros2:/ros2_ws/install/ai_vision:/opt/ros/humble /usr/bin/cmake --build /ros2_ws/build/shooting -- -j4 -l4
[0.107s] [35m[1mConsolidate compiler generated dependencies of target shooting_node[0m
[0.146s] [100%] Built target shooting_node
[0.179s] Invoked command in '/ros2_ws/build/shooting' returned '0': CMAKE_PREFIX_PATH=${CMAKE_PREFIX_PATH}:/ros2_ws/install/tactical_brain:/ros2_ws/install/sensor_fusion_pkg:/ros2_ws/install/icm20948_ros2:/ros2_ws/install/ai_vision:/opt/ros/humble /usr/bin/cmake --build /ros2_ws/build/shooting -- -j4 -l4
[0.181s] Invoking command in '/ros2_ws/build/shooting': CMAKE_PREFIX_PATH=${CMAKE_PREFIX_PATH}:/ros2_ws/install/tactical_brain:/ros2_ws/install/sensor_fusion_pkg:/ros2_ws/install/icm20948_ros2:/ros2_ws/install/ai_vision:/opt/ros/humble /usr/bin/cmake --install /ros2_ws/build/shooting
[0.195s] -- Install configuration: ""
[0.196s] -- Execute custom install script
[0.197s] -- Up-to-date symlink: /ros2_ws/install/shooting/lib/shooting/shooting_node
[0.198s] -- Up-to-date symlink: /ros2_ws/install/shooting/share/shooting/launch/launch.py
[0.199s] -- Up-to-date symlink: /ros2_ws/install/shooting/share/ament_index/resource_index/package_run_dependencies/shooting
[0.199s] -- Up-to-date symlink: /ros2_ws/install/shooting/share/ament_index/resource_index/parent_prefix_path/shooting
[0.201s] -- Up-to-date symlink: /ros2_ws/install/shooting/share/shooting/environment/ament_prefix_path.sh
[0.202s] -- Up-to-date symlink: /ros2_ws/install/shooting/share/shooting/environment/ament_prefix_path.dsv
[0.203s] -- Up-to-date symlink: /ros2_ws/install/shooting/share/shooting/environment/path.sh
[0.204s] -- Up-to-date symlink: /ros2_ws/install/shooting/share/shooting/environment/path.dsv
[0.205s] -- Up-to-date symlink: /ros2_ws/install/shooting/share/shooting/local_setup.bash
[0.206s] -- Up-to-date symlink: /ros2_ws/install/shooting/share/shooting/local_setup.sh
[0.207s] -- Up-to-date symlink: /ros2_ws/install/shooting/share/shooting/local_setup.zsh
[0.207s] -- Up-to-date symlink: /ros2_ws/install/shooting/share/shooting/local_setup.dsv
[0.209s] -- Symlinking: /ros2_ws/install/shooting/share/shooting/package.dsv
[0.224s] -- Up-to-date symlink: /ros2_ws/install/shooting/share/ament_index/resource_index/packages/shooting
[0.226s] -- Up-to-date symlink: /ros2_ws/install/shooting/share/shooting/cmake/shootingConfig.cmake
[0.226s] -- Up-to-date symlink: /ros2_ws/install/shooting/share/shooting/cmake/shootingConfig-version.cmake
[0.226s] -- Up-to-date symlink: /ros2_ws/install/shooting/share/shooting/package.xml
[0.238s] Invoked command in '/ros2_ws/build/shooting' returned '0': CMAKE_PREFIX_PATH=${CMAKE_PREFIX_PATH}:/ros2_ws/install/tactical_brain:/ros2_ws/install/sensor_fusion_pkg:/ros2_ws/install/icm20948_ros2:/ros2_ws/install/ai_vision:/opt/ros/humble /usr/bin/cmake --install /ros2_ws/build/shooting
