[0.000000] (-) TimerEvent: {}
[0.000256] (robot_bringup) JobQueued: {'identifier': 'robot_bringup', 'dependencies': OrderedDict()}
[0.000520] (robot_bringup) JobStarted: {'identifier': 'robot_bringup'}
[0.009567] (robot_bringup) JobProgress: {'identifier': 'robot_bringup', 'progress': 'cmake'}
[0.013438] (robot_bringup) Command: {'cmd': ['/usr/bin/cmake', '/ros2_ws/src/robot_bringup', '-DCMAKE_INSTALL_PREFIX=/ros2_ws/install/robot_bringup'], 'cwd': '/ros2_ws/build/robot_bringup', 'env': OrderedDict([('HOSTNAME', 'yahav'), ('SHLVL', '1'), ('LD_LIBRARY_PATH', '/opt/ros/humble/opt/rviz_ogre_vendor/lib:/opt/ros/humble/lib/aarch64-linux-gnu:/opt/ros/humble/lib'), ('HOME', '/root'), ('OLDPWD', '/ros2_ws'), ('PYTHONUNBUFFERED', '1'), ('ROS_PYTHON_VERSION', '3'), ('ROS_DISTRO', 'humble'), ('_', '/usr/bin/colcon'), ('ROS_VERSION', '2'), ('ROS_LOCALHOST_ONLY', '0'), ('PATH', '/opt/ros/humble/bin:/usr/local/sbin:/usr/local/bin:/usr/sbin:/usr/bin:/sbin:/bin'), ('DISPLAY', ''), ('LANG', 'C.UTF-8'), ('ROS_DOMAIN_ID', '0'), ('AMENT_PREFIX_PATH', '/opt/ros/humble'), ('PWD', '/ros2_ws/build/robot_bringup'), ('LC_ALL', 'C.UTF-8'), ('PYTHONPATH', '/opt/ros/humble/lib/python3.10/site-packages:/opt/ros/humble/local/lib/python3.10/dist-packages'), ('COLCON', '1'), ('CMAKE_PREFIX_PATH', '/opt/ros/humble')]), 'shell': False}
[0.053702] (robot_bringup) StdoutLine: {'line': b'-- Found ament_cmake: 1.3.14 (/opt/ros/humble/share/ament_cmake/cmake)\n'}
[0.099525] (-) TimerEvent: {}
[0.199717] (-) TimerEvent: {}
[0.239478] (robot_bringup) StdoutLine: {'line': b'-- Override CMake install command with custom implementation using symlinks instead of copying resources\n'}
[0.291598] (robot_bringup) StdoutLine: {'line': b'-- Found ament_lint_auto: 0.12.15 (/opt/ros/humble/share/ament_lint_auto/cmake)\n'}
[0.299817] (-) TimerEvent: {}
[0.395597] (robot_bringup) StdoutLine: {'line': b"-- Added test 'flake8' to check Python code syntax and style conventions\n"}
[0.396703] (robot_bringup) StdoutLine: {'line': b"-- Added test 'lint_cmake' to check CMake code style\n"}
[0.397118] (robot_bringup) StdoutLine: {'line': b"-- Added test 'pep257' to check Python code against some of the docstring style conventions in PEP 257\n"}
[0.398583] (robot_bringup) StdoutLine: {'line': b"-- Added test 'xmllint' to check XML markup files\n"}
[0.399934] (-) TimerEvent: {}
[0.403764] (robot_bringup) StdoutLine: {'line': b'-- Configuring done\n'}
[0.417312] (robot_bringup) StdoutLine: {'line': b'-- Generating done\n'}
[0.422968] (robot_bringup) StdoutLine: {'line': b'-- Build files have been written to: /ros2_ws/build/robot_bringup\n'}
[0.426832] (robot_bringup) CommandEnded: {'returncode': 0}
[0.427906] (robot_bringup) JobProgress: {'identifier': 'robot_bringup', 'progress': 'build'}
[0.427944] (robot_bringup) Command: {'cmd': ['/usr/bin/cmake', '--build', '/ros2_ws/build/robot_bringup', '--', '-j4', '-l4'], 'cwd': '/ros2_ws/build/robot_bringup', 'env': OrderedDict([('HOSTNAME', 'yahav'), ('SHLVL', '1'), ('LD_LIBRARY_PATH', '/opt/ros/humble/opt/rviz_ogre_vendor/lib:/opt/ros/humble/lib/aarch64-linux-gnu:/opt/ros/humble/lib'), ('HOME', '/root'), ('OLDPWD', '/ros2_ws'), ('PYTHONUNBUFFERED', '1'), ('ROS_PYTHON_VERSION', '3'), ('ROS_DISTRO', 'humble'), ('_', '/usr/bin/colcon'), ('ROS_VERSION', '2'), ('ROS_LOCALHOST_ONLY', '0'), ('PATH', '/opt/ros/humble/bin:/usr/local/sbin:/usr/local/bin:/usr/sbin:/usr/bin:/sbin:/bin'), ('DISPLAY', ''), ('LANG', 'C.UTF-8'), ('ROS_DOMAIN_ID', '0'), ('AMENT_PREFIX_PATH', '/opt/ros/humble'), ('PWD', '/ros2_ws/build/robot_bringup'), ('LC_ALL', 'C.UTF-8'), ('PYTHONPATH', '/opt/ros/humble/lib/python3.10/site-packages:/opt/ros/humble/local/lib/python3.10/dist-packages'), ('COLCON', '1'), ('CMAKE_PREFIX_PATH', '/opt/ros/humble')]), 'shell': False}
[0.461410] (robot_bringup) CommandEnded: {'returncode': 0}
[0.462776] (robot_bringup) JobProgress: {'identifier': 'robot_bringup', 'progress': 'install'}
[0.471043] (robot_bringup) Command: {'cmd': ['/usr/bin/cmake', '--install', '/ros2_ws/build/robot_bringup'], 'cwd': '/ros2_ws/build/robot_bringup', 'env': OrderedDict([('HOSTNAME', 'yahav'), ('SHLVL', '1'), ('LD_LIBRARY_PATH', '/opt/ros/humble/opt/rviz_ogre_vendor/lib:/opt/ros/humble/lib/aarch64-linux-gnu:/opt/ros/humble/lib'), ('HOME', '/root'), ('OLDPWD', '/ros2_ws'), ('PYTHONUNBUFFERED', '1'), ('ROS_PYTHON_VERSION', '3'), ('ROS_DISTRO', 'humble'), ('_', '/usr/bin/colcon'), ('ROS_VERSION', '2'), ('ROS_LOCALHOST_ONLY', '0'), ('PATH', '/opt/ros/humble/bin:/usr/local/sbin:/usr/local/bin:/usr/sbin:/usr/bin:/sbin:/bin'), ('DISPLAY', ''), ('LANG', 'C.UTF-8'), ('ROS_DOMAIN_ID', '0'), ('AMENT_PREFIX_PATH', '/opt/ros/humble'), ('PWD', '/ros2_ws/build/robot_bringup'), ('LC_ALL', 'C.UTF-8'), ('PYTHONPATH', '/opt/ros/humble/lib/python3.10/site-packages:/opt/ros/humble/local/lib/python3.10/dist-packages'), ('COLCON', '1'), ('CMAKE_PREFIX_PATH', '/opt/ros/humble')]), 'shell': False}
[0.478478] (robot_bringup) StdoutLine: {'line': b'-- Install configuration: ""\n'}
[0.479060] (robot_bringup) StdoutLine: {'line': b'-- Execute custom install script\n'}
[0.479550] (robot_bringup) StdoutLine: {'line': b'-- Up-to-date symlink: /ros2_ws/install/robot_bringup/share/robot_bringup/launch/launch.py\n'}
[0.480214] (robot_bringup) StdoutLine: {'line': b'-- Up-to-date symlink: /ros2_ws/install/robot_bringup/share/ament_index/resource_index/package_run_dependencies/robot_bringup\n'}
[0.480285] (robot_bringup) StdoutLine: {'line': b'-- Up-to-date symlink: /ros2_ws/install/robot_bringup/share/ament_index/resource_index/parent_prefix_path/robot_bringup\n'}
[0.480352] (robot_bringup) StdoutLine: {'line': b'-- Up-to-date symlink: /ros2_ws/install/robot_bringup/share/robot_bringup/environment/ament_prefix_path.sh\n'}
[0.480415] (robot_bringup) StdoutLine: {'line': b'-- Up-to-date symlink: /ros2_ws/install/robot_bringup/share/robot_bringup/environment/ament_prefix_path.dsv\n'}
[0.480475] (robot_bringup) StdoutLine: {'line': b'-- Up-to-date symlink: /ros2_ws/install/robot_bringup/share/robot_bringup/environment/path.sh\n'}
[0.481454] (robot_bringup) StdoutLine: {'line': b'-- Up-to-date symlink: /ros2_ws/install/robot_bringup/share/robot_bringup/environment/path.dsv\n'}
[0.481560] (robot_bringup) StdoutLine: {'line': b'-- Up-to-date symlink: /ros2_ws/install/robot_bringup/share/robot_bringup/local_setup.bash\n'}
[0.481627] (robot_bringup) StdoutLine: {'line': b'-- Up-to-date symlink: /ros2_ws/install/robot_bringup/share/robot_bringup/local_setup.sh\n'}
[0.481694] (robot_bringup) StdoutLine: {'line': b'-- Up-to-date symlink: /ros2_ws/install/robot_bringup/share/robot_bringup/local_setup.zsh\n'}
[0.481766] (robot_bringup) StdoutLine: {'line': b'-- Up-to-date symlink: /ros2_ws/install/robot_bringup/share/robot_bringup/local_setup.dsv\n'}
[0.481824] (robot_bringup) StdoutLine: {'line': b'-- Symlinking: /ros2_ws/install/robot_bringup/share/robot_bringup/package.dsv\n'}
[0.489885] (robot_bringup) StdoutLine: {'line': b'-- Up-to-date symlink: /ros2_ws/install/robot_bringup/share/ament_index/resource_index/packages/robot_bringup\n'}
[0.490058] (robot_bringup) StdoutLine: {'line': b'-- Up-to-date symlink: /ros2_ws/install/robot_bringup/share/robot_bringup/cmake/robot_bringupConfig.cmake\n'}
[0.490635] (robot_bringup) StdoutLine: {'line': b'-- Up-to-date symlink: /ros2_ws/install/robot_bringup/share/robot_bringup/cmake/robot_bringupConfig-version.cmake\n'}
[0.490745] (robot_bringup) StdoutLine: {'line': b'-- Up-to-date symlink: /ros2_ws/install/robot_bringup/share/robot_bringup/package.xml\n'}
[0.491948] (robot_bringup) CommandEnded: {'returncode': 0}
[0.500082] (-) TimerEvent: {}
[0.518798] (robot_bringup) JobEnded: {'identifier': 'robot_bringup', 'rc': 0}
[0.519721] (-) EventReactorShutdown: {}
