[0.043s] Invoking command in '/ros2_ws/build/main_brain': CMAKE_PREFIX_PATH=${CMAKE_PREFIX_PATH}:/ros2_ws/install/tactical_brain:/ros2_ws/install/sensor_fusion_pkg:/ros2_ws/install/icm20948_ros2:/ros2_ws/install/ai_vision:/opt/ros/humble /usr/bin/cmake --build /ros2_ws/build/main_brain -- -j4 -l4
[0.076s] -- Found ament_cmake: 1.3.14 (/opt/ros/humble/share/ament_cmake/cmake)
[0.328s] -- Override CMake install command with custom implementation using symlinks instead of copying resources
[0.337s] -- Found rclcpp: 16.0.19 (/opt/ros/humble/share/rclcpp/cmake)
[0.408s] -- Found rosidl_generator_c: 3.1.8 (/opt/ros/humble/share/rosidl_generator_c/cmake)
[0.408s] -- Found rosidl_adapter: 3.1.8 (/opt/ros/humble/share/rosidl_adapter/cmake)
[0.408s] -- Found rosidl_generator_cpp: 3.1.8 (/opt/ros/humble/share/rosidl_generator_cpp/cmake)
[0.426s] -- Using all available rosidl_typesupport_c: rosidl_typesupport_fastrtps_c;rosidl_typesupport_introspection_c
[0.449s] -- Using all available rosidl_typesupport_cpp: rosidl_typesupport_fastrtps_cpp;rosidl_typesupport_introspection_cpp
[0.511s] -- Found rmw_implementation_cmake: 6.1.2 (/opt/ros/humble/share/rmw_implementation_cmake/cmake)
[0.511s] -- Found rmw_fastrtps_cpp: 6.2.10 (/opt/ros/humble/share/rmw_fastrtps_cpp/cmake)
[0.685s] -- Using RMW implementation 'rmw_fastrtps_cpp' as default
[0.778s] -- Found ament_lint_auto: 0.12.15 (/opt/ros/humble/share/ament_lint_auto/cmake)
[1.006s] -- Added test 'flake8' to check Python code syntax and style conventions
[1.006s] -- Added test 'lint_cmake' to check CMake code style
[1.007s] -- Added test 'pep257' to check Python code against some of the docstring style conventions in PEP 257
[1.008s] -- Added test 'xmllint' to check XML markup files
[1.013s] -- Configuring done
[1.019s] -- Generating done
[1.041s] -- Build files have been written to: /ros2_ws/build/main_brain
[1.120s] Invoked command in '/ros2_ws/build/main_brain' returned '0': CMAKE_PREFIX_PATH=${CMAKE_PREFIX_PATH}:/ros2_ws/install/tactical_brain:/ros2_ws/install/sensor_fusion_pkg:/ros2_ws/install/icm20948_ros2:/ros2_ws/install/ai_vision:/opt/ros/humble /usr/bin/cmake --build /ros2_ws/build/main_brain -- -j4 -l4
[1.132s] Invoking command in '/ros2_ws/build/main_brain': CMAKE_PREFIX_PATH=${CMAKE_PREFIX_PATH}:/ros2_ws/install/tactical_brain:/ros2_ws/install/sensor_fusion_pkg:/ros2_ws/install/icm20948_ros2:/ros2_ws/install/ai_vision:/opt/ros/humble /usr/bin/cmake --install /ros2_ws/build/main_brain
[1.144s] -- Install configuration: ""
[1.147s] -- Execute custom install script
[1.149s] -- Up-to-date symlink: /ros2_ws/install/main_brain/share/ament_index/resource_index/package_run_dependencies/main_brain
[1.150s] -- Up-to-date symlink: /ros2_ws/install/main_brain/share/ament_index/resource_index/parent_prefix_path/main_brain
[1.152s] -- Up-to-date symlink: /ros2_ws/install/main_brain/share/main_brain/environment/ament_prefix_path.sh
[1.154s] -- Up-to-date symlink: /ros2_ws/install/main_brain/share/main_brain/environment/ament_prefix_path.dsv
[1.155s] -- Up-to-date symlink: /ros2_ws/install/main_brain/share/main_brain/environment/path.sh
[1.155s] -- Up-to-date symlink: /ros2_ws/install/main_brain/share/main_brain/environment/path.dsv
[1.156s] -- Up-to-date symlink: /ros2_ws/install/main_brain/share/main_brain/local_setup.bash
[1.156s] -- Up-to-date symlink: /ros2_ws/install/main_brain/share/main_brain/local_setup.sh
[1.161s] -- Up-to-date symlink: /ros2_ws/install/main_brain/share/main_brain/local_setup.zsh
[1.162s] -- Up-to-date symlink: /ros2_ws/install/main_brain/share/main_brain/local_setup.dsv
[1.162s] -- Symlinking: /ros2_ws/install/main_brain/share/main_brain/package.dsv
[1.188s] -- Up-to-date symlink: /ros2_ws/install/main_brain/share/ament_index/resource_index/packages/main_brain
[1.188s] -- Up-to-date symlink: /ros2_ws/install/main_brain/share/main_brain/cmake/main_brainConfig.cmake
[1.196s] -- Up-to-date symlink: /ros2_ws/install/main_brain/share/main_brain/cmake/main_brainConfig-version.cmake
[1.198s] -- Up-to-date symlink: /ros2_ws/install/main_brain/share/main_brain/package.xml
[1.199s] Invoked command in '/ros2_ws/build/main_brain' returned '0': CMAKE_PREFIX_PATH=${CMAKE_PREFIX_PATH}:/ros2_ws/install/tactical_brain:/ros2_ws/install/sensor_fusion_pkg:/ros2_ws/install/icm20948_ros2:/ros2_ws/install/ai_vision:/opt/ros/humble /usr/bin/cmake --install /ros2_ws/build/main_brain
